<html>
<body>
<pre>
<h1>礦ision Build Log</h1>
<h2>Tool Versions:</h2>
IDE-Version: μVision V5.26.2.0
Copyright (C) 2018 ARM Ltd and ARM Germany GmbH. All rights reserved.
License Information: wei hu, chengdudaxue, LIC=8MZ56-DCJLR-9XBUW-QACVB-H3ETI-HYM5S
 
Tool Versions:
Toolchain:       MDK-ARM Professional  Version: 5.26.2.0
Toolchain Path:  C:\Keil_v5\ARM\ARMCC\Bin
C Compiler:      Armcc.exe V5.06 update 6 (build 750)
Assembler:       Armasm.exe V5.06 update 6 (build 750)
Linker/Locator:  ArmLink.exe V5.06 update 6 (build 750)
Library Manager: ArmAr.exe V5.06 update 6 (build 750)
Hex Converter:   FromElf.exe V5.06 update 6 (build 750)
CPU DLL:         SARMCM3.DLL V5.26.2.0
Dialog DLL:      DCM.DLL V1.17.2.0
Target DLL:      STLink\ST-LINKIII-KEIL_SWO.dll V3.0.5.0
Dialog DLL:      TCM.DLL V1.36.1.0
 
<h2>Project:</h2>
E:\Work\EC20\EC20\MPU9250\stm32_new_HL - V3 无修改版\stm32_new_HL - V3\stm32_new\MDK-ARM\stm32_new.uvprojx
Project File Date:  10/22/2018

<h2>Output:</h2>
*** Using Compiler 'V5.06 update 6 (build 750)', folder: 'C:\Keil_v5\ARM\ARMCC\Bin'
Build target 'stm32_new'
assembling startup_stm32l476xx.s...
compiling bmp280.c...
compiling mp9250.c...
..\Src\MP9250\mp9250.c(16): warning:  #550-D: variable "ret"  was set but never used
    HAL_StatusTypeDef ret;
..\Src\MP9250\mp9250.c: 1 warning, 0 errors
compiling EC20.c...
..\Src\EC20\EC20.h(39): warning:  #1295-D: Deprecated declaration EC20_init - give arg types
  void EC20_init();                          //手册推荐的初始化流程
..\Src\EC20\EC20.c: 1 warning, 0 errors
compiling bmp280_arm.c...
compiling stm32l4xx_it.c...
compiling stm32l4xx_hal_msp.c...
compiling main.c...
..\Src\EC20\EC20.h(39): warning:  #1295-D: Deprecated declaration EC20_init - give arg types
  void EC20_init();                          //手册推荐的初始化流程
..\Angle_out\AHRS.h(10): warning:  #1-D: last line of file ends without a newline
  #endif
../Src/main.c(313): warning:  #68-D: integer conversion resulted in a change of sign
  	uint8_t Flag_run =SUCCFULL_STA-1;  //set zero
../Src/main.c(310): warning:  #177-D: variable "Uart_count"  was declared but never referenced
  	uint32_t Uart_count=0;  //Uart_count is used to test uart 
../Src/main.c(312): warning:  #177-D: variable "Flag_test"  was declared but never referenced
  	uint8_t Flag_test=SUCCFULL_STA;    //set one
../Src/main.c(313): warning:  #177-D: variable "Flag_run"  was declared but never referenced
  	uint8_t Flag_run =SUCCFULL_STA-1;  //set zero
../Src/main.c(315): warning:  #177-D: variable "ADC_Value"  was declared but never referenced
  	uint32_t ADC_Value[50];
../Src/main.c(316): warning:  #177-D: variable "ad1"  was declared but never referenced
  	uint32_t ad1;
../Src/main.c(317): warning:  #177-D: variable "ADC_i"  was declared but never referenced
  	uint8_t  ADC_i;
../Src/main.c(319): warning:  #177-D: variable "UART4_Tx_TEST1"  was declared but never referenced
  	uint8_t UART4_Tx_TEST1[]="AT+CSQ\r\n";
../Src/main.c(320): warning:  #177-D: variable "UART4_Tx_TEST2"  was declared but never referenced
  	uint8_t UART4_Tx_TEST2[]="ATD13036699696\r\n";
../Src/main.c(321): warning:  #177-D: variable "UART4_Tx_TEST3"  was declared but never referenced
  	uint8_t UART4_Tx_TEST3[]="AT+CPIN?\r\n";
../Src/main.c(322): warning:  #177-D: variable "UART4_Tx_TEST4"  was declared but never referenced
  	uint8_t UART4_Tx_TEST4[]="AT+CMGF=1\r\n";
../Src/main.c(323): warning:  #177-D: variable "UART4_Tx_TEST5"  was declared but never referenced
  	uint8_t UART4_Tx_TEST5[]="ATI\r\n";
../Src/main.c(326): warning:  #177-D: variable "UART4_Tx_TEST6"  was declared but never referenced
  	uint8_t UART4_Tx_TEST6[]="AT+CMGS=\"13036699696\"\r\n";
../Src/main.c(331): warning:  #177-D: variable "UART4_Tx_GPS_TEST2"  was declared but never referenced
  	uint8_t UART4_Tx_GPS_TEST2[]="AT+QGPSLOC?\r\n";
../Src/main.c(332): warning:  #177-D: variable "UART4_Tx_GPS_TEST3"  was declared but never referenced
  	uint8_t UART4_Tx_GPS_TEST3[]="AT+QGPSCFG=\"gpsnmeatype\",1\r\n";
../Src/main.c(335): warning:  #177-D: variable "UART4_Tx_TCP_TEST1"  was declared but never referenced
    uint8_t UART4_Tx_TCP_TEST1[]="AT+QIOPEN=1,0,\"TCP\",\"119.27.184.248\",1234,0,1\r\n";
../Src/main.c(336): warning:  #177-D: variable "UART4_Tx_TCP_TEST2"  was declared but never referenced
  	uint8_t UART4_Tx_TCP_TEST2[]="AT+QISEND=0\r\n";
../Src/main.c(337): warning:  #177-D: variable "UART4_Tx_TCP_TEST3"  was declared but never referenced
  	uint8_t UART4_Tx_TCP_TEST3[]="AT+QICLOSE=0\r\n";
../Src/main.c(339): warning:  #177-D: variable "UART4_Tx_Flag_end"  was declared but never referenced
    uint8_t UART4_Tx_Flag_end[]={0x1A};
../Src/main.c(340): warning:  #177-D: variable "UART4_Tx_CMGS_ER"  was declared but never referenced
  	uint8_t UART4_Tx_CMGS_ER[]="ERROR!!\n";
../Src/main.c(341): warning:  #177-D: variable "UART4_Tx_CMGS_end"  was declared but never referenced
  	uint8_t UART4_Tx_CMGS_end[]={0x1A};
../Src/main.c(343): warning:  #177-D: variable "UART4_Tx_MESSAGE1"  was declared but never referenced
  	uint8_t UART4_Tx_MESSAGE1[]="AT+CPMS?\r\n";
../Src/main.c(344): warning:  #177-D: variable "UART4_Tx_MESSAGE2"  was declared but never referenced
  	uint8_t UART4_Tx_MESSAGE2[]="AT+CNMI=1,2,0,1,0\r\n";
../Src/main.c(345): warning:  #177-D: variable "UART4_Tx_MESSAGE3"  was declared but never referenced
  	uint8_t UART4_Tx_MESSAGE3[]="AT+CSCA?\r\n";
../Src/main.c(346): warning:  #177-D: variable "UART4_Tx_MESSAGE4"  was declared but never referenced
  	uint8_t UART4_Tx_MESSAGE4[]="AT+CMGF=1\r\n";
../Src/main.c(349): warning:  #177-D: variable "UART4_Tx_CMGS"  was declared but never referenced
  	uint8_t UART4_Tx_CMGS[]="HELLO,WORLD!!!CONNECTED SUCUSSFUL!!!\n";
../Src/main.c(354): warning:  #177-D: variable "Atempdata1"  was declared but never referenced
  	uint8_t Atempdata1[50]={0};
../Src/main.c(355): warning:  #177-D: variable "Atempdata2"  was declared but never referenced
  	uint8_t Atempdata2[50]={0};
../Src/main.c(356): warning:  #177-D: variable "Atempdata3"  was declared but never referenced
  	uint8_t Atempdata3[50]={0};
../Src/main.c(358): warning:  #177-D: variable "tempdata1"  was declared but never referenced
  	uint8_t tempdata1[20]={0};
../Src/main.c(359): warning:  #177-D: variable "tempdata2"  was declared but never referenced
  	uint8_t tempdata2[20]={0};
../Src/main.c(360): warning:  #177-D: variable "tempdata3"  was declared but never referenced
  	uint8_t tempdata3[20]={0};
../Src/main.c(361): warning:  #177-D: variable "tempdata4"  was declared but never referenced
  	uint8_t tempdata4[20]={0};
../Src/main.c(362): warning:  #177-D: variable "tempdata5"  was declared but never referenced
  	uint8_t tempdata5[20]={0};
../Src/main.c(363): warning:  #177-D: variable "tempdata6"  was declared but never referenced
  	uint8_t tempdata6[20]={0};
../Src/main.c(364): warning:  #177-D: variable "tempdata7"  was declared but never referenced
  	uint8_t tempdata7[20]={0};
../Src/main.c(366): warning:  #177-D: variable "test_count"  was declared but never referenced
  	uint8_t test_count=0;
../Src/main.c(367): warning:  #177-D: variable "test_flag"  was declared but never referenced
  	uint8_t test_flag=1;
../Src/main.c(368): warning:  #177-D: variable "count_ex"  was declared but never referenced
  	uint8_t count_ex=100;
../Src/main.c(369): warning:  #177-D: variable "count_OK"  was declared but never referenced
  	uint8_t count_OK=0;
../Src/main.c(370): warning:  #550-D: variable "pTempdate"  was set but never used
  	uint8_t *pTempdate;
../Src/main.c(371): warning:  #177-D: variable "m"  was declared but never referenced
  	uint8_t m=0;
../Src/main.c(372): warning:  #177-D: variable "test_counter_polling"  was declared but never referenced
  	uint8_t test_counter_polling=0;
../Src/main.c(422): warning:  #177-D: variable "stimestructureget"  was declared but never referenced
  	RTC_TimeTypeDef stimestructureget;
../Src/main.c: 46 warnings, 0 errors
compiling stm32l4xx_hal_crc.c...
compiling stm32l4xx_hal_adc_ex.c...
compiling stm32l4xx_hal_adc.c...
compiling stm32l4xx_hal_crc_ex.c...
compiling stm32l4xx_hal_qspi.c...
compiling stm32l4xx_hal_rtc.c...
compiling stm32l4xx_hal_rtc_ex.c...
compiling stm32l4xx_hal_spi.c...
compiling stm32l4xx_hal_spi_ex.c...
compiling stm32l4xx_hal_tim.c...
compiling stm32l4xx_hal_tim_ex.c...
compiling stm32l4xx_hal_uart.c...
compiling stm32l4xx_hal_uart_ex.c...
compiling stm32l4xx_hal_hcd.c...
compiling stm32l4xx_ll_usb.c...
compiling stm32l4xx_hal.c...
compiling stm32l4xx_hal_i2c_ex.c...
compiling stm32l4xx_hal_i2c.c...
compiling stm32l4xx_hal_rcc.c...
compiling stm32l4xx_hal_rcc_ex.c...
compiling stm32l4xx_hal_flash.c...
compiling stm32l4xx_hal_flash_ex.c...
compiling stm32l4xx_hal_flash_ramfunc.c...
compiling stm32l4xx_hal_gpio.c...
compiling stm32l4xx_hal_dma.c...
compiling stm32l4xx_hal_dma_ex.c...
compiling stm32l4xx_hal_pwr.c...
compiling stm32l4xx_hal_pwr_ex.c...
compiling stm32l4xx_hal_cortex.c...
compiling system_stm32l4xx.c...
compiling AHRS.c...
..\Angle_out\AHRS.c(58): warning:  #9-D: nested comment is not allowed
  ///////////////////////////////////////////////////*/
..\Angle_out\AHRS.c(64): warning:  #177-D: variable "igx"  was declared but never referenced
  			short igx,igy,igz;
..\Angle_out\AHRS.c(64): warning:  #177-D: variable "igy"  was declared but never referenced
  			short igx,igy,igz;
..\Angle_out\AHRS.c(64): warning:  #177-D: variable "igz"  was declared but never referenced
  			short igx,igy,igz;
..\Angle_out\AHRS.c(65): warning:  #177-D: variable "iax"  was declared but never referenced
  			short iax,iay,iaz;
..\Angle_out\AHRS.c(65): warning:  #177-D: variable "iay"  was declared but never referenced
  			short iax,iay,iaz;
..\Angle_out\AHRS.c(65): warning:  #177-D: variable "iaz"  was declared but never referenced
  			short iax,iay,iaz;
..\Angle_out\AHRS.c(66): warning:  #177-D: variable "imx"  was declared but never referenced
  			short imx,imy,imz;
..\Angle_out\AHRS.c(66): warning:  #177-D: variable "imy"  was declared but never referenced
  			short imx,imy,imz;
..\Angle_out\AHRS.c(66): warning:  #177-D: variable "imz"  was declared but never referenced
  			short imx,imy,imz;
..\Angle_out\AHRS.c(94): warning:  #9-D: nested comment is not allowed
  ///////////////////////////////////////////////////*/
..\Angle_out\AHRS.c(115): warning:  #9-D: nested comment is not allowed
  ///////////////////////////////////////////////////*/
..\Angle_out\AHRS.c(148): warning:  #1035-D: single-precision operand implicitly converted to double-precision
             hx = 2*mx*(0.50 - q2q2 - q3q3) + 2*my*(q1q2 - q0q3) + 2*mz*(q1q3 + q0q2);
..\Angle_out\AHRS.c(149): warning:  #1035-D: single-precision operand implicitly converted to double-precision
             hy = 2*mx*(q1q2 + q0q3) + 2*my*(0.50 - q1q1 - q3q3) + 2*mz*(q2q3 - q0q1);
..\Angle_out\AHRS.c(150): warning:  #1035-D: single-precision operand implicitly converted to double-precision
             hz = 2*mx*(q1q3 - q0q2) + 2*my*(q2q3 + q0q1) + 2*mz*(0.50 - q1q1 -q2q2);    
..\Angle_out\AHRS.c(161): warning:  #1035-D: single-precision operand implicitly converted to double-precision
             wx = 2*bx*(0.5 - q2q2 - q3q3) + 2*bz*(q1q3 - q0q2);
..\Angle_out\AHRS.c(163): warning:  #1035-D: single-precision operand implicitly converted to double-precision
             wz = 2*bx*(q0q2 + q1q3) + 2*bz*(0.5 - q1q1 - q2q2); 
..\Angle_out\AHRS.c(196): warning:  #1035-D: single-precision operand implicitly converted to double-precision
  					  k10=0.5 * (-gx*q1 - gy*q2 - gz*q3);
..\Angle_out\AHRS.c(197): warning:  #1035-D: single-precision operand implicitly converted to double-precision
  						k11=0.5 * ( gx*q0 + gz*q2 - gy*q3);
..\Angle_out\AHRS.c(198): warning:  #1035-D: single-precision operand implicitly converted to double-precision
  						k12=0.5 * ( gy*q0 - gz*q1 + gx*q3);
..\Angle_out\AHRS.c(199): warning:  #1035-D: single-precision operand implicitly converted to double-precision
  						k13=0.5 * ( gz*q0 + gy*q1 - gx*q2);
..\Angle_out\AHRS.c(201): warning:  #1035-D: single-precision operand implicitly converted to double-precision
  						k20=0.5 * (halfT*(q0+halfT*k10) + (halfT-gx)*(q1+halfT*k11) + (halfT-gy)*(q2+halfT*k12) + (halfT-gz)*(q3+halfT*k13));
..\Angle_out\AHRS.c(202): warning:  #1035-D: single-precision operand implicitly converted to double-precision
  						k21=0.5 * ((halfT+gx)*(q0+halfT*k10) + halfT*(q1+halfT*k11) + (halfT+gz)*(q2+halfT*k12) + (halfT-gy)*(q3+halfT*k13));
..\Angle_out\AHRS.c(203): warning:  #1035-D: single-precision operand implicitly converted to double-precision
  						k22=0.5 * ((halfT+gy)*(q0+halfT*k10) + (halfT-gz)*(q1+halfT*k11) + halfT*(q2+halfT*k12) + (halfT+gx)*(q3+halfT*k13));
..\Angle_out\AHRS.c(204): warning:  #1035-D: single-precision operand implicitly converted to double-precision
  						k23=0.5 * ((halfT+gz)*(q0+halfT*k10) + (halfT+gy)*(q1+halfT*k11) + (halfT-gx)*(q2+halfT*k12) + halfT*(q3+halfT*k13));
..\Angle_out\AHRS.c(206): warning:  #1035-D: single-precision operand implicitly converted to double-precision
  						k30=0.5 * (halfT*(q0+halfT*k20) + (halfT-gx)*(q1+halfT*k21) + (halfT-gy)*(q2+halfT*k22) + (halfT-gz)*(q3+halfT*k23));
..\Angle_out\AHRS.c(207): warning:  #1035-D: single-precision operand implicitly converted to double-precision
  						k31=0.5 * ((halfT+gx)*(q0+halfT*k20) + halfT*(q1+halfT*k21) + (halfT+gz)*(q2+halfT*k22) + (halfT-gy)*(q3+halfT*k23));
..\Angle_out\AHRS.c(208): warning:  #1035-D: single-precision operand implicitly converted to double-precision
  						k32=0.5 * ((halfT+gy)*(q0+halfT*k20) + (halfT-gz)*(q1+halfT*k21) + halfT*(q2+halfT*k22) + (halfT+gx)*(q3+halfT*k23));
..\Angle_out\AHRS.c(209): warning:  #1035-D: single-precision operand implicitly converted to double-precision
  						k33=0.5 * ((halfT+gz)*(q0+halfT*k20) + (halfT+gy)*(q1+halfT*k21) + (halfT-gx)*(q2+halfT*k22) + halfT*(q3+halfT*k23));
..\Angle_out\AHRS.c(211): warning:  #1035-D: single-precision operand implicitly converted to double-precision
  						k40=0.5 * (dt*(q0+dt*k30) + (dt-gx)*(q1+dt*k31) + (dt-gy)*(q2+dt*k32) + (dt-gz)*(q3+dt*k33));
..\Angle_out\AHRS.c(212): warning:  #1035-D: single-precision operand implicitly converted to double-precision
  						k41=0.5 * ((dt+gx)*(q0+dt*k30) + dt*(q1+dt*k31) + (dt+gz)*(q2+dt*k32) + (dt-gy)*(q3+dt*k33));
..\Angle_out\AHRS.c(213): warning:  #1035-D: single-precision operand implicitly converted to double-precision
  						k42=0.5 * ((dt+gy)*(q0+dt*k30) + (dt-gz)*(q1+dt*k31) + dt*(q2+dt*k32) + (dt+gx)*(q3+dt*k33));
..\Angle_out\AHRS.c(214): warning:  #1035-D: single-precision operand implicitly converted to double-precision
  						k43=0.5 * ((dt+gz)*(q0+dt*k30) + (dt+gy)*(q1+dt*k31) + (dt-gx)*(q2+dt*k32) + dt*(q3+dt*k33));	
..\Angle_out\AHRS.c(216): warning:  #1035-D: single-precision operand implicitly converted to double-precision
  						q0=q0 + dt/6.0 * (k10+2*k20+2*k30+k40);
..\Angle_out\AHRS.c(217): warning:  #1035-D: single-precision operand implicitly converted to double-precision
  						q1=q1 + dt/6.0 * (k11+2*k21+2*k31+k41);
..\Angle_out\AHRS.c(218): warning:  #1035-D: single-precision operand implicitly converted to double-precision
  						q2=q2 + dt/6.0 * (k12+2*k22+2*k32+k42);
..\Angle_out\AHRS.c(219): warning:  #1035-D: single-precision operand implicitly converted to double-precision
  						q3=q3 + dt/6.0 * (k13+2*k23+2*k33+k43);
..\Angle_out\AHRS.c(238): warning:  #9-D: nested comment is not allowed
  ///////////////////////////////////////////////////*/
..\Angle_out\AHRS.c(252): warning:  #9-D: nested comment is not allowed
  ///////////////////////////////////////////////////*/
..\Angle_out\AHRS.c: 39 warnings, 0 errors
linking...
Program Size: Code=29844 RO-data=740 RW-data=496 ZI-data=3176  
"stm32_new\stm32_new.axf" - 0 Error(s), 87 Warning(s).

<h2>Software Packages used:</h2>

Package Vendor: ARM
                http://www.keil.com/pack/ARM.CMSIS.5.4.0.pack
                ARM.CMSIS.5.4.0
                CMSIS (Cortex Microcontroller Software Interface Standard)
   * Component: CORE Version: 5.1.2

Package Vendor: Keil
                http://www.keil.com/pack/Keil.STM32L4xx_DFP.2.0.0.pack
                Keil.STM32L4xx_DFP.2.0.0
                STMicroelectronics STM32L4 Series Device Support, Drivers and Examples

<h2>Collection of Component include folders:</h2>
  .\RTE\_stm32_new
  C:\Keil_v5\ARM\PACK\ARM\CMSIS\5.4.0\CMSIS\Core\Include
  C:\Keil_v5\ARM\PACK\Keil\STM32L4xx_DFP\2.0.0\Drivers\CMSIS\Device\ST\STM32L4xx\Include

<h2>Collection of Component Files used:</h2>

   * Component: ARM::CMSIS:CORE:5.1.2
Build Time Elapsed:  00:02:53
</pre>
</body>
</html>
