<html>
<body>
<pre>
<h1>礦ision Build Log</h1>
<h2>Tool Versions:</h2>
IDE-Version: μVision V5.26.2.0
Copyright (C) 2018 ARM Ltd and ARM Germany GmbH. All rights reserved.
License Information: wei hu, chengdudaxue, LIC=8MZ56-DCJLR-9XBUW-QACVB-H3ETI-HYM5S
 
Tool Versions:
Toolchain:       MDK-ARM Professional  Version: 5.26.2.0
Toolchain Path:  C:\Keil_v5\ARM\ARMCC\Bin
C Compiler:      Armcc.exe V5.06 update 6 (build 750)
Assembler:       Armasm.exe V5.06 update 6 (build 750)
Linker/Locator:  ArmLink.exe V5.06 update 6 (build 750)
Library Manager: ArmAr.exe V5.06 update 6 (build 750)
Hex Converter:   FromElf.exe V5.06 update 6 (build 750)
CPU DLL:         SARMCM3.DLL V5.26.2.0
Dialog DLL:      DCM.DLL V1.17.2.0
Target DLL:      STLink\ST-LINKIII-KEIL_SWO.dll V3.0.5.0
Dialog DLL:      TCM.DLL V1.36.1.0
 
<h2>Project:</h2>
E:\Work\EC20\stm32_new_HAL_LL\stm32_new-10-23\MDK-ARM\stm32_new.uvprojx
Project File Date:  10/23/2018

<h2>Output:</h2>
*** Using Compiler 'V5.06 update 6 (build 750)', folder: 'C:\Keil_v5\ARM\ARMCC\Bin'
Build target 'stm32_new'
compiling main.c...
..\Src\EC20\EC20.h(74): warning:  #1295-D: Deprecated declaration EC20_init - give arg types
  void EC20_init();                          //手册推荐的初始化流程
../Src/main.c(371): warning:  #68-D: integer conversion resulted in a change of sign
  	uint8_t Flag_run =SUCCFULL_STA-1;  //set zero
../Src/main.c(368): warning:  #177-D: variable "Uart_count"  was declared but never referenced
  	uint32_t Uart_count=0;  //Uart_count is used to test uart 
../Src/main.c(370): warning:  #177-D: variable "Flag_test"  was declared but never referenced
  	uint8_t Flag_test=SUCCFULL_STA;    //set one
../Src/main.c(371): warning:  #177-D: variable "Flag_run"  was declared but never referenced
  	uint8_t Flag_run =SUCCFULL_STA-1;  //set zero
../Src/main.c(373): warning:  #177-D: variable "ADC_Value"  was declared but never referenced
  	uint32_t ADC_Value[50];
../Src/main.c(374): warning:  #177-D: variable "ad1"  was declared but never referenced
  	uint32_t ad1;
../Src/main.c(375): warning:  #177-D: variable "ADC_i"  was declared but never referenced
  	uint8_t  ADC_i;
../Src/main.c(379): warning:  #177-D: variable "UART4_Tx_Flag_end"  was declared but never referenced
    uint8_t UART4_Tx_Flag_end[]={0x1A};
../Src/main.c(380): warning:  #177-D: variable "UART4_Tx_CMGS_ER"  was declared but never referenced
  	uint8_t UART4_Tx_CMGS_ER[]="ERROR!!\r\n";
../Src/main.c(381): warning:  #177-D: variable "UART4_Tx_CMGS_end"  was declared but never referenced
  	uint8_t UART4_Tx_CMGS_end[]={0x1A};
../Src/main.c(383): warning:  #177-D: variable "UART4_Tx_CMGS"  was declared but never referenced
  	uint8_t UART4_Tx_CMGS[]="HELLO,WORLD!!!CONNECTED SUCUSSFUL!!!\r\n";
../Src/main.c(388): warning:  #177-D: variable "Atempdata1"  was declared but never referenced
  	uint8_t Atempdata1[50]={0};
../Src/main.c(389): warning:  #177-D: variable "Atempdata2"  was declared but never referenced
  	uint8_t Atempdata2[50]={0};
../Src/main.c(390): warning:  #177-D: variable "Atempdata3"  was declared but never referenced
  	uint8_t Atempdata3[50]={0};
../Src/main.c(392): warning:  #177-D: variable "tempdata1"  was declared but never referenced
  	uint8_t tempdata1[20]={0};
../Src/main.c(393): warning:  #177-D: variable "tempdata2"  was declared but never referenced
  	uint8_t tempdata2[20]={0};
../Src/main.c(394): warning:  #177-D: variable "tempdata3"  was declared but never referenced
  	uint8_t tempdata3[20]={0};
../Src/main.c(395): warning:  #177-D: variable "tempdata4"  was declared but never referenced
  	uint8_t tempdata4[20]={0};
../Src/main.c(396): warning:  #177-D: variable "tempdata5"  was declared but never referenced
  	uint8_t tempdata5[20]={0};
../Src/main.c(397): warning:  #177-D: variable "tempdata6"  was declared but never referenced
  	uint8_t tempdata6[20]={0};
../Src/main.c(398): warning:  #177-D: variable "tempdata7"  was declared but never referenced
  	uint8_t tempdata7[20]={0};
../Src/main.c(400): warning:  #177-D: variable "test_count"  was declared but never referenced
  	uint8_t test_count=0;
../Src/main.c(401): warning:  #177-D: variable "test_flag"  was declared but never referenced
  	uint8_t test_flag=1;
../Src/main.c(402): warning:  #177-D: variable "count_ex"  was declared but never referenced
  	uint8_t count_ex=100;
../Src/main.c(403): warning:  #177-D: variable "count_OK"  was declared but never referenced
  	uint8_t count_OK=0;
../Src/main.c(404): warning:  #550-D: variable "pTempdate"  was set but never used
  	uint8_t *pTempdate;
../Src/main.c(405): warning:  #177-D: variable "m"  was declared but never referenced
  	uint8_t m=0;
../Src/main.c(406): warning:  #177-D: variable "test_counter_polling"  was declared but never referenced
  	uint8_t test_counter_polling=0;
../Src/main.c(407): warning:  #177-D: variable "altitude1"  was declared but never referenced
  	float altitude1; //存放初始高度
../Src/main.c(1833): warning:  #1-D: last line of file ends without a newline
  #endif
../Src/main.c(1049): warning:  #177-D: function "MX_CRC_Init"  was declared but never referenced
  static void MX_CRC_Init(void)
../Src/main.c(996): warning:  #177-D: function "MX_ADC1_Init"  was declared but never referenced
  static void MX_ADC1_Init(void)
../Src/main.c(1085): warning:  #177-D: function "MX_RTC_Init"  was declared but never referenced
  static void MX_RTC_Init(void)
../Src/main.c(1259): warning:  #177-D: function "MX_USB_OTG_FS_HCD_Init"  was declared but never referenced
  static void MX_USB_OTG_FS_HCD_Init(void)
../Src/main.c(1278): warning:  #177-D: function "MX_DMA_Init"  was declared but never referenced
  static void MX_DMA_Init(void) 
../Src/main.c: 36 warnings, 0 errors
linking...
Program Size: Code=17356 RO-data=2828 RW-data=40 ZI-data=2008  
FromELF: creating hex file...
"stm32_new\stm32_new.axf" - 0 Error(s), 36 Warning(s).

<h2>Software Packages used:</h2>

Package Vendor: ARM
                http://www.keil.com/pack/ARM.CMSIS.5.4.0.pack
                ARM.CMSIS.5.4.0
                CMSIS (Cortex Microcontroller Software Interface Standard)
   * Component: CORE Version: 5.1.2

Package Vendor: Keil
                http://www.keil.com/pack/Keil.STM32L4xx_DFP.2.0.0.pack
                Keil.STM32L4xx_DFP.2.0.0
                STMicroelectronics STM32L4 Series Device Support, Drivers and Examples

<h2>Collection of Component include folders:</h2>
  .\RTE\_stm32_new
  C:\Keil_v5\ARM\PACK\ARM\CMSIS\5.4.0\CMSIS\Core\Include
  C:\Keil_v5\ARM\PACK\Keil\STM32L4xx_DFP\2.0.0\Drivers\CMSIS\Device\ST\STM32L4xx\Include

<h2>Collection of Component Files used:</h2>

   * Component: ARM::CMSIS:CORE:5.1.2
Build Time Elapsed:  00:00:16
</pre>
</body>
</html>
