Component: ARM Compiler 5.05 update 2 (build 169) Tool: armlink [4d0f33]

==============================================================================

Section Cross References

    main.o(.text) refers to misc.o(.text) for NVIC_PriorityGroupConfig
    main.o(.text) refers to delay.o(.text) for delay_init
    main.o(.text) refers to usart.o(.text) for uart_init
    main.o(.text) refers to led.o(.text) for LED_Init
    main.o(.text) refers to myiic.o(.text) for IIC_Init
    main.o(.text) refers to ms5611.o(.text) for MS561101BA_RESET
    main.o(.text) refers to lcd.o(.text) for LCD_MS5611_DataShow
    system_stm32f10x.o(.text) refers to system_stm32f10x.o(.data) for SystemCoreClock
    led.o(.text) refers to stm32f10x_rcc.o(.text) for RCC_APB2PeriphClockCmd
    led.o(.text) refers to stm32f10x_gpio.o(.text) for GPIO_Init
    lcd.o(.text) refers to _printf_percent.o(.ARM.Collect$$_printf_percent$$00000000) for _printf_percent
    lcd.o(.text) refers to _printf_x.o(.ARM.Collect$$_printf_percent$$0000000C) for _printf_x
    lcd.o(.text) refers to _printf_hex_int.o(.text) for _printf_longlong_hex
    lcd.o(.text) refers to _printf_llu.o(.ARM.Collect$$_printf_percent$$0000000F) for _printf_llu
    lcd.o(.text) refers to _printf_longlong_dec.o(.text) for _printf_longlong_dec
    lcd.o(.text) refers to _printf_u.o(.ARM.Collect$$_printf_percent$$0000000A) for _printf_u
    lcd.o(.text) refers to _printf_dec.o(.text) for _printf_int_dec
    lcd.o(.text) refers to delay.o(.text) for delay_us
    lcd.o(.text) refers to lcd.o(.bss) for lcddev
    lcd.o(.text) refers to dflt_clz.o(x$fpl$dfltu) for __aeabi_ui2d
    lcd.o(.text) refers to dmul.o(x$fpl$dmul) for __aeabi_dmul
    lcd.o(.text) refers to dfixu.o(x$fpl$dfixu) for __aeabi_d2uiz
    lcd.o(.text) refers to lcd.o(.data) for POINT_COLOR
    lcd.o(.text) refers to stm32f10x_rcc.o(.text) for RCC_APB2PeriphClockCmd
    lcd.o(.text) refers to stm32f10x_gpio.o(.text) for GPIO_PinRemapConfig
    lcd.o(.text) refers to noretval__2printf.o(.text) for __2printf
    lcd.o(.text) refers to lcd.o(.constdata) for asc2_1206
    lcd.o(.text) refers to lludivv7m.o(.text) for __aeabi_uldivmod
    lcd.o(.text) refers to ms5611.o(.data) for TEMP
    key.o(.text) refers to stm32f10x_rcc.o(.text) for RCC_APB2PeriphClockCmd
    key.o(.text) refers to stm32f10x_gpio.o(.text) for GPIO_PinRemapConfig
    key.o(.text) refers to delay.o(.text) for delay_ms
    key.o(.text) refers to key.o(.data) for key_up
    myiic.o(.text) refers to stm32f10x_rcc.o(.text) for RCC_APB2PeriphClockCmd
    myiic.o(.text) refers to stm32f10x_gpio.o(.text) for GPIO_Init
    myiic.o(.text) refers to delay.o(.text) for delay_us
    ms5611.o(.text) refers to _printf_percent.o(.ARM.Collect$$_printf_percent$$00000000) for _printf_percent
    ms5611.o(.text) refers to _printf_d.o(.ARM.Collect$$_printf_percent$$00000009) for _printf_d
    ms5611.o(.text) refers to _printf_dec.o(.text) for _printf_int_dec
    ms5611.o(.text) refers to myiic.o(.text) for IIC_Start
    ms5611.o(.text) refers to delay.o(.text) for delay_us
    ms5611.o(.text) refers to noretval__2printf.o(.text) for __2printf
    ms5611.o(.text) refers to lludivv7m.o(.text) for __aeabi_uldivmod
    ms5611.o(.text) refers to dfltll_clz.o(x$fpl$dfltull) for __aeabi_ul2d
    ms5611.o(.text) refers to ffltll_clz.o(x$fpl$ffltll) for __aeabi_ul2f
    ms5611.o(.text) refers to fmul.o(x$fpl$fmul) for __aeabi_fmul
    ms5611.o(.text) refers to ffixu.o(x$fpl$ffixu) for __aeabi_f2uiz
    ms5611.o(.text) refers to dflt_clz.o(x$fpl$dfltu) for __aeabi_ui2d
    ms5611.o(.text) refers to daddsub_clz.o(x$fpl$drsb) for __aeabi_drsub
    ms5611.o(.text) refers to daddsub_clz.o(x$fpl$dsub) for __aeabi_dsub
    ms5611.o(.text) refers to ddiv.o(x$fpl$ddiv) for __aeabi_ddiv
    ms5611.o(.text) refers to dfixu.o(x$fpl$dfixu) for __aeabi_d2uiz
    ms5611.o(.text) refers to ms5611.o(.bss) for Cal_C
    ms5611.o(.text) refers to ms5611.o(.data) for D2_Temp
    delay.o(.text) refers to misc.o(.text) for SysTick_CLKSourceConfig
    delay.o(.text) refers to system_stm32f10x.o(.data) for SystemCoreClock
    delay.o(.text) refers to delay.o(.data) for fac_us
    usart.o(.text) refers (Special) to use_no_semi_2.o(.text) for __use_no_semihosting
    usart.o(.text) refers to stm32f10x_rcc.o(.text) for RCC_APB2PeriphClockCmd
    usart.o(.text) refers to stm32f10x_gpio.o(.text) for GPIO_Init
    usart.o(.text) refers to misc.o(.text) for NVIC_Init
    usart.o(.text) refers to stm32f10x_usart.o(.text) for USART_Init
    usart.o(.text) refers to usart.o(.data) for USART_RX_STA
    usart.o(.text) refers to usart.o(.bss) for USART_RX_BUF
    usart.o(.bss) refers (Special) to use_no_semi_2.o(.text) for __use_no_semihosting
    usart.o(.data) refers (Special) to use_no_semi_2.o(.text) for __use_no_semihosting
    startup_stm32f10x_hd.o(STACK) refers (Special) to heapauxi.o(.text) for __use_two_region_memory
[...]
    __rtentry4.o(.ARM.exidx) refers to __rtentry4.o(.ARM.Collect$$rtentry$$00000004) for .ARM.Collect$$rtentry$$00000004
    rt_div0.o(.text) refers to defsig_fpe_outer.o(.text) for __rt_SIGFPE
    _printf_char_common.o(.text) refers to __printf_ss.o(.text) for __printf
    sys_stackheap_outer.o(.text) refers to libspace.o(.text) for __user_perproc_libspace
    sys_stackheap_outer.o(.text) refers to startup_stm32f10x_hd.o(.text) for __user_initial_stackheap
    exit.o(.text) refers to rtexit.o(.ARM.Collect$$rtexit$$00000000) for __rt_exit
    defsig_fpe_outer.o(.text) refers to defsig_fpe_inner.o(.text) for __rt_SIGFPE_inner
    defsig_fpe_outer.o(.text) refers to defsig_exit.o(.text) for __sig_exit
    defsig_fpe_formal.o(.text) refers to rt_raise.o(.text) for __rt_raise
    libinit.o(.ARM.Collect$$libinit$$00000000) refers (Special) to libinit2.o(.ARM.Collect$$libinit$$0000002E) for __rt_lib_init_alloca_1
    libinit.o(.ARM.Collect$$libinit$$00000000) refers (Special) to libinit2.o(.ARM.Collect$$libinit$$0000002C) for __rt_lib_init_argv_1
    libinit.o(.ARM.Collect$$libinit$$00000000) refers (Special) to libinit2.o(.ARM.Collect$$libinit$$0000001B) for __rt_lib_init_atexit_1
    libinit.o(.ARM.Collect$$libinit$$00000000) refers (Special) to libinit2.o(.ARM.Collect$$libinit$$00000021) for __rt_lib_init_clock_1
    libinit.o(.ARM.Collect$$libinit$$00000000) refers (Special) to libinit2.o(.ARM.Collect$$libinit$$00000032) for __rt_lib_init_cpp_1
    libinit.o(.ARM.Collect$$libinit$$00000000) refers (Special) to libinit2.o(.ARM.Collect$$libinit$$00000030) for __rt_lib_init_exceptions_1
    libinit.o(.ARM.Collect$$libinit$$00000000) refers (Special) to libinit2.o(.ARM.Collect$$libinit$$00000002) for __rt_lib_init_fp_1
    libinit.o(.ARM.Collect$$libinit$$00000000) refers (Special) to libinit2.o(.ARM.Collect$$libinit$$0000001F) for __rt_lib_init_fp_trap_1
    libinit.o(.ARM.Collect$$libinit$$00000000) refers (Special) to libinit2.o(.ARM.Collect$$libinit$$00000023) for __rt_lib_init_getenv_1
    libinit.o(.ARM.Collect$$libinit$$00000000) refers (Special) to libinit2.o(.ARM.Collect$$libinit$$0000000A) for __rt_lib_init_heap_1
    libinit.o(.ARM.Collect$$libinit$$00000000) refers (Special) to libinit2.o(.ARM.Collect$$libinit$$00000011) for __rt_lib_init_lc_collate_1
    libinit.o(.ARM.Collect$$libinit$$00000000) refers (Special) to libinit2.o(.ARM.Collect$$libinit$$00000013) for __rt_lib_init_lc_ctype_1
    libinit.o(.ARM.Collect$$libinit$$00000000) refers (Special) to libinit2.o(.ARM.Collect$$libinit$$00000015) for __rt_lib_init_lc_monetary_1
    libinit.o(.ARM.Collect$$libinit$$00000000) refers (Special) to libinit2.o(.ARM.Collect$$libinit$$00000017) for __rt_lib_init_lc_numeric_1
    libinit.o(.ARM.Collect$$libinit$$00000000) refers (Special) to libinit2.o(.ARM.Collect$$libinit$$00000019) for __rt_lib_init_lc_time_1
    libinit.o(.ARM.Collect$$libinit$$00000000) refers (Special) to libinit2.o(.ARM.Collect$$libinit$$00000004) for __rt_lib_init_preinit_1
    libinit.o(.ARM.Collect$$libinit$$00000000) refers (Special) to libinit2.o(.ARM.Collect$$libinit$$0000000E) for __rt_lib_init_rand_1
    libinit.o(.ARM.Collect$$libinit$$00000000) refers (Special) to libinit2.o(.ARM.Collect$$libinit$$00000033) for __rt_lib_init_return
    libinit.o(.ARM.Collect$$libinit$$00000000) refers (Special) to libinit2.o(.ARM.Collect$$libinit$$0000001D) for __rt_lib_init_signal_1
    libinit.o(.ARM.Collect$$libinit$$00000000) refers (Special) to libinit2.o(.ARM.Collect$$libinit$$00000025) for __rt_lib_init_stdio_1
    libinit.o(.ARM.Collect$$libinit$$00000000) refers (Special) to libinit2.o(.ARM.Collect$$libinit$$0000000C) for __rt_lib_init_user_alloc_1
    libspace.o(.text) refers to libspace.o(.bss) for __libspace_start
    rtexit.o(.ARM.Collect$$rtexit$$00000000) refers (Special) to rtexit2.o(.ARM.Collect$$rtexit$$00000004) for __rt_exit_exit
    rtexit.o(.ARM.Collect$$rtexit$$00000000) refers (Special) to rtexit2.o(.ARM.Collect$$rtexit$$00000003) for __rt_exit_ls
    rtexit.o(.ARM.Collect$$rtexit$$00000000) refers (Special) to rtexit2.o(.ARM.Collect$$rtexit$$00000002) for __rt_exit_prels_1
    rtexit.o(.ARM.exidx) refers (Special) to rtexit2.o(.ARM.Collect$$rtexit$$00000004) for __rt_exit_exit
    rtexit.o(.ARM.exidx) refers (Special) to rtexit2.o(.ARM.Collect$$rtexit$$00000003) for __rt_exit_ls
    rtexit.o(.ARM.exidx) refers (Special) to rtexit2.o(.ARM.Collect$$rtexit$$00000002) for __rt_exit_prels_1
    rtexit.o(.ARM.exidx) refers to rtexit.o(.ARM.Collect$$rtexit$$00000000) for .ARM.Collect$$rtexit$$00000000
    rt_raise.o(.text) refers to __raise.o(.text) for __raise
    rt_raise.o(.text) refers to usart.o(.text) for _sys_exit
    defsig_exit.o(.text) refers to usart.o(.text) for _sys_exit
    defsig_fpe_inner.o(.text) refers to defsig_general.o(.text) for __default_signal_display
    libinit2.o(.ARM.Collect$$libinit$$00000010) refers to libinit2.o(.ARM.Collect$$libinit$$0000000F) for .ARM.Collect$$libinit$$0000000F
    libinit2.o(.ARM.Collect$$libinit$$00000012) refers to libinit2.o(.ARM.Collect$$libinit$$0000000F) for .ARM.Collect$$libinit$$0000000F
    libinit2.o(.ARM.Collect$$libinit$$00000014) refers to libinit2.o(.ARM.Collect$$libinit$$0000000F) for .ARM.Collect$$libinit$$0000000F
    libinit2.o(.ARM.Collect$$libinit$$00000016) refers to libinit2.o(.ARM.Collect$$libinit$$0000000F) for .ARM.Collect$$libinit$$0000000F
    libinit2.o(.ARM.Collect$$libinit$$00000018) refers to libinit2.o(.ARM.Collect$$libinit$$0000000F) for .ARM.Collect$$libinit$$0000000F
    libinit2.o(.ARM.Collect$$libinit$$00000026) refers to argv_veneer.o(.emb_text) for __ARM_argv_veneer
    libinit2.o(.ARM.Collect$$libinit$$00000027) refers to argv_veneer.o(.emb_text) for __ARM_argv_veneer
    rtexit2.o(.ARM.Collect$$rtexit$$00000003) refers to libshutdown.o(.ARM.Collect$$libshutdown$$00000000) for __rt_lib_shutdown
    rtexit2.o(.ARM.Collect$$rtexit$$00000004) refers to usart.o(.text) for _sys_exit
    rtexit2.o(.ARM.exidx) refers to rtexit2.o(.ARM.Collect$$rtexit$$00000001) for .ARM.Collect$$rtexit$$00000001
    rtexit2.o(.ARM.exidx) refers to rtexit2.o(.ARM.Collect$$rtexit$$00000003) for .ARM.Collect$$rtexit$$00000003
    rtexit2.o(.ARM.exidx) refers to rtexit2.o(.ARM.Collect$$rtexit$$00000004) for .ARM.Collect$$rtexit$$00000004
    __raise.o(.text) refers to defsig.o(CL$$defsig) for __default_signal_handler
    defsig_general.o(.text) refers to sys_wrch.o(.text) for _ttywrch
    argv_veneer.o(.emb_text) refers to no_argv.o(.text) for __ARM_get_argv
    sys_wrch.o(.text) refers (Special) to use_no_semi.o(.text) for __I$use$semihosting
    sys_wrch.o(.text) refers (Special) to indicate_semi.o(.text) for __semihosting_library_function
    defsig.o(CL$$defsig) refers to defsig_fpe_inner.o(.text) for __rt_SIGFPE_inner
    defsig.o(CL$$defsig) refers to defsig_rtmem_inner.o(.text) for __rt_SIGRTMEM_inner
    _get_argv_nomalloc.o(.text) refers (Special) to hrguard.o(.text) for __heap_region$guard
    _get_argv_nomalloc.o(.text) refers to defsig_rtmem_outer.o(.text) for __rt_SIGRTMEM
    _get_argv_nomalloc.o(.text) refers to sys_command.o(.text) for _sys_command_string
    libshutdown.o(.ARM.Collect$$libshutdown$$00000000) refers (Special) to libshutdown2.o(.ARM.Collect$$libshutdown$$00000006) for __rt_lib_shutdown_fp_trap_1
    libshutdown.o(.ARM.Collect$$libshutdown$$00000000) refers (Special) to libshutdown2.o(.ARM.Collect$$libshutdown$$0000000E) for __rt_lib_shutdown_heap_1
    libshutdown.o(.ARM.Collect$$libshutdown$$00000000) refers (Special) to libshutdown2.o(.ARM.Collect$$libshutdown$$0000000F) for __rt_lib_shutdown_return
    libshutdown.o(.ARM.Collect$$libshutdown$$00000000) refers (Special) to libshutdown2.o(.ARM.Collect$$libshutdown$$00000009) for __rt_lib_shutdown_signal_1
    libshutdown.o(.ARM.Collect$$libshutdown$$00000000) refers (Special) to libshutdown2.o(.ARM.Collect$$libshutdown$$00000003) for __rt_lib_shutdown_stdio_1
    libshutdown.o(.ARM.Collect$$libshutdown$$00000000) refers (Special) to libshutdown2.o(.ARM.Collect$$libshutdown$$0000000B) for __rt_lib_shutdown_user_alloc_1
    sys_command.o(.text) refers (Special) to use_no_semi.o(.text) for __I$use$semihosting
    sys_command.o(.text) refers (Special) to indicate_semi.o(.text) for __semihosting_library_function
    defsig_abrt_inner.o(.text) refers to defsig_general.o(.text) for __default_signal_display
    defsig_rtred_inner.o(.text) refers to defsig_general.o(.text) for __default_signal_display
    defsig_rtmem_inner.o(.text) refers to defsig_general.o(.text) for __default_signal_display
    defsig_rtmem_outer.o(.text) refers to defsig_rtmem_inner.o(.text) for __rt_SIGRTMEM_inner
    defsig_rtmem_outer.o(.text) refers to defsig_exit.o(.text) for __sig_exit
    defsig_rtmem_formal.o(.text) refers to rt_raise.o(.text) for __rt_raise
    defsig_stak_inner.o(.text) refers to defsig_general.o(.text) for __default_signal_display
    defsig_pvfn_inner.o(.text) refers to defsig_general.o(.text) for __default_signal_display
    defsig_cppl_inner.o(.text) refers to defsig_general.o(.text) for __default_signal_display
    defsig_segv_inner.o(.text) refers to defsig_general.o(.text) for __default_signal_display
    defsig_other.o(.text) refers to defsig_general.o(.text) for __default_signal_display


==============================================================================

Removing Unused input sections from the image.

    Removing key.o(.text), (252 bytes).
    Removing key.o(.data), (1 bytes).
    Removing sys.o(.emb_text), (6 bytes).
    Removing sys.o(.text), (12 bytes).
    Removing core_cm3.o(.emb_text), (32 bytes).

5 unused section(s) (total 303 bytes) removed from the image.

==============================================================================

Image Symbol Table

    Local Symbols

    Symbol Name                              Value     Ov Type        Size  Object(Section)

    ../clib/angel/boardlib.s                 0x00000000   Number         0  boardinit3.o ABSOLUTE
    ../clib/angel/boardlib.s                 0x00000000   Number         0  boardshut.o ABSOLUTE
    ../clib/angel/boardlib.s                 0x00000000   Number         0  boardinit2.o ABSOLUTE
    ../clib/angel/boardlib.s                 0x00000000   Number         0  boardinit1.o ABSOLUTE
    ../clib/angel/handlers.s                 0x00000000   Number         0  __scatter_copy.o ABSOLUTE
    ../clib/angel/handlers.s                 0x00000000   Number         0  __scatter_zi.o ABSOLUTE
    ../clib/angel/kernel.s                   0x00000000   Number         0  __rtentry.o ABSOLUTE
    ../clib/angel/kernel.s                   0x00000000   Number         0  __rtentry2.o ABSOLUTE
    ../clib/angel/kernel.s                   0x00000000   Number         0  rtexit.o ABSOLUTE
    ../clib/angel/kernel.s                   0x00000000   Number         0  rtexit2.o ABSOLUTE
    ../clib/angel/kernel.s                   0x00000000   Number         0  __rtentry4.o ABSOLUTE
    ../clib/angel/rt.s                       0x00000000   Number         0  aeabi_ldiv0.o ABSOLUTE
    ../clib/angel/rt.s                       0x00000000   Number         0  aeabi_ldiv0_sigfpe.o ABSOLUTE
    ../clib/angel/rt.s                       0x00000000   Number         0  rt_raise.o ABSOLUTE
    ../clib/angel/rt.s                       0x00000000   Number         0  rt_div0.o ABSOLUTE
    ../clib/angel/scatter.s                  0x00000000   Number         0  __scatter.o ABSOLUTE
    ../clib/angel/startup.s                  0x00000000   Number         0  __main.o ABSOLUTE
    ../clib/angel/sys.s                      0x00000000   Number         0  use_no_semi.o ABSOLUTE
    ../clib/angel/sys.s                      0x00000000   Number         0  sys_stackheap_outer.o ABSOLUTE
    ../clib/angel/sys.s                      0x00000000   Number         0  indicate_semi.o ABSOLUTE
    ../clib/angel/sys.s                      0x00000000   Number         0  use_no_semi_2.o ABSOLUTE
    ../clib/angel/sys.s                      0x00000000   Number         0  libspace.o ABSOLUTE
    ../clib/angel/sysapp.c                   0x00000000   Number         0  sys_command.o ABSOLUTE
    ../clib/angel/sysapp.c                   0x00000000   Number         0  sys_wrch.o ABSOLUTE
    ../clib/armsys.c                         0x00000000   Number         0  no_argv.o ABSOLUTE
    ../clib/armsys.c                         0x00000000   Number         0  _get_argv_nomalloc.o ABSOLUTE
    ../clib/armsys.c                         0x00000000   Number         0  argv_veneer.o ABSOLUTE
    ../clib/armsys.c                         0x00000000   Number         0  argv_veneer.o ABSOLUTE
    ../clib/heapalloc.c                      0x00000000   Number         0  hrguard.o ABSOLUTE
    ../clib/heapaux.c                        0x00000000   Number         0  heapauxi.o ABSOLUTE
    ../clib/libinit.s                        0x00000000   Number         0  libinit2.o ABSOLUTE
    ../clib/libinit.s                        0x00000000   Number         0  libshutdown.o ABSOLUTE
    ../clib/libinit.s                        0x00000000   Number         0  libinit.o ABSOLUTE
    ../clib/libinit.s                        0x00000000   Number         0  libshutdown2.o ABSOLUTE
    ../clib/longlong.s                       0x00000000   Number         0  lludiv10.o ABSOLUTE
    ../clib/longlong.s                       0x00000000   Number         0  lludivv7m.o ABSOLUTE
    ../clib/misc.s                           0x00000000   Number         0  printf_stubs.o ABSOLUTE
    ../clib/printf.c                         0x00000000   Number         0  _printf_intcommon.o ABSOLUTE
    ../clib/printf.c                         0x00000000   Number         0  __2printf.o ABSOLUTE
    ../clib/printf.c                         0x00000000   Number         0  noretval__2printf.o ABSOLUTE
    ../clib/printf.c                         0x00000000   Number         0  __printf.o ABSOLUTE
    ../clib/printf.c                         0x00000000   Number         0  _printf_dec.o ABSOLUTE
    ../clib/printf.c                         0x00000000   Number         0  _printf_longlong_dec.o ABSOLUTE
    ../clib/printf.c                         0x00000000   Number         0  _printf_hex_ll.o ABSOLUTE
    ../clib/printf.c                         0x00000000   Number         0  _printf_hex_int.o ABSOLUTE
    ../clib/printf.c                         0x00000000   Number         0  __printf_nopercent.o ABSOLUTE
    ../clib/printf.c                         0x00000000   Number         0  _printf_hex_int_ll.o ABSOLUTE
    ../clib/printf.c                         0x00000000   Number         0  _printf_hex_ptr.o ABSOLUTE
    ../clib/printf.c                         0x00000000   Number         0  _printf_hex_int_ptr.o ABSOLUTE
    ../clib/printf.c                         0x00000000   Number         0  _printf_hex_ll_ptr.o ABSOLUTE
    ../clib/printf.c                         0x00000000   Number         0  _printf_hex_int_ll_ptr.o ABSOLUTE
    ../clib/printf.c                         0x00000000   Number         0  __printf_flags.o ABSOLUTE
    ../clib/printf.c                         0x00000000   Number         0  __printf_ss.o ABSOLUTE
    ../clib/printf.c                         0x00000000   Number         0  __printf_flags_ss.o ABSOLUTE
    ../clib/printf.c                         0x00000000   Number         0  __printf_wp.o ABSOLUTE
    ../clib/printf.c                         0x00000000   Number         0  __printf_flags_wp.o ABSOLUTE
    ../clib/printf.c                         0x00000000   Number         0  __printf_ss_wp.o ABSOLUTE
    ../clib/printf.c                         0x00000000   Number         0  __printf_flags_ss_wp.o ABSOLUTE
    ../clib/printf.c                         0x00000000   Number         0  _printf_char_common.o ABSOLUTE
    ../clib/printf.c                         0x00000000   Number         0  _printf_char_file.o ABSOLUTE
    ../clib/printf_percent.s                 0x00000000   Number         0  _printf_percent_end.o ABSOLUTE
    ../clib/printf_percent.s                 0x00000000   Number         0  _printf_d.o ABSOLUTE
    ../clib/printf_percent.s                 0x00000000   Number         0  _printf_ll.o ABSOLUTE
    ../clib/printf_percent.s                 0x00000000   Number         0  _printf_u.o ABSOLUTE
    ../clib/printf_percent.s                 0x00000000   Number         0  _printf_percent.o ABSOLUTE
    ../clib/printf_percent.s                 0x00000000   Number         0  _printf_llu.o ABSOLUTE
    ../clib/printf_percent.s                 0x00000000   Number         0  _printf_x.o ABSOLUTE
    ../clib/signal.c                         0x00000000   Number         0  defsig_rtmem_outer.o ABSOLUTE
    ../clib/signal.c                         0x00000000   Number         0  defsig_fpe_outer.o ABSOLUTE
    ../clib/signal.c                         0x00000000   Number         0  defsig_abrt_inner.o ABSOLUTE
    ../clib/signal.c                         0x00000000   Number         0  defsig_general.o ABSOLUTE
    ../clib/signal.c                         0x00000000   Number         0  defsig_other.o ABSOLUTE
    ../clib/signal.c                         0x00000000   Number         0  defsig_segv_inner.o ABSOLUTE
    ../clib/signal.c                         0x00000000   Number         0  defsig_fpe_formal.o ABSOLUTE
    ../clib/signal.c                         0x00000000   Number         0  defsig_cppl_inner.o ABSOLUTE
    ../clib/signal.c                         0x00000000   Number         0  defsig_rtred_inner.o ABSOLUTE
    ../clib/signal.c                         0x00000000   Number         0  defsig_pvfn_inner.o ABSOLUTE
    ../clib/signal.c                         0x00000000   Number         0  defsig_stak_inner.o ABSOLUTE
    ../clib/signal.c                         0x00000000   Number         0  defsig_rtmem_formal.o ABSOLUTE
    ../clib/signal.c                         0x00000000   Number         0  __raise.o ABSOLUTE
    ../clib/signal.c                         0x00000000   Number         0  defsig_exit.o ABSOLUTE
    ../clib/signal.c                         0x00000000   Number         0  defsig_rtmem_inner.o ABSOLUTE
    ../clib/signal.c                         0x00000000   Number         0  defsig_fpe_inner.o ABSOLUTE
    ../clib/signal.s                         0x00000000   Number         0  defsig.o ABSOLUTE
    ../clib/stdio.c                          0x00000000   Number         0  ferror.o ABSOLUTE
    ../clib/stdio.c                          0x00000000   Number         0  ferror_locked.o ABSOLUTE
    ../clib/stdlib.c                         0x00000000   Number         0  exit.o ABSOLUTE
    ../fplib/daddsub.s                       0x00000000   Number         0  daddsub_clz.o ABSOLUTE
    ../fplib/ddiv.s                          0x00000000   Number         0  ddiv.o ABSOLUTE
    ../fplib/dfixu.s                         0x00000000   Number         0  dfixu.o ABSOLUTE
    ../fplib/dflt.s                          0x00000000   Number         0  dflt_clz.o ABSOLUTE
    ../fplib/dfltll.s                        0x00000000   Number         0  dfltll_clz.o ABSOLUTE
    ../fplib/dmul.s                          0x00000000   Number         0  dmul.o ABSOLUTE
    ../fplib/dnaninf.s                       0x00000000   Number         0  dnaninf.o ABSOLUTE
    ../fplib/dretinf.s                       0x00000000   Number         0  dretinf.o ABSOLUTE
    ../fplib/ffixu.s                         0x00000000   Number         0  ffixu.o ABSOLUTE
    ../fplib/ffltll.s                        0x00000000   Number         0  ffltll_clz.o ABSOLUTE
    ../fplib/fmul.s                          0x00000000   Number         0  fmul.o ABSOLUTE
    ../fplib/fnaninf.s                       0x00000000   Number         0  fnaninf.o ABSOLUTE
    ../fplib/fpinit.s                        0x00000000   Number         0  fpinit.o ABSOLUTE
    ../fplib/fretinf.s                       0x00000000   Number         0  fretinf.o ABSOLUTE
    ../fplib/usenofp.s                       0x00000000   Number         0  usenofp.o ABSOLUTE
    ..\CORE\core_cm3.c                       0x00000000   Number         0  core_cm3.o ABSOLUTE
    ..\CORE\startup_stm32f10x_hd.s           0x00000000   Number         0  startup_stm32f10x_hd.o ABSOLUTE
    ..\HARDWARE\IIC\myiic.c                  0x00000000   Number         0  myiic.o ABSOLUTE
    ..\HARDWARE\KEY\key.c                    0x00000000   Number         0  key.o ABSOLUTE
    ..\HARDWARE\LCD\lcd.c                    0x00000000   Number         0  lcd.o ABSOLUTE
    ..\HARDWARE\LED\led.c                    0x00000000   Number         0  led.o ABSOLUTE
    ..\HARDWARE\MS5611\MS5611.C              0x00000000   Number         0  ms5611.o ABSOLUTE
    ..\STM32F10x_FWLib\src\misc.c            0x00000000   Number         0  misc.o ABSOLUTE
    ..\STM32F10x_FWLib\src\stm32f10x_gpio.c  0x00000000   Number         0  stm32f10x_gpio.o ABSOLUTE
    ..\STM32F10x_FWLib\src\stm32f10x_rcc.c   0x00000000   Number         0  stm32f10x_rcc.o ABSOLUTE
    ..\STM32F10x_FWLib\src\stm32f10x_usart.c 0x00000000   Number         0  stm32f10x_usart.o ABSOLUTE
    ..\SYSTEM\delay\delay.c                  0x00000000   Number         0  delay.o ABSOLUTE
    ..\SYSTEM\sys\sys.c                      0x00000000   Number         0  sys.o ABSOLUTE
    ..\SYSTEM\usart\usart.c                  0x00000000   Number         0  usart.o ABSOLUTE
    ..\\CORE\\core_cm3.c                     0x00000000   Number         0  core_cm3.o ABSOLUTE
    ..\\SYSTEM\\sys\\sys.c                   0x00000000   Number         0  sys.o ABSOLUTE
    dc.s                                     0x00000000   Number         0  dc.o ABSOLUTE
    main.c                                   0x00000000   Number         0  main.o ABSOLUTE
    stm32f10x_it.c                           0x00000000   Number         0  stm32f10x_it.o ABSOLUTE
    system_stm32f10x.c                       0x00000000   Number         0  system_stm32f10x.o ABSOLUTE
    RESET                                    0x08000000   Section      304  startup_stm32f10x_hd.o(RESET)
    !!!main                                  0x08000130   Section        8  __main.o(!!!main)
    !!!scatter                               0x08000138   Section       52  __scatter.o(!!!scatter)
    !!handler_copy                           0x0800016c   Section       26  __scatter_copy.o(!!handler_copy)
    !!handler_zi                             0x08000188   Section       28  __scatter_zi.o(!!handler_zi)
    .ARM.Collect$$_printf_percent$$00000000  0x080001a4   Section        0  _printf_percent.o(.ARM.Collect$$_printf_percent$$00000000)
    .ARM.Collect$$_printf_percent$$00000007  0x080001a4   Section       10  _printf_ll.o(.ARM.Collect$$_printf_percent$$00000007)
    .ARM.Collect$$_printf_percent$$00000009  0x080001ae   Section        6  _printf_d.o(.ARM.Collect$$_printf_percent$$00000009)
    .ARM.Collect$$_printf_percent$$0000000A  0x080001b4   Section        6  _printf_u.o(.ARM.Collect$$_printf_percent$$0000000A)
    .ARM.Collect$$_printf_percent$$0000000C  0x080001ba   Section        6  _printf_x.o(.ARM.Collect$$_printf_percent$$0000000C)
    .ARM.Collect$$_printf_percent$$0000000F  0x080001c0   Section        6  _printf_llu.o(.ARM.Collect$$_printf_percent$$0000000F)
    .ARM.Collect$$_printf_percent$$00000017  0x080001c6   Section        4  _printf_percent_end.o(.ARM.Collect$$_printf_percent$$00000017)
    .ARM.Collect$$libinit$$00000000          0x080001ca   Section        2  libinit.o(.ARM.Collect$$libinit$$00000000)
    .ARM.Collect$$libinit$$00000002          0x080001cc   Section        0  libinit2.o(.ARM.Collect$$libinit$$00000002)
    .ARM.Collect$$libinit$$00000004          0x080001cc   Section        0  libinit2.o(.ARM.Collect$$libinit$$00000004)
    .ARM.Collect$$libinit$$0000000A          0x080001cc   Section        0  libinit2.o(.ARM.Collect$$libinit$$0000000A)
    .ARM.Collect$$libinit$$0000000C          0x080001cc   Section        0  libinit2.o(.ARM.Collect$$libinit$$0000000C)
    .ARM.Collect$$libinit$$0000000E          0x080001cc   Section        0  libinit2.o(.ARM.Collect$$libinit$$0000000E)
    .ARM.Collect$$libinit$$00000011          0x080001cc   Section        0  libinit2.o(.ARM.Collect$$libinit$$00000011)
    .ARM.Collect$$libinit$$00000013          0x080001cc   Section        0  libinit2.o(.ARM.Collect$$libinit$$00000013)
    .ARM.Collect$$libinit$$00000015          0x080001cc   Section        0  libinit2.o(.ARM.Collect$$libinit$$00000015)
    .ARM.Collect$$libinit$$00000017          0x080001cc   Section        0  libinit2.o(.ARM.Collect$$libinit$$00000017)
    .ARM.Collect$$libinit$$00000019          0x080001cc   Section        0  libinit2.o(.ARM.Collect$$libinit$$00000019)
    .ARM.Collect$$libinit$$0000001B          0x080001cc   Section        0  libinit2.o(.ARM.Collect$$libinit$$0000001B)
    .ARM.Collect$$libinit$$0000001D          0x080001cc   Section        0  libinit2.o(.ARM.Collect$$libinit$$0000001D)
    .ARM.Collect$$libinit$$0000001F          0x080001cc   Section        0  libinit2.o(.ARM.Collect$$libinit$$0000001F)
    .ARM.Collect$$libinit$$00000021          0x080001cc   Section        0  libinit2.o(.ARM.Collect$$libinit$$00000021)
    .ARM.Collect$$libinit$$00000023          0x080001cc   Section        0  libinit2.o(.ARM.Collect$$libinit$$00000023)
    .ARM.Collect$$libinit$$00000025          0x080001cc   Section        0  libinit2.o(.ARM.Collect$$libinit$$00000025)
    .ARM.Collect$$libinit$$0000002C          0x080001cc   Section        0  libinit2.o(.ARM.Collect$$libinit$$0000002C)
    .ARM.Collect$$libinit$$0000002E          0x080001cc   Section        0  libinit2.o(.ARM.Collect$$libinit$$0000002E)
    .ARM.Collect$$libinit$$00000030          0x080001cc   Section        0  libinit2.o(.ARM.Collect$$libinit$$00000030)
    .ARM.Collect$$libinit$$00000032          0x080001cc   Section        0  libinit2.o(.ARM.Collect$$libinit$$00000032)
    .ARM.Collect$$libinit$$00000033          0x080001cc   Section        2  libinit2.o(.ARM.Collect$$libinit$$00000033)
    .ARM.Collect$$libshutdown$$00000000      0x080001ce   Section        2  libshutdown.o(.ARM.Collect$$libshutdown$$00000000)
    .ARM.Collect$$libshutdown$$00000003      0x080001d0   Section        0  libshutdown2.o(.ARM.Collect$$libshutdown$$00000003)
    .ARM.Collect$$libshutdown$$00000006      0x080001d0   Section        0  libshutdown2.o(.ARM.Collect$$libshutdown$$00000006)
    .ARM.Collect$$libshutdown$$00000009      0x080001d0   Section        0  libshutdown2.o(.ARM.Collect$$libshutdown$$00000009)
    .ARM.Collect$$libshutdown$$0000000B      0x080001d0   Section        0  libshutdown2.o(.ARM.Collect$$libshutdown$$0000000B)
    .ARM.Collect$$libshutdown$$0000000E      0x080001d0   Section        0  libshutdown2.o(.ARM.Collect$$libshutdown$$0000000E)
    .ARM.Collect$$libshutdown$$0000000F      0x080001d0   Section        2  libshutdown2.o(.ARM.Collect$$libshutdown$$0000000F)
    .ARM.Collect$$rtentry$$00000000          0x080001d2   Section        0  __rtentry.o(.ARM.Collect$$rtentry$$00000000)
    .ARM.Collect$$rtentry$$00000002          0x080001d2   Section        0  __rtentry2.o(.ARM.Collect$$rtentry$$00000002)
    .ARM.Collect$$rtentry$$00000004          0x080001d2   Section        6  __rtentry4.o(.ARM.Collect$$rtentry$$00000004)
    .ARM.Collect$$rtentry$$00000009          0x080001d8   Section        0  __rtentry2.o(.ARM.Collect$$rtentry$$00000009)
    .ARM.Collect$$rtentry$$0000000A          0x080001d8   Section        4  __rtentry2.o(.ARM.Collect$$rtentry$$0000000A)
    .ARM.Collect$$rtentry$$0000000C          0x080001dc   Section        0  __rtentry2.o(.ARM.Collect$$rtentry$$0000000C)
    .ARM.Collect$$rtentry$$0000000D          0x080001dc   Section        8  __rtentry2.o(.ARM.Collect$$rtentry$$0000000D)
    .ARM.Collect$$rtexit$$00000000           0x080001e4   Section        2  rtexit.o(.ARM.Collect$$rtexit$$00000000)
    .ARM.Collect$$rtexit$$00000002           0x080001e6   Section        0  rtexit2.o(.ARM.Collect$$rtexit$$00000002)
    .ARM.Collect$$rtexit$$00000003           0x080001e6   Section        4  rtexit2.o(.ARM.Collect$$rtexit$$00000003)
    .ARM.Collect$$rtexit$$00000004           0x080001ea   Section        6  rtexit2.o(.ARM.Collect$$rtexit$$00000004)
    .text                                    0x080001f0   Section        0  main.o(.text)
    .text                                    0x0800023e   Section        0  stm32f10x_it.o(.text)
    .text                                    0x08000258   Section        0  system_stm32f10x.o(.text)
    SetSysClockTo24                          0x08000259   Thumb Code   178  system_stm32f10x.o(.text)
    SetSysClock                              0x0800030b   Thumb Code     8  system_stm32f10x.o(.text)
    .text                                    0x08000410   Section        0  led.o(.text)
    .text                                    0x08000460   Section        0  lcd.o(.text)
    .text                                    0x08005ecc   Section        0  myiic.o(.text)
    .text                                    0x08006140   Section        0  ms5611.o(.text)
    .text                                    0x08006490   Section        0  delay.o(.text)
    .text                                    0x08006564   Section        0  usart.o(.text)
    .text                                    0x080066a4   Section       64  startup_stm32f10x_hd.o(.text)
    .text                                    0x080066e4   Section        0  stm32f10x_gpio.o(.text)
    .text                                    0x08006a40   Section        0  stm32f10x_rcc.o(.text)
    .text                                    0x08006e04   Section        0  stm32f10x_usart.o(.text)
    .text                                    0x0800720c   Section        0  misc.o(.text)
    .text                                    0x080072e8   Section        2  use_no_semi_2.o(.text)
    .text                                    0x080072ea   Section      238  lludivv7m.o(.text)
    .text                                    0x080073d8   Section        0  noretval__2printf.o(.text)
    .text                                    0x080073f0   Section        0  _printf_dec.o(.text)
    .text                                    0x08007468   Section        0  _printf_longlong_dec.o(.text)
    .text                                    0x080074e4   Section        0  _printf_hex_int.o(.text)
    .text                                    0x0800753c   Section        0  __printf_ss.o(.text)
    .text                                    0x080075f4   Section        0  heapauxi.o(.text)
    .text                                    0x080075fa   Section        2  use_no_semi.o(.text)
    .text                                    0x080075fc   Section      138  lludiv10.o(.text)
    .text                                    0x08007686   Section        0  _printf_intcommon.o(.text)
    .text                                    0x08007738   Section        0  _printf_char_file.o(.text)
    .text                                    0x0800775c   Section        0  _printf_char_common.o(.text)
    _printf_input_char                       0x0800775d   Thumb Code    10  _printf_char_common.o(.text)
    .text                                    0x0800778c   Section        0  ferror.o(.text)
    .text                                    0x08007794   Section       74  sys_stackheap_outer.o(.text)
    .text                                    0x080077de   Section        0  exit.o(.text)
    .text                                    0x080077ec   Section        8  libspace.o(.text)
    x$fpl$dadd                               0x080077f4   Section      336  daddsub_clz.o(x$fpl$dadd)
    _dadd1                                   0x08007805   Thumb Code     0  daddsub_clz.o(x$fpl$dadd)
    x$fpl$ddiv                               0x08007944   Section      688  ddiv.o(x$fpl$ddiv)
    ddiv_entry                               0x0800794b   Thumb Code     0  ddiv.o(x$fpl$ddiv)
    x$fpl$dfixu                              0x08007bf4   Section       90  dfixu.o(x$fpl$dfixu)
    x$fpl$dfltu                              0x08007c4e   Section       38  dflt_clz.o(x$fpl$dfltu)
    x$fpl$dfltull                            0x08007c74   Section      138  dfltll_clz.o(x$fpl$dfltull)
    x$fpl$dmul                               0x08007d00   Section      340  dmul.o(x$fpl$dmul)
    x$fpl$dnaninf                            0x08007e54   Section      156  dnaninf.o(x$fpl$dnaninf)
    x$fpl$dretinf                            0x08007ef0   Section       12  dretinf.o(x$fpl$dretinf)
    x$fpl$drsb                               0x08007efc   Section       22  daddsub_clz.o(x$fpl$drsb)
    x$fpl$dsub                               0x08007f14   Section      468  daddsub_clz.o(x$fpl$dsub)
    _dsub1                                   0x08007f25   Thumb Code     0  daddsub_clz.o(x$fpl$dsub)
    x$fpl$ffixu                              0x080080e8   Section       62  ffixu.o(x$fpl$ffixu)
    x$fpl$ffltll                             0x08008126   Section       96  ffltll_clz.o(x$fpl$ffltll)
    x$fpl$fmul                               0x08008188   Section      258  fmul.o(x$fpl$fmul)
    x$fpl$fnaninf                            0x0800828a   Section      140  fnaninf.o(x$fpl$fnaninf)
    x$fpl$fretinf                            0x08008316   Section       10  fretinf.o(x$fpl$fretinf)
    .constdata                               0x08008320   Section     6080  lcd.o(.constdata)
    x$fpl$usenofp                            0x08008320   Section        0  usenofp.o(x$fpl$usenofp)
    .constdata                               0x08009ae0   Section       40  _printf_hex_int.o(.constdata)
    uc_hextab                                0x08009ae0   Data          20  _printf_hex_int.o(.constdata)
    lc_hextab                                0x08009af4   Data          20  _printf_hex_int.o(.constdata)
    .data                                    0x20000000   Section       20  system_stm32f10x.o(.data)
    .data                                    0x20000014   Section        4  lcd.o(.data)
    .data                                    0x20000018   Section       84  ms5611.o(.data)
    .data                                    0x2000006c   Section        4  delay.o(.data)
    fac_us                                   0x2000006c   Data           1  delay.o(.data)
    fac_ms                                   0x2000006e   Data           2  delay.o(.data)
    .data                                    0x20000070   Section        6  usart.o(.data)
    .data                                    0x20000076   Section       20  stm32f10x_rcc.o(.data)
    APBAHBPrescTable                         0x20000076   Data          16  stm32f10x_rcc.o(.data)
    ADCPrescTable                            0x20000086   Data           4  stm32f10x_rcc.o(.data)
    .bss                                     0x2000008c   Section       14  lcd.o(.bss)
    .bss                                     0x2000009c   Section      148  ms5611.o(.bss)
    .bss                                     0x20000130   Section      200  usart.o(.bss)
    .bss                                     0x200001f8   Section       96  libspace.o(.bss)
    HEAP                                     0x20000258   Section      512  startup_stm32f10x_hd.o(HEAP)
    Heap_Mem                                 0x20000258   Data         512  startup_stm32f10x_hd.o(HEAP)
    STACK                                    0x20000458   Section     1024  startup_stm32f10x_hd.o(STACK)
    Stack_Mem                                0x20000458   Data        1024  startup_stm32f10x_hd.o(STACK)
    __initial_sp                             0x20000858   Data           0  startup_stm32f10x_hd.o(STACK)

    Global Symbols

    Symbol Name                              Value     Ov Type        Size  Object(Section)

    BuildAttributes$$THM_ISAv4$P$D$K$B$S$PE$A:L22UL41UL21$X:L11$S22US41US21$IEEE1$IW$USESV6$~STKCKD$USESV7$~SHL$OSPACE$ROPI$EBA8$UX$STANDARDLIB$REQ8$PRES8$EABIv2 0x00000000   Number         0  anon$$obj.o ABSOLUTE
    __ARM_use_no_argv                        0x00000000   Number         0  main.o ABSOLUTE
    _printf_flags                            0x00000000   Number         0  printf_stubs.o ABSOLUTE
    _printf_return_value                     0x00000000   Number         0  printf_stubs.o ABSOLUTE
    _printf_sizespec                         0x00000000   Number         0  printf_stubs.o ABSOLUTE
    _printf_widthprec                        0x00000000   Number         0  printf_stubs.o ABSOLUTE
    __ARM_exceptions_init                     - Undefined Weak Reference
    __alloca_initialize                       - Undefined Weak Reference
    __arm_preinit_                            - Undefined Weak Reference
    __cpp_initialize__aeabi_                  - Undefined Weak Reference
    __cxa_finalize                            - Undefined Weak Reference
    __rt_locale                               - Undefined Weak Reference
    __sigvec_lookup                           - Undefined Weak Reference
    _atexit_init                              - Undefined Weak Reference
    _call_atexit_fns                          - Undefined Weak Reference
    _clock_init                               - Undefined Weak Reference
    _fp_trap_init                             - Undefined Weak Reference
    _fp_trap_shutdown                         - Undefined Weak Reference
    _get_lc_collate                           - Undefined Weak Reference
    _get_lc_ctype                             - Undefined Weak Reference
    _get_lc_monetary                          - Undefined Weak Reference
    _get_lc_numeric                           - Undefined Weak Reference
    _get_lc_time                              - Undefined Weak Reference
    _getenv_init                              - Undefined Weak Reference
    _handle_redirection                       - Undefined Weak Reference
    _init_alloc                               - Undefined Weak Reference
    _init_user_alloc                          - Undefined Weak Reference
    _initio                                   - Undefined Weak Reference
    _mutex_acquire                            - Undefined Weak Reference
    _mutex_release                            - Undefined Weak Reference
    _printf_post_padding                      - Undefined Weak Reference
    _printf_pre_padding                       - Undefined Weak Reference
    _printf_truncate_signed                   - Undefined Weak Reference
    _printf_truncate_unsigned                 - Undefined Weak Reference
    _rand_init                                - Undefined Weak Reference
    _signal_finish                            - Undefined Weak Reference
    _signal_init                              - Undefined Weak Reference
    _terminate_alloc                          - Undefined Weak Reference
    _terminate_user_alloc                     - Undefined Weak Reference
    _terminateio                              - Undefined Weak Reference
    __Vectors_Size                           0x00000130   Number         0  startup_stm32f10x_hd.o ABSOLUTE
    __Vectors                                0x08000000   Data           4  startup_stm32f10x_hd.o(RESET)
    __Vectors_End                            0x08000130   Data           0  startup_stm32f10x_hd.o(RESET)
    __main                                   0x08000131   Thumb Code     8  __main.o(!!!main)
    __scatterload                            0x08000139   Thumb Code     0  __scatter.o(!!!scatter)
    __scatterload_rt2                        0x08000139   Thumb Code    44  __scatter.o(!!!scatter)
    __scatterload_rt2_thumb_only             0x08000139   Thumb Code     0  __scatter.o(!!!scatter)
    __scatterload_null                       0x08000147   Thumb Code     0  __scatter.o(!!!scatter)
    __scatterload_copy                       0x0800016d   Thumb Code    26  __scatter_copy.o(!!handler_copy)
    __scatterload_zeroinit                   0x08000189   Thumb Code    28  __scatter_zi.o(!!handler_zi)
    _printf_ll                               0x080001a5   Thumb Code     0  _printf_ll.o(.ARM.Collect$$_printf_percent$$00000007)
    _printf_percent                          0x080001a5   Thumb Code     0  _printf_percent.o(.ARM.Collect$$_printf_percent$$00000000)
    _printf_d                                0x080001af   Thumb Code     0  _printf_d.o(.ARM.Collect$$_printf_percent$$00000009)
    _printf_u                                0x080001b5   Thumb Code     0  _printf_u.o(.ARM.Collect$$_printf_percent$$0000000A)
    _printf_x                                0x080001bb   Thumb Code     0  _printf_x.o(.ARM.Collect$$_printf_percent$$0000000C)
    _printf_llu                              0x080001c1   Thumb Code     0  _printf_llu.o(.ARM.Collect$$_printf_percent$$0000000F)
    _printf_percent_end                      0x080001c7   Thumb Code     0  _printf_percent_end.o(.ARM.Collect$$_printf_percent$$00000017)
    __rt_lib_init                            0x080001cb   Thumb Code     0  libinit.o(.ARM.Collect$$libinit$$00000000)
    __rt_lib_init_alloca_1                   0x080001cd   Thumb Code     0  libinit2.o(.ARM.Collect$$libinit$$0000002E)
    __rt_lib_init_argv_1                     0x080001cd   Thumb Code     0  libinit2.o(.ARM.Collect$$libinit$$0000002C)
    __rt_lib_init_atexit_1                   0x080001cd   Thumb Code     0  libinit2.o(.ARM.Collect$$libinit$$0000001B)
    __rt_lib_init_clock_1                    0x080001cd   Thumb Code     0  libinit2.o(.ARM.Collect$$libinit$$00000021)
    __rt_lib_init_cpp_1                      0x080001cd   Thumb Code     0  libinit2.o(.ARM.Collect$$libinit$$00000032)
    __rt_lib_init_exceptions_1               0x080001cd   Thumb Code     0  libinit2.o(.ARM.Collect$$libinit$$00000030)
    __rt_lib_init_fp_1                       0x080001cd   Thumb Code     0  libinit2.o(.ARM.Collect$$libinit$$00000002)
    __rt_lib_init_fp_trap_1                  0x080001cd   Thumb Code     0  libinit2.o(.ARM.Collect$$libinit$$0000001F)
    __rt_lib_init_getenv_1                   0x080001cd   Thumb Code     0  libinit2.o(.ARM.Collect$$libinit$$00000023)
    __rt_lib_init_heap_1                     0x080001cd   Thumb Code     0  libinit2.o(.ARM.Collect$$libinit$$0000000A)
    __rt_lib_init_lc_collate_1               0x080001cd   Thumb Code     0  libinit2.o(.ARM.Collect$$libinit$$00000011)
    __rt_lib_init_lc_ctype_1                 0x080001cd   Thumb Code     0  libinit2.o(.ARM.Collect$$libinit$$00000013)
    __rt_lib_init_lc_monetary_1              0x080001cd   Thumb Code     0  libinit2.o(.ARM.Collect$$libinit$$00000015)
    __rt_lib_init_lc_numeric_1               0x080001cd   Thumb Code     0  libinit2.o(.ARM.Collect$$libinit$$00000017)
    __rt_lib_init_lc_time_1                  0x080001cd   Thumb Code     0  libinit2.o(.ARM.Collect$$libinit$$00000019)
    __rt_lib_init_preinit_1                  0x080001cd   Thumb Code     0  libinit2.o(.ARM.Collect$$libinit$$00000004)
    __rt_lib_init_rand_1                     0x080001cd   Thumb Code     0  libinit2.o(.ARM.Collect$$libinit$$0000000E)
    __rt_lib_init_return                     0x080001cd   Thumb Code     0  libinit2.o(.ARM.Collect$$libinit$$00000033)
    __rt_lib_init_signal_1                   0x080001cd   Thumb Code     0  libinit2.o(.ARM.Collect$$libinit$$0000001D)
    __rt_lib_init_stdio_1                    0x080001cd   Thumb Code     0  libinit2.o(.ARM.Collect$$libinit$$00000025)
    __rt_lib_init_user_alloc_1               0x080001cd   Thumb Code     0  libinit2.o(.ARM.Collect$$libinit$$0000000C)
    __rt_lib_shutdown                        0x080001cf   Thumb Code     0  libshutdown.o(.ARM.Collect$$libshutdown$$00000000)
    __rt_lib_shutdown_fp_trap_1              0x080001d1   Thumb Code     0  libshutdown2.o(.ARM.Collect$$libshutdown$$00000006)
    __rt_lib_shutdown_heap_1                 0x080001d1   Thumb Code     0  libshutdown2.o(.ARM.Collect$$libshutdown$$0000000E)
    __rt_lib_shutdown_return                 0x080001d1   Thumb Code     0  libshutdown2.o(.ARM.Collect$$libshutdown$$0000000F)
    __rt_lib_shutdown_signal_1               0x080001d1   Thumb Code     0  libshutdown2.o(.ARM.Collect$$libshutdown$$00000009)
    __rt_lib_shutdown_stdio_1                0x080001d1   Thumb Code     0  libshutdown2.o(.ARM.Collect$$libshutdown$$00000003)
    __rt_lib_shutdown_user_alloc_1           0x080001d1   Thumb Code     0  libshutdown2.o(.ARM.Collect$$libshutdown$$0000000B)
    __rt_entry                               0x080001d3   Thumb Code     0  __rtentry.o(.ARM.Collect$$rtentry$$00000000)
    __rt_entry_presh_1                       0x080001d3   Thumb Code     0  __rtentry2.o(.ARM.Collect$$rtentry$$00000002)
    __rt_entry_sh                            0x080001d3   Thumb Code     0  __rtentry4.o(.ARM.Collect$$rtentry$$00000004)
    __rt_entry_li                            0x080001d9   Thumb Code     0  __rtentry2.o(.ARM.Collect$$rtentry$$0000000A)
    __rt_entry_postsh_1                      0x080001d9   Thumb Code     0  __rtentry2.o(.ARM.Collect$$rtentry$$00000009)
    __rt_entry_main                          0x080001dd   Thumb Code     0  __rtentry2.o(.ARM.Collect$$rtentry$$0000000D)
    __rt_entry_postli_1                      0x080001dd   Thumb Code     0  __rtentry2.o(.ARM.Collect$$rtentry$$0000000C)
    __rt_exit                                0x080001e5   Thumb Code     0  rtexit.o(.ARM.Collect$$rtexit$$00000000)
    __rt_exit_ls                             0x080001e7   Thumb Code     0  rtexit2.o(.ARM.Collect$$rtexit$$00000003)
    __rt_exit_prels_1                        0x080001e7   Thumb Code     0  rtexit2.o(.ARM.Collect$$rtexit$$00000002)
    __rt_exit_exit                           0x080001eb   Thumb Code     0  rtexit2.o(.ARM.Collect$$rtexit$$00000004)
    main                                     0x080001f1   Thumb Code    78  main.o(.text)
    NMI_Handler                              0x0800023f   Thumb Code     2  stm32f10x_it.o(.text)
    HardFault_Handler                        0x08000241   Thumb Code     4  stm32f10x_it.o(.text)
    MemManage_Handler                        0x08000245   Thumb Code     4  stm32f10x_it.o(.text)
    BusFault_Handler                         0x08000249   Thumb Code     4  stm32f10x_it.o(.text)
    UsageFault_Handler                       0x0800024d   Thumb Code     4  stm32f10x_it.o(.text)
    SVC_Handler                              0x08000251   Thumb Code     2  stm32f10x_it.o(.text)
    DebugMon_Handler                         0x08000253   Thumb Code     2  stm32f10x_it.o(.text)
    PendSV_Handler                           0x08000255   Thumb Code     2  stm32f10x_it.o(.text)
    SysTick_Handler                          0x08000257   Thumb Code     2  stm32f10x_it.o(.text)
    SystemInit                               0x08000313   Thumb Code    82  system_stm32f10x.o(.text)
    SystemCoreClockUpdate                    0x08000365   Thumb Code   138  system_stm32f10x.o(.text)
    LED_Init                                 0x08000411   Thumb Code    72  led.o(.text)
    LCD_WR_REG                               0x08000461   Thumb Code    28  lcd.o(.text)
    LCD_WR_DATAX                             0x0800047d   Thumb Code    28  lcd.o(.text)
    LCD_RD_DATA                              0x08000499   Thumb Code    98  lcd.o(.text)
    LCD_WriteReg                             0x080004fb   Thumb Code    40  lcd.o(.text)
    LCD_ReadReg                              0x08000523   Thumb Code    16  lcd.o(.text)
    LCD_WriteRAM_Prepare                     0x08000533   Thumb Code    12  lcd.o(.text)
    LCD_WriteRAM                             0x0800053f   Thumb Code    28  lcd.o(.text)
    LCD_BGR2RGB                              0x0800055b   Thumb Code    26  lcd.o(.text)
    opt_delay                                0x08000575   Thumb Code    14  lcd.o(.text)
    LCD_SetCursor                            0x08000583   Thumb Code   956  lcd.o(.text)
    LCD_ReadPoint                            0x0800093f   Thumb Code   506  lcd.o(.text)
    LCD_DisplayOn                            0x08000b39   Thumb Code    92  lcd.o(.text)
    LCD_DisplayOff                           0x08000b95   Thumb Code    90  lcd.o(.text)
    LCD_Scan_Dir                             0x08000bef   Thumb Code  1126  lcd.o(.text)
    LCD_DrawPoint                            0x08001055   Thumb Code    52  lcd.o(.text)
    LCD_Fast_DrawPoint                       0x08001089   Thumb Code   854  lcd.o(.text)
    LCD_SSD_BackLightSet                     0x080013df   Thumb Code   220  lcd.o(.text)
    LCD_Display_Dir                          0x080014bb   Thumb Code   444  lcd.o(.text)
    LCD_Set_Window                           0x08001677   Thumb Code  1078  lcd.o(.text)
    LCD_Clear                                0x08001aad   Thumb Code   122  lcd.o(.text)
    LCD_Init                                 0x08001b27   Thumb Code 15298  lcd.o(.text)
    LCD_Fill                                 0x080056e9   Thumb Code   200  lcd.o(.text)
    LCD_Color_Fill                           0x080057b1   Thumb Code   116  lcd.o(.text)
    LCD_DrawLine                             0x08005825   Thumb Code   176  lcd.o(.text)
    LCD_DrawRectangle                        0x080058d5   Thumb Code    60  lcd.o(.text)
    LCD_Draw_Circle                          0x08005911   Thumb Code   152  lcd.o(.text)
    LCD_ShowChar                             0x080059a9   Thumb Code   272  lcd.o(.text)
    LCD_Pow                                  0x08005ab9   Thumb Code    22  lcd.o(.text)
    LCD_ShowNum                              0x08005acf   Thumb Code   180  lcd.o(.text)
    LCD_ShowxNum                             0x08005b83   Thumb Code   190  lcd.o(.text)
    LCD_ShowString                           0x08005c41   Thumb Code   102  lcd.o(.text)
    LCD_Show                                 0x08005ca7   Thumb Code   116  lcd.o(.text)
    LCD_MS5611_DataShow                      0x08005d1b   Thumb Code   338  lcd.o(.text)
    IIC_Init                                 0x08005ecd   Thumb Code    50  myiic.o(.text)
    IIC_Start                                0x08005eff   Thumb Code    72  myiic.o(.text)
    IIC_Stop                                 0x08005f47   Thumb Code    66  myiic.o(.text)
    IIC_Wait_Ack                             0x08005f89   Thumb Code    90  myiic.o(.text)
    IIC_Ack                                  0x08005fe3   Thumb Code    70  myiic.o(.text)
    IIC_NAck                                 0x08006029   Thumb Code    70  myiic.o(.text)
    IIC_Send_Byte                            0x0800606f   Thumb Code    94  myiic.o(.text)
    IIC_Read_Byte                            0x080060cd   Thumb Code   102  myiic.o(.text)
    MS561101BA_RESET                         0x08006141   Thumb Code    32  ms5611.o(.text)
    MS5611_init                              0x08006161   Thumb Code   134  ms5611.o(.text)
    MS561101BA_getConversion                 0x080061e7   Thumb Code   140  ms5611.o(.text)
    MS561101BA_GetTemperature                0x08006273   Thumb Code    88  ms5611.o(.text)
    MS561101BA_getPressure                   0x080062cb   Thumb Code   390  ms5611.o(.text)
    delay_init                               0x08006491   Thumb Code    50  delay.o(.text)
    delay_us                                 0x080064c3   Thumb Code    72  delay.o(.text)
    delay_ms                                 0x0800650b   Thumb Code    72  delay.o(.text)
    _sys_exit                                0x08006565   Thumb Code     6  usart.o(.text)
    fputc                                    0x0800656b   Thumb Code    24  usart.o(.text)
    uart_init                                0x08006583   Thumb Code   152  usart.o(.text)
    USART1_IRQHandler                        0x0800661b   Thumb Code   122  usart.o(.text)
    Reset_Handler                            0x080066a5   Thumb Code     8  startup_stm32f10x_hd.o(.text)
    ADC1_2_IRQHandler                        0x080066bf   Thumb Code     0  startup_stm32f10x_hd.o(.text)
    ADC3_IRQHandler                          0x080066bf   Thumb Code     0  startup_stm32f10x_hd.o(.text)
    CAN1_RX1_IRQHandler                      0x080066bf   Thumb Code     0  startup_stm32f10x_hd.o(.text)
    CAN1_SCE_IRQHandler                      0x080066bf   Thumb Code     0  startup_stm32f10x_hd.o(.text)
    DMA1_Channel1_IRQHandler                 0x080066bf   Thumb Code     0  startup_stm32f10x_hd.o(.text)
    DMA1_Channel2_IRQHandler                 0x080066bf   Thumb Code     0  startup_stm32f10x_hd.o(.text)
    DMA1_Channel3_IRQHandler                 0x080066bf   Thumb Code     0  startup_stm32f10x_hd.o(.text)
    DMA1_Channel4_IRQHandler                 0x080066bf   Thumb Code     0  startup_stm32f10x_hd.o(.text)
    DMA1_Channel5_IRQHandler                 0x080066bf   Thumb Code     0  startup_stm32f10x_hd.o(.text)
    DMA1_Channel6_IRQHandler                 0x080066bf   Thumb Code     0  startup_stm32f10x_hd.o(.text)
    DMA1_Channel7_IRQHandler                 0x080066bf   Thumb Code     0  startup_stm32f10x_hd.o(.text)
    DMA2_Channel1_IRQHandler                 0x080066bf   Thumb Code     0  startup_stm32f10x_hd.o(.text)
    DMA2_Channel2_IRQHandler                 0x080066bf   Thumb Code     0  startup_stm32f10x_hd.o(.text)
    DMA2_Channel3_IRQHandler                 0x080066bf   Thumb Code     0  startup_stm32f10x_hd.o(.text)
    DMA2_Channel4_5_IRQHandler               0x080066bf   Thumb Code     0  startup_stm32f10x_hd.o(.text)
    EXTI0_IRQHandler                         0x080066bf   Thumb Code     0  startup_stm32f10x_hd.o(.text)
    EXTI15_10_IRQHandler                     0x080066bf   Thumb Code     0  startup_stm32f10x_hd.o(.text)
    EXTI1_IRQHandler                         0x080066bf   Thumb Code     0  startup_stm32f10x_hd.o(.text)
    EXTI2_IRQHandler                         0x080066bf   Thumb Code     0  startup_stm32f10x_hd.o(.text)
    EXTI3_IRQHandler                         0x080066bf   Thumb Code     0  startup_stm32f10x_hd.o(.text)
    EXTI4_IRQHandler                         0x080066bf   Thumb Code     0  startup_stm32f10x_hd.o(.text)
    EXTI9_5_IRQHandler                       0x080066bf   Thumb Code     0  startup_stm32f10x_hd.o(.text)
    FLASH_IRQHandler                         0x080066bf   Thumb Code     0  startup_stm32f10x_hd.o(.text)
    FSMC_IRQHandler                          0x080066bf   Thumb Code     0  startup_stm32f10x_hd.o(.text)
    I2C1_ER_IRQHandler                       0x080066bf   Thumb Code     0  startup_stm32f10x_hd.o(.text)
    I2C1_EV_IRQHandler                       0x080066bf   Thumb Code     0  startup_stm32f10x_hd.o(.text)
    I2C2_ER_IRQHandler                       0x080066bf   Thumb Code     0  startup_stm32f10x_hd.o(.text)
    I2C2_EV_IRQHandler                       0x080066bf   Thumb Code     0  startup_stm32f10x_hd.o(.text)
    PVD_IRQHandler                           0x080066bf   Thumb Code     0  startup_stm32f10x_hd.o(.text)
    RCC_IRQHandler                           0x080066bf   Thumb Code     0  startup_stm32f10x_hd.o(.text)
    RTCAlarm_IRQHandler                      0x080066bf   Thumb Code     0  startup_stm32f10x_hd.o(.text)
    RTC_IRQHandler                           0x080066bf   Thumb Code     0  startup_stm32f10x_hd.o(.text)
    SDIO_IRQHandler                          0x080066bf   Thumb Code     0  startup_stm32f10x_hd.o(.text)
    SPI1_IRQHandler                          0x080066bf   Thumb Code     0  startup_stm32f10x_hd.o(.text)
    SPI2_IRQHandler                          0x080066bf   Thumb Code     0  startup_stm32f10x_hd.o(.text)
    SPI3_IRQHandler                          0x080066bf   Thumb Code     0  startup_stm32f10x_hd.o(.text)
    TAMPER_IRQHandler                        0x080066bf   Thumb Code     0  startup_stm32f10x_hd.o(.text)
    TIM1_BRK_IRQHandler                      0x080066bf   Thumb Code     0  startup_stm32f10x_hd.o(.text)
    TIM1_CC_IRQHandler                       0x080066bf   Thumb Code     0  startup_stm32f10x_hd.o(.text)
    TIM1_TRG_COM_IRQHandler                  0x080066bf   Thumb Code     0  startup_stm32f10x_hd.o(.text)
    TIM1_UP_IRQHandler                       0x080066bf   Thumb Code     0  startup_stm32f10x_hd.o(.text)
    TIM2_IRQHandler                          0x080066bf   Thumb Code     0  startup_stm32f10x_hd.o(.text)
    TIM3_IRQHandler                          0x080066bf   Thumb Code     0  startup_stm32f10x_hd.o(.text)
    TIM4_IRQHandler                          0x080066bf   Thumb Code     0  startup_stm32f10x_hd.o(.text)
    TIM5_IRQHandler                          0x080066bf   Thumb Code     0  startup_stm32f10x_hd.o(.text)
    TIM6_IRQHandler                          0x080066bf   Thumb Code     0  startup_stm32f10x_hd.o(.text)
    TIM7_IRQHandler                          0x080066bf   Thumb Code     0  startup_stm32f10x_hd.o(.text)
    TIM8_BRK_IRQHandler                      0x080066bf   Thumb Code     0  startup_stm32f10x_hd.o(.text)
    TIM8_CC_IRQHandler                       0x080066bf   Thumb Code     0  startup_stm32f10x_hd.o(.text)
    TIM8_TRG_COM_IRQHandler                  0x080066bf   Thumb Code     0  startup_stm32f10x_hd.o(.text)
    TIM8_UP_IRQHandler                       0x080066bf   Thumb Code     0  startup_stm32f10x_hd.o(.text)
    UART4_IRQHandler                         0x080066bf   Thumb Code     0  startup_stm32f10x_hd.o(.text)
    UART5_IRQHandler                         0x080066bf   Thumb Code     0  startup_stm32f10x_hd.o(.text)
    USART2_IRQHandler                        0x080066bf   Thumb Code     0  startup_stm32f10x_hd.o(.text)
    USART3_IRQHandler                        0x080066bf   Thumb Code     0  startup_stm32f10x_hd.o(.text)
    USBWakeUp_IRQHandler                     0x080066bf   Thumb Code     0  startup_stm32f10x_hd.o(.text)
    USB_HP_CAN1_TX_IRQHandler                0x080066bf   Thumb Code     0  startup_stm32f10x_hd.o(.text)
    USB_LP_CAN1_RX0_IRQHandler               0x080066bf   Thumb Code     0  startup_stm32f10x_hd.o(.text)
    WWDG_IRQHandler                          0x080066bf   Thumb Code     0  startup_stm32f10x_hd.o(.text)
    __user_initial_stackheap                 0x080066c1   Thumb Code     0  startup_stm32f10x_hd.o(.text)
    GPIO_DeInit                              0x080066e5   Thumb Code   172  stm32f10x_gpio.o(.text)
    GPIO_AFIODeInit                          0x08006791   Thumb Code    20  stm32f10x_gpio.o(.text)
    GPIO_Init                                0x080067a5   Thumb Code   278  stm32f10x_gpio.o(.text)
    GPIO_StructInit                          0x080068bb   Thumb Code    16  stm32f10x_gpio.o(.text)
    GPIO_ReadInputDataBit                    0x080068cb   Thumb Code    18  stm32f10x_gpio.o(.text)
    GPIO_ReadInputData                       0x080068dd   Thumb Code     8  stm32f10x_gpio.o(.text)
    GPIO_ReadOutputDataBit                   0x080068e5   Thumb Code    18  stm32f10x_gpio.o(.text)
    GPIO_ReadOutputData                      0x080068f7   Thumb Code     8  stm32f10x_gpio.o(.text)
    GPIO_SetBits                             0x080068ff   Thumb Code     4  stm32f10x_gpio.o(.text)
    GPIO_ResetBits                           0x08006903   Thumb Code     4  stm32f10x_gpio.o(.text)
    GPIO_WriteBit                            0x08006907   Thumb Code    10  stm32f10x_gpio.o(.text)
    GPIO_Write                               0x08006911   Thumb Code     4  stm32f10x_gpio.o(.text)
    GPIO_PinLockConfig                       0x08006915   Thumb Code    18  stm32f10x_gpio.o(.text)
    GPIO_EventOutputConfig                   0x08006927   Thumb Code    26  stm32f10x_gpio.o(.text)
    GPIO_EventOutputCmd                      0x08006941   Thumb Code     6  stm32f10x_gpio.o(.text)
    GPIO_PinRemapConfig                      0x08006947   Thumb Code   138  stm32f10x_gpio.o(.text)
    GPIO_EXTILineConfig                      0x080069d1   Thumb Code    66  stm32f10x_gpio.o(.text)
    GPIO_ETH_MediaInterfaceConfig            0x08006a13   Thumb Code     8  stm32f10x_gpio.o(.text)
    RCC_DeInit                               0x08006a41   Thumb Code    68  stm32f10x_rcc.o(.text)
    RCC_HSEConfig                            0x08006a85   Thumb Code    70  stm32f10x_rcc.o(.text)
    RCC_GetFlagStatus                        0x08006acb   Thumb Code    56  stm32f10x_rcc.o(.text)
    RCC_WaitForHSEStartUp                    0x08006b03   Thumb Code    56  stm32f10x_rcc.o(.text)
    RCC_AdjustHSICalibrationValue            0x08006b3b   Thumb Code    20  stm32f10x_rcc.o(.text)
    RCC_HSICmd                               0x08006b4f   Thumb Code     6  stm32f10x_rcc.o(.text)
    RCC_PLLConfig                            0x08006b55   Thumb Code    24  stm32f10x_rcc.o(.text)
    RCC_PLLCmd                               0x08006b6d   Thumb Code     6  stm32f10x_rcc.o(.text)
    RCC_PREDIV1Config                        0x08006b73   Thumb Code    24  stm32f10x_rcc.o(.text)
    RCC_SYSCLKConfig                         0x08006b8b   Thumb Code    18  stm32f10x_rcc.o(.text)
    RCC_GetSYSCLKSource                      0x08006b9d   Thumb Code    10  stm32f10x_rcc.o(.text)
    RCC_HCLKConfig                           0x08006ba7   Thumb Code    18  stm32f10x_rcc.o(.text)
    RCC_PCLK1Config                          0x08006bb9   Thumb Code    18  stm32f10x_rcc.o(.text)
    RCC_PCLK2Config                          0x08006bcb   Thumb Code    20  stm32f10x_rcc.o(.text)
    RCC_ITConfig                             0x08006bdf   Thumb Code    26  stm32f10x_rcc.o(.text)
    RCC_USBCLKConfig                         0x08006bf9   Thumb Code     8  stm32f10x_rcc.o(.text)
    RCC_ADCCLKConfig                         0x08006c01   Thumb Code    18  stm32f10x_rcc.o(.text)
    RCC_LSEConfig                            0x08006c13   Thumb Code    50  stm32f10x_rcc.o(.text)
    RCC_LSICmd                               0x08006c45   Thumb Code     6  stm32f10x_rcc.o(.text)
    RCC_RTCCLKConfig                         0x08006c4b   Thumb Code    12  stm32f10x_rcc.o(.text)
    RCC_RTCCLKCmd                            0x08006c57   Thumb Code     8  stm32f10x_rcc.o(.text)
    RCC_GetClocksFreq                        0x08006c5f   Thumb Code   190  stm32f10x_rcc.o(.text)
    RCC_AHBPeriphClockCmd                    0x08006d1d   Thumb Code    26  stm32f10x_rcc.o(.text)
    RCC_APB2PeriphClockCmd                   0x08006d37   Thumb Code    26  stm32f10x_rcc.o(.text)
    RCC_APB1PeriphClockCmd                   0x08006d51   Thumb Code    26  stm32f10x_rcc.o(.text)
    RCC_APB2PeriphResetCmd                   0x08006d6b   Thumb Code    26  stm32f10x_rcc.o(.text)
    RCC_APB1PeriphResetCmd                   0x08006d85   Thumb Code    26  stm32f10x_rcc.o(.text)
    RCC_BackupResetCmd                       0x08006d9f   Thumb Code     8  stm32f10x_rcc.o(.text)
    RCC_ClockSecuritySystemCmd               0x08006da7   Thumb Code     6  stm32f10x_rcc.o(.text)
    RCC_MCOConfig                            0x08006dad   Thumb Code     6  stm32f10x_rcc.o(.text)
    RCC_ClearFlag                            0x08006db3   Thumb Code    14  stm32f10x_rcc.o(.text)
    RCC_GetITStatus                          0x08006dc1   Thumb Code    20  stm32f10x_rcc.o(.text)
    RCC_ClearITPendingBit                    0x08006dd5   Thumb Code     6  stm32f10x_rcc.o(.text)
    USART_DeInit                             0x08006e05   Thumb Code   134  stm32f10x_usart.o(.text)
    USART_Init                               0x08006e8b   Thumb Code   210  stm32f10x_usart.o(.text)
    USART_StructInit                         0x08006f5d   Thumb Code    24  stm32f10x_usart.o(.text)
    USART_ClockInit                          0x08006f75   Thumb Code    34  stm32f10x_usart.o(.text)
    USART_ClockStructInit                    0x08006f97   Thumb Code    12  stm32f10x_usart.o(.text)
    USART_Cmd                                0x08006fa3   Thumb Code    24  stm32f10x_usart.o(.text)
    USART_ITConfig                           0x08006fbb   Thumb Code    74  stm32f10x_usart.o(.text)
    USART_DMACmd                             0x08007005   Thumb Code    18  stm32f10x_usart.o(.text)
    USART_SetAddress                         0x08007017   Thumb Code    18  stm32f10x_usart.o(.text)
    USART_WakeUpConfig                       0x08007029   Thumb Code    18  stm32f10x_usart.o(.text)
    USART_ReceiverWakeUpCmd                  0x0800703b   Thumb Code    24  stm32f10x_usart.o(.text)
    USART_LINBreakDetectLengthConfig         0x08007053   Thumb Code    18  stm32f10x_usart.o(.text)
    USART_LINCmd                             0x08007065   Thumb Code    24  stm32f10x_usart.o(.text)
    USART_SendData                           0x0800707d   Thumb Code     8  stm32f10x_usart.o(.text)
    USART_ReceiveData                        0x08007085   Thumb Code    10  stm32f10x_usart.o(.text)
    USART_SendBreak                          0x0800708f   Thumb Code    10  stm32f10x_usart.o(.text)
    USART_SetGuardTime                       0x08007099   Thumb Code    16  stm32f10x_usart.o(.text)
    USART_SetPrescaler                       0x080070a9   Thumb Code    16  stm32f10x_usart.o(.text)
    USART_SmartCardCmd                       0x080070b9   Thumb Code    24  stm32f10x_usart.o(.text)
    USART_SmartCardNACKCmd                   0x080070d1   Thumb Code    24  stm32f10x_usart.o(.text)
    USART_HalfDuplexCmd                      0x080070e9   Thumb Code    24  stm32f10x_usart.o(.text)
    USART_OverSampling8Cmd                   0x08007101   Thumb Code    22  stm32f10x_usart.o(.text)
    USART_OneBitMethodCmd                    0x08007117   Thumb Code    24  stm32f10x_usart.o(.text)
    USART_IrDAConfig                         0x0800712f   Thumb Code    18  stm32f10x_usart.o(.text)
    USART_IrDACmd                            0x08007141   Thumb Code    24  stm32f10x_usart.o(.text)
    USART_GetFlagStatus                      0x08007159   Thumb Code    26  stm32f10x_usart.o(.text)
    USART_ClearFlag                          0x08007173   Thumb Code    18  stm32f10x_usart.o(.text)
    USART_GetITStatus                        0x08007185   Thumb Code    84  stm32f10x_usart.o(.text)
    USART_ClearITPendingBit                  0x080071d9   Thumb Code    52  stm32f10x_usart.o(.text)
    NVIC_PriorityGroupConfig                 0x0800720d   Thumb Code    10  misc.o(.text)
    NVIC_Init                                0x08007217   Thumb Code   100  misc.o(.text)
    NVIC_SetVectorTable                      0x0800727b   Thumb Code    14  misc.o(.text)
    NVIC_SystemLPConfig                      0x08007289   Thumb Code    34  misc.o(.text)
    SysTick_CLKSourceConfig                  0x080072ab   Thumb Code    40  misc.o(.text)
    __use_no_semihosting                     0x080072e9   Thumb Code     2  use_no_semi_2.o(.text)
    __aeabi_uldivmod                         0x080072eb   Thumb Code     0  lludivv7m.o(.text)
    _ll_udiv                                 0x080072eb   Thumb Code   238  lludivv7m.o(.text)
    __2printf                                0x080073d9   Thumb Code    20  noretval__2printf.o(.text)
    _printf_int_dec                          0x080073f1   Thumb Code   104  _printf_dec.o(.text)
    _printf_longlong_dec                     0x08007469   Thumb Code   108  _printf_longlong_dec.o(.text)
    _printf_int_hex                          0x080074e5   Thumb Code    84  _printf_hex_int.o(.text)
    _printf_longlong_hex                     0x080074e5   Thumb Code     0  _printf_hex_int.o(.text)
    __printf                                 0x0800753d   Thumb Code   184  __printf_ss.o(.text)
    __use_two_region_memory                  0x080075f5   Thumb Code     2  heapauxi.o(.text)
    __rt_heap_escrow$2region                 0x080075f7   Thumb Code     2  heapauxi.o(.text)
    __rt_heap_expand$2region                 0x080075f9   Thumb Code     2  heapauxi.o(.text)
    __I$use$semihosting                      0x080075fb   Thumb Code     0  use_no_semi.o(.text)
    __use_no_semihosting_swi                 0x080075fb   Thumb Code     2  use_no_semi.o(.text)
    _ll_udiv10                               0x080075fd   Thumb Code   138  lludiv10.o(.text)
    _printf_int_common                       0x08007687   Thumb Code   178  _printf_intcommon.o(.text)
    _printf_char_file                        0x08007739   Thumb Code    32  _printf_char_file.o(.text)
    _printf_char_common                      0x08007767   Thumb Code    32  _printf_char_common.o(.text)
    ferror                                   0x0800778d   Thumb Code     8  ferror.o(.text)
    __user_setup_stackheap                   0x08007795   Thumb Code    74  sys_stackheap_outer.o(.text)
    exit                                     0x080077df   Thumb Code    12  exit.o(.text)
    __user_libspace                          0x080077ed   Thumb Code     8  libspace.o(.text)
    __user_perproc_libspace                  0x080077ed   Thumb Code     0  libspace.o(.text)
    __user_perthread_libspace                0x080077ed   Thumb Code     0  libspace.o(.text)
    __aeabi_dadd                             0x080077f5   Thumb Code     0  daddsub_clz.o(x$fpl$dadd)
    _dadd                                    0x080077f5   Thumb Code   332  daddsub_clz.o(x$fpl$dadd)
    __aeabi_ddiv                             0x08007945   Thumb Code     0  ddiv.o(x$fpl$ddiv)
    _ddiv                                    0x08007945   Thumb Code   552  ddiv.o(x$fpl$ddiv)
    __aeabi_d2uiz                            0x08007bf5   Thumb Code     0  dfixu.o(x$fpl$dfixu)
    _dfixu                                   0x08007bf5   Thumb Code    90  dfixu.o(x$fpl$dfixu)
    __aeabi_ui2d                             0x08007c4f   Thumb Code     0  dflt_clz.o(x$fpl$dfltu)
    _dfltu                                   0x08007c4f   Thumb Code    38  dflt_clz.o(x$fpl$dfltu)
    __aeabi_ul2d                             0x08007c75   Thumb Code     0  dfltll_clz.o(x$fpl$dfltull)
    _ll_uto_d                                0x08007c75   Thumb Code   138  dfltll_clz.o(x$fpl$dfltull)
    __aeabi_dmul                             0x08007d01   Thumb Code     0  dmul.o(x$fpl$dmul)
    _dmul                                    0x08007d01   Thumb Code   332  dmul.o(x$fpl$dmul)
    __fpl_dnaninf                            0x08007e55   Thumb Code   156  dnaninf.o(x$fpl$dnaninf)
    __fpl_dretinf                            0x08007ef1   Thumb Code    12  dretinf.o(x$fpl$dretinf)
    __aeabi_drsub                            0x08007efd   Thumb Code     0  daddsub_clz.o(x$fpl$drsb)
    _drsb                                    0x08007efd   Thumb Code    22  daddsub_clz.o(x$fpl$drsb)
    __aeabi_dsub                             0x08007f15   Thumb Code     0  daddsub_clz.o(x$fpl$dsub)
    _dsub                                    0x08007f15   Thumb Code   464  daddsub_clz.o(x$fpl$dsub)
    __aeabi_f2uiz                            0x080080e9   Thumb Code     0  ffixu.o(x$fpl$ffixu)
    _ffixu                                   0x080080e9   Thumb Code    62  ffixu.o(x$fpl$ffixu)
    __aeabi_ul2f                             0x08008127   Thumb Code     0  ffltll_clz.o(x$fpl$ffltll)
    _ll_uto_f                                0x08008127   Thumb Code     6  ffltll_clz.o(x$fpl$ffltll)
    __aeabi_l2f                              0x0800812d   Thumb Code     0  ffltll_clz.o(x$fpl$ffltll)
    _ll_sto_f                                0x0800812d   Thumb Code    90  ffltll_clz.o(x$fpl$ffltll)
    __aeabi_fmul                             0x08008189   Thumb Code     0  fmul.o(x$fpl$fmul)
    _fmul                                    0x08008189   Thumb Code   258  fmul.o(x$fpl$fmul)
    __fpl_fnaninf                            0x0800828b   Thumb Code   140  fnaninf.o(x$fpl$fnaninf)
    __fpl_fretinf                            0x08008317   Thumb Code    10  fretinf.o(x$fpl$fretinf)
    __I$use$fp                               0x08008320   Number         0  usenofp.o(x$fpl$usenofp)
    asc2_1206                                0x08008320   Data        1140  lcd.o(.constdata)
    asc2_1608                                0x08008794   Data        1520  lcd.o(.constdata)
    asc2_2412                                0x08008d84   Data        3420  lcd.o(.constdata)
    Region$$Table$$Base                      0x08009b08   Number         0  anon$$obj.o(Region$$Table)
    Region$$Table$$Limit                     0x08009b28   Number         0  anon$$obj.o(Region$$Table)
    SystemCoreClock                          0x20000000   Data           4  system_stm32f10x.o(.data)
    AHBPrescTable                            0x20000004   Data          16  system_stm32f10x.o(.data)
    POINT_COLOR                              0x20000014   Data           2  lcd.o(.data)
    BACK_COLOR                               0x20000016   Data           2  lcd.o(.data)
    OFF_                                     0x20000018   Data           8  ms5611.o(.data)
    Aux                                      0x20000020   Data           4  ms5611.o(.data)
    dT                                       0x20000028   Data           8  ms5611.o(.data)
    TEMP                                     0x20000030   Data           8  ms5611.o(.data)
    OFf                                      0x20000038   Data           8  ms5611.o(.data)
    SENS                                     0x20000040   Data           8  ms5611.o(.data)
    D1_Pres                                  0x20000048   Data           4  ms5611.o(.data)
    D2_Temp                                  0x2000004c   Data           4  ms5611.o(.data)
    Pressure                                 0x20000050   Data           4  ms5611.o(.data)
    Pressure_old                             0x20000054   Data           4  ms5611.o(.data)
    qqp                                      0x20000058   Data           4  ms5611.o(.data)
    TEMP2                                    0x2000005c   Data           4  ms5611.o(.data)
    T2                                       0x20000060   Data           4  ms5611.o(.data)
    OFF2                                     0x20000064   Data           4  ms5611.o(.data)
    SENS2                                    0x20000068   Data           4  ms5611.o(.data)
    __stdout                                 0x20000070   Data           4  usart.o(.data)
    USART_RX_STA                             0x20000074   Data           2  usart.o(.data)
    lcddev                                   0x2000008c   Data          14  lcd.o(.bss)
    Cal_C                                    0x2000009c   Data          28  ms5611.o(.bss)
    Pres_BUFFER                              0x200000b8   Data          80  ms5611.o(.bss)
    Temp_BUFFER                              0x20000108   Data          40  ms5611.o(.bss)
    USART_RX_BUF                             0x20000130   Data         200  usart.o(.bss)
    __libspace_start                         0x200001f8   Data          96  libspace.o(.bss)
    __temporary_stack_top$libspace           0x20000258   Data           0  libspace.o(.bss)



==============================================================================

Memory Map of the image

  Image Entry point : 0x08000131

  Load Region LR_IROM1 (Base: 0x08000000, Size: 0x00009bb4, Max: 0x00010000, ABSOLUTE)

    Execution Region ER_IROM1 (Base: 0x08000000, Size: 0x00009b28, Max: 0x00010000, ABSOLUTE)

    Base Addr    Size         Type   Attr      Idx    E Section Name        Object

    0x08000000   0x00000130   Data   RO          351    RESET               startup_stm32f10x_hd.o
    0x08000130   0x00000008   Code   RO          470  * !!!main             c_w.l(__main.o)
    0x08000138   0x00000034   Code   RO          693    !!!scatter          c_w.l(__scatter.o)
    0x0800016c   0x0000001a   Code   RO          695    !!handler_copy      c_w.l(__scatter_copy.o)
    0x08000186   0x00000002   PAD
    0x08000188   0x0000001c   Code   RO          697    !!handler_zi        c_w.l(__scatter_zi.o)
    0x080001a4   0x00000000   Code   RO          466    .ARM.Collect$$_printf_percent$$00000000  c_w.l(_printf_percent.o)
    0x080001a4   0x0000000a   Code   RO          520    .ARM.Collect$$_printf_percent$$00000007  c_w.l(_printf_ll.o)
    0x080001ae   0x00000006   Code   RO          464    .ARM.Collect$$_printf_percent$$00000009  c_w.l(_printf_d.o)
    0x080001b4   0x00000006   Code   RO          465    .ARM.Collect$$_printf_percent$$0000000A  c_w.l(_printf_u.o)
    0x080001ba   0x00000006   Code   RO          463    .ARM.Collect$$_printf_percent$$0000000C  c_w.l(_printf_x.o)
    0x080001c0   0x00000006   Code   RO          467    .ARM.Collect$$_printf_percent$$0000000F  c_w.l(_printf_llu.o)
    0x080001c6   0x00000004   Code   RO          519    .ARM.Collect$$_printf_percent$$00000017  c_w.l(_printf_percent_end.o)
    0x080001ca   0x00000002   Code   RO          568    .ARM.Collect$$libinit$$00000000  c_w.l(libinit.o)
    0x080001cc   0x00000000   Code   RO          581    .ARM.Collect$$libinit$$00000002  c_w.l(libinit2.o)
    0x080001cc   0x00000000   Code   RO          583    .ARM.Collect$$libinit$$00000004  c_w.l(libinit2.o)
    0x080001cc   0x00000000   Code   RO          586    .ARM.Collect$$libinit$$0000000A  c_w.l(libinit2.o)
    0x080001cc   0x00000000   Code   RO          588    .ARM.Collect$$libinit$$0000000C  c_w.l(libinit2.o)
    0x080001cc   0x00000000   Code   RO          590    .ARM.Collect$$libinit$$0000000E  c_w.l(libinit2.o)
    0x080001cc   0x00000000   Code   RO          593    .ARM.Collect$$libinit$$00000011  c_w.l(libinit2.o)
    0x080001cc   0x00000000   Code   RO          595    .ARM.Collect$$libinit$$00000013  c_w.l(libinit2.o)
    0x080001cc   0x00000000   Code   RO          597    .ARM.Collect$$libinit$$00000015  c_w.l(libinit2.o)
    0x080001cc   0x00000000   Code   RO          599    .ARM.Collect$$libinit$$00000017  c_w.l(libinit2.o)
    0x080001cc   0x00000000   Code   RO          601    .ARM.Collect$$libinit$$00000019  c_w.l(libinit2.o)
    0x080001cc   0x00000000   Code   RO          603    .ARM.Collect$$libinit$$0000001B  c_w.l(libinit2.o)
    0x080001cc   0x00000000   Code   RO          605    .ARM.Collect$$libinit$$0000001D  c_w.l(libinit2.o)
    0x080001cc   0x00000000   Code   RO          607    .ARM.Collect$$libinit$$0000001F  c_w.l(libinit2.o)
    0x080001cc   0x00000000   Code   RO          609    .ARM.Collect$$libinit$$00000021  c_w.l(libinit2.o)
    0x080001cc   0x00000000   Code   RO          611    .ARM.Collect$$libinit$$00000023  c_w.l(libinit2.o)
    0x080001cc   0x00000000   Code   RO          613    .ARM.Collect$$libinit$$00000025  c_w.l(libinit2.o)
    0x080001cc   0x00000000   Code   RO          617    .ARM.Collect$$libinit$$0000002C  c_w.l(libinit2.o)
    0x080001cc   0x00000000   Code   RO          619    .ARM.Collect$$libinit$$0000002E  c_w.l(libinit2.o)
    0x080001cc   0x00000000   Code   RO          621    .ARM.Collect$$libinit$$00000030  c_w.l(libinit2.o)
    0x080001cc   0x00000000   Code   RO          623    .ARM.Collect$$libinit$$00000032  c_w.l(libinit2.o)
    0x080001cc   0x00000002   Code   RO          624    .ARM.Collect$$libinit$$00000033  c_w.l(libinit2.o)
    0x080001ce   0x00000002   Code   RO          650    .ARM.Collect$$libshutdown$$00000000  c_w.l(libshutdown.o)
    0x080001d0   0x00000000   Code   RO          678    .ARM.Collect$$libshutdown$$00000003  c_w.l(libshutdown2.o)
    0x080001d0   0x00000000   Code   RO          681    .ARM.Collect$$libshutdown$$00000006  c_w.l(libshutdown2.o)
    0x080001d0   0x00000000   Code   RO          684    .ARM.Collect$$libshutdown$$00000009  c_w.l(libshutdown2.o)
    0x080001d0   0x00000000   Code   RO          686    .ARM.Collect$$libshutdown$$0000000B  c_w.l(libshutdown2.o)
    0x080001d0   0x00000000   Code   RO          689    .ARM.Collect$$libshutdown$$0000000E  c_w.l(libshutdown2.o)
    0x080001d0   0x00000002   Code   RO          690    .ARM.Collect$$libshutdown$$0000000F  c_w.l(libshutdown2.o)
    0x080001d2   0x00000000   Code   RO          508    .ARM.Collect$$rtentry$$00000000  c_w.l(__rtentry.o)
    0x080001d2   0x00000000   Code   RO          531    .ARM.Collect$$rtentry$$00000002  c_w.l(__rtentry2.o)
    0x080001d2   0x00000006   Code   RO          543    .ARM.Collect$$rtentry$$00000004  c_w.l(__rtentry4.o)
    0x080001d8   0x00000000   Code   RO          533    .ARM.Collect$$rtentry$$00000009  c_w.l(__rtentry2.o)
    0x080001d8   0x00000004   Code   RO          534    .ARM.Collect$$rtentry$$0000000A  c_w.l(__rtentry2.o)
    0x080001dc   0x00000000   Code   RO          536    .ARM.Collect$$rtentry$$0000000C  c_w.l(__rtentry2.o)
    0x080001dc   0x00000008   Code   RO          537    .ARM.Collect$$rtentry$$0000000D  c_w.l(__rtentry2.o)
    0x080001e4   0x00000002   Code   RO          572    .ARM.Collect$$rtexit$$00000000  c_w.l(rtexit.o)
    0x080001e6   0x00000000   Code   RO          626    .ARM.Collect$$rtexit$$00000002  c_w.l(rtexit2.o)
    0x080001e6   0x00000004   Code   RO          627    .ARM.Collect$$rtexit$$00000003  c_w.l(rtexit2.o)
    0x080001ea   0x00000006   Code   RO          628    .ARM.Collect$$rtexit$$00000004  c_w.l(rtexit2.o)
    0x080001f0   0x0000004e   Code   RO            1    .text               main.o
    0x0800023e   0x0000001a   Code   RO          135    .text               stm32f10x_it.o
    0x08000258   0x000001b8   Code   RO          176    .text               system_stm32f10x.o
    0x08000410   0x00000050   Code   RO          194    .text               led.o
    0x08000460   0x00005a6c   Code   RO          206    .text               lcd.o
    0x08005ecc   0x00000274   Code   RO          250    .text               myiic.o
    0x08006140   0x00000350   Code   RO          262    .text               ms5611.o
    0x08006490   0x000000d4   Code   RO          285    .text               delay.o
    0x08006564   0x00000140   Code   RO          316    .text               usart.o
    0x080066a4   0x00000040   Code   RO          352    .text               startup_stm32f10x_hd.o
    0x080066e4   0x0000035c   Code   RO          356    .text               stm32f10x_gpio.o
    0x08006a40   0x000003c4   Code   RO          368    .text               stm32f10x_rcc.o
    0x08006e04   0x00000408   Code   RO          382    .text               stm32f10x_usart.o
    0x0800720c   0x000000dc   Code   RO          394    .text               misc.o
    0x080072e8   0x00000002   Code   RO          408    .text               c_w.l(use_no_semi_2.o)
    0x080072ea   0x000000ee   Code   RO          410    .text               c_w.l(lludivv7m.o)
    0x080073d8   0x00000018   Code   RO          414    .text               c_w.l(noretval__2printf.o)
    0x080073f0   0x00000078   Code   RO          418    .text               c_w.l(_printf_dec.o)
    0x08007468   0x0000007c   Code   RO          420    .text               c_w.l(_printf_longlong_dec.o)
    0x080074e4   0x00000058   Code   RO          425    .text               c_w.l(_printf_hex_int.o)
    0x0800753c   0x000000b8   Code   RO          446    .text               c_w.l(__printf_ss.o)
    0x080075f4   0x00000006   Code   RO          468    .text               c_w.l(heapauxi.o)
    0x080075fa   0x00000002   Code   RO          506    .text               c_w.l(use_no_semi.o)
    0x080075fc   0x0000008a   Code   RO          513    .text               c_w.l(lludiv10.o)
    0x08007686   0x000000b2   Code   RO          515    .text               c_w.l(_printf_intcommon.o)
    0x08007738   0x00000024   Code   RO          517    .text               c_w.l(_printf_char_file.o)
    0x0800775c   0x00000030   Code   RO          547    .text               c_w.l(_printf_char_common.o)
    0x0800778c   0x00000008   Code   RO          549    .text               c_w.l(ferror.o)
    0x08007794   0x0000004a   Code   RO          553    .text               c_w.l(sys_stackheap_outer.o)
    0x080077de   0x0000000c   Code   RO          557    .text               c_w.l(exit.o)
    0x080077ea   0x00000002   PAD
    0x080077ec   0x00000008   Code   RO          569    .text               c_w.l(libspace.o)
    0x080077f4   0x00000150   Code   RO          472    x$fpl$dadd          fz_ws.l(daddsub_clz.o)
    0x08007944   0x000002b0   Code   RO          479    x$fpl$ddiv          fz_ws.l(ddiv.o)
    0x08007bf4   0x0000005a   Code   RO          482    x$fpl$dfixu         fz_ws.l(dfixu.o)
    0x08007c4e   0x00000026   Code   RO          486    x$fpl$dfltu         fz_ws.l(dflt_clz.o)
    0x08007c74   0x0000008a   Code   RO          493    x$fpl$dfltull       fz_ws.l(dfltll_clz.o)
    0x08007cfe   0x00000002   PAD
    0x08007d00   0x00000154   Code   RO          496    x$fpl$dmul          fz_ws.l(dmul.o)
    0x08007e54   0x0000009c   Code   RO          521    x$fpl$dnaninf       fz_ws.l(dnaninf.o)
    0x08007ef0   0x0000000c   Code   RO          523    x$fpl$dretinf       fz_ws.l(dretinf.o)
    0x08007efc   0x00000016   Code   RO          473    x$fpl$drsb          fz_ws.l(daddsub_clz.o)
    0x08007f12   0x00000002   PAD
    0x08007f14   0x000001d4   Code   RO          474    x$fpl$dsub          fz_ws.l(daddsub_clz.o)
    0x080080e8   0x0000003e   Code   RO          498    x$fpl$ffixu         fz_ws.l(ffixu.o)
    0x08008126   0x00000060   Code   RO          502    x$fpl$ffltll        fz_ws.l(ffltll_clz.o)
    0x08008186   0x00000002   PAD
    0x08008188   0x00000102   Code   RO          504    x$fpl$fmul          fz_ws.l(fmul.o)
    0x0800828a   0x0000008c   Code   RO          525    x$fpl$fnaninf       fz_ws.l(fnaninf.o)
    0x08008316   0x0000000a   Code   RO          527    x$fpl$fretinf       fz_ws.l(fretinf.o)
    0x08008320   0x00000000   Code   RO          529    x$fpl$usenofp       fz_ws.l(usenofp.o)
    0x08008320   0x000017c0   Data   RO          208    .constdata          lcd.o
    0x08009ae0   0x00000028   Data   RO          426    .constdata          c_w.l(_printf_hex_int.o)
    0x08009b08   0x00000020   Data   RO          691    Region$$Table       anon$$obj.o


    Execution Region RW_IRAM1 (Base: 0x20000000, Size: 0x00000858, Max: 0x00002000, ABSOLUTE)

    Base Addr    Size         Type   Attr      Idx    E Section Name        Object

    0x20000000   0x00000014   Data   RW          177    .data               system_stm32f10x.o
    0x20000014   0x00000004   Data   RW          209    .data               lcd.o
    0x20000018   0x00000054   Data   RW          264    .data               ms5611.o
    0x2000006c   0x00000004   Data   RW          286    .data               delay.o
    0x20000070   0x00000006   Data   RW          318    .data               usart.o
    0x20000076   0x00000014   Data   RW          369    .data               stm32f10x_rcc.o
    0x2000008a   0x00000002   PAD
    0x2000008c   0x0000000e   Zero   RW          207    .bss                lcd.o
    0x2000009a   0x00000002   PAD
    0x2000009c   0x00000094   Zero   RW          263    .bss                ms5611.o
    0x20000130   0x000000c8   Zero   RW          317    .bss                usart.o
    0x200001f8   0x00000060   Zero   RW          570    .bss                c_w.l(libspace.o)
    0x20000258   0x00000200   Zero   RW          350    HEAP                startup_stm32f10x_hd.o
    0x20000458   0x00000400   Zero   RW          349    STACK               startup_stm32f10x_hd.o


==============================================================================

Image component sizes


      Code (inc. data)   RO Data    RW Data    ZI Data      Debug   Object Name

       212         18          0          4          0       1103   delay.o
     23148        306       6080          4         14      25052   lcd.o
        80          8          0          0          0        535   led.o
        78          0          0          0          0     234655   main.o
       220         22          0          0          0       1881   misc.o
       848         64          0         84        148       2957   ms5611.o
       628         14          0          0          0       2236   myiic.o
        64         26        304          0       1536        820   startup_stm32f10x_hd.o
       860         38          0          0          0       5725   stm32f10x_gpio.o
        26          0          0          0          0       1218   stm32f10x_it.o
       964         42          0         20          0       9274   stm32f10x_rcc.o
      1032         22          0          0          0       8448   stm32f10x_usart.o
         0          0          0          0          0         32   sys.o
       440         34          0         20          0       1875   system_stm32f10x.o
       320         16          0          6        200       3262   usart.o

    ----------------------------------------------------------------------
     28920        610       6416        140       1900     299073   Object Totals
         0          0         32          0          0          0   (incl. Generated)
         0          0          0          2          2          0   (incl. Padding)

    ----------------------------------------------------------------------

      Code (inc. data)   RO Data    RW Data    ZI Data      Debug   Library Member Name

         8          0          0          0          0         68   __main.o
       184          0          0          0          0         84   __printf_ss.o
         0          0          0          0          0          0   __rtentry.o
        12          0          0          0          0          0   __rtentry2.o
         6          0          0          0          0          0   __rtentry4.o
        52          8          0          0          0          0   __scatter.o
        26          0          0          0          0          0   __scatter_copy.o
        28          0          0          0          0          0   __scatter_zi.o
        48          6          0          0          0         96   _printf_char_common.o
        36          4          0          0          0         80   _printf_char_file.o
         6          0          0          0          0          0   _printf_d.o
       120         16          0          0          0         92   _printf_dec.o
        88          4         40          0          0         88   _printf_hex_int.o
       178          0          0          0          0         88   _printf_intcommon.o
        10          0          0          0          0          0   _printf_ll.o
         6          0          0          0          0          0   _printf_llu.o
       124         16          0          0          0         92   _printf_longlong_dec.o
         0          0          0          0          0          0   _printf_percent.o
         4          0          0          0          0          0   _printf_percent_end.o
         6          0          0          0          0          0   _printf_u.o
         6          0          0          0          0          0   _printf_x.o
        12          0          0          0          0         72   exit.o
         8          0          0          0          0         68   ferror.o
         6          0          0          0          0        152   heapauxi.o
         2          0          0          0          0          0   libinit.o
         2          0          0          0          0          0   libinit2.o
         2          0          0          0          0          0   libshutdown.o
         2          0          0          0          0          0   libshutdown2.o
         8          4          0          0         96         68   libspace.o
       138          0          0          0          0         80   lludiv10.o
       238          0          0          0          0        100   lludivv7m.o
        24          4          0          0          0         84   noretval__2printf.o
         2          0          0          0          0          0   rtexit.o
        10          0          0          0          0          0   rtexit2.o
        74          0          0          0          0         80   sys_stackheap_outer.o
         2          0          0          0          0         68   use_no_semi.o
         2          0          0          0          0         68   use_no_semi_2.o
       826         16          0          0          0        348   daddsub_clz.o
       688        140          0          0          0        208   ddiv.o
        90          4          0          0          0         92   dfixu.o
        38          0          0          0          0         68   dflt_clz.o
       138          0          0          0          0         84   dfltll_clz.o
       340         12          0          0          0        104   dmul.o
       156          4          0          0          0         92   dnaninf.o
        12          0          0          0          0         68   dretinf.o
        62          4          0          0          0         84   ffixu.o
        96          0          0          0          0         84   ffltll_clz.o
       258          4          0          0          0         84   fmul.o
       140          4          0          0          0         84   fnaninf.o
        10          0          0          0          0         68   fretinf.o
         0          0          0          0          0          0   usenofp.o

    ----------------------------------------------------------------------
      4344        250         40          0         96       2996   Library Totals
        10          0          0          0          0          0   (incl. Padding)

    ----------------------------------------------------------------------

      Code (inc. data)   RO Data    RW Data    ZI Data      Debug   Library Name

      1480         62         40          0         96       1528   c_w.l
      2854        188          0          0          0       1468   fz_ws.l

    ----------------------------------------------------------------------
      4344        250         40          0         96       2996   Library Totals

    ----------------------------------------------------------------------

==============================================================================


      Code (inc. data)   RO Data    RW Data    ZI Data      Debug   

     33264        860       6456        140       1996     299621   Grand Totals
     33264        860       6456        140       1996     299621   ELF Image Totals
     33264        860       6456        140          0          0   ROM Totals

==============================================================================

    Total RO  Size (Code + RO Data)                39720 (  38.79kB)
    Total RW  Size (RW Data + ZI Data)              2136 (   2.09kB)
    Total ROM Size (Code + RO Data + RW Data)      39860 (  38.93kB)

==============================================================================

