<html>
<body>
<pre>
<h1>礦ision Build Log</h1>
<h2>Tool Versions:</h2>
IDE-Version: μVision V5.26.2.0
Copyright (C) 2018 ARM Ltd and ARM Germany GmbH. All rights reserved.
License Information: wei hu, chengdudaxue, LIC=8MZ56-DCJLR-9XBUW-QACVB-H3ETI-HYM5S
 
Tool Versions:
Toolchain:       MDK-ARM Professional  Version: 5.26.2.0
Toolchain Path:  C:\Keil_v5\ARM\ARMCC\Bin
C Compiler:      Armcc.exe V5.06 update 6 (build 750)
Assembler:       Armasm.exe V5.06 update 6 (build 750)
Linker/Locator:  ArmLink.exe V5.06 update 6 (build 750)
Library Manager: ArmAr.exe V5.06 update 6 (build 750)
Hex Converter:   FromElf.exe V5.06 update 6 (build 750)
CPU DLL:         SARMCM3.DLL V5.26.2.0
Dialog DLL:      DCM.DLL V1.17.2.0
Target DLL:      STLink\ST-LINKIII-KEIL_SWO.dll V3.0.5.0
Dialog DLL:      TCM.DLL V1.36.1.0
 
<h2>Project:</h2>
E:\Work\EC20\stm32_new_HL_1\stm32_new-10-19 - 副本\MDK-ARM\stm32_new.uvprojx
Project File Date:  10/17/2018

<h2>Output:</h2>
*** Using Compiler 'V5.06 update 6 (build 750)', folder: 'C:\Keil_v5\ARM\ARMCC\Bin'
Build target 'stm32_new'
compiling main.c...
..\Src\EC20\EC20.h(39): warning:  #1295-D: Deprecated declaration EC20_init - give arg types
  void EC20_init();                          //手册推荐的初始化流程
../Src/main.c(314): warning:  #68-D: integer conversion resulted in a change of sign
  	uint8_t Flag_run =SUCCFULL_STA-1;  //set zero
../Src/main.c(311): warning:  #177-D: variable "Uart_count"  was declared but never referenced
  	uint32_t Uart_count=0;  //Uart_count is used to test uart 
../Src/main.c(313): warning:  #177-D: variable "Flag_test"  was declared but never referenced
  	uint8_t Flag_test=SUCCFULL_STA;    //set one
../Src/main.c(314): warning:  #177-D: variable "Flag_run"  was declared but never referenced
  	uint8_t Flag_run =SUCCFULL_STA-1;  //set zero
../Src/main.c(316): warning:  #177-D: variable "ADC_Value"  was declared but never referenced
  	uint32_t ADC_Value[50];
../Src/main.c(317): warning:  #177-D: variable "ad1"  was declared but never referenced
  	uint32_t ad1;
../Src/main.c(318): warning:  #177-D: variable "ADC_i"  was declared but never referenced
  	uint8_t  ADC_i;
../Src/main.c(320): warning:  #177-D: variable "UART4_Tx_TEST1"  was declared but never referenced
  	uint8_t UART4_Tx_TEST1[]="AT+CSQ\r\n";
../Src/main.c(321): warning:  #177-D: variable "UART4_Tx_TEST2"  was declared but never referenced
  	uint8_t UART4_Tx_TEST2[]="ATD13036699696\r\n";
../Src/main.c(322): warning:  #177-D: variable "UART4_Tx_TEST3"  was declared but never referenced
  	uint8_t UART4_Tx_TEST3[]="AT+CPIN?\r\n";
../Src/main.c(323): warning:  #177-D: variable "UART4_Tx_TEST4"  was declared but never referenced
  	uint8_t UART4_Tx_TEST4[]="AT+CMGF=1\r\n";
../Src/main.c(324): warning:  #177-D: variable "UART4_Tx_TEST5"  was declared but never referenced
  	uint8_t UART4_Tx_TEST5[]="ATI\r\n";
../Src/main.c(327): warning:  #177-D: variable "UART4_Tx_TEST6"  was declared but never referenced
  	uint8_t UART4_Tx_TEST6[]="AT+CMGS=\"13036699696\"\r\n";
../Src/main.c(328): warning:  #177-D: variable "UART4_Tx_TEST7"  was declared but never referenced
  	uint8_t UART4_Tx_TEST7[]="AT+CMEE=2\r\n";
../Src/main.c(331): warning:  #177-D: variable "UART4_Tx_GPS_TEST1"  was declared but never referenced
  	uint8_t UART4_Tx_GPS_TEST1[]="AT+QGPS=1\r\n";
../Src/main.c(332): warning:  #177-D: variable "UART4_Tx_GPS_TEST2"  was declared but never referenced
  	uint8_t UART4_Tx_GPS_TEST2[]="AT+QGPSLOC?\r\n";
../Src/main.c(333): warning:  #177-D: variable "UART4_Tx_GPS_TEST3"  was declared but never referenced
  	uint8_t UART4_Tx_GPS_TEST3[]="AT+QGPSCFG=\"gpsnmeatype\",1\r\n";
../Src/main.c(336): warning:  #177-D: variable "UART4_Tx_TCP_TEST1"  was declared but never referenced
    uint8_t UART4_Tx_TCP_TEST1[]="AT+QIOPEN=1,0,\"TCP\",\"119.27.184.248\",1234,0,1\r\n";
../Src/main.c(337): warning:  #177-D: variable "UART4_Tx_TCP_TEST2"  was declared but never referenced
  	uint8_t UART4_Tx_TCP_TEST2[]="AT+QISEND=0\r\n";
../Src/main.c(338): warning:  #177-D: variable "UART4_Tx_TCP_TEST3"  was declared but never referenced
  	uint8_t UART4_Tx_TCP_TEST3[]="AT+QICLOSE=0\r\n";
../Src/main.c(340): warning:  #177-D: variable "UART4_Tx_Flag_end"  was declared but never referenced
    uint8_t UART4_Tx_Flag_end[]={0x1A};
../Src/main.c(341): warning:  #177-D: variable "UART4_Tx_CMGS_ER"  was declared but never referenced
  	uint8_t UART4_Tx_CMGS_ER[]="ERROR!!\r\n";
../Src/main.c(342): warning:  #177-D: variable "UART4_Tx_CMGS_end"  was declared but never referenced
  	uint8_t UART4_Tx_CMGS_end[]={0x1A};
../Src/main.c(344): warning:  #177-D: variable "UART4_Tx_MESSAGE1"  was declared but never referenced
  	uint8_t UART4_Tx_MESSAGE1[]="AT+CPMS?\r\n";
../Src/main.c(345): warning:  #177-D: variable "UART4_Tx_MESSAGE2"  was declared but never referenced
  	uint8_t UART4_Tx_MESSAGE2[]="AT+CNMI=1,2,0,1,0\r\n";
../Src/main.c(346): warning:  #177-D: variable "UART4_Tx_MESSAGE3"  was declared but never referenced
  	uint8_t UART4_Tx_MESSAGE3[]="AT+CSCA?\r\n";
../Src/main.c(347): warning:  #177-D: variable "UART4_Tx_MESSAGE4"  was declared but never referenced
  	uint8_t UART4_Tx_MESSAGE4[]="AT+CMGF=1\r\n";
../Src/main.c(350): warning:  #177-D: variable "UART4_Tx_CMGS"  was declared but never referenced
  	uint8_t UART4_Tx_CMGS[]="HELLO,WORLD!!!CONNECTED SUCUSSFUL!!!\r\n";
../Src/main.c(355): warning:  #177-D: variable "Atempdata1"  was declared but never referenced
  	uint8_t Atempdata1[50]={0};
../Src/main.c(356): warning:  #177-D: variable "Atempdata2"  was declared but never referenced
  	uint8_t Atempdata2[50]={0};
../Src/main.c(357): warning:  #177-D: variable "Atempdata3"  was declared but never referenced
  	uint8_t Atempdata3[50]={0};
../Src/main.c(359): warning:  #177-D: variable "tempdata1"  was declared but never referenced
  	uint8_t tempdata1[20]={0};
../Src/main.c(360): warning:  #177-D: variable "tempdata2"  was declared but never referenced
  	uint8_t tempdata2[20]={0};
../Src/main.c(361): warning:  #177-D: variable "tempdata3"  was declared but never referenced
  	uint8_t tempdata3[20]={0};
../Src/main.c(362): warning:  #177-D: variable "tempdata4"  was declared but never referenced
  	uint8_t tempdata4[20]={0};
../Src/main.c(363): warning:  #177-D: variable "tempdata5"  was declared but never referenced
  	uint8_t tempdata5[20]={0};
../Src/main.c(364): warning:  #177-D: variable "tempdata6"  was declared but never referenced
  	uint8_t tempdata6[20]={0};
../Src/main.c(365): warning:  #177-D: variable "tempdata7"  was declared but never referenced
  	uint8_t tempdata7[20]={0};
../Src/main.c(367): warning:  #177-D: variable "test_count"  was declared but never referenced
  	uint8_t test_count=0;
../Src/main.c(368): warning:  #177-D: variable "test_flag"  was declared but never referenced
  	uint8_t test_flag=1;
../Src/main.c(369): warning:  #177-D: variable "count_ex"  was declared but never referenced
  	uint8_t count_ex=100;
../Src/main.c(370): warning:  #177-D: variable "count_OK"  was declared but never referenced
  	uint8_t count_OK=0;
../Src/main.c(371): warning:  #550-D: variable "pTempdate"  was set but never used
  	uint8_t *pTempdate;
../Src/main.c(372): warning:  #177-D: variable "m"  was declared but never referenced
  	uint8_t m=0;
../Src/main.c(373): warning:  #177-D: variable "test_counter_polling"  was declared but never referenced
  	uint8_t test_counter_polling=0;
../Src/main.c(374): warning:  #177-D: variable "altitude1"  was declared but never referenced
  	float altitude1; //存放初始高度
../Src/main.c(1151): warning:  #177-D: function "MX_DMA_Init"  was declared but never referenced
  static void MX_DMA_Init(void) 
../Src/main.c(873): warning:  #177-D: function "MX_ADC1_Init"  was declared but never referenced
  static void MX_ADC1_Init(void)
../Src/main.c(1132): warning:  #177-D: function "MX_USB_OTG_FS_HCD_Init"  was declared but never referenced
  static void MX_USB_OTG_FS_HCD_Init(void)
../Src/main.c: 50 warnings, 0 errors
linking...
Program Size: Code=14004 RO-data=496 RW-data=316 ZI-data=2396  
FromELF: creating hex file...
"stm32_new\stm32_new.axf" - 0 Error(s), 50 Warning(s).

<h2>Software Packages used:</h2>

Package Vendor: ARM
                http://www.keil.com/pack/ARM.CMSIS.5.4.0.pack
                ARM.CMSIS.5.4.0
                CMSIS (Cortex Microcontroller Software Interface Standard)
   * Component: CORE Version: 5.1.2

Package Vendor: Keil
                http://www.keil.com/pack/Keil.STM32L4xx_DFP.2.0.0.pack
                Keil.STM32L4xx_DFP.2.0.0
                STMicroelectronics STM32L4 Series Device Support, Drivers and Examples

<h2>Collection of Component include folders:</h2>
  .\RTE\_stm32_new
  C:\Keil_v5\ARM\PACK\ARM\CMSIS\5.4.0\CMSIS\Core\Include
  C:\Keil_v5\ARM\PACK\Keil\STM32L4xx_DFP\2.0.0\Drivers\CMSIS\Device\ST\STM32L4xx\Include

<h2>Collection of Component Files used:</h2>

   * Component: ARM::CMSIS:CORE:5.1.2
Build Time Elapsed:  00:00:14
</pre>
</body>
</html>
