Component: ARM Compiler 5.06 update 6 (build 750) Tool: armlink [4d35ed]

==============================================================================

Section Cross References

    startup_stm32l476xx.o(RESET) refers to startup_stm32l476xx.o(STACK) for __initial_sp
    startup_stm32l476xx.o(RESET) refers to startup_stm32l476xx.o(.text) for Reset_Handler
    startup_stm32l476xx.o(RESET) refers to stm32l4xx_it.o(i.NMI_Handler) for NMI_Handler
    startup_stm32l476xx.o(RESET) refers to stm32l4xx_it.o(i.HardFault_Handler) for HardFault_Handler
    startup_stm32l476xx.o(RESET) refers to stm32l4xx_it.o(i.MemManage_Handler) for MemManage_Handler
    startup_stm32l476xx.o(RESET) refers to stm32l4xx_it.o(i.BusFault_Handler) for BusFault_Handler
    startup_stm32l476xx.o(RESET) refers to stm32l4xx_it.o(i.UsageFault_Handler) for UsageFault_Handler
    startup_stm32l476xx.o(RESET) refers to stm32l4xx_it.o(i.SVC_Handler) for SVC_Handler
    startup_stm32l476xx.o(RESET) refers to stm32l4xx_it.o(i.DebugMon_Handler) for DebugMon_Handler
    startup_stm32l476xx.o(RESET) refers to stm32l4xx_it.o(i.PendSV_Handler) for PendSV_Handler
    startup_stm32l476xx.o(RESET) refers to stm32l4xx_it.o(i.SysTick_Handler) for SysTick_Handler
    startup_stm32l476xx.o(RESET) refers to stm32l4xx_it.o(i.USART3_IRQHandler) for USART3_IRQHandler
    startup_stm32l476xx.o(RESET) refers to stm32l4xx_it.o(i.UART4_IRQHandler) for UART4_IRQHandler
    startup_stm32l476xx.o(.text) refers to system_stm32l4xx.o(i.SystemInit) for SystemInit
    startup_stm32l476xx.o(.text) refers to entry.o(.ARM.Collect$$$$00000000) for __main
    ec20.o(i.EC20_SendTest) refers to ec20.o(i.EC20_send_data) for EC20_send_data
    ec20.o(i.EC20_SendTest) refers to ec20.o(.data) for .data
    ec20.o(i.EC20_UART_PROT_INIT) refers to memcpya.o(.text) for __aeabi_memcpy4
    ec20.o(i.EC20_UART_PROT_INIT) refers to stm32l4xx_hal_uart.o(i.HAL_UART_Transmit_IT) for HAL_UART_Transmit_IT
    ec20.o(i.EC20_UART_PROT_INIT) refers to main.o(i._Error_Handler) for _Error_Handler
    ec20.o(i.EC20_UART_PROT_INIT) refers to main.o(.bss) for huart4
    ec20.o(i.EC20_UART_PROT_INIT) refers to main.o(.data) for UartReady
    ec20.o(i.EC20_USART_SMIP_Interrupt) refers to ec20.o(.bss) for .bss
    ec20.o(i.EC20_USART_SMIP_Interrupt) refers to ec20.o(.data) for .data
    ec20.o(i.EC20_call) refers to ec20.o(i.EC20_send_data) for EC20_send_data
    ec20.o(i.EC20_call) refers to ec20.o(i.wait) for wait
    ec20.o(i.EC20_init) refers to ec20.o(i.EC20_send_data) for EC20_send_data
    ec20.o(i.EC20_init) refers to ec20.o(i.wait) for wait
    ec20.o(i.EC20_init) refers to ec20.o(.data) for .data
    ec20.o(i.EC20_send_data) refers to strlen.o(.text) for strlen
    ec20.o(i.EC20_send_data) refers to stm32l4xx_hal_uart.o(i.HAL_UART_Transmit_IT) for HAL_UART_Transmit_IT
    ec20.o(i.EC20_send_data) refers to main.o(i._Error_Handler) for _Error_Handler
    ec20.o(i.EC20_send_data) refers to main.o(.bss) for huart4
    ec20.o(i.EC20_send_data) refers to main.o(.data) for UartReady
    ec20.o(i.EC20_send_message) refers to printf8.o(i.__0printf$8) for __2printf
    ec20.o(i.EC20_send_message) refers to ec20.o(i.EC20_uart_SendAndReceive) for EC20_uart_SendAndReceive
    ec20.o(i.EC20_send_message) refers to main.o(i.Delay) for Delay
    ec20.o(i.EC20_send_message) refers to ec20.o(i.EC20_uart4_receive) for EC20_uart4_receive
    ec20.o(i.EC20_send_message) refers to ec20.o(i.EC20_uart4_send) for EC20_uart4_send
    ec20.o(i.EC20_send_message) refers to ec20.o(.data) for .data
    ec20.o(i.EC20_send_message) refers to ec20.o(.conststring) for .conststring
    ec20.o(i.EC20_sendmsg) refers to ec20.o(i.EC20_send_data) for EC20_send_data
    ec20.o(i.EC20_sendmsg) refers to ec20.o(i.wait) for wait
    ec20.o(i.EC20_sendmsg) refers to stm32l4xx_hal_uart.o(i.HAL_UART_Transmit) for HAL_UART_Transmit
    ec20.o(i.EC20_sendmsg) refers to ec20.o(.data) for .data
    ec20.o(i.EC20_sendmsg) refers to main.o(.bss) for huart4
    ec20.o(i.EC20_start_up) refers to stm32l4xx_hal_gpio.o(i.HAL_GPIO_WritePin) for HAL_GPIO_WritePin
    ec20.o(i.EC20_start_up) refers to stm32l4xx_hal.o(i.HAL_Delay) for HAL_Delay
    ec20.o(i.EC20_uart4_receive) refers to stm32l4xx_hal_uart.o(i.HAL_UART_Receive) for HAL_UART_Receive
    ec20.o(i.EC20_uart4_receive) refers to main.o(i._Error_Handler) for _Error_Handler
    ec20.o(i.EC20_uart4_receive) refers to main.o(i.Delay) for Delay
    ec20.o(i.EC20_uart4_receive) refers to stm32l4xx_hal_uart.o(i.HAL_UART_Transmit) for HAL_UART_Transmit
    ec20.o(i.EC20_uart4_receive) refers to main.o(.bss) for huart4
    ec20.o(i.EC20_uart4_receive) refers to main.o(.data) for UartReady
    ec20.o(i.EC20_uart4_receive) refers to main.o(.data) for Uart_count
    ec20.o(i.EC20_uart4_send) refers to strlen.o(.text) for strlen
    ec20.o(i.EC20_uart4_send) refers to stm32l4xx_hal_uart.o(i.HAL_UART_Transmit) for HAL_UART_Transmit
[...]
    stm32l4xx_ll_utils.o(i.LL_PLL_ConfigSystemClock_MSI) refers to system_stm32l4xx.o(.constdata) for MSIRangeTable
    stm32l4xx_ll_utils.o(i.LL_SetSystemCoreClock) refers to system_stm32l4xx.o(.data) for SystemCoreClock
    stm32l4xx_ll_utils.o(i.UTILS_EnablePLLAndSwitchSystem) refers to stm32l4xx_ll_utils.o(i.UTILS_SetFlashLatency) for UTILS_SetFlashLatency
    stm32l4xx_ll_utils.o(i.UTILS_EnablePLLAndSwitchSystem) refers to system_stm32l4xx.o(.constdata) for AHBPrescTable
    stm32l4xx_ll_utils.o(i.UTILS_EnablePLLAndSwitchSystem) refers to system_stm32l4xx.o(.data) for SystemCoreClock
    system_stm32l4xx.o(i.SystemCoreClockUpdate) refers to system_stm32l4xx.o(.constdata) for .constdata
    system_stm32l4xx.o(i.SystemCoreClockUpdate) refers to system_stm32l4xx.o(.data) for .data
    asin.o(i.__hardfp_asin) refers (Special) to iusefp.o(.text) for __I$use$fp
    asin.o(i.__hardfp_asin) refers to dunder.o(i.__mathlib_dbl_infnan) for __mathlib_dbl_infnan
    asin.o(i.__hardfp_asin) refers to dmul.o(.text) for __aeabi_dmul
    asin.o(i.__hardfp_asin) refers to dadd.o(.text) for __aeabi_dadd
    asin.o(i.__hardfp_asin) refers to errno.o(i.__set_errno) for __set_errno
    asin.o(i.__hardfp_asin) refers to dunder.o(i.__mathlib_dbl_invalid) for __mathlib_dbl_invalid
    asin.o(i.__hardfp_asin) refers to fpclassify.o(i.__ARM_fpclassify) for __ARM_fpclassify
    asin.o(i.__hardfp_asin) refers to dunder.o(i.__mathlib_dbl_underflow) for __mathlib_dbl_underflow
    asin.o(i.__hardfp_asin) refers to poly.o(i.__kernel_poly) for __kernel_poly
    asin.o(i.__hardfp_asin) refers to ddiv.o(.text) for __aeabi_ddiv
    asin.o(i.__hardfp_asin) refers to fabs.o(i.fabs) for fabs
    asin.o(i.__hardfp_asin) refers to sqrt.o(i.sqrt) for sqrt
    asin.o(i.__hardfp_asin) refers to asin.o(.constdata) for .constdata
    asin.o(i.__softfp_asin) refers (Special) to iusefp.o(.text) for __I$use$fp
    asin.o(i.__softfp_asin) refers to asin.o(i.__hardfp_asin) for __hardfp_asin
    asin.o(i.asin) refers (Special) to iusefp.o(.text) for __I$use$fp
    asin.o(i.asin) refers to asin.o(i.__hardfp_asin) for __hardfp_asin
    asin.o(.constdata) refers (Special) to iusefp.o(.text) for __I$use$fp
    asin_x.o(i.____hardfp_asin$lsc) refers (Special) to iusefp.o(.text) for __I$use$fp
    asin_x.o(i.____hardfp_asin$lsc) refers to dunder.o(i.__mathlib_dbl_infnan) for __mathlib_dbl_infnan
    asin_x.o(i.____hardfp_asin$lsc) refers to dmul.o(.text) for __aeabi_dmul
    asin_x.o(i.____hardfp_asin$lsc) refers to dadd.o(.text) for __aeabi_dadd
    asin_x.o(i.____hardfp_asin$lsc) refers to errno.o(i.__set_errno) for __set_errno
    asin_x.o(i.____hardfp_asin$lsc) refers to poly.o(i.__kernel_poly) for __kernel_poly
    asin_x.o(i.____hardfp_asin$lsc) refers to ddiv.o(.text) for __aeabi_ddiv
    asin_x.o(i.____hardfp_asin$lsc) refers to fabs.o(i.fabs) for fabs
    asin_x.o(i.____hardfp_asin$lsc) refers to sqrt.o(i.sqrt) for sqrt
    asin_x.o(i.____hardfp_asin$lsc) refers to asin_x.o(.constdata) for .constdata
    asin_x.o(i.____softfp_asin$lsc) refers (Special) to iusefp.o(.text) for __I$use$fp
    asin_x.o(i.____softfp_asin$lsc) refers to asin_x.o(i.____hardfp_asin$lsc) for ____hardfp_asin$lsc
    asin_x.o(i.__asin$lsc) refers (Special) to iusefp.o(.text) for __I$use$fp
    asin_x.o(i.__asin$lsc) refers to asin_x.o(i.____hardfp_asin$lsc) for ____hardfp_asin$lsc
    asin_x.o(.constdata) refers (Special) to iusefp.o(.text) for __I$use$fp
    atan2.o(i.__hardfp_atan2) refers (Special) to iusefp.o(.text) for __I$use$fp
    atan2.o(i.__hardfp_atan2) refers to dunder.o(i.__mathlib_dbl_infnan2) for __mathlib_dbl_infnan2
    atan2.o(i.__hardfp_atan2) refers to atan.o(i.atan) for atan
    atan2.o(i.__hardfp_atan2) refers to ddiv.o(.text) for __aeabi_ddiv
    atan2.o(i.__hardfp_atan2) refers to fabs.o(i.fabs) for fabs
    atan2.o(i.__hardfp_atan2) refers to dadd.o(.text) for __aeabi_dsub
    atan2.o(i.__hardfp_atan2) refers to qnan.o(.constdata) for __mathlib_zero
    atan2.o(i.__softfp_atan2) refers (Special) to iusefp.o(.text) for __I$use$fp
    atan2.o(i.__softfp_atan2) refers to atan2.o(i.__hardfp_atan2) for __hardfp_atan2
    atan2.o(i.atan2) refers (Special) to iusefp.o(.text) for __I$use$fp
    atan2.o(i.atan2) refers to atan2.o(i.__hardfp_atan2) for __hardfp_atan2
    atan2_x.o(i.____hardfp_atan2$lsc) refers (Special) to iusefp.o(.text) for __I$use$fp
    atan2_x.o(i.____hardfp_atan2$lsc) refers to dunder.o(i.__mathlib_dbl_infnan2) for __mathlib_dbl_infnan2
    atan2_x.o(i.____hardfp_atan2$lsc) refers to atan.o(i.atan) for atan
    atan2_x.o(i.____hardfp_atan2$lsc) refers to errno.o(i.__set_errno) for __set_errno
    atan2_x.o(i.____hardfp_atan2$lsc) refers to ddiv.o(.text) for __aeabi_ddiv
    atan2_x.o(i.____hardfp_atan2$lsc) refers to fabs.o(i.fabs) for fabs
    atan2_x.o(i.____hardfp_atan2$lsc) refers to dadd.o(.text) for __aeabi_dsub
    atan2_x.o(i.____hardfp_atan2$lsc) refers to qnan.o(.constdata) for __mathlib_zero
    atan2_x.o(i.____softfp_atan2$lsc) refers (Special) to iusefp.o(.text) for __I$use$fp
    atan2_x.o(i.____softfp_atan2$lsc) refers to atan2_x.o(i.____hardfp_atan2$lsc) for ____hardfp_atan2$lsc
    atan2_x.o(i.__atan2$lsc) refers (Special) to iusefp.o(.text) for __I$use$fp
    atan2_x.o(i.__atan2$lsc) refers to atan2_x.o(i.____hardfp_atan2$lsc) for ____hardfp_atan2$lsc
    entry.o(.ARM.Collect$$$$00000000) refers (Special) to entry10a.o(.ARM.Collect$$$$0000000D) for __rt_final_cpp
    entry.o(.ARM.Collect$$$$00000000) refers (Special) to entry11a.o(.ARM.Collect$$$$0000000F) for __rt_final_exit
    entry.o(.ARM.Collect$$$$00000000) refers (Special) to entry7b.o(.ARM.Collect$$$$00000008) for _main_clock
    entry.o(.ARM.Collect$$$$00000000) refers (Special) to entry8b.o(.ARM.Collect$$$$0000000A) for _main_cpp_init
    entry.o(.ARM.Collect$$$$00000000) refers (Special) to entry9a.o(.ARM.Collect$$$$0000000B) for _main_init
    entry.o(.ARM.Collect$$$$00000000) refers (Special) to entry5.o(.ARM.Collect$$$$00000004) for _main_scatterload
    entry.o(.ARM.Collect$$$$00000000) refers (Special) to entry2.o(.ARM.Collect$$$$00000001) for _main_stk
    uldiv.o(.text) refers to llushr.o(.text) for __aeabi_llsr
    uldiv.o(.text) refers to llshl.o(.text) for __aeabi_llsl
    ldiv.o(.text) refers to uldiv.o(.text) for __aeabi_uldivmod
    printfb.o(i.__0fprintf$bare) refers to printfb.o(i._printf_core) for _printf_core
    printfb.o(i.__0fprintf$bare) refers to main.o(i.fputc) for fputc
    printfb.o(i.__0printf$bare) refers to printfb.o(i._printf_core) for _printf_core
    printfb.o(i.__0printf$bare) refers to main.o(i.fputc) for fputc
    printfb.o(i.__0printf$bare) refers to stdout.o(.data) for __stdout
    printfb.o(i.__0snprintf$bare) refers to printfb.o(i._printf_core) for _printf_core
    printfb.o(i.__0snprintf$bare) refers to printfb.o(i._snputc) for _snputc
    printfb.o(i.__0sprintf$bare) refers to printfb.o(i._printf_core) for _printf_core
    printfb.o(i.__0sprintf$bare) refers to printfb.o(i._sputc) for _sputc
    printfb.o(i.__0vfprintf$bare) refers to printfb.o(i._printf_core) for _printf_core
    printfb.o(i.__0vfprintf$bare) refers to main.o(i.fputc) for fputc
    printfb.o(i.__0vprintf$bare) refers to printfb.o(i._printf_core) for _printf_core
    printfb.o(i.__0vprintf$bare) refers to main.o(i.fputc) for fputc
    printfb.o(i.__0vprintf$bare) refers to stdout.o(.data) for __stdout
    printfb.o(i.__0vsnprintf$bare) refers to printfb.o(i._printf_core) for _printf_core
    printfb.o(i.__0vsnprintf$bare) refers to printfb.o(i._snputc) for _snputc
    printfb.o(i.__0vsprintf$bare) refers to printfb.o(i._printf_core) for _printf_core
    printfb.o(i.__0vsprintf$bare) refers to printfb.o(i._sputc) for _sputc
    printf0.o(i.__0fprintf$0) refers to printf0.o(i._printf_core) for _printf_core
    printf0.o(i.__0fprintf$0) refers to main.o(i.fputc) for fputc
    printf0.o(i.__0printf$0) refers to printf0.o(i._printf_core) for _printf_core
    printf0.o(i.__0printf$0) refers to main.o(i.fputc) for fputc
    printf0.o(i.__0printf$0) refers to stdout.o(.data) for __stdout
    printf0.o(i.__0snprintf$0) refers to printf0.o(i._printf_core) for _printf_core
    printf0.o(i.__0snprintf$0) refers to printf0.o(i._snputc) for _snputc
    printf0.o(i.__0sprintf$0) refers to printf0.o(i._printf_core) for _printf_core
    printf0.o(i.__0sprintf$0) refers to printf0.o(i._sputc) for _sputc
    printf0.o(i.__0vfprintf$0) refers to printf0.o(i._printf_core) for _printf_core
    printf0.o(i.__0vfprintf$0) refers to main.o(i.fputc) for fputc
    printf0.o(i.__0vprintf$0) refers to printf0.o(i._printf_core) for _printf_core
    printf0.o(i.__0vprintf$0) refers to main.o(i.fputc) for fputc
    printf0.o(i.__0vprintf$0) refers to stdout.o(.data) for __stdout
    printf0.o(i.__0vsnprintf$0) refers to printf0.o(i._printf_core) for _printf_core
    printf0.o(i.__0vsnprintf$0) refers to printf0.o(i._snputc) for _snputc
    printf0.o(i.__0vsprintf$0) refers to printf0.o(i._printf_core) for _printf_core
    printf0.o(i.__0vsprintf$0) refers to printf0.o(i._sputc) for _sputc
    printf1.o(i.__0fprintf$1) refers to printf1.o(i._printf_core) for _printf_core
    printf1.o(i.__0fprintf$1) refers to main.o(i.fputc) for fputc
    printf1.o(i.__0printf$1) refers to printf1.o(i._printf_core) for _printf_core
    printf1.o(i.__0printf$1) refers to main.o(i.fputc) for fputc
    printf1.o(i.__0printf$1) refers to stdout.o(.data) for __stdout
    printf1.o(i.__0snprintf$1) refers to printf1.o(i._printf_core) for _printf_core
    printf1.o(i.__0snprintf$1) refers to printf1.o(i._snputc) for _snputc
    printf1.o(i.__0sprintf$1) refers to printf1.o(i._printf_core) for _printf_core
    printf1.o(i.__0sprintf$1) refers to printf1.o(i._sputc) for _sputc
    printf1.o(i.__0vfprintf$1) refers to printf1.o(i._printf_core) for _printf_core
    printf1.o(i.__0vfprintf$1) refers to main.o(i.fputc) for fputc
    printf1.o(i.__0vprintf$1) refers to printf1.o(i._printf_core) for _printf_core
    printf1.o(i.__0vprintf$1) refers to main.o(i.fputc) for fputc
    printf1.o(i.__0vprintf$1) refers to stdout.o(.data) for __stdout
    printf1.o(i.__0vsnprintf$1) refers to printf1.o(i._printf_core) for _printf_core
    printf1.o(i.__0vsnprintf$1) refers to printf1.o(i._snputc) for _snputc
    printf1.o(i.__0vsprintf$1) refers to printf1.o(i._printf_core) for _printf_core
    printf1.o(i.__0vsprintf$1) refers to printf1.o(i._sputc) for _sputc
    printf1.o(i._printf_core) refers to uidiv.o(.text) for __aeabi_uidivmod
    printf2.o(i.__0fprintf$2) refers to printf2.o(i._printf_core) for _printf_core
    printf2.o(i.__0fprintf$2) refers to main.o(i.fputc) for fputc
    printf2.o(i.__0printf$2) refers to printf2.o(i._printf_core) for _printf_core
    printf2.o(i.__0printf$2) refers to main.o(i.fputc) for fputc
    printf2.o(i.__0printf$2) refers to stdout.o(.data) for __stdout
    printf2.o(i.__0snprintf$2) refers to printf2.o(i._printf_core) for _printf_core
    printf2.o(i.__0snprintf$2) refers to printf2.o(i._snputc) for _snputc
    printf2.o(i.__0sprintf$2) refers to printf2.o(i._printf_core) for _printf_core
    printf2.o(i.__0sprintf$2) refers to printf2.o(i._sputc) for _sputc
    printf2.o(i.__0vfprintf$2) refers to printf2.o(i._printf_core) for _printf_core
    printf2.o(i.__0vfprintf$2) refers to main.o(i.fputc) for fputc
    printf2.o(i.__0vprintf$2) refers to printf2.o(i._printf_core) for _printf_core
    printf2.o(i.__0vprintf$2) refers to main.o(i.fputc) for fputc
    printf2.o(i.__0vprintf$2) refers to stdout.o(.data) for __stdout
    printf2.o(i.__0vsnprintf$2) refers to printf2.o(i._printf_core) for _printf_core
    printf2.o(i.__0vsnprintf$2) refers to printf2.o(i._snputc) for _snputc
    printf2.o(i.__0vsprintf$2) refers to printf2.o(i._printf_core) for _printf_core
    printf2.o(i.__0vsprintf$2) refers to printf2.o(i._sputc) for _sputc
    printf3.o(i.__0fprintf$3) refers to printf3.o(i._printf_core) for _printf_core
    printf3.o(i.__0fprintf$3) refers to main.o(i.fputc) for fputc
    printf3.o(i.__0printf$3) refers to printf3.o(i._printf_core) for _printf_core
    printf3.o(i.__0printf$3) refers to main.o(i.fputc) for fputc
    printf3.o(i.__0printf$3) refers to stdout.o(.data) for __stdout
    printf3.o(i.__0snprintf$3) refers to printf3.o(i._printf_core) for _printf_core
    printf3.o(i.__0snprintf$3) refers to printf3.o(i._snputc) for _snputc
    printf3.o(i.__0sprintf$3) refers to printf3.o(i._printf_core) for _printf_core
    printf3.o(i.__0sprintf$3) refers to printf3.o(i._sputc) for _sputc
    printf3.o(i.__0vfprintf$3) refers to printf3.o(i._printf_core) for _printf_core
    printf3.o(i.__0vfprintf$3) refers to main.o(i.fputc) for fputc
    printf3.o(i.__0vprintf$3) refers to printf3.o(i._printf_core) for _printf_core
    printf3.o(i.__0vprintf$3) refers to main.o(i.fputc) for fputc
    printf3.o(i.__0vprintf$3) refers to stdout.o(.data) for __stdout
    printf3.o(i.__0vsnprintf$3) refers to printf3.o(i._printf_core) for _printf_core
    printf3.o(i.__0vsnprintf$3) refers to printf3.o(i._snputc) for _snputc
    printf3.o(i.__0vsprintf$3) refers to printf3.o(i._printf_core) for _printf_core
    printf3.o(i.__0vsprintf$3) refers to printf3.o(i._sputc) for _sputc
    printf3.o(i._printf_core) refers to uidiv.o(.text) for __aeabi_uidivmod
    printf4.o(i.__0fprintf$4) refers to printf4.o(i._printf_core) for _printf_core
    printf4.o(i.__0fprintf$4) refers to main.o(i.fputc) for fputc
    printf4.o(i.__0printf$4) refers to printf4.o(i._printf_core) for _printf_core
    printf4.o(i.__0printf$4) refers to main.o(i.fputc) for fputc
    printf4.o(i.__0printf$4) refers to stdout.o(.data) for __stdout
    printf4.o(i.__0snprintf$4) refers to printf4.o(i._printf_core) for _printf_core
    printf4.o(i.__0snprintf$4) refers to printf4.o(i._snputc) for _snputc
    printf4.o(i.__0sprintf$4) refers to printf4.o(i._printf_core) for _printf_core
    printf4.o(i.__0sprintf$4) refers to printf4.o(i._sputc) for _sputc
    printf4.o(i.__0vfprintf$4) refers to printf4.o(i._printf_core) for _printf_core
    printf4.o(i.__0vfprintf$4) refers to main.o(i.fputc) for fputc
    printf4.o(i.__0vprintf$4) refers to printf4.o(i._printf_core) for _printf_core
    printf4.o(i.__0vprintf$4) refers to main.o(i.fputc) for fputc
    printf4.o(i.__0vprintf$4) refers to stdout.o(.data) for __stdout
    printf4.o(i.__0vsnprintf$4) refers to printf4.o(i._printf_core) for _printf_core
    printf4.o(i.__0vsnprintf$4) refers to printf4.o(i._snputc) for _snputc
    printf4.o(i.__0vsprintf$4) refers to printf4.o(i._printf_core) for _printf_core
    printf4.o(i.__0vsprintf$4) refers to printf4.o(i._sputc) for _sputc
    printf4.o(i._printf_core) refers to uldiv.o(.text) for __aeabi_uldivmod
    printf5.o(i.__0fprintf$5) refers to printf5.o(i._printf_core) for _printf_core
    printf5.o(i.__0fprintf$5) refers to main.o(i.fputc) for fputc
    printf5.o(i.__0printf$5) refers to printf5.o(i._printf_core) for _printf_core
    printf5.o(i.__0printf$5) refers to main.o(i.fputc) for fputc
    printf5.o(i.__0printf$5) refers to stdout.o(.data) for __stdout
    printf5.o(i.__0snprintf$5) refers to printf5.o(i._printf_core) for _printf_core
    printf5.o(i.__0snprintf$5) refers to printf5.o(i._snputc) for _snputc
    printf5.o(i.__0sprintf$5) refers to printf5.o(i._printf_core) for _printf_core
    printf5.o(i.__0sprintf$5) refers to printf5.o(i._sputc) for _sputc
    printf5.o(i.__0vfprintf$5) refers to printf5.o(i._printf_core) for _printf_core
    printf5.o(i.__0vfprintf$5) refers to main.o(i.fputc) for fputc
    printf5.o(i.__0vprintf$5) refers to printf5.o(i._printf_core) for _printf_core
    printf5.o(i.__0vprintf$5) refers to main.o(i.fputc) for fputc
    printf5.o(i.__0vprintf$5) refers to stdout.o(.data) for __stdout
    printf5.o(i.__0vsnprintf$5) refers to printf5.o(i._printf_core) for _printf_core
    printf5.o(i.__0vsnprintf$5) refers to printf5.o(i._snputc) for _snputc
    printf5.o(i.__0vsprintf$5) refers to printf5.o(i._printf_core) for _printf_core
    printf5.o(i.__0vsprintf$5) refers to printf5.o(i._sputc) for _sputc
    printf5.o(i._printf_core) refers to uldiv.o(.text) for __aeabi_uldivmod
    printf6.o(i.__0fprintf$6) refers to printf6.o(i._printf_core) for _printf_core
    printf6.o(i.__0fprintf$6) refers to main.o(i.fputc) for fputc
    printf6.o(i.__0printf$6) refers to printf6.o(i._printf_core) for _printf_core
    printf6.o(i.__0printf$6) refers to main.o(i.fputc) for fputc
    printf6.o(i.__0printf$6) refers to stdout.o(.data) for __stdout
    printf6.o(i.__0snprintf$6) refers to printf6.o(i._printf_core) for _printf_core
    printf6.o(i.__0snprintf$6) refers to printf6.o(i._snputc) for _snputc
    printf6.o(i.__0sprintf$6) refers to printf6.o(i._printf_core) for _printf_core
    printf6.o(i.__0sprintf$6) refers to printf6.o(i._sputc) for _sputc
    printf6.o(i.__0vfprintf$6) refers to printf6.o(i._printf_core) for _printf_core
    printf6.o(i.__0vfprintf$6) refers to main.o(i.fputc) for fputc
    printf6.o(i.__0vprintf$6) refers to printf6.o(i._printf_core) for _printf_core
    printf6.o(i.__0vprintf$6) refers to main.o(i.fputc) for fputc
    printf6.o(i.__0vprintf$6) refers to stdout.o(.data) for __stdout
    printf6.o(i.__0vsnprintf$6) refers to printf6.o(i._printf_core) for _printf_core
    printf6.o(i.__0vsnprintf$6) refers to printf6.o(i._snputc) for _snputc
    printf6.o(i.__0vsprintf$6) refers to printf6.o(i._printf_core) for _printf_core
    printf6.o(i.__0vsprintf$6) refers to printf6.o(i._sputc) for _sputc
    printf6.o(i._printf_core) refers to printf6.o(i._printf_pre_padding) for _printf_pre_padding
    printf6.o(i._printf_core) refers to uidiv.o(.text) for __aeabi_uidivmod
    printf6.o(i._printf_core) refers to printf6.o(i._printf_post_padding) for _printf_post_padding
    printf7.o(i.__0fprintf$7) refers to printf7.o(i._printf_core) for _printf_core
    printf7.o(i.__0fprintf$7) refers to main.o(i.fputc) for fputc
    printf7.o(i.__0printf$7) refers to printf7.o(i._printf_core) for _printf_core
    printf7.o(i.__0printf$7) refers to main.o(i.fputc) for fputc
    printf7.o(i.__0printf$7) refers to stdout.o(.data) for __stdout
    printf7.o(i.__0snprintf$7) refers to printf7.o(i._printf_core) for _printf_core
    printf7.o(i.__0snprintf$7) refers to printf7.o(i._snputc) for _snputc
    printf7.o(i.__0sprintf$7) refers to printf7.o(i._printf_core) for _printf_core
    printf7.o(i.__0sprintf$7) refers to printf7.o(i._sputc) for _sputc
    printf7.o(i.__0vfprintf$7) refers to printf7.o(i._printf_core) for _printf_core
    printf7.o(i.__0vfprintf$7) refers to main.o(i.fputc) for fputc
    printf7.o(i.__0vprintf$7) refers to printf7.o(i._printf_core) for _printf_core
    printf7.o(i.__0vprintf$7) refers to main.o(i.fputc) for fputc
    printf7.o(i.__0vprintf$7) refers to stdout.o(.data) for __stdout
    printf7.o(i.__0vsnprintf$7) refers to printf7.o(i._printf_core) for _printf_core
    printf7.o(i.__0vsnprintf$7) refers to printf7.o(i._snputc) for _snputc
    printf7.o(i.__0vsprintf$7) refers to printf7.o(i._printf_core) for _printf_core
    printf7.o(i.__0vsprintf$7) refers to printf7.o(i._sputc) for _sputc
    printf7.o(i._printf_core) refers to printf7.o(i._printf_pre_padding) for _printf_pre_padding
    printf7.o(i._printf_core) refers to uldiv.o(.text) for __aeabi_uldivmod
    printf7.o(i._printf_core) refers to printf7.o(i._printf_post_padding) for _printf_post_padding
    printf8.o(i.__0fprintf$8) refers to printf8.o(i._printf_core) for _printf_core
    printf8.o(i.__0fprintf$8) refers to main.o(i.fputc) for fputc
    printf8.o(i.__0printf$8) refers to printf8.o(i._printf_core) for _printf_core
    printf8.o(i.__0printf$8) refers to main.o(i.fputc) for fputc
    printf8.o(i.__0printf$8) refers to stdout.o(.data) for __stdout
    printf8.o(i.__0snprintf$8) refers to printf8.o(i._printf_core) for _printf_core
    printf8.o(i.__0snprintf$8) refers to printf8.o(i._snputc) for _snputc
    printf8.o(i.__0sprintf$8) refers to printf8.o(i._printf_core) for _printf_core
    printf8.o(i.__0sprintf$8) refers to printf8.o(i._sputc) for _sputc
    printf8.o(i.__0vfprintf$8) refers to printf8.o(i._printf_core) for _printf_core
    printf8.o(i.__0vfprintf$8) refers to main.o(i.fputc) for fputc
    printf8.o(i.__0vprintf$8) refers to printf8.o(i._printf_core) for _printf_core
    printf8.o(i.__0vprintf$8) refers to main.o(i.fputc) for fputc
    printf8.o(i.__0vprintf$8) refers to stdout.o(.data) for __stdout
    printf8.o(i.__0vsnprintf$8) refers to printf8.o(i._printf_core) for _printf_core
    printf8.o(i.__0vsnprintf$8) refers to printf8.o(i._snputc) for _snputc
    printf8.o(i.__0vsprintf$8) refers to printf8.o(i._printf_core) for _printf_core
    printf8.o(i.__0vsprintf$8) refers to printf8.o(i._sputc) for _sputc
    printf8.o(i._printf_core) refers to printf8.o(i._printf_pre_padding) for _printf_pre_padding
    printf8.o(i._printf_core) refers to uldiv.o(.text) for __aeabi_uldivmod
    printf8.o(i._printf_core) refers to printf8.o(i._printf_post_padding) for _printf_post_padding
    printfa.o(i.__0fprintf) refers (Special) to iusefp.o(.text) for __I$use$fp
    printfa.o(i.__0fprintf) refers to printfa.o(i._printf_core) for _printf_core
    printfa.o(i.__0fprintf) refers to main.o(i.fputc) for fputc
    printfa.o(i.__0printf) refers (Special) to iusefp.o(.text) for __I$use$fp
    printfa.o(i.__0printf) refers to printfa.o(i._printf_core) for _printf_core
    printfa.o(i.__0printf) refers to main.o(i.fputc) for fputc
    printfa.o(i.__0printf) refers to stdout.o(.data) for __stdout
    printfa.o(i.__0snprintf) refers (Special) to iusefp.o(.text) for __I$use$fp
    printfa.o(i.__0snprintf) refers to printfa.o(i._printf_core) for _printf_core
    printfa.o(i.__0snprintf) refers to printfa.o(i._snputc) for _snputc
    printfa.o(i.__0sprintf) refers (Special) to iusefp.o(.text) for __I$use$fp
    printfa.o(i.__0sprintf) refers to printfa.o(i._printf_core) for _printf_core
    printfa.o(i.__0sprintf) refers to printfa.o(i._sputc) for _sputc
    printfa.o(i.__0vfprintf) refers (Special) to iusefp.o(.text) for __I$use$fp
    printfa.o(i.__0vfprintf) refers to printfa.o(i._printf_core) for _printf_core
    printfa.o(i.__0vfprintf) refers to main.o(i.fputc) for fputc
    printfa.o(i.__0vprintf) refers (Special) to iusefp.o(.text) for __I$use$fp
    printfa.o(i.__0vprintf) refers to printfa.o(i._printf_core) for _printf_core
    printfa.o(i.__0vprintf) refers to main.o(i.fputc) for fputc
    printfa.o(i.__0vprintf) refers to stdout.o(.data) for __stdout
    printfa.o(i.__0vsnprintf) refers (Special) to iusefp.o(.text) for __I$use$fp
    printfa.o(i.__0vsnprintf) refers to printfa.o(i._printf_core) for _printf_core
    printfa.o(i.__0vsnprintf) refers to printfa.o(i._snputc) for _snputc
    printfa.o(i.__0vsprintf) refers (Special) to iusefp.o(.text) for __I$use$fp
    printfa.o(i.__0vsprintf) refers to printfa.o(i._printf_core) for _printf_core
    printfa.o(i.__0vsprintf) refers to printfa.o(i._sputc) for _sputc
    printfa.o(i._fp_digits) refers (Special) to iusefp.o(.text) for __I$use$fp
    printfa.o(i._fp_digits) refers to dmul.o(.text) for __aeabi_dmul
    printfa.o(i._fp_digits) refers to ddiv.o(.text) for __aeabi_ddiv
    printfa.o(i._fp_digits) refers to cdrcmple.o(.text) for __aeabi_cdrcmple
    printfa.o(i._fp_digits) refers to dadd.o(.text) for __aeabi_dadd
    printfa.o(i._fp_digits) refers to dfixul.o(.text) for __aeabi_d2ulz
    printfa.o(i._fp_digits) refers to uldiv.o(.text) for __aeabi_uldivmod
    printfa.o(i._printf_core) refers (Special) to iusefp.o(.text) for __I$use$fp
    printfa.o(i._printf_core) refers to printfa.o(i._printf_pre_padding) for _printf_pre_padding
    printfa.o(i._printf_core) refers to uldiv.o(.text) for __aeabi_uldivmod
    printfa.o(i._printf_core) refers to printfa.o(i._printf_post_padding) for _printf_post_padding
    printfa.o(i._printf_core) refers to printfa.o(i._fp_digits) for _fp_digits
    printfa.o(i._printf_core) refers to uidiv.o(.text) for __aeabi_uidivmod
    printfa.o(i._printf_post_padding) refers (Special) to iusefp.o(.text) for __I$use$fp
    printfa.o(i._printf_pre_padding) refers (Special) to iusefp.o(.text) for __I$use$fp
    printfa.o(i._snputc) refers (Special) to iusefp.o(.text) for __I$use$fp
    printfa.o(i._sputc) refers (Special) to iusefp.o(.text) for __I$use$fp
    __0sscanf.o(.text) refers to scanf_char.o(.text) for __vfscanf_char
    __0sscanf.o(.text) refers to _sgetc.o(.text) for _sgetc
    _scanf_int.o(.text) refers to _chval.o(.text) for _chval
    dmul.o(.text) refers (Special) to iusefp.o(.text) for __I$use$fp
    dmul.o(.text) refers to depilogue.o(.text) for _double_epilogue
    ddiv.o(.text) refers (Special) to iusefp.o(.text) for __I$use$fp
    ddiv.o(.text) refers to depilogue.o(.text) for _double_round
    dflti.o(.text) refers (Special) to iusefp.o(.text) for __I$use$fp
    dflti.o(.text) refers to depilogue.o(.text) for _double_epilogue
    dfixi.o(.text) refers (Special) to iusefp.o(.text) for __I$use$fp
    dfixi.o(.text) refers to llushr.o(.text) for __aeabi_llsr
    f2d.o(.text) refers (Special) to iusefp.o(.text) for __I$use$fp
    d2f.o(.text) refers (Special) to iusefp.o(.text) for __I$use$fp
    d2f.o(.text) refers to fepilogue.o(.text) for _float_round
    atan.o(i.__hardfp_atan) refers (Special) to iusefp.o(.text) for __I$use$fp
    atan.o(i.__hardfp_atan) refers to dunder.o(i.__mathlib_dbl_infnan) for __mathlib_dbl_infnan
    atan.o(i.__hardfp_atan) refers to fpclassify.o(i.__ARM_fpclassify) for __ARM_fpclassify
    atan.o(i.__hardfp_atan) refers to dunder.o(i.__mathlib_dbl_underflow) for __mathlib_dbl_underflow
    atan.o(i.__hardfp_atan) refers to fabs.o(i.fabs) for fabs
    atan.o(i.__hardfp_atan) refers to dadd.o(.text) for __aeabi_dadd
    atan.o(i.__hardfp_atan) refers to dmul.o(.text) for __aeabi_dmul
    atan.o(i.__hardfp_atan) refers to ddiv.o(.text) for __aeabi_ddiv
    atan.o(i.__hardfp_atan) refers to poly.o(i.__kernel_poly) for __kernel_poly
    atan.o(i.__hardfp_atan) refers to atan.o(.constdata) for .constdata
    atan.o(i.__softfp_atan) refers (Special) to iusefp.o(.text) for __I$use$fp
    atan.o(i.__softfp_atan) refers to atan.o(i.__hardfp_atan) for __hardfp_atan
    atan.o(i.atan) refers (Special) to iusefp.o(.text) for __I$use$fp
    atan.o(i.atan) refers to atan.o(i.__hardfp_atan) for __hardfp_atan
    atan.o(.constdata) refers (Special) to iusefp.o(.text) for __I$use$fp
    atan_x.o(i.____hardfp_atan$lsc) refers (Special) to iusefp.o(.text) for __I$use$fp
    atan_x.o(i.____hardfp_atan$lsc) refers to dunder.o(i.__mathlib_dbl_infnan) for __mathlib_dbl_infnan
    atan_x.o(i.____hardfp_atan$lsc) refers to fabs.o(i.fabs) for fabs
    atan_x.o(i.____hardfp_atan$lsc) refers to dadd.o(.text) for __aeabi_dadd
    atan_x.o(i.____hardfp_atan$lsc) refers to dmul.o(.text) for __aeabi_dmul
    atan_x.o(i.____hardfp_atan$lsc) refers to ddiv.o(.text) for __aeabi_ddiv
    atan_x.o(i.____hardfp_atan$lsc) refers to poly.o(i.__kernel_poly) for __kernel_poly
    atan_x.o(i.____hardfp_atan$lsc) refers to atan_x.o(.constdata) for .constdata
    atan_x.o(i.____softfp_atan$lsc) refers (Special) to iusefp.o(.text) for __I$use$fp
    atan_x.o(i.____softfp_atan$lsc) refers to atan_x.o(i.____hardfp_atan$lsc) for ____hardfp_atan$lsc
    atan_x.o(i.__atan$lsc) refers (Special) to iusefp.o(.text) for __I$use$fp
    atan_x.o(i.__atan$lsc) refers to atan_x.o(i.____hardfp_atan$lsc) for ____hardfp_atan$lsc
    atan_x.o(.constdata) refers (Special) to iusefp.o(.text) for __I$use$fp
    dunder.o(i.__mathlib_dbl_divzero) refers to ddiv.o(.text) for __aeabi_ddiv
    dunder.o(i.__mathlib_dbl_infnan) refers to dadd.o(.text) for __aeabi_dadd
    dunder.o(i.__mathlib_dbl_infnan2) refers to dadd.o(.text) for __aeabi_dadd
    dunder.o(i.__mathlib_dbl_invalid) refers to ddiv.o(.text) for __aeabi_ddiv
    dunder.o(i.__mathlib_dbl_overflow) refers to dmul.o(.text) for __aeabi_dmul
    dunder.o(i.__mathlib_dbl_posinfnan) refers to dmul.o(.text) for __aeabi_dmul
    dunder.o(i.__mathlib_dbl_underflow) refers to dmul.o(.text) for __aeabi_dmul
    fabs.o(i.__hardfp_fabs) refers (Special) to iusefp.o(.text) for __I$use$fp
    fabs.o(i.__softfp_fabs) refers (Special) to iusefp.o(.text) for __I$use$fp
    fabs.o(i.fabs) refers (Special) to iusefp.o(.text) for __I$use$fp
    fpclassify.o(i.__ARM_fpclassify) refers (Special) to iusefp.o(.text) for __I$use$fp
    poly.o(i.__kernel_poly) refers (Special) to iusefp.o(.text) for __I$use$fp
    poly.o(i.__kernel_poly) refers to dmul.o(.text) for __aeabi_dmul
    poly.o(i.__kernel_poly) refers to dadd.o(.text) for __aeabi_dadd
    qnan.o(.constdata) refers (Special) to iusefp.o(.text) for __I$use$fp
    sqrt.o(i.__hardfp_sqrt) refers (Special) to iusefp.o(.text) for __I$use$fp
    sqrt.o(i.__hardfp_sqrt) refers to dsqrt.o(.text) for _dsqrt
    sqrt.o(i.__hardfp_sqrt) refers to errno.o(i.__set_errno) for __set_errno
    sqrt.o(i.__softfp_sqrt) refers (Special) to iusefp.o(.text) for __I$use$fp
    sqrt.o(i.__softfp_sqrt) refers to dsqrt.o(.text) for _dsqrt
    sqrt.o(i.__softfp_sqrt) refers to errno.o(i.__set_errno) for __set_errno
    sqrt.o(i.sqrt) refers (Special) to iusefp.o(.text) for __I$use$fp
    sqrt.o(i.sqrt) refers to dsqrt.o(.text) for _dsqrt
    sqrt.o(i.sqrt) refers to errno.o(i.__set_errno) for __set_errno
    sqrt_x.o(i.____hardfp_sqrt$lsc) refers (Special) to iusefp.o(.text) for __I$use$fp
    sqrt_x.o(i.____hardfp_sqrt$lsc) refers to cdcmple.o(.text) for __aeabi_cdcmple
    sqrt_x.o(i.____hardfp_sqrt$lsc) refers to errno.o(i.__set_errno) for __set_errno
    sqrt_x.o(i.____hardfp_sqrt$lsc) refers to dsqrt.o(.text) for _dsqrt
    sqrt_x.o(i.____softfp_sqrt$lsc) refers (Special) to iusefp.o(.text) for __I$use$fp
    sqrt_x.o(i.____softfp_sqrt$lsc) refers to cdcmple.o(.text) for __aeabi_cdcmple
    sqrt_x.o(i.____softfp_sqrt$lsc) refers to errno.o(i.__set_errno) for __set_errno
    sqrt_x.o(i.____softfp_sqrt$lsc) refers to dsqrt.o(.text) for _dsqrt
    sqrt_x.o(i.__sqrt$lsc) refers (Special) to iusefp.o(.text) for __I$use$fp
    sqrt_x.o(i.__sqrt$lsc) refers to cdcmple.o(.text) for __aeabi_cdcmple
    sqrt_x.o(i.__sqrt$lsc) refers to errno.o(i.__set_errno) for __set_errno
    sqrt_x.o(i.__sqrt$lsc) refers to dsqrt.o(.text) for _dsqrt
    entry2.o(.ARM.Collect$$$$00000001) refers to entry2.o(.ARM.Collect$$$$00002712) for __lit__00000000
    entry2.o(.ARM.Collect$$$$00002712) refers to startup_stm32l476xx.o(STACK) for __initial_sp
    entry2.o(__vectab_stack_and_reset_area) refers to startup_stm32l476xx.o(STACK) for __initial_sp
    entry2.o(__vectab_stack_and_reset_area) refers to entry.o(.ARM.Collect$$$$00000000) for __main
    entry5.o(.ARM.Collect$$$$00000004) refers to init.o(.text) for __scatterload
    entry9a.o(.ARM.Collect$$$$0000000B) refers to main.o(i.main) for main
    entry9b.o(.ARM.Collect$$$$0000000C) refers to main.o(i.main) for main
    errno.o(i.__aeabi_errno_addr) refers to errno.o(.data) for .data
    errno.o(i.__read_errno) refers to errno.o(.data) for .data
    errno.o(i.__set_errno) refers to errno.o(.data) for .data
    scanf_char.o(.text) refers to _scanf.o(.text) for __vfscanf
    scanf_char.o(.text) refers to isspace_c.o(.text) for isspace
    depilogue.o(.text) refers to llshl.o(.text) for __aeabi_llsl
    depilogue.o(.text) refers to llushr.o(.text) for __aeabi_llsr
    dadd.o(.text) refers to llshl.o(.text) for __aeabi_llsl
    dadd.o(.text) refers to llsshr.o(.text) for __aeabi_lasr
    dadd.o(.text) refers to depilogue.o(.text) for _double_epilogue
    dfixul.o(.text) refers to llushr.o(.text) for __aeabi_llsr
    dfixul.o(.text) refers to llshl.o(.text) for __aeabi_llsl
    init.o(.text) refers to entry5.o(.ARM.Collect$$$$00000004) for __main_after_scatterload
    isspace_c.o(.text) refers to ctype_c.o(.text) for __ctype_lookup
    _scanf.o(.text) refers (Weak) to _scanf_int.o(.text) for _scanf_int
    dsqrt.o(.text) refers to llushr.o(.text) for __aeabi_llsr
    dsqrt.o(.text) refers to depilogue.o(.text) for _double_round
    ctype_c.o(.text) refers to ctype_c.o(.constdata) for .constdata


==============================================================================

Removing Unused input sections from the image.

    Removing startup_stm32l476xx.o(HEAP), (512 bytes).
    Removing ec20.o(.rev16_text), (4 bytes).
    Removing ec20.o(.revsh_text), (4 bytes).
    Removing ec20.o(.rrx_text), (6 bytes).
    Removing ec20.o(i.EC20_SendTest), (16 bytes).
    Removing ec20.o(i.EC20_UART_PROT_INIT), (112 bytes).
    Removing ec20.o(i.EC20_USART_SMIP_Interrupt), (52 bytes).
    Removing ec20.o(i.EC20_call), (48 bytes).
    Removing ec20.o(i.EC20_init), (52 bytes).
    Removing ec20.o(i.EC20_send_data), (64 bytes).
    Removing ec20.o(i.EC20_send_message), (318 bytes).
    Removing ec20.o(i.EC20_sendmsg), (144 bytes).
    Removing ec20.o(i.EC20_start_up), (84 bytes).
    Removing ec20.o(i.EC20_uart4_receive), (116 bytes).
    Removing ec20.o(i.EC20_uart4_send), (68 bytes).
    Removing ec20.o(i.EC20_uart_SendAndReceive), (148 bytes).
    Removing ec20.o(i.Get_IMEI), (348 bytes).
    Removing ec20.o(i.tcp_connect_sever), (96 bytes).
    Removing ec20.o(i.wait), (108 bytes).
    Removing ec20.o(.bss), (1048 bytes).
    Removing ec20.o(.conststring), (212 bytes).
    Removing ec20.o(.data), (52 bytes).
    Removing mp9250.o(.rev16_text), (4 bytes).
    Removing mp9250.o(.revsh_text), (4 bytes).
    Removing mp9250.o(.rrx_text), (6 bytes).
    Removing mp9250.o(i.READ_MPU9250_ACCEL), (96 bytes).
    Removing mp9250.o(i.READ_MPU9250_GYRO), (152 bytes).
    Removing mp9250.o(i.READ_MPU9250_MAG), (180 bytes).
    Removing mp9250.o(i.i2c_Mag_read), (48 bytes).
    Removing mp9250.o(.bss), (18 bytes).
    Removing mp9250.o(.data), (6 bytes).
    Removing outputdata.o(.rev16_text), (4 bytes).
    Removing outputdata.o(.revsh_text), (4 bytes).
    Removing outputdata.o(.rrx_text), (6 bytes).
    Removing outputdata.o(i.CRC_CHECK), (52 bytes).
    Removing outputdata.o(i.OutPut_Data), (136 bytes).
    Removing outputdata.o(i.convertStrToUnChar), (82 bytes).
    Removing outputdata.o(i.convertUnCharToStr), (44 bytes).
    Removing outputdata.o(.bss), (16 bytes).
    Removing outputdata.o(.bss), (16 bytes).
    Removing bmp280.o(i.bmp280_compensate_pressure_int32), (164 bytes).
    Removing bmp280.o(i.bmp280_compensate_pressure_int64), (362 bytes).
    Removing bmp280.o(i.bmp280_compensate_temperature_int32), (56 bytes).
    Removing bmp280.o(i.bmp280_compute_wait_time), (60 bytes).
    Removing bmp280.o(i.bmp280_get_calib_param), (204 bytes).
    Removing bmp280.o(i.bmp280_get_filter), (52 bytes).
    Removing bmp280.o(i.bmp280_get_forced_uncomp_pressure_temperature), (100 bytes).
    Removing bmp280.o(i.bmp280_get_oversamp_pressure), (56 bytes).
    Removing bmp280.o(i.bmp280_get_oversamp_temperature), (56 bytes).
    Removing bmp280.o(i.bmp280_get_power_mode), (52 bytes).
    Removing bmp280.o(i.bmp280_get_spi3), (52 bytes).
    Removing bmp280.o(i.bmp280_get_standby_durn), (52 bytes).
    Removing bmp280.o(i.bmp280_init), (88 bytes).
    Removing bmp280.o(i.bmp280_read_pressure_temperature), (60 bytes).
    Removing bmp280.o(i.bmp280_read_register), (40 bytes).
    Removing bmp280.o(i.bmp280_read_uncomp_pressure), (64 bytes).
    Removing bmp280.o(i.bmp280_read_uncomp_pressure_temperature), (96 bytes).
    Removing bmp280.o(i.bmp280_read_uncomp_temperature), (64 bytes).
    Removing bmp280.o(i.bmp280_set_filter), (76 bytes).
    Removing bmp280.o(i.bmp280_set_oversamp_pressure), (80 bytes).
    Removing bmp280.o(i.bmp280_set_oversamp_temperature), (80 bytes).
    Removing bmp280.o(i.bmp280_set_power_mode), (64 bytes).
    Removing bmp280.o(i.bmp280_set_soft_rst), (40 bytes).
    Removing bmp280.o(i.bmp280_set_spi3), (76 bytes).
    Removing bmp280.o(i.bmp280_set_standby_durn), (76 bytes).
    Removing bmp280.o(i.bmp280_set_work_mode), (152 bytes).
    Removing bmp280.o(i.bmp280_write_register), (40 bytes).
    Removing bmp280.o(.data), (4 bytes).
    Removing bmp280_arm.o(.rev16_text), (4 bytes).
    Removing bmp280_arm.o(.revsh_text), (4 bytes).
    Removing bmp280_arm.o(.rrx_text), (6 bytes).
    Removing bmp280_arm.o(i.BMP280_Begin), (128 bytes).
    Removing bmp280_arm.o(i.BMP280_ReadPressure), (88 bytes).
    Removing bmp280_arm.o(i.BMP280_ReadPressure_int64), (48 bytes).
    Removing bmp280_arm.o(i.BMP280_ReadTemperature), (52 bytes).
    Removing bmp280_arm.o(i.BMP280_SPI_bus_read), (96 bytes).
    Removing bmp280_arm.o(i.BMP280_SPI_bus_write), (116 bytes).
    Removing bmp280_arm.o(i.bmp280_compensate_pressure_float), (356 bytes).
    Removing bmp280_arm.o(i.bmp280_compensate_temperature_float), (152 bytes).
    Removing bmp280_arm.o(.bss), (44 bytes).
    Removing main.o(.rev16_text), (4 bytes).
    Removing main.o(.revsh_text), (4 bytes).
    Removing main.o(.rrx_text), (6 bytes).
    Removing main.o(i.Clear_RecvBuf), (20 bytes).
    Removing main.o(i.Delay), (20 bytes).
    Removing main.o(i.EC20_Receive), (264 bytes).
    Removing main.o(i.EC20_Transmit), (28 bytes).
    Removing main.o(i.EC20_Transmit_Printf), (28 bytes).
    Removing main.o(i.HAL_UART_ErrorCallback), (2 bytes).
    Removing main.o(i.HAL_UART_RxCpltCallback), (12 bytes).
    Removing main.o(i.HAL_UART_TxCpltCallback), (12 bytes).
    Removing main.o(i.Init_MPU6050), (86 bytes).
    Removing main.o(i.getaccel), (104 bytes).
    Removing main.o(i.getdmplong), (32 bytes).
    Removing main.o(i.getgyro), (104 bytes).
    Removing main.o(i.getquaternion), (108 bytes).
    Removing main.o(i.getyawpitchroll), (312 bytes).
    Removing main.o(i.loadcfgupd), (92 bytes).
    Removing main.o(i.loadfirmware), (64 bytes).
    Removing main.o(i.mpu9250_send_data), (2 bytes).
    Removing main.o(i.readdmp), (40 bytes).
    Removing main.o(i.uartdamget), (116 bytes).
    Removing main.o(.bss), (104 bytes).
    Removing main.o(.bss), (72 bytes).
    Removing main.o(.bss), (36 bytes).
    Removing main.o(.bss), (36 bytes).
    Removing main.o(.bss), (664 bytes).
    Removing main.o(.bss), (10 bytes).
    Removing main.o(.bss), (10 bytes).
    Removing main.o(.bss), (10 bytes).
    Removing main.o(.bss), (10 bytes).
    Removing main.o(.bss), (56 bytes).
    Removing main.o(.bss), (100 bytes).
    Removing main.o(.constdata), (2168 bytes).
    Removing main.o(.conststring), (48 bytes).
    Removing main.o(.data), (4 bytes).
    Removing main.o(.data), (9 bytes).
    Removing main.o(.data), (17 bytes).
    Removing main.o(.data), (11 bytes).
    Removing main.o(.data), (12 bytes).
    Removing main.o(.data), (6 bytes).
    Removing main.o(.data), (24 bytes).
    Removing main.o(.data), (12 bytes).
    Removing main.o(.data), (5 bytes).
    Removing main.o(.data), (12 bytes).
    Removing main.o(.data), (14 bytes).
    Removing main.o(.data), (29 bytes).
    Removing main.o(.data), (9 bytes).
    Removing main.o(.data), (15 bytes).
    Removing main.o(.data), (48 bytes).
    Removing main.o(.data), (14 bytes).
    Removing main.o(.data), (15 bytes).
    Removing main.o(.data), (11 bytes).
    Removing main.o(.data), (20 bytes).
    Removing main.o(.data), (11 bytes).
    Removing main.o(.data), (12 bytes).
    Removing main.o(.data), (16 bytes).
    Removing main.o(.data), (4 bytes).
    Removing stm32l4xx_it.o(.rev16_text), (4 bytes).
    Removing stm32l4xx_it.o(.revsh_text), (4 bytes).
    Removing stm32l4xx_it.o(.rrx_text), (6 bytes).
    Removing stm32l4xx_hal_msp.o(.rev16_text), (4 bytes).
    Removing stm32l4xx_hal_msp.o(.revsh_text), (4 bytes).
    Removing stm32l4xx_hal_msp.o(.rrx_text), (6 bytes).
    Removing stm32l4xx_hal_msp.o(i.HAL_ADC_MspDeInit), (48 bytes).
    Removing stm32l4xx_hal_msp.o(i.HAL_ADC_MspInit), (148 bytes).
    Removing stm32l4xx_hal_msp.o(i.HAL_CRC_MspDeInit), (28 bytes).
    Removing stm32l4xx_hal_msp.o(i.HAL_CRC_MspInit), (40 bytes).
    Removing stm32l4xx_hal_msp.o(i.HAL_HCD_MspDeInit), (80 bytes).
    Removing stm32l4xx_hal_msp.o(i.HAL_HCD_MspInit), (112 bytes).
    Removing stm32l4xx_hal_msp.o(i.HAL_QSPI_MspDeInit), (64 bytes).
    Removing stm32l4xx_hal_msp.o(i.HAL_RTC_MspDeInit), (32 bytes).
    Removing stm32l4xx_hal_msp.o(i.HAL_RTC_MspInit), (32 bytes).
    Removing stm32l4xx_hal_msp.o(i.HAL_SPI_MspDeInit), (100 bytes).
    Removing stm32l4xx_hal_msp.o(i.HAL_UART_MspDeInit), (168 bytes).
    Removing usart.o(.rev16_text), (4 bytes).
    Removing usart.o(.revsh_text), (4 bytes).
    Removing usart.o(.rrx_text), (6 bytes).
    Removing stm32l4xx_ll_dma.o(.rev16_text), (4 bytes).
    Removing stm32l4xx_ll_dma.o(.revsh_text), (4 bytes).
    Removing stm32l4xx_ll_dma.o(.rrx_text), (6 bytes).
    Removing stm32l4xx_ll_dma.o(i.LL_DMA_DeInit), (320 bytes).
    Removing stm32l4xx_ll_dma.o(i.LL_DMA_Init), (100 bytes).
    Removing stm32l4xx_ll_dma.o(i.LL_DMA_SetPeriphRequest), (30 bytes).
    Removing stm32l4xx_ll_dma.o(i.LL_DMA_StructInit), (26 bytes).
    Removing stm32l4xx_ll_dma.o(.constdata), (7 bytes).
    Removing stm32l4xx_ll_exti.o(.rev16_text), (4 bytes).
    Removing stm32l4xx_ll_exti.o(.revsh_text), (4 bytes).
    Removing stm32l4xx_ll_exti.o(.rrx_text), (6 bytes).
    Removing stm32l4xx_ll_exti.o(i.LL_EXTI_DeInit), (76 bytes).
    Removing stm32l4xx_ll_exti.o(i.LL_EXTI_Init), (316 bytes).
    Removing stm32l4xx_ll_exti.o(i.LL_EXTI_StructInit), (16 bytes).
    Removing stm32l4xx_ll_gpio.o(.rev16_text), (4 bytes).
    Removing stm32l4xx_ll_gpio.o(.revsh_text), (4 bytes).
    Removing stm32l4xx_ll_gpio.o(.rrx_text), (6 bytes).
    Removing stm32l4xx_ll_gpio.o(i.LL_AHB2_GRP1_ForceReset), (16 bytes).
    Removing stm32l4xx_ll_gpio.o(i.LL_AHB2_GRP1_ReleaseReset), (16 bytes).
    Removing stm32l4xx_ll_gpio.o(i.LL_GPIO_DeInit), (172 bytes).
    Removing stm32l4xx_ll_gpio.o(i.LL_GPIO_StructInit), (22 bytes).
    Removing stm32l4xx_ll_pwr.o(.rev16_text), (4 bytes).
    Removing stm32l4xx_ll_pwr.o(.revsh_text), (4 bytes).
    Removing stm32l4xx_ll_pwr.o(.rrx_text), (6 bytes).
    Removing stm32l4xx_ll_pwr.o(i.LL_PWR_DeInit), (28 bytes).
    Removing stm32l4xx_ll_rcc.o(.rev16_text), (4 bytes).
    Removing stm32l4xx_ll_rcc.o(.revsh_text), (4 bytes).
    Removing stm32l4xx_ll_rcc.o(.rrx_text), (6 bytes).
    Removing stm32l4xx_ll_rcc.o(i.LL_RCC_DeInit), (120 bytes).
    Removing stm32l4xx_ll_rcc.o(i.LL_RCC_GetADCClockFreq), (80 bytes).
    Removing stm32l4xx_ll_rcc.o(i.LL_RCC_GetDFSDMClockFreq), (44 bytes).
    Removing stm32l4xx_ll_rcc.o(i.LL_RCC_GetI2CClockFreq), (108 bytes).
    Removing stm32l4xx_ll_rcc.o(i.LL_RCC_GetI2CClockSource), (32 bytes).
    Removing stm32l4xx_ll_rcc.o(i.LL_RCC_GetLPTIMClockFreq), (156 bytes).
    Removing stm32l4xx_ll_rcc.o(i.LL_RCC_GetLPUARTClockFreq), (84 bytes).
    Removing stm32l4xx_ll_rcc.o(i.LL_RCC_GetRNGClockFreq), (136 bytes).
    Removing stm32l4xx_ll_rcc.o(i.LL_RCC_GetSAIClockFreq), (156 bytes).
    Removing stm32l4xx_ll_rcc.o(i.LL_RCC_GetSDMMCClockFreq), (136 bytes).
    Removing stm32l4xx_ll_rcc.o(i.LL_RCC_GetSWPMIClockFreq), (56 bytes).
    Removing stm32l4xx_ll_rcc.o(i.LL_RCC_GetSystemClocksFreq), (32 bytes).
    Removing stm32l4xx_ll_rcc.o(i.LL_RCC_GetUSBClockFreq), (136 bytes).
    Removing stm32l4xx_ll_rcc.o(i.LL_RCC_MSI_IsReady), (16 bytes).
    Removing stm32l4xx_ll_rcc.o(i.LL_RCC_PLLSAI1_IsReady), (16 bytes).
    Removing stm32l4xx_ll_rcc.o(i.LL_RCC_PLL_IsReady), (16 bytes).
    Removing stm32l4xx_ll_rcc.o(i.RCC_PLLSAI1_GetFreqDomain_48M), (140 bytes).
    Removing stm32l4xx_ll_rcc.o(i.RCC_PLLSAI1_GetFreqDomain_ADC), (140 bytes).
    Removing stm32l4xx_ll_rcc.o(i.RCC_PLLSAI1_GetFreqDomain_SAI), (144 bytes).
    Removing stm32l4xx_ll_rcc.o(i.RCC_PLLSAI2_GetFreqDomain_ADC), (140 bytes).
    Removing stm32l4xx_ll_rcc.o(i.RCC_PLLSAI2_GetFreqDomain_SAI), (144 bytes).
    Removing stm32l4xx_ll_rcc.o(i.RCC_PLL_GetFreqDomain_48M), (140 bytes).
    Removing stm32l4xx_ll_rcc.o(i.RCC_PLL_GetFreqDomain_SAI), (144 bytes).
    Removing stm32l4xx_ll_usart.o(.rev16_text), (4 bytes).
    Removing stm32l4xx_ll_usart.o(.revsh_text), (4 bytes).
    Removing stm32l4xx_ll_usart.o(.rrx_text), (6 bytes).
    Removing stm32l4xx_ll_usart.o(i.LL_APB1_GRP1_ForceReset), (16 bytes).
    Removing stm32l4xx_ll_usart.o(i.LL_APB1_GRP1_ReleaseReset), (16 bytes).
    Removing stm32l4xx_ll_usart.o(i.LL_USART_ClockInit), (56 bytes).
    Removing stm32l4xx_ll_usart.o(i.LL_USART_ClockStructInit), (12 bytes).
    Removing stm32l4xx_ll_usart.o(i.LL_USART_DeInit), (120 bytes).
    Removing stm32l4xx_ll_usart.o(i.LL_USART_StructInit), (24 bytes).
    Removing stm32l4xx_hal_adc.o(.rev16_text), (4 bytes).
    Removing stm32l4xx_hal_adc.o(.revsh_text), (4 bytes).
    Removing stm32l4xx_hal_adc.o(.rrx_text), (6 bytes).
    Removing stm32l4xx_hal_adc.o(i.ADC_ConversionStop), (196 bytes).
    Removing stm32l4xx_hal_adc.o(i.ADC_DMAConvCplt), (104 bytes).
    Removing stm32l4xx_hal_adc.o(i.ADC_DMAError), (26 bytes).
    Removing stm32l4xx_hal_adc.o(i.ADC_DMAHalfConvCplt), (10 bytes).
    Removing stm32l4xx_hal_adc.o(i.ADC_Disable), (104 bytes).
    Removing stm32l4xx_hal_adc.o(i.ADC_Enable), (152 bytes).
    Removing stm32l4xx_hal_adc.o(i.HAL_ADC_AnalogWDGConfig), (546 bytes).
    Removing stm32l4xx_hal_adc.o(i.HAL_ADC_ConfigChannel), (1200 bytes).
    Removing stm32l4xx_hal_adc.o(i.HAL_ADC_ConvCpltCallback), (2 bytes).
    Removing stm32l4xx_hal_adc.o(i.HAL_ADC_ConvHalfCpltCallback), (2 bytes).
    Removing stm32l4xx_hal_adc.o(i.HAL_ADC_DeInit), (480 bytes).
    Removing stm32l4xx_hal_adc.o(i.HAL_ADC_ErrorCallback), (2 bytes).
    Removing stm32l4xx_hal_adc.o(i.HAL_ADC_GetError), (4 bytes).
    Removing stm32l4xx_hal_adc.o(i.HAL_ADC_GetState), (4 bytes).
    Removing stm32l4xx_hal_adc.o(i.HAL_ADC_GetValue), (6 bytes).
    Removing stm32l4xx_hal_adc.o(i.HAL_ADC_IRQHandler), (648 bytes).
    Removing stm32l4xx_hal_adc.o(i.HAL_ADC_Init), (536 bytes).
    Removing stm32l4xx_hal_adc.o(i.HAL_ADC_LevelOutOfWindowCallback), (2 bytes).
    Removing stm32l4xx_hal_adc.o(i.HAL_ADC_MspDeInit), (2 bytes).
    Removing stm32l4xx_hal_adc.o(i.HAL_ADC_MspInit), (2 bytes).
    Removing stm32l4xx_hal_adc.o(i.HAL_ADC_PollForConversion), (296 bytes).
    Removing stm32l4xx_hal_adc.o(i.HAL_ADC_PollForEvent), (190 bytes).
    Removing stm32l4xx_hal_adc.o(i.HAL_ADC_Start), (240 bytes).
    Removing stm32l4xx_hal_adc.o(i.HAL_ADC_Start_DMA), (276 bytes).
    Removing stm32l4xx_hal_adc.o(i.HAL_ADC_Start_IT), (368 bytes).
    Removing stm32l4xx_hal_adc.o(i.HAL_ADC_Stop), (62 bytes).
    Removing stm32l4xx_hal_adc.o(i.HAL_ADC_Stop_DMA), (116 bytes).
    Removing stm32l4xx_hal_adc.o(i.HAL_ADC_Stop_IT), (72 bytes).
    Removing stm32l4xx_hal_adc.o(i.LL_ADC_ConfigAnalogWDThresholds), (40 bytes).
    Removing stm32l4xx_hal_adc.o(i.LL_ADC_GetOffsetChannel), (12 bytes).
    Removing stm32l4xx_hal_adc.o(i.LL_ADC_REG_IsConversionOngoing), (8 bytes).
    Removing stm32l4xx_hal_adc.o(i.LL_ADC_SetAnalogWDMonitChannels), (56 bytes).
    Removing stm32l4xx_hal_adc.o(i.LL_ADC_SetChannelSamplingTime), (70 bytes).
    Removing stm32l4xx_hal_adc.o(i.LL_ADC_SetOffsetState), (16 bytes).
    Removing stm32l4xx_hal_adc_ex.o(.rev16_text), (4 bytes).
    Removing stm32l4xx_hal_adc_ex.o(.revsh_text), (4 bytes).
    Removing stm32l4xx_hal_adc_ex.o(.rrx_text), (6 bytes).
    Removing stm32l4xx_hal_adc_ex.o(i.HAL_ADCEx_Calibration_GetValue), (28 bytes).
    Removing stm32l4xx_hal_adc_ex.o(i.HAL_ADCEx_Calibration_SetValue), (108 bytes).
    Removing stm32l4xx_hal_adc_ex.o(i.HAL_ADCEx_Calibration_Start), (134 bytes).
    Removing stm32l4xx_hal_adc_ex.o(i.HAL_ADCEx_DisableInjectedQueue), (26 bytes).
    Removing stm32l4xx_hal_adc_ex.o(i.HAL_ADCEx_DisableVoltageRegulator), (34 bytes).
    Removing stm32l4xx_hal_adc_ex.o(i.HAL_ADCEx_EnableInjectedQueue), (34 bytes).
    Removing stm32l4xx_hal_adc_ex.o(i.HAL_ADCEx_EndOfSamplingCallback), (2 bytes).
    Removing stm32l4xx_hal_adc_ex.o(i.HAL_ADCEx_EnterADCDeepPowerDownMode), (34 bytes).
    Removing stm32l4xx_hal_adc_ex.o(i.HAL_ADCEx_InjectedConfigChannel), (1376 bytes).
    Removing stm32l4xx_hal_adc_ex.o(i.HAL_ADCEx_InjectedConvCpltCallback), (2 bytes).
    Removing stm32l4xx_hal_adc_ex.o(i.HAL_ADCEx_InjectedGetValue), (46 bytes).
    Removing stm32l4xx_hal_adc_ex.o(i.HAL_ADCEx_InjectedPollForConversion), (220 bytes).
    Removing stm32l4xx_hal_adc_ex.o(i.HAL_ADCEx_InjectedQueueOverflowCallback), (2 bytes).
    Removing stm32l4xx_hal_adc_ex.o(i.HAL_ADCEx_InjectedStart), (228 bytes).
    Removing stm32l4xx_hal_adc_ex.o(i.HAL_ADCEx_InjectedStart_IT), (284 bytes).
    Removing stm32l4xx_hal_adc_ex.o(i.HAL_ADCEx_InjectedStop), (84 bytes).
    Removing stm32l4xx_hal_adc_ex.o(i.HAL_ADCEx_InjectedStop_IT), (94 bytes).
    Removing stm32l4xx_hal_adc_ex.o(i.HAL_ADCEx_LevelOutOfWindow2Callback), (2 bytes).
    Removing stm32l4xx_hal_adc_ex.o(i.HAL_ADCEx_LevelOutOfWindow3Callback), (2 bytes).
    Removing stm32l4xx_hal_adc_ex.o(i.HAL_ADCEx_MultiModeConfigChannel), (240 bytes).
    Removing stm32l4xx_hal_adc_ex.o(i.HAL_ADCEx_MultiModeGetValue), (12 bytes).
    Removing stm32l4xx_hal_adc_ex.o(i.HAL_ADCEx_MultiModeStart_DMA), (212 bytes).
    Removing stm32l4xx_hal_adc_ex.o(i.HAL_ADCEx_MultiModeStop_DMA), (204 bytes).
    Removing stm32l4xx_hal_adc_ex.o(i.HAL_ADCEx_RegularMultiModeStop_DMA), (224 bytes).
    Removing stm32l4xx_hal_adc_ex.o(i.HAL_ADCEx_RegularStop), (92 bytes).
    Removing stm32l4xx_hal_adc_ex.o(i.HAL_ADCEx_RegularStop_DMA), (138 bytes).
    Removing stm32l4xx_hal_adc_ex.o(i.HAL_ADCEx_RegularStop_IT), (102 bytes).
    Removing stm32l4xx_hal_adc_ex.o(i.LL_ADC_GetOffsetChannel), (12 bytes).
    Removing stm32l4xx_hal_adc_ex.o(i.LL_ADC_INJ_IsConversionOngoing), (8 bytes).
    Removing stm32l4xx_hal_adc_ex.o(i.LL_ADC_REG_IsConversionOngoing), (8 bytes).
    Removing stm32l4xx_hal_adc_ex.o(i.LL_ADC_SetChannelSamplingTime), (70 bytes).
    Removing stm32l4xx_hal_adc_ex.o(i.LL_ADC_SetOffsetState), (16 bytes).
    Removing stm32l4xx_hal_crc.o(.rev16_text), (4 bytes).
    Removing stm32l4xx_hal_crc.o(.revsh_text), (4 bytes).
    Removing stm32l4xx_hal_crc.o(.rrx_text), (6 bytes).
    Removing stm32l4xx_hal_crc.o(i.CRC_Handle_16), (48 bytes).
    Removing stm32l4xx_hal_crc.o(i.CRC_Handle_8), (102 bytes).
    Removing stm32l4xx_hal_crc.o(i.HAL_CRC_Accumulate), (90 bytes).
    Removing stm32l4xx_hal_crc.o(i.HAL_CRC_Calculate), (102 bytes).
    Removing stm32l4xx_hal_crc.o(i.HAL_CRC_DeInit), (52 bytes).
    Removing stm32l4xx_hal_crc.o(i.HAL_CRC_GetState), (4 bytes).
    Removing stm32l4xx_hal_crc.o(i.HAL_CRC_Init), (116 bytes).
    Removing stm32l4xx_hal_crc.o(i.HAL_CRC_MspDeInit), (2 bytes).
    Removing stm32l4xx_hal_crc.o(i.HAL_CRC_MspInit), (2 bytes).
    Removing stm32l4xx_hal_crc_ex.o(.rev16_text), (4 bytes).
    Removing stm32l4xx_hal_crc_ex.o(.revsh_text), (4 bytes).
    Removing stm32l4xx_hal_crc_ex.o(.rrx_text), (6 bytes).
    Removing stm32l4xx_hal_crc_ex.o(i.HAL_CRCEx_Input_Data_Reverse), (24 bytes).
    Removing stm32l4xx_hal_crc_ex.o(i.HAL_CRCEx_Output_Data_Reverse), (24 bytes).
    Removing stm32l4xx_hal_crc_ex.o(i.HAL_CRCEx_Polynomial_Set), (74 bytes).
    Removing stm32l4xx_hal_qspi.o(.rev16_text), (4 bytes).
    Removing stm32l4xx_hal_qspi.o(.revsh_text), (4 bytes).
    Removing stm32l4xx_hal_qspi.o(.rrx_text), (6 bytes).
    Removing stm32l4xx_hal_qspi.o(i.HAL_QSPI_Abort), (124 bytes).
    Removing stm32l4xx_hal_qspi.o(i.HAL_QSPI_AbortCpltCallback), (2 bytes).
    Removing stm32l4xx_hal_qspi.o(i.HAL_QSPI_Abort_IT), (96 bytes).
    Removing stm32l4xx_hal_qspi.o(i.HAL_QSPI_AutoPolling), (178 bytes).
    Removing stm32l4xx_hal_qspi.o(i.HAL_QSPI_AutoPolling_IT), (160 bytes).
    Removing stm32l4xx_hal_qspi.o(i.HAL_QSPI_CmdCpltCallback), (2 bytes).
    Removing stm32l4xx_hal_qspi.o(i.HAL_QSPI_Command), (140 bytes).
    Removing stm32l4xx_hal_qspi.o(i.HAL_QSPI_Command_IT), (128 bytes).
    Removing stm32l4xx_hal_qspi.o(i.HAL_QSPI_DeInit), (58 bytes).
    Removing stm32l4xx_hal_qspi.o(i.HAL_QSPI_ErrorCallback), (2 bytes).
    Removing stm32l4xx_hal_qspi.o(i.HAL_QSPI_FifoThresholdCallback), (2 bytes).
    Removing stm32l4xx_hal_qspi.o(i.HAL_QSPI_GetError), (4 bytes).
    Removing stm32l4xx_hal_qspi.o(i.HAL_QSPI_GetFifoThreshold), (12 bytes).
    Removing stm32l4xx_hal_qspi.o(i.HAL_QSPI_GetState), (6 bytes).
    Removing stm32l4xx_hal_qspi.o(i.HAL_QSPI_IRQHandler), (476 bytes).
    Removing stm32l4xx_hal_qspi.o(i.HAL_QSPI_MemoryMapped), (140 bytes).
    Removing stm32l4xx_hal_qspi.o(i.HAL_QSPI_MspDeInit), (2 bytes).
    Removing stm32l4xx_hal_qspi.o(i.HAL_QSPI_MspInit), (2 bytes).
    Removing stm32l4xx_hal_qspi.o(i.HAL_QSPI_Receive), (200 bytes).
    Removing stm32l4xx_hal_qspi.o(i.HAL_QSPI_Receive_DMA), (252 bytes).
    Removing stm32l4xx_hal_qspi.o(i.HAL_QSPI_Receive_IT), (120 bytes).
    Removing stm32l4xx_hal_qspi.o(i.HAL_QSPI_RxCpltCallback), (2 bytes).
    Removing stm32l4xx_hal_qspi.o(i.HAL_QSPI_RxHalfCpltCallback), (2 bytes).
    Removing stm32l4xx_hal_qspi.o(i.HAL_QSPI_SetFifoThreshold), (66 bytes).
    Removing stm32l4xx_hal_qspi.o(i.HAL_QSPI_SetTimeout), (4 bytes).
    Removing stm32l4xx_hal_qspi.o(i.HAL_QSPI_StatusMatchCallback), (2 bytes).
    Removing stm32l4xx_hal_qspi.o(i.HAL_QSPI_TimeOutCallback), (2 bytes).
    Removing stm32l4xx_hal_qspi.o(i.HAL_QSPI_Transmit), (192 bytes).
    Removing stm32l4xx_hal_qspi.o(i.HAL_QSPI_Transmit_DMA), (232 bytes).
    Removing stm32l4xx_hal_qspi.o(i.HAL_QSPI_Transmit_IT), (110 bytes).
    Removing stm32l4xx_hal_qspi.o(i.HAL_QSPI_TxCpltCallback), (2 bytes).
    Removing stm32l4xx_hal_qspi.o(i.HAL_QSPI_TxHalfCpltCallback), (2 bytes).
    Removing stm32l4xx_hal_qspi.o(i.QSPI_Config), (350 bytes).
    Removing stm32l4xx_hal_qspi.o(i.QSPI_DMAAbortCplt), (58 bytes).
    Removing stm32l4xx_hal_qspi.o(i.QSPI_DMAError), (30 bytes).
    Removing stm32l4xx_hal_qspi.o(i.QSPI_DMARxCplt), (18 bytes).
    Removing stm32l4xx_hal_qspi.o(i.QSPI_DMARxHalfCplt), (10 bytes).
    Removing stm32l4xx_hal_qspi.o(i.QSPI_DMATxCplt), (18 bytes).
    Removing stm32l4xx_hal_qspi.o(i.QSPI_DMATxHalfCplt), (10 bytes).
    Removing stm32l4xx_hal_rtc.o(.rev16_text), (4 bytes).
    Removing stm32l4xx_hal_rtc.o(.revsh_text), (4 bytes).
    Removing stm32l4xx_hal_rtc.o(.rrx_text), (6 bytes).
    Removing stm32l4xx_hal_rtc.o(i.HAL_RTC_AlarmAEventCallback), (2 bytes).
    Removing stm32l4xx_hal_rtc.o(i.HAL_RTC_AlarmIRQHandler), (116 bytes).
    Removing stm32l4xx_hal_rtc.o(i.HAL_RTC_DeInit), (224 bytes).
    Removing stm32l4xx_hal_rtc.o(i.HAL_RTC_DeactivateAlarm), (186 bytes).
    Removing stm32l4xx_hal_rtc.o(i.HAL_RTC_GetAlarm), (126 bytes).
    Removing stm32l4xx_hal_rtc.o(i.HAL_RTC_GetDate), (68 bytes).
    Removing stm32l4xx_hal_rtc.o(i.HAL_RTC_GetState), (6 bytes).
    Removing stm32l4xx_hal_rtc.o(i.HAL_RTC_GetTime), (88 bytes).
    Removing stm32l4xx_hal_rtc.o(i.HAL_RTC_Init), (184 bytes).
    Removing stm32l4xx_hal_rtc.o(i.HAL_RTC_MspDeInit), (2 bytes).
    Removing stm32l4xx_hal_rtc.o(i.HAL_RTC_MspInit), (2 bytes).
    Removing stm32l4xx_hal_rtc.o(i.HAL_RTC_PollForAlarmAEvent), (70 bytes).
    Removing stm32l4xx_hal_rtc.o(i.HAL_RTC_SetAlarm), (368 bytes).
    Removing stm32l4xx_hal_rtc.o(i.HAL_RTC_SetAlarm_IT), (422 bytes).
    Removing stm32l4xx_hal_rtc.o(i.HAL_RTC_SetDate), (216 bytes).
    Removing stm32l4xx_hal_rtc.o(i.HAL_RTC_SetTime), (248 bytes).
    Removing stm32l4xx_hal_rtc.o(i.HAL_RTC_WaitForSynchro), (54 bytes).
    Removing stm32l4xx_hal_rtc.o(i.RTC_Bcd2ToByte), (18 bytes).
    Removing stm32l4xx_hal_rtc.o(i.RTC_ByteToBcd2), (22 bytes).
    Removing stm32l4xx_hal_rtc.o(i.RTC_EnterInitMode), (58 bytes).
    Removing stm32l4xx_hal_rtc_ex.o(.rev16_text), (4 bytes).
    Removing stm32l4xx_hal_rtc_ex.o(.revsh_text), (4 bytes).
    Removing stm32l4xx_hal_rtc_ex.o(.rrx_text), (6 bytes).
    Removing stm32l4xx_hal_rtc_ex.o(i.HAL_RTCEx_AlarmBEventCallback), (2 bytes).
    Removing stm32l4xx_hal_rtc_ex.o(i.HAL_RTCEx_BKUPRead), (10 bytes).
    Removing stm32l4xx_hal_rtc_ex.o(i.HAL_RTCEx_BKUPWrite), (10 bytes).
    Removing stm32l4xx_hal_rtc_ex.o(i.HAL_RTCEx_DeactivateCalibrationOutPut), (66 bytes).
    Removing stm32l4xx_hal_rtc_ex.o(i.HAL_RTCEx_DeactivateInternalTimeStamp), (66 bytes).
    Removing stm32l4xx_hal_rtc_ex.o(i.HAL_RTCEx_DeactivateRefClock), (110 bytes).
    Removing stm32l4xx_hal_rtc_ex.o(i.HAL_RTCEx_DeactivateTamper), (104 bytes).
    Removing stm32l4xx_hal_rtc_ex.o(i.HAL_RTCEx_DeactivateTimeStamp), (80 bytes).
    Removing stm32l4xx_hal_rtc_ex.o(i.HAL_RTCEx_DeactivateWakeUpTimer), (138 bytes).
    Removing stm32l4xx_hal_rtc_ex.o(i.HAL_RTCEx_DisableBypassShadow), (66 bytes).
    Removing stm32l4xx_hal_rtc_ex.o(i.HAL_RTCEx_EnableBypassShadow), (66 bytes).
    Removing stm32l4xx_hal_rtc_ex.o(i.HAL_RTCEx_GetTimeStamp), (168 bytes).
    Removing stm32l4xx_hal_rtc_ex.o(i.HAL_RTCEx_GetWakeUpTimer), (8 bytes).
    Removing stm32l4xx_hal_rtc_ex.o(i.HAL_RTCEx_PollForAlarmBEvent), (70 bytes).
    Removing stm32l4xx_hal_rtc_ex.o(i.HAL_RTCEx_PollForTamper1Event), (70 bytes).
    Removing stm32l4xx_hal_rtc_ex.o(i.HAL_RTCEx_PollForTamper2Event), (70 bytes).
    Removing stm32l4xx_hal_rtc_ex.o(i.HAL_RTCEx_PollForTamper3Event), (72 bytes).
    Removing stm32l4xx_hal_rtc_ex.o(i.HAL_RTCEx_PollForTimeStampEvent), (84 bytes).
    Removing stm32l4xx_hal_rtc_ex.o(i.HAL_RTCEx_PollForWakeUpTimerEvent), (70 bytes).
    Removing stm32l4xx_hal_rtc_ex.o(i.HAL_RTCEx_SetCalibrationOutPut), (86 bytes).
    Removing stm32l4xx_hal_rtc_ex.o(i.HAL_RTCEx_SetInternalTimeStamp), (66 bytes).
    Removing stm32l4xx_hal_rtc_ex.o(i.HAL_RTCEx_SetRefClock), (110 bytes).
    Removing stm32l4xx_hal_rtc_ex.o(i.HAL_RTCEx_SetSmoothCalib), (152 bytes).
    Removing stm32l4xx_hal_rtc_ex.o(i.HAL_RTCEx_SetSynchroShift), (174 bytes).
    Removing stm32l4xx_hal_rtc_ex.o(i.HAL_RTCEx_SetTamper), (196 bytes).
    Removing stm32l4xx_hal_rtc_ex.o(i.HAL_RTCEx_SetTamper_IT), (228 bytes).
    Removing stm32l4xx_hal_rtc_ex.o(i.HAL_RTCEx_SetTimeStamp), (82 bytes).
    Removing stm32l4xx_hal_rtc_ex.o(i.HAL_RTCEx_SetTimeStamp_IT), (120 bytes).
    Removing stm32l4xx_hal_rtc_ex.o(i.HAL_RTCEx_SetWakeUpTimer), (208 bytes).
    Removing stm32l4xx_hal_rtc_ex.o(i.HAL_RTCEx_SetWakeUpTimer_IT), (262 bytes).
    Removing stm32l4xx_hal_rtc_ex.o(i.HAL_RTCEx_Tamper1EventCallback), (2 bytes).
    Removing stm32l4xx_hal_rtc_ex.o(i.HAL_RTCEx_Tamper2EventCallback), (2 bytes).
    Removing stm32l4xx_hal_rtc_ex.o(i.HAL_RTCEx_Tamper3EventCallback), (2 bytes).
    Removing stm32l4xx_hal_rtc_ex.o(i.HAL_RTCEx_TamperTimeStampIRQHandler), (220 bytes).
    Removing stm32l4xx_hal_rtc_ex.o(i.HAL_RTCEx_TimeStampEventCallback), (2 bytes).
    Removing stm32l4xx_hal_rtc_ex.o(i.HAL_RTCEx_WakeUpTimerEventCallback), (2 bytes).
    Removing stm32l4xx_hal_rtc_ex.o(i.HAL_RTCEx_WakeUpTimerIRQHandler), (52 bytes).
    Removing stm32l4xx_hal_spi.o(.rev16_text), (4 bytes).
    Removing stm32l4xx_hal_spi.o(.revsh_text), (4 bytes).
    Removing stm32l4xx_hal_spi.o(.rrx_text), (6 bytes).
    Removing stm32l4xx_hal_spi.o(i.HAL_SPI_Abort), (352 bytes).
    Removing stm32l4xx_hal_spi.o(i.HAL_SPI_AbortCpltCallback), (2 bytes).
    Removing stm32l4xx_hal_spi.o(i.HAL_SPI_Abort_IT), (348 bytes).
    Removing stm32l4xx_hal_spi.o(i.HAL_SPI_DMAPause), (38 bytes).
    Removing stm32l4xx_hal_spi.o(i.HAL_SPI_DMAResume), (38 bytes).
    Removing stm32l4xx_hal_spi.o(i.HAL_SPI_DMAStop), (40 bytes).
    Removing stm32l4xx_hal_spi.o(i.HAL_SPI_DeInit), (46 bytes).
    Removing stm32l4xx_hal_spi.o(i.HAL_SPI_ErrorCallback), (2 bytes).
    Removing stm32l4xx_hal_spi.o(i.HAL_SPI_GetError), (4 bytes).
    Removing stm32l4xx_hal_spi.o(i.HAL_SPI_GetState), (6 bytes).
    Removing stm32l4xx_hal_spi.o(i.HAL_SPI_IRQHandler), (216 bytes).
    Removing stm32l4xx_hal_spi.o(i.HAL_SPI_MspDeInit), (2 bytes).
    Removing stm32l4xx_hal_spi.o(i.HAL_SPI_MspInit), (2 bytes).
    Removing stm32l4xx_hal_spi.o(i.HAL_SPI_Receive), (372 bytes).
    Removing stm32l4xx_hal_spi.o(i.HAL_SPI_Receive_DMA), (320 bytes).
    Removing stm32l4xx_hal_spi.o(i.HAL_SPI_Receive_IT), (192 bytes).
    Removing stm32l4xx_hal_spi.o(i.HAL_SPI_RxCpltCallback), (2 bytes).
    Removing stm32l4xx_hal_spi.o(i.HAL_SPI_RxHalfCpltCallback), (2 bytes).
    Removing stm32l4xx_hal_spi.o(i.HAL_SPI_Transmit), (380 bytes).
    Removing stm32l4xx_hal_spi.o(i.HAL_SPI_TransmitReceive_DMA), (432 bytes).
    Removing stm32l4xx_hal_spi.o(i.HAL_SPI_TransmitReceive_IT), (200 bytes).
    Removing stm32l4xx_hal_spi.o(i.HAL_SPI_Transmit_DMA), (256 bytes).
    Removing stm32l4xx_hal_spi.o(i.HAL_SPI_Transmit_IT), (148 bytes).
    Removing stm32l4xx_hal_spi.o(i.HAL_SPI_TxCpltCallback), (2 bytes).
    Removing stm32l4xx_hal_spi.o(i.HAL_SPI_TxHalfCpltCallback), (2 bytes).
    Removing stm32l4xx_hal_spi.o(i.HAL_SPI_TxRxCpltCallback), (2 bytes).
    Removing stm32l4xx_hal_spi.o(i.HAL_SPI_TxRxHalfCpltCallback), (2 bytes).
    Removing stm32l4xx_hal_spi.o(i.SPI_2linesRxISR_16BIT), (54 bytes).
    Removing stm32l4xx_hal_spi.o(i.SPI_2linesRxISR_8BIT), (100 bytes).
    Removing stm32l4xx_hal_spi.o(i.SPI_2linesTxISR_16BIT), (50 bytes).
    Removing stm32l4xx_hal_spi.o(i.SPI_2linesTxISR_8BIT), (70 bytes).
    Removing stm32l4xx_hal_spi.o(i.SPI_AbortRx_ISR), (128 bytes).
    Removing stm32l4xx_hal_spi.o(i.SPI_AbortTx_ISR), (124 bytes).
    Removing stm32l4xx_hal_spi.o(i.SPI_CloseRxTx_ISR), (82 bytes).
    Removing stm32l4xx_hal_spi.o(i.SPI_CloseRx_ISR), (64 bytes).
    Removing stm32l4xx_hal_spi.o(i.SPI_CloseTx_ISR), (76 bytes).
    Removing stm32l4xx_hal_spi.o(i.SPI_DMAAbortOnError), (18 bytes).
    Removing stm32l4xx_hal_spi.o(i.SPI_DMAError), (34 bytes).
    Removing stm32l4xx_hal_spi.o(i.SPI_DMAHalfReceiveCplt), (10 bytes).
    Removing stm32l4xx_hal_spi.o(i.SPI_DMAHalfTransmitCplt), (10 bytes).
    Removing stm32l4xx_hal_spi.o(i.SPI_DMAHalfTransmitReceiveCplt), (10 bytes).
    Removing stm32l4xx_hal_spi.o(i.SPI_DMAReceiveCplt), (86 bytes).
    Removing stm32l4xx_hal_spi.o(i.SPI_DMARxAbortCallback), (128 bytes).
    Removing stm32l4xx_hal_spi.o(i.SPI_DMATransmitCplt), (100 bytes).
    Removing stm32l4xx_hal_spi.o(i.SPI_DMATransmitReceiveCplt), (92 bytes).
    Removing stm32l4xx_hal_spi.o(i.SPI_DMATxAbortCallback), (124 bytes).
    Removing stm32l4xx_hal_spi.o(i.SPI_EndRxTransaction), (116 bytes).
    Removing stm32l4xx_hal_spi.o(i.SPI_RxISR_16BIT), (38 bytes).
    Removing stm32l4xx_hal_spi.o(i.SPI_RxISR_8BIT), (36 bytes).
    Removing stm32l4xx_hal_spi.o(i.SPI_TxISR_16BIT), (32 bytes).
    Removing stm32l4xx_hal_spi.o(i.SPI_TxISR_8BIT), (30 bytes).
    Removing stm32l4xx_hal_spi_ex.o(.rev16_text), (4 bytes).
    Removing stm32l4xx_hal_spi_ex.o(.revsh_text), (4 bytes).
    Removing stm32l4xx_hal_spi_ex.o(.rrx_text), (6 bytes).
    Removing stm32l4xx_hal_spi_ex.o(i.HAL_SPIEx_FlushRxFifo), (36 bytes).
    Removing stm32l4xx_hal_tim.o(.rev16_text), (4 bytes).
    Removing stm32l4xx_hal_tim.o(.revsh_text), (4 bytes).
    Removing stm32l4xx_hal_tim.o(.rrx_text), (6 bytes).
    Removing stm32l4xx_hal_tim_ex.o(.rev16_text), (4 bytes).
    Removing stm32l4xx_hal_tim_ex.o(.revsh_text), (4 bytes).
    Removing stm32l4xx_hal_tim_ex.o(.rrx_text), (6 bytes).
    Removing stm32l4xx_hal_uart.o(.rev16_text), (4 bytes).
    Removing stm32l4xx_hal_uart.o(.revsh_text), (4 bytes).
    Removing stm32l4xx_hal_uart.o(.rrx_text), (6 bytes).
    Removing stm32l4xx_hal_uart.o(i.HAL_HalfDuplex_EnableReceiver), (58 bytes).
    Removing stm32l4xx_hal_uart.o(i.HAL_HalfDuplex_EnableTransmitter), (58 bytes).
    Removing stm32l4xx_hal_uart.o(i.HAL_HalfDuplex_Init), (116 bytes).
    Removing stm32l4xx_hal_uart.o(i.HAL_LIN_Init), (140 bytes).
    Removing stm32l4xx_hal_uart.o(i.HAL_LIN_SendBreak), (46 bytes).
    Removing stm32l4xx_hal_uart.o(i.HAL_MultiProcessor_DisableMuteMode), (44 bytes).
    Removing stm32l4xx_hal_uart.o(i.HAL_MultiProcessor_EnableMuteMode), (44 bytes).
    Removing stm32l4xx_hal_uart.o(i.HAL_MultiProcessor_EnterMuteMode), (12 bytes).
    Removing stm32l4xx_hal_uart.o(i.HAL_MultiProcessor_Init), (138 bytes).
    Removing stm32l4xx_hal_uart.o(i.HAL_UART_Abort), (124 bytes).
    Removing stm32l4xx_hal_uart.o(i.HAL_UART_AbortCpltCallback), (2 bytes).
    Removing stm32l4xx_hal_uart.o(i.HAL_UART_AbortReceive), (86 bytes).
    Removing stm32l4xx_hal_uart.o(i.HAL_UART_AbortReceiveCpltCallback), (2 bytes).
    Removing stm32l4xx_hal_uart.o(i.HAL_UART_AbortReceive_IT), (124 bytes).
    Removing stm32l4xx_hal_uart.o(i.HAL_UART_AbortTransmit), (58 bytes).
    Removing stm32l4xx_hal_uart.o(i.HAL_UART_AbortTransmitCpltCallback), (2 bytes).
    Removing stm32l4xx_hal_uart.o(i.HAL_UART_AbortTransmit_IT), (88 bytes).
    Removing stm32l4xx_hal_uart.o(i.HAL_UART_Abort_IT), (196 bytes).
    Removing stm32l4xx_hal_uart.o(i.HAL_UART_DMAPause), (98 bytes).
    Removing stm32l4xx_hal_uart.o(i.HAL_UART_DMAResume), (92 bytes).
    Removing stm32l4xx_hal_uart.o(i.HAL_UART_DMAStop), (84 bytes).
    Removing stm32l4xx_hal_uart.o(i.HAL_UART_DeInit), (64 bytes).
    Removing stm32l4xx_hal_uart.o(i.HAL_UART_ErrorCallback), (2 bytes).
    Removing stm32l4xx_hal_uart.o(i.HAL_UART_GetError), (4 bytes).
    Removing stm32l4xx_hal_uart.o(i.HAL_UART_GetState), (10 bytes).
    Removing stm32l4xx_hal_uart.o(i.HAL_UART_IRQHandler), (332 bytes).
    Removing stm32l4xx_hal_uart.o(i.HAL_UART_MspDeInit), (2 bytes).
    Removing stm32l4xx_hal_uart.o(i.HAL_UART_MspInit), (2 bytes).
    Removing stm32l4xx_hal_uart.o(i.HAL_UART_Receive), (234 bytes).
    Removing stm32l4xx_hal_uart.o(i.HAL_UART_Receive_DMA), (136 bytes).
    Removing stm32l4xx_hal_uart.o(i.HAL_UART_Receive_IT), (172 bytes).
    Removing stm32l4xx_hal_uart.o(i.HAL_UART_RxCpltCallback), (2 bytes).
    Removing stm32l4xx_hal_uart.o(i.HAL_UART_RxHalfCpltCallback), (2 bytes).
    Removing stm32l4xx_hal_uart.o(i.HAL_UART_Transmit_DMA), (136 bytes).
    Removing stm32l4xx_hal_uart.o(i.HAL_UART_Transmit_IT), (104 bytes).
    Removing stm32l4xx_hal_uart.o(i.HAL_UART_TxCpltCallback), (2 bytes).
    Removing stm32l4xx_hal_uart.o(i.HAL_UART_TxHalfCpltCallback), (2 bytes).
    Removing stm32l4xx_hal_uart.o(i.UART_DMAAbortOnError), (20 bytes).
    Removing stm32l4xx_hal_uart.o(i.UART_DMAError), (74 bytes).
    Removing stm32l4xx_hal_uart.o(i.UART_DMAReceiveCplt), (62 bytes).
    Removing stm32l4xx_hal_uart.o(i.UART_DMARxAbortCallback), (62 bytes).
    Removing stm32l4xx_hal_uart.o(i.UART_DMARxHalfCplt), (10 bytes).
    Removing stm32l4xx_hal_uart.o(i.UART_DMARxOnlyAbortCallback), (38 bytes).
    Removing stm32l4xx_hal_uart.o(i.UART_DMATransmitCplt), (48 bytes).
    Removing stm32l4xx_hal_uart.o(i.UART_DMATxAbortCallback), (52 bytes).
    Removing stm32l4xx_hal_uart.o(i.UART_DMATxHalfCplt), (10 bytes).
    Removing stm32l4xx_hal_uart.o(i.UART_DMATxOnlyAbortCallback), (22 bytes).
    Removing stm32l4xx_hal_uart.o(i.UART_EndRxTransfer), (32 bytes).
    Removing stm32l4xx_hal_uart.o(i.UART_EndTxTransfer), (18 bytes).
    Removing stm32l4xx_hal_uart.o(i.UART_RxISR_16BIT), (92 bytes).
    Removing stm32l4xx_hal_uart.o(i.UART_RxISR_8BIT), (90 bytes).
    Removing stm32l4xx_hal_uart.o(i.UART_TxISR_16BIT), (66 bytes).
    Removing stm32l4xx_hal_uart.o(i.UART_TxISR_8BIT), (60 bytes).
    Removing stm32l4xx_hal_uart_ex.o(.rev16_text), (4 bytes).
    Removing stm32l4xx_hal_uart_ex.o(.revsh_text), (4 bytes).
    Removing stm32l4xx_hal_uart_ex.o(.rrx_text), (6 bytes).
    Removing stm32l4xx_hal_uart_ex.o(i.HAL_MultiProcessorEx_AddressLength_Set), (48 bytes).
    Removing stm32l4xx_hal_uart_ex.o(i.HAL_RS485Ex_Init), (140 bytes).
    Removing stm32l4xx_hal_uart_ex.o(i.HAL_UARTEx_DisableStopMode), (46 bytes).
    Removing stm32l4xx_hal_uart_ex.o(i.HAL_UARTEx_EnableStopMode), (46 bytes).
    Removing stm32l4xx_hal_uart_ex.o(i.HAL_UARTEx_StopModeWakeUpSourceConfig), (138 bytes).
    Removing stm32l4xx_hal_uart_ex.o(i.HAL_UARTEx_WakeupCallback), (2 bytes).
    Removing stm32l4xx_hal_hcd.o(.rev16_text), (4 bytes).
    Removing stm32l4xx_hal_hcd.o(.revsh_text), (4 bytes).
    Removing stm32l4xx_hal_hcd.o(.rrx_text), (6 bytes).
    Removing stm32l4xx_hal_hcd.o(i.HAL_HCD_Connect_Callback), (2 bytes).
    Removing stm32l4xx_hal_hcd.o(i.HAL_HCD_DeInit), (36 bytes).
    Removing stm32l4xx_hal_hcd.o(i.HAL_HCD_Disconnect_Callback), (2 bytes).
    Removing stm32l4xx_hal_hcd.o(i.HAL_HCD_GetCurrentFrame), (6 bytes).
    Removing stm32l4xx_hal_hcd.o(i.HAL_HCD_GetCurrentSpeed), (6 bytes).
    Removing stm32l4xx_hal_hcd.o(i.HAL_HCD_GetState), (6 bytes).
    Removing stm32l4xx_hal_hcd.o(i.HAL_HCD_HC_GetState), (14 bytes).
    Removing stm32l4xx_hal_hcd.o(i.HAL_HCD_HC_GetURBState), (14 bytes).
    Removing stm32l4xx_hal_hcd.o(i.HAL_HCD_HC_GetXferCount), (12 bytes).
    Removing stm32l4xx_hal_hcd.o(i.HAL_HCD_HC_Halt), (36 bytes).
    Removing stm32l4xx_hal_hcd.o(i.HAL_HCD_HC_Init), (84 bytes).
    Removing stm32l4xx_hal_hcd.o(i.HAL_HCD_HC_NotifyURBChange_Callback), (2 bytes).
    Removing stm32l4xx_hal_hcd.o(i.HAL_HCD_HC_SubmitRequest), (182 bytes).
    Removing stm32l4xx_hal_hcd.o(i.HAL_HCD_IRQHandler), (302 bytes).
    Removing stm32l4xx_hal_hcd.o(i.HAL_HCD_Init), (104 bytes).
    Removing stm32l4xx_hal_hcd.o(i.HAL_HCD_MspDeInit), (2 bytes).
    Removing stm32l4xx_hal_hcd.o(i.HAL_HCD_MspInit), (2 bytes).
    Removing stm32l4xx_hal_hcd.o(i.HAL_HCD_ResetPort), (6 bytes).
    Removing stm32l4xx_hal_hcd.o(i.HAL_HCD_SOF_Callback), (2 bytes).
    Removing stm32l4xx_hal_hcd.o(i.HAL_HCD_Start), (44 bytes).
    Removing stm32l4xx_hal_hcd.o(i.HAL_HCD_Stop), (36 bytes).
    Removing stm32l4xx_hal_hcd.o(i.HCD_HC_IN_IRQHandler), (576 bytes).
    Removing stm32l4xx_hal_hcd.o(i.HCD_HC_OUT_IRQHandler), (556 bytes).
    Removing stm32l4xx_hal_hcd.o(i.HCD_Port_IRQHandler), (176 bytes).
    Removing stm32l4xx_hal_hcd.o(i.HCD_RXQLVL_IRQHandler), (112 bytes).
    Removing stm32l4xx_ll_usb.o(.rev16_text), (4 bytes).
    Removing stm32l4xx_ll_usb.o(.revsh_text), (4 bytes).
    Removing stm32l4xx_ll_usb.o(.rrx_text), (6 bytes).
    Removing stm32l4xx_ll_usb.o(i.USB_ActivateDedicatedEndpoint), (216 bytes).
    Removing stm32l4xx_ll_usb.o(i.USB_ActivateEndpoint), (128 bytes).
    Removing stm32l4xx_ll_usb.o(i.USB_ActivateRemoteWakeup), (34 bytes).
    Removing stm32l4xx_ll_usb.o(i.USB_ActivateSetup), (52 bytes).
    Removing stm32l4xx_ll_usb.o(i.USB_ClearInterrupts), (8 bytes).
    Removing stm32l4xx_ll_usb.o(i.USB_CoreInit), (28 bytes).
    Removing stm32l4xx_ll_usb.o(i.USB_CoreReset), (76 bytes).
    Removing stm32l4xx_ll_usb.o(i.USB_DeActivateRemoteWakeup), (22 bytes).
    Removing stm32l4xx_ll_usb.o(i.USB_DeactivateDedicatedEndpoint), (78 bytes).
    Removing stm32l4xx_ll_usb.o(i.USB_DeactivateEndpoint), (110 bytes).
    Removing stm32l4xx_ll_usb.o(i.USB_DevConnect), (24 bytes).
    Removing stm32l4xx_ll_usb.o(i.USB_DevDisconnect), (24 bytes).
    Removing stm32l4xx_ll_usb.o(i.USB_DevInit), (324 bytes).
    Removing stm32l4xx_ll_usb.o(i.USB_DisableGlobalInt), (12 bytes).
    Removing stm32l4xx_ll_usb.o(i.USB_DoPing), (64 bytes).
    Removing stm32l4xx_ll_usb.o(i.USB_DriveVbus), (44 bytes).
    Removing stm32l4xx_ll_usb.o(i.USB_EP0StartXfer), (284 bytes).
    Removing stm32l4xx_ll_usb.o(i.USB_EP0_OutStart), (46 bytes).
    Removing stm32l4xx_ll_usb.o(i.USB_EPClearStall), (100 bytes).
    Removing stm32l4xx_ll_usb.o(i.USB_EPSetStall), (94 bytes).
    Removing stm32l4xx_ll_usb.o(i.USB_EPStartXfer), (504 bytes).
    Removing stm32l4xx_ll_usb.o(i.USB_EnableGlobalInt), (12 bytes).
    Removing stm32l4xx_ll_usb.o(i.USB_FlushRxFifo), (32 bytes).
    Removing stm32l4xx_ll_usb.o(i.USB_FlushTxFifo), (36 bytes).
    Removing stm32l4xx_ll_usb.o(i.USB_GetCurrentFrame), (8 bytes).
    Removing stm32l4xx_ll_usb.o(i.USB_GetDevSpeed), (60 bytes).
    Removing stm32l4xx_ll_usb.o(i.USB_GetHostSpeed), (14 bytes).
    Removing stm32l4xx_ll_usb.o(i.USB_GetMode), (8 bytes).
    Removing stm32l4xx_ll_usb.o(i.USB_HC_Halt), (376 bytes).
    Removing stm32l4xx_ll_usb.o(i.USB_HC_Init), (210 bytes).
    Removing stm32l4xx_ll_usb.o(i.USB_HC_ReadInterrupt), (12 bytes).
    Removing stm32l4xx_ll_usb.o(i.USB_HC_StartXfer), (334 bytes).
    Removing stm32l4xx_ll_usb.o(i.USB_HostInit), (164 bytes).
    Removing stm32l4xx_ll_usb.o(i.USB_InitFSLSPClkSel), (54 bytes).
    Removing stm32l4xx_ll_usb.o(i.USB_ReadDevAllInEpInterrupt), (14 bytes).
    Removing stm32l4xx_ll_usb.o(i.USB_ReadDevAllOutEpInterrupt), (14 bytes).
    Removing stm32l4xx_ll_usb.o(i.USB_ReadDevInEPInterrupt), (30 bytes).
    Removing stm32l4xx_ll_usb.o(i.USB_ReadDevOutEPInterrupt), (16 bytes).
    Removing stm32l4xx_ll_usb.o(i.USB_ReadInterrupts), (8 bytes).
    Removing stm32l4xx_ll_usb.o(i.USB_ReadPacket), (32 bytes).
    Removing stm32l4xx_ll_usb.o(i.USB_ResetPort), (44 bytes).
    Removing stm32l4xx_ll_usb.o(i.USB_SetCurrentMode), (44 bytes).
    Removing stm32l4xx_ll_usb.o(i.USB_SetDevAddress), (34 bytes).
    Removing stm32l4xx_ll_usb.o(i.USB_SetDevSpeed), (14 bytes).
    Removing stm32l4xx_ll_usb.o(i.USB_StopDevice), (66 bytes).
    Removing stm32l4xx_ll_usb.o(i.USB_StopHost), (190 bytes).
    Removing stm32l4xx_ll_usb.o(i.USB_WritePacket), (36 bytes).
    Removing stm32l4xx_ll_usb.o(.data), (4 bytes).
    Removing stm32l4xx_hal.o(.rev16_text), (4 bytes).
    Removing stm32l4xx_hal.o(.revsh_text), (4 bytes).
    Removing stm32l4xx_hal.o(.rrx_text), (6 bytes).
    Removing stm32l4xx_hal.o(i.HAL_DBGMCU_DisableDBGSleepMode), (16 bytes).
    Removing stm32l4xx_hal.o(i.HAL_DBGMCU_DisableDBGStandbyMode), (16 bytes).
    Removing stm32l4xx_hal.o(i.HAL_DBGMCU_DisableDBGStopMode), (16 bytes).
    Removing stm32l4xx_hal.o(i.HAL_DBGMCU_EnableDBGSleepMode), (16 bytes).
    Removing stm32l4xx_hal.o(i.HAL_DBGMCU_EnableDBGStandbyMode), (16 bytes).
    Removing stm32l4xx_hal.o(i.HAL_DBGMCU_EnableDBGStopMode), (16 bytes).
    Removing stm32l4xx_hal.o(i.HAL_DeInit), (44 bytes).
    Removing stm32l4xx_hal.o(i.HAL_Delay), (28 bytes).
    Removing stm32l4xx_hal.o(i.HAL_GetDEVID), (16 bytes).
    Removing stm32l4xx_hal.o(i.HAL_GetHalVersion), (8 bytes).
    Removing stm32l4xx_hal.o(i.HAL_GetREVID), (12 bytes).
    Removing stm32l4xx_hal.o(i.HAL_GetUIDw0), (12 bytes).
    Removing stm32l4xx_hal.o(i.HAL_GetUIDw1), (12 bytes).
    Removing stm32l4xx_hal.o(i.HAL_GetUIDw2), (12 bytes).
    Removing stm32l4xx_hal.o(i.HAL_IncTick), (16 bytes).
    Removing stm32l4xx_hal.o(i.HAL_MspDeInit), (2 bytes).
    Removing stm32l4xx_hal.o(i.HAL_MspInit), (2 bytes).
    Removing stm32l4xx_hal.o(i.HAL_ResumeTick), (14 bytes).
    Removing stm32l4xx_hal.o(i.HAL_SYSCFG_DisableIOAnalogSwitchBooster), (16 bytes).
    Removing stm32l4xx_hal.o(i.HAL_SYSCFG_DisableMemorySwappingBank), (12 bytes).
    Removing stm32l4xx_hal.o(i.HAL_SYSCFG_DisableVREFBUF), (16 bytes).
    Removing stm32l4xx_hal.o(i.HAL_SYSCFG_EnableIOAnalogSwitchBooster), (16 bytes).
    Removing stm32l4xx_hal.o(i.HAL_SYSCFG_EnableMemorySwappingBank), (12 bytes).
    Removing stm32l4xx_hal.o(i.HAL_SYSCFG_EnableVREFBUF), (48 bytes).
    Removing stm32l4xx_hal.o(i.HAL_SYSCFG_SRAM2Erase), (28 bytes).
    Removing stm32l4xx_hal.o(i.HAL_SYSCFG_VREFBUF_HighImpedanceConfig), (20 bytes).
    Removing stm32l4xx_hal.o(i.HAL_SYSCFG_VREFBUF_TrimmingConfig), (20 bytes).
    Removing stm32l4xx_hal.o(i.HAL_SYSCFG_VREFBUF_VoltageScalingConfig), (20 bytes).
    Removing stm32l4xx_hal.o(i.HAL_SuspendTick), (14 bytes).
    Removing stm32l4xx_hal_i2c.o(.rev16_text), (4 bytes).
    Removing stm32l4xx_hal_i2c.o(.revsh_text), (4 bytes).
    Removing stm32l4xx_hal_i2c.o(.rrx_text), (6 bytes).
    Removing stm32l4xx_hal_i2c.o(i.HAL_I2C_AbortCpltCallback), (2 bytes).
    Removing stm32l4xx_hal_i2c.o(i.HAL_I2C_AddrCallback), (2 bytes).
    Removing stm32l4xx_hal_i2c.o(i.HAL_I2C_DeInit), (50 bytes).
    Removing stm32l4xx_hal_i2c.o(i.HAL_I2C_DisableListen_IT), (54 bytes).
    Removing stm32l4xx_hal_i2c.o(i.HAL_I2C_ER_IRQHandler), (98 bytes).
    Removing stm32l4xx_hal_i2c.o(i.HAL_I2C_EV_IRQHandler), (16 bytes).
    Removing stm32l4xx_hal_i2c.o(i.HAL_I2C_EnableListen_IT), (40 bytes).
    Removing stm32l4xx_hal_i2c.o(i.HAL_I2C_ErrorCallback), (2 bytes).
    Removing stm32l4xx_hal_i2c.o(i.HAL_I2C_GetError), (4 bytes).
    Removing stm32l4xx_hal_i2c.o(i.HAL_I2C_GetMode), (6 bytes).
    Removing stm32l4xx_hal_i2c.o(i.HAL_I2C_GetState), (6 bytes).
    Removing stm32l4xx_hal_i2c.o(i.HAL_I2C_Init), (184 bytes).
    Removing stm32l4xx_hal_i2c.o(i.HAL_I2C_IsDeviceReady), (294 bytes).
    Removing stm32l4xx_hal_i2c.o(i.HAL_I2C_ListenCpltCallback), (2 bytes).
    Removing stm32l4xx_hal_i2c.o(i.HAL_I2C_MasterRxCpltCallback), (2 bytes).
    Removing stm32l4xx_hal_i2c.o(i.HAL_I2C_MasterTxCpltCallback), (2 bytes).
    Removing stm32l4xx_hal_i2c.o(i.HAL_I2C_Master_Abort_IT), (96 bytes).
    Removing stm32l4xx_hal_i2c.o(i.HAL_I2C_Master_Receive), (310 bytes).
    Removing stm32l4xx_hal_i2c.o(i.HAL_I2C_Master_Receive_DMA), (244 bytes).
    Removing stm32l4xx_hal_i2c.o(i.HAL_I2C_Master_Receive_IT), (136 bytes).
    Removing stm32l4xx_hal_i2c.o(i.HAL_I2C_Master_Sequential_Receive_IT), (128 bytes).
    Removing stm32l4xx_hal_i2c.o(i.HAL_I2C_Master_Sequential_Transmit_IT), (124 bytes).
    Removing stm32l4xx_hal_i2c.o(i.HAL_I2C_Master_Transmit), (306 bytes).
    Removing stm32l4xx_hal_i2c.o(i.HAL_I2C_Master_Transmit_DMA), (248 bytes).
    Removing stm32l4xx_hal_i2c.o(i.HAL_I2C_Master_Transmit_IT), (136 bytes).
    Removing stm32l4xx_hal_i2c.o(i.HAL_I2C_MemRxCpltCallback), (2 bytes).
    Removing stm32l4xx_hal_i2c.o(i.HAL_I2C_MemTxCpltCallback), (2 bytes).
    Removing stm32l4xx_hal_i2c.o(i.HAL_I2C_Mem_Read), (374 bytes).
    Removing stm32l4xx_hal_i2c.o(i.HAL_I2C_Mem_Read_DMA), (270 bytes).
    Removing stm32l4xx_hal_i2c.o(i.HAL_I2C_Mem_Read_IT), (210 bytes).
    Removing stm32l4xx_hal_i2c.o(i.HAL_I2C_Mem_Write), (366 bytes).
    Removing stm32l4xx_hal_i2c.o(i.HAL_I2C_Mem_Write_DMA), (266 bytes).
    Removing stm32l4xx_hal_i2c.o(i.HAL_I2C_Mem_Write_IT), (206 bytes).
    Removing stm32l4xx_hal_i2c.o(i.HAL_I2C_MspDeInit), (2 bytes).
    Removing stm32l4xx_hal_i2c.o(i.HAL_I2C_MspInit), (2 bytes).
    Removing stm32l4xx_hal_i2c.o(i.HAL_I2C_SlaveRxCpltCallback), (2 bytes).
    Removing stm32l4xx_hal_i2c.o(i.HAL_I2C_SlaveTxCpltCallback), (2 bytes).
    Removing stm32l4xx_hal_i2c.o(i.HAL_I2C_Slave_Receive), (320 bytes).
    Removing stm32l4xx_hal_i2c.o(i.HAL_I2C_Slave_Receive_DMA), (164 bytes).
    Removing stm32l4xx_hal_i2c.o(i.HAL_I2C_Slave_Receive_IT), (92 bytes).
    Removing stm32l4xx_hal_i2c.o(i.HAL_I2C_Slave_Sequential_Receive_IT), (152 bytes).
    Removing stm32l4xx_hal_i2c.o(i.HAL_I2C_Slave_Sequential_Transmit_IT), (152 bytes).
    Removing stm32l4xx_hal_i2c.o(i.HAL_I2C_Slave_Transmit), (320 bytes).
    Removing stm32l4xx_hal_i2c.o(i.HAL_I2C_Slave_Transmit_DMA), (156 bytes).
    Removing stm32l4xx_hal_i2c.o(i.HAL_I2C_Slave_Transmit_IT), (92 bytes).
    Removing stm32l4xx_hal_i2c.o(i.I2C_DMAAbort), (50 bytes).
    Removing stm32l4xx_hal_i2c.o(i.I2C_DMAError), (18 bytes).
    Removing stm32l4xx_hal_i2c.o(i.I2C_DMAMasterReceiveCplt), (66 bytes).
    Removing stm32l4xx_hal_i2c.o(i.I2C_DMAMasterTransmitCplt), (66 bytes).
    Removing stm32l4xx_hal_i2c.o(i.I2C_DMASlaveReceiveCplt), (2 bytes).
    Removing stm32l4xx_hal_i2c.o(i.I2C_DMASlaveTransmitCplt), (2 bytes).
    Removing stm32l4xx_hal_i2c.o(i.I2C_Disable_IRQ), (86 bytes).
    Removing stm32l4xx_hal_i2c.o(i.I2C_Enable_IRQ), (96 bytes).
    Removing stm32l4xx_hal_i2c.o(i.I2C_Flush_TXDR), (34 bytes).
    Removing stm32l4xx_hal_i2c.o(i.I2C_ITAddrCplt), (136 bytes).
    Removing stm32l4xx_hal_i2c.o(i.I2C_ITError), (224 bytes).
    Removing stm32l4xx_hal_i2c.o(i.I2C_ITListenCplt), (92 bytes).
    Removing stm32l4xx_hal_i2c.o(i.I2C_ITMasterCplt), (180 bytes).
    Removing stm32l4xx_hal_i2c.o(i.I2C_ITMasterSequentialCplt), (76 bytes).
    Removing stm32l4xx_hal_i2c.o(i.I2C_ITSlaveCplt), (240 bytes).
    Removing stm32l4xx_hal_i2c.o(i.I2C_ITSlaveSequentialCplt), (84 bytes).
    Removing stm32l4xx_hal_i2c.o(i.I2C_IsAcknowledgeFailed), (124 bytes).
    Removing stm32l4xx_hal_i2c.o(i.I2C_Master_ISR_DMA), (196 bytes).
    Removing stm32l4xx_hal_i2c.o(i.I2C_Master_ISR_IT), (288 bytes).
    Removing stm32l4xx_hal_i2c.o(i.I2C_RequestMemoryRead), (112 bytes).
    Removing stm32l4xx_hal_i2c.o(i.I2C_RequestMemoryWrite), (112 bytes).
    Removing stm32l4xx_hal_i2c.o(i.I2C_Slave_ISR_DMA), (106 bytes).
    Removing stm32l4xx_hal_i2c.o(i.I2C_Slave_ISR_IT), (272 bytes).
    Removing stm32l4xx_hal_i2c.o(i.I2C_TransferConfig), (44 bytes).
    Removing stm32l4xx_hal_i2c.o(i.I2C_WaitOnFlagUntilTimeout), (82 bytes).
    Removing stm32l4xx_hal_i2c.o(i.I2C_WaitOnRXNEFlagUntilTimeout), (136 bytes).
    Removing stm32l4xx_hal_i2c.o(i.I2C_WaitOnSTOPFlagUntilTimeout), (78 bytes).
    Removing stm32l4xx_hal_i2c.o(i.I2C_WaitOnTXISFlagUntilTimeout), (82 bytes).
    Removing stm32l4xx_hal_i2c_ex.o(.rev16_text), (4 bytes).
    Removing stm32l4xx_hal_i2c_ex.o(.revsh_text), (4 bytes).
    Removing stm32l4xx_hal_i2c_ex.o(.rrx_text), (6 bytes).
    Removing stm32l4xx_hal_i2c_ex.o(i.HAL_I2CEx_ConfigAnalogFilter), (86 bytes).
    Removing stm32l4xx_hal_i2c_ex.o(i.HAL_I2CEx_ConfigDigitalFilter), (82 bytes).
    Removing stm32l4xx_hal_i2c_ex.o(i.HAL_I2CEx_DisableFastModePlus), (40 bytes).
    Removing stm32l4xx_hal_i2c_ex.o(i.HAL_I2CEx_DisableWakeUp), (78 bytes).
    Removing stm32l4xx_hal_i2c_ex.o(i.HAL_I2CEx_EnableFastModePlus), (40 bytes).
    Removing stm32l4xx_hal_i2c_ex.o(i.HAL_I2CEx_EnableWakeUp), (78 bytes).
    Removing stm32l4xx_hal_rcc.o(.rev16_text), (4 bytes).
    Removing stm32l4xx_hal_rcc.o(.revsh_text), (4 bytes).
    Removing stm32l4xx_hal_rcc.o(.rrx_text), (6 bytes).
    Removing stm32l4xx_hal_rcc.o(i.HAL_RCC_CSSCallback), (2 bytes).
    Removing stm32l4xx_hal_rcc.o(i.HAL_RCC_DeInit), (224 bytes).
    Removing stm32l4xx_hal_rcc.o(i.HAL_RCC_EnableCSS), (16 bytes).
    Removing stm32l4xx_hal_rcc.o(i.HAL_RCC_GetClockConfig), (64 bytes).
    Removing stm32l4xx_hal_rcc.o(i.HAL_RCC_GetOscConfig), (224 bytes).
    Removing stm32l4xx_hal_rcc.o(i.HAL_RCC_MCOConfig), (72 bytes).
    Removing stm32l4xx_hal_rcc.o(i.HAL_RCC_NMI_IRQHandler), (24 bytes).
    Removing stm32l4xx_hal_rcc_ex.o(.rev16_text), (4 bytes).
    Removing stm32l4xx_hal_rcc_ex.o(.revsh_text), (4 bytes).
    Removing stm32l4xx_hal_rcc_ex.o(.rrx_text), (6 bytes).
    Removing stm32l4xx_hal_rcc_ex.o(i.HAL_RCCEx_DisableLSCO), (88 bytes).
    Removing stm32l4xx_hal_rcc_ex.o(i.HAL_RCCEx_DisableLSECSS), (28 bytes).
    Removing stm32l4xx_hal_rcc_ex.o(i.HAL_RCCEx_DisableMSIPLLMode), (16 bytes).
    Removing stm32l4xx_hal_rcc_ex.o(i.HAL_RCCEx_DisablePLLSAI1), (84 bytes).
    Removing stm32l4xx_hal_rcc_ex.o(i.HAL_RCCEx_DisablePLLSAI2), (84 bytes).
    Removing stm32l4xx_hal_rcc_ex.o(i.HAL_RCCEx_EnableLSCO), (140 bytes).
    Removing stm32l4xx_hal_rcc_ex.o(i.HAL_RCCEx_EnableLSECSS), (20 bytes).
    Removing stm32l4xx_hal_rcc_ex.o(i.HAL_RCCEx_EnableLSECSS_IT), (56 bytes).
    Removing stm32l4xx_hal_rcc_ex.o(i.HAL_RCCEx_EnableMSIPLLMode), (16 bytes).
    Removing stm32l4xx_hal_rcc_ex.o(i.HAL_RCCEx_EnablePLLSAI1), (144 bytes).
    Removing stm32l4xx_hal_rcc_ex.o(i.HAL_RCCEx_EnablePLLSAI2), (128 bytes).
    Removing stm32l4xx_hal_rcc_ex.o(i.HAL_RCCEx_GetPeriphCLKConfig), (288 bytes).
    Removing stm32l4xx_hal_rcc_ex.o(i.HAL_RCCEx_GetPeriphCLKFreq), (1088 bytes).
    Removing stm32l4xx_hal_rcc_ex.o(i.HAL_RCCEx_LSECSS_Callback), (2 bytes).
    Removing stm32l4xx_hal_rcc_ex.o(i.HAL_RCCEx_LSECSS_IRQHandler), (24 bytes).
    Removing stm32l4xx_hal_rcc_ex.o(i.HAL_RCCEx_StandbyMSIRangeConfig), (24 bytes).
    Removing stm32l4xx_hal_rcc_ex.o(i.HAL_RCCEx_WakeUpStopCLKConfig), (20 bytes).
    Removing stm32l4xx_hal_flash.o(.rev16_text), (4 bytes).
    Removing stm32l4xx_hal_flash.o(.revsh_text), (4 bytes).
    Removing stm32l4xx_hal_flash.o(.rrx_text), (6 bytes).
    Removing stm32l4xx_hal_flash.o(i.FLASH_Program_DoubleWord), (24 bytes).
    Removing stm32l4xx_hal_flash.o(i.FLASH_Program_Fast), (36 bytes).
    Removing stm32l4xx_hal_flash.o(i.FLASH_SetErrorCode), (184 bytes).
    Removing stm32l4xx_hal_flash.o(i.FLASH_WaitForLastOperation), (132 bytes).
    Removing stm32l4xx_hal_flash.o(i.HAL_FLASH_EndOfOperationCallback), (2 bytes).
    Removing stm32l4xx_hal_flash.o(i.HAL_FLASH_GetError), (12 bytes).
    Removing stm32l4xx_hal_flash.o(i.HAL_FLASH_IRQHandler), (288 bytes).
    Removing stm32l4xx_hal_flash.o(i.HAL_FLASH_Lock), (20 bytes).
    Removing stm32l4xx_hal_flash.o(i.HAL_FLASH_OB_Launch), (24 bytes).
    Removing stm32l4xx_hal_flash.o(i.HAL_FLASH_OB_Lock), (20 bytes).
    Removing stm32l4xx_hal_flash.o(i.HAL_FLASH_OB_Unlock), (36 bytes).
    Removing stm32l4xx_hal_flash.o(i.HAL_FLASH_OperationErrorCallback), (2 bytes).
    Removing stm32l4xx_hal_flash.o(i.HAL_FLASH_Program), (170 bytes).
    Removing stm32l4xx_hal_flash.o(i.HAL_FLASH_Program_IT), (120 bytes).
    Removing stm32l4xx_hal_flash.o(i.HAL_FLASH_Unlock), (40 bytes).
    Removing stm32l4xx_hal_flash.o(.bss), (32 bytes).
    Removing stm32l4xx_hal_flash_ex.o(.rev16_text), (4 bytes).
    Removing stm32l4xx_hal_flash_ex.o(.revsh_text), (4 bytes).
    Removing stm32l4xx_hal_flash_ex.o(.rrx_text), (6 bytes).
    Removing stm32l4xx_hal_flash_ex.o(i.FLASH_FlushCaches), (92 bytes).
    Removing stm32l4xx_hal_flash_ex.o(i.FLASH_MassErase), (40 bytes).
    Removing stm32l4xx_hal_flash_ex.o(i.FLASH_OB_GetPCROP), (140 bytes).
    Removing stm32l4xx_hal_flash_ex.o(i.FLASH_OB_PCROPConfig), (200 bytes).
    Removing stm32l4xx_hal_flash_ex.o(i.FLASH_OB_UserConfig), (248 bytes).
    Removing stm32l4xx_hal_flash_ex.o(i.FLASH_OB_WRPConfig), (124 bytes).
    Removing stm32l4xx_hal_flash_ex.o(i.FLASH_PageErase), (68 bytes).
    Removing stm32l4xx_hal_flash_ex.o(i.HAL_FLASHEx_Erase), (230 bytes).
    Removing stm32l4xx_hal_flash_ex.o(i.HAL_FLASHEx_Erase_IT), (148 bytes).
    Removing stm32l4xx_hal_flash_ex.o(i.HAL_FLASHEx_OBGetConfig), (156 bytes).
    Removing stm32l4xx_hal_flash_ex.o(i.HAL_FLASHEx_OBProgram), (172 bytes).
    Removing stm32l4xx_hal_flash_ramfunc.o(.rev16_text), (4 bytes).
    Removing stm32l4xx_hal_flash_ramfunc.o(.revsh_text), (4 bytes).
    Removing stm32l4xx_hal_flash_ramfunc.o(.rrx_text), (6 bytes).
    Removing stm32l4xx_hal_flash_ramfunc.o(i.HAL_FLASHEx_DisableRunPowerDown), (36 bytes).
    Removing stm32l4xx_hal_flash_ramfunc.o(i.HAL_FLASHEx_EnableRunPowerDown), (36 bytes).
    Removing stm32l4xx_hal_gpio.o(.rev16_text), (4 bytes).
    Removing stm32l4xx_hal_gpio.o(.revsh_text), (4 bytes).
    Removing stm32l4xx_hal_gpio.o(.rrx_text), (6 bytes).
    Removing stm32l4xx_hal_gpio.o(i.HAL_GPIO_DeInit), (338 bytes).
    Removing stm32l4xx_hal_gpio.o(i.HAL_GPIO_EXTI_Callback), (2 bytes).
    Removing stm32l4xx_hal_gpio.o(i.HAL_GPIO_EXTI_IRQHandler), (24 bytes).
    Removing stm32l4xx_hal_gpio.o(i.HAL_GPIO_LockPin), (34 bytes).
    Removing stm32l4xx_hal_gpio.o(i.HAL_GPIO_ReadPin), (10 bytes).
    Removing stm32l4xx_hal_gpio.o(i.HAL_GPIO_TogglePin), (8 bytes).
    Removing stm32l4xx_hal_dma.o(.rev16_text), (4 bytes).
    Removing stm32l4xx_hal_dma.o(.revsh_text), (4 bytes).
    Removing stm32l4xx_hal_dma.o(.rrx_text), (6 bytes).
    Removing stm32l4xx_hal_dma.o(i.DMA_SetConfig), (42 bytes).
    Removing stm32l4xx_hal_dma.o(i.HAL_DMA_Abort), (54 bytes).
    Removing stm32l4xx_hal_dma.o(i.HAL_DMA_Abort_IT), (74 bytes).
    Removing stm32l4xx_hal_dma.o(i.HAL_DMA_DeInit), (140 bytes).
    Removing stm32l4xx_hal_dma.o(i.HAL_DMA_GetError), (4 bytes).
    Removing stm32l4xx_hal_dma.o(i.HAL_DMA_GetState), (6 bytes).
    Removing stm32l4xx_hal_dma.o(i.HAL_DMA_IRQHandler), (168 bytes).
    Removing stm32l4xx_hal_dma.o(i.HAL_DMA_PollForTransfer), (212 bytes).
    Removing stm32l4xx_hal_dma.o(i.HAL_DMA_RegisterCallback), (74 bytes).
    Removing stm32l4xx_hal_dma.o(i.HAL_DMA_Start), (80 bytes).
    Removing stm32l4xx_hal_dma.o(i.HAL_DMA_Start_IT), (112 bytes).
    Removing stm32l4xx_hal_dma.o(i.HAL_DMA_UnRegisterCallback), (82 bytes).
    Removing stm32l4xx_hal_dma_ex.o(.rev16_text), (4 bytes).
    Removing stm32l4xx_hal_dma_ex.o(.revsh_text), (4 bytes).
    Removing stm32l4xx_hal_dma_ex.o(.rrx_text), (6 bytes).
    Removing stm32l4xx_hal_pwr.o(.rev16_text), (4 bytes).
    Removing stm32l4xx_hal_pwr.o(.revsh_text), (4 bytes).
    Removing stm32l4xx_hal_pwr.o(.rrx_text), (6 bytes).
    Removing stm32l4xx_hal_pwr.o(i.HAL_PWR_ConfigPVD), (128 bytes).
    Removing stm32l4xx_hal_pwr.o(i.HAL_PWR_DeInit), (24 bytes).
    Removing stm32l4xx_hal_pwr.o(i.HAL_PWR_DisableBkUpAccess), (16 bytes).
    Removing stm32l4xx_hal_pwr.o(i.HAL_PWR_DisablePVD), (16 bytes).
    Removing stm32l4xx_hal_pwr.o(i.HAL_PWR_DisableSEVOnPend), (16 bytes).
    Removing stm32l4xx_hal_pwr.o(i.HAL_PWR_DisableSleepOnExit), (16 bytes).
    Removing stm32l4xx_hal_pwr.o(i.HAL_PWR_DisableWakeUpPin), (20 bytes).
    Removing stm32l4xx_hal_pwr.o(i.HAL_PWR_EnableBkUpAccess), (16 bytes).
    Removing stm32l4xx_hal_pwr.o(i.HAL_PWR_EnablePVD), (16 bytes).
    Removing stm32l4xx_hal_pwr.o(i.HAL_PWR_EnableSEVOnPend), (16 bytes).
    Removing stm32l4xx_hal_pwr.o(i.HAL_PWR_EnableSleepOnExit), (16 bytes).
    Removing stm32l4xx_hal_pwr.o(i.HAL_PWR_EnableWakeUpPin), (28 bytes).
    Removing stm32l4xx_hal_pwr.o(i.HAL_PWR_EnterSLEEPMode), (68 bytes).
    Removing stm32l4xx_hal_pwr.o(i.HAL_PWR_EnterSTANDBYMode), (36 bytes).
    Removing stm32l4xx_hal_pwr.o(i.HAL_PWR_EnterSTOPMode), (16 bytes).
    Removing stm32l4xx_hal_pwr.o(i.HAL_PWR_PVDCallback), (2 bytes).
    Removing stm32l4xx_hal_pwr_ex.o(.rev16_text), (4 bytes).
    Removing stm32l4xx_hal_pwr_ex.o(.revsh_text), (4 bytes).
    Removing stm32l4xx_hal_pwr_ex.o(.rrx_text), (6 bytes).
    Removing stm32l4xx_hal_pwr_ex.o(i.HAL_PWREx_ConfigPVM), (404 bytes).
    Removing stm32l4xx_hal_pwr_ex.o(i.HAL_PWREx_DisableBatteryCharging), (16 bytes).
    Removing stm32l4xx_hal_pwr_ex.o(i.HAL_PWREx_DisableGPIOPullDown), (104 bytes).
    Removing stm32l4xx_hal_pwr_ex.o(i.HAL_PWREx_DisableGPIOPullUp), (100 bytes).
    Removing stm32l4xx_hal_pwr_ex.o(i.HAL_PWREx_DisableInternalWakeUpLine), (16 bytes).
    Removing stm32l4xx_hal_pwr_ex.o(i.HAL_PWREx_DisableLowPowerRunMode), (64 bytes).
    Removing stm32l4xx_hal_pwr_ex.o(i.HAL_PWREx_DisablePVM1), (16 bytes).
    Removing stm32l4xx_hal_pwr_ex.o(i.HAL_PWREx_DisablePVM2), (16 bytes).
    Removing stm32l4xx_hal_pwr_ex.o(i.HAL_PWREx_DisablePVM3), (16 bytes).
    Removing stm32l4xx_hal_pwr_ex.o(i.HAL_PWREx_DisablePVM4), (16 bytes).
    Removing stm32l4xx_hal_pwr_ex.o(i.HAL_PWREx_DisablePullUpPullDownConfig), (16 bytes).
    Removing stm32l4xx_hal_pwr_ex.o(i.HAL_PWREx_DisableSRAM2ContentRetention), (16 bytes).
    Removing stm32l4xx_hal_pwr_ex.o(i.HAL_PWREx_DisableVddIO2), (16 bytes).
    Removing stm32l4xx_hal_pwr_ex.o(i.HAL_PWREx_DisableVddUSB), (16 bytes).
    Removing stm32l4xx_hal_pwr_ex.o(i.HAL_PWREx_EnableBatteryCharging), (28 bytes).
    Removing stm32l4xx_hal_pwr_ex.o(i.HAL_PWREx_EnableGPIOPullDown), (156 bytes).
    Removing stm32l4xx_hal_pwr_ex.o(i.HAL_PWREx_EnableGPIOPullUp), (156 bytes).
    Removing stm32l4xx_hal_pwr_ex.o(i.HAL_PWREx_EnableInternalWakeUpLine), (16 bytes).
    Removing stm32l4xx_hal_pwr_ex.o(i.HAL_PWREx_EnableLowPowerRunMode), (16 bytes).
    Removing stm32l4xx_hal_pwr_ex.o(i.HAL_PWREx_EnablePVM1), (16 bytes).
    Removing stm32l4xx_hal_pwr_ex.o(i.HAL_PWREx_EnablePVM2), (16 bytes).
    Removing stm32l4xx_hal_pwr_ex.o(i.HAL_PWREx_EnablePVM3), (16 bytes).
    Removing stm32l4xx_hal_pwr_ex.o(i.HAL_PWREx_EnablePVM4), (16 bytes).
    Removing stm32l4xx_hal_pwr_ex.o(i.HAL_PWREx_EnablePullUpPullDownConfig), (16 bytes).
    Removing stm32l4xx_hal_pwr_ex.o(i.HAL_PWREx_EnableSRAM2ContentRetention), (16 bytes).
    Removing stm32l4xx_hal_pwr_ex.o(i.HAL_PWREx_EnableVddUSB), (16 bytes).
    Removing stm32l4xx_hal_pwr_ex.o(i.HAL_PWREx_EnterSHUTDOWNMode), (36 bytes).
    Removing stm32l4xx_hal_pwr_ex.o(i.HAL_PWREx_EnterSTOP0Mode), (52 bytes).
    Removing stm32l4xx_hal_pwr_ex.o(i.HAL_PWREx_EnterSTOP1Mode), (56 bytes).
    Removing stm32l4xx_hal_pwr_ex.o(i.HAL_PWREx_EnterSTOP2Mode), (56 bytes).
    Removing stm32l4xx_hal_pwr_ex.o(i.HAL_PWREx_PVD_PVM_IRQHandler), (88 bytes).
    Removing stm32l4xx_hal_pwr_ex.o(i.HAL_PWREx_PVM1Callback), (2 bytes).
    Removing stm32l4xx_hal_pwr_ex.o(i.HAL_PWREx_PVM2Callback), (2 bytes).
    Removing stm32l4xx_hal_pwr_ex.o(i.HAL_PWREx_PVM3Callback), (2 bytes).
    Removing stm32l4xx_hal_pwr_ex.o(i.HAL_PWREx_PVM4Callback), (2 bytes).
    Removing stm32l4xx_hal_cortex.o(.rev16_text), (4 bytes).
    Removing stm32l4xx_hal_cortex.o(.revsh_text), (4 bytes).
    Removing stm32l4xx_hal_cortex.o(.rrx_text), (6 bytes).
    Removing stm32l4xx_hal_cortex.o(i.HAL_MPU_ConfigRegion), (84 bytes).
    Removing stm32l4xx_hal_cortex.o(i.HAL_MPU_Disable), (28 bytes).
    Removing stm32l4xx_hal_cortex.o(i.HAL_MPU_Enable), (36 bytes).
    Removing stm32l4xx_hal_cortex.o(i.HAL_NVIC_ClearPendingIRQ), (22 bytes).
    Removing stm32l4xx_hal_cortex.o(i.HAL_NVIC_DisableIRQ), (22 bytes).
    Removing stm32l4xx_hal_cortex.o(i.HAL_NVIC_GetActive), (32 bytes).
    Removing stm32l4xx_hal_cortex.o(i.HAL_NVIC_GetPendingIRQ), (32 bytes).
    Removing stm32l4xx_hal_cortex.o(i.HAL_NVIC_GetPriority), (82 bytes).
    Removing stm32l4xx_hal_cortex.o(i.HAL_NVIC_GetPriorityGrouping), (16 bytes).
    Removing stm32l4xx_hal_cortex.o(i.HAL_NVIC_SetPendingIRQ), (22 bytes).
    Removing stm32l4xx_hal_cortex.o(i.HAL_NVIC_SystemReset), (36 bytes).
    Removing stm32l4xx_hal_cortex.o(i.HAL_SYSTICK_Callback), (2 bytes).
    Removing stm32l4xx_hal_cortex.o(i.HAL_SYSTICK_IRQHandler), (8 bytes).
    Removing stm32l4xx_ll_utils.o(.rev16_text), (4 bytes).
    Removing stm32l4xx_ll_utils.o(.revsh_text), (4 bytes).
    Removing stm32l4xx_ll_utils.o(.rrx_text), (6 bytes).
    Removing stm32l4xx_ll_utils.o(i.LL_PLL_ConfigSystemClock_HSE), (108 bytes).
    Removing stm32l4xx_ll_utils.o(i.LL_PLL_ConfigSystemClock_HSI), (88 bytes).
    Removing stm32l4xx_ll_utils.o(i.LL_PLL_ConfigSystemClock_MSI), (160 bytes).
    Removing stm32l4xx_ll_utils.o(i.LL_RCC_PLL_ConfigDomain_SYS), (32 bytes).
    Removing stm32l4xx_ll_utils.o(i.UTILS_EnablePLLAndSwitchSystem), (152 bytes).
    Removing stm32l4xx_ll_utils.o(i.UTILS_GetPLLOutputFrequency), (34 bytes).
    Removing stm32l4xx_ll_utils.o(i.UTILS_PLL_IsBusy), (44 bytes).
    Removing stm32l4xx_ll_utils.o(i.UTILS_SetFlashLatency), (136 bytes).
    Removing system_stm32l4xx.o(.rev16_text), (4 bytes).
    Removing system_stm32l4xx.o(.revsh_text), (4 bytes).
    Removing system_stm32l4xx.o(.rrx_text), (6 bytes).
    Removing system_stm32l4xx.o(i.SystemCoreClockUpdate), (168 bytes).
    Removing dmul.o(.text), (234 bytes).
    Removing ddiv.o(.text), (222 bytes).
    Removing dflti.o(.text), (34 bytes).
    Removing dfixi.o(.text), (62 bytes).
    Removing f2d.o(.text), (38 bytes).
    Removing d2f.o(.text), (56 bytes).
    Removing fepilogue.o(.text), (110 bytes).
    Removing depilogue.o(.text), (186 bytes).
    Removing dadd.o(.text), (350 bytes).
    Removing dneg.o(.text), (6 bytes).
    Removing dfixul.o(.text), (48 bytes).
    Removing cdrcmple.o(.text), (48 bytes).
    Removing dsqrt.o(.text), (162 bytes).
    Removing cdcmple.o(.text), (48 bytes).

935 unused section(s) (total 75055 bytes) removed from the image.
