<!doctype html public "-//w3c//dtd html 4.0 transitional//en">
<html><head>
<title>Static Call Graph - [stm32_new\stm32_new.axf]</title></head>
<body><HR>
<H1>Static Call Graph for image stm32_new\stm32_new.axf</H1><HR>
<BR><P>#&#060CALLGRAPH&#062# ARM Linker, 5060750: Last Updated: Thu Oct 25 22:40:39 2018
<BR><P>
<H3>Maximum Stack Usage =       1208 bytes + Unknown(Cycles, Untraceable Function Pointers)</H3><H3>
Call chain for Maximum Stack Depth:</H3>
main &rArr; AHRSupdate &rArr; __hardfp_atan2 &rArr; atan &rArr; __hardfp_atan &rArr; __kernel_poly &rArr; __aeabi_dmul &rArr; _double_epilogue &rArr; _double_round
<P>
<H3>
Mutually Recursive functions
</H3> <LI><a href="#[3a]">ADC3_IRQHandler</a>&nbsp;&nbsp;&nbsp;&rArr;&nbsp;&nbsp;&nbsp;<a href="#[3a]">ADC3_IRQHandler</a><BR>
 <LI><a href="#[5]">BusFault_Handler</a>&nbsp;&nbsp;&nbsp;&rArr;&nbsp;&nbsp;&nbsp;<a href="#[5]">BusFault_Handler</a><BR>
 <LI><a href="#[3]">HardFault_Handler</a>&nbsp;&nbsp;&nbsp;&rArr;&nbsp;&nbsp;&nbsp;<a href="#[3]">HardFault_Handler</a><BR>
 <LI><a href="#[4]">MemManage_Handler</a>&nbsp;&nbsp;&nbsp;&rArr;&nbsp;&nbsp;&nbsp;<a href="#[4]">MemManage_Handler</a><BR>
 <LI><a href="#[f0]">HAL_UART_ErrorCallback</a>&nbsp;&nbsp;&nbsp;&rArr;&nbsp;&nbsp;&nbsp;<a href="#[f0]">HAL_UART_ErrorCallback</a><BR>
 <LI><a href="#[6]">UsageFault_Handler</a>&nbsp;&nbsp;&nbsp;&rArr;&nbsp;&nbsp;&nbsp;<a href="#[6]">UsageFault_Handler</a><BR>
 <LI><a href="#[a0]">_Error_Handler</a>&nbsp;&nbsp;&nbsp;&rArr;&nbsp;&nbsp;&nbsp;<a href="#[a0]">_Error_Handler</a><BR>
</UL>
<P>
<H3>
Function Pointers
</H3><UL>
 <LI><a href="#[1d]">ADC1_2_IRQHandler</a> from stm32l4xx_it.o(i.ADC1_2_IRQHandler) referenced from startup_stm32l476xx.o(RESET)
 <LI><a href="#[3a]">ADC3_IRQHandler</a> from startup_stm32l476xx.o(.text) referenced from startup_stm32l476xx.o(RESET)
 <LI><a href="#[60]">BMP280_SPI_bus_read</a> from bmp280_arm.o(i.BMP280_SPI_bus_read) referenced from bmp280_arm.o(i.BMP280_Begin)
 <LI><a href="#[5f]">BMP280_SPI_bus_write</a> from bmp280_arm.o(i.BMP280_SPI_bus_write) referenced from bmp280_arm.o(i.BMP280_Begin)
 <LI><a href="#[5]">BusFault_Handler</a> from stm32l4xx_it.o(i.BusFault_Handler) referenced from startup_stm32l476xx.o(RESET)
 <LI><a href="#[1f]">CAN1_RX0_IRQHandler</a> from startup_stm32l476xx.o(.text) referenced from startup_stm32l476xx.o(RESET)
 <LI><a href="#[20]">CAN1_RX1_IRQHandler</a> from startup_stm32l476xx.o(.text) referenced from startup_stm32l476xx.o(RESET)
 <LI><a href="#[21]">CAN1_SCE_IRQHandler</a> from startup_stm32l476xx.o(.text) referenced from startup_stm32l476xx.o(RESET)
 <LI><a href="#[1e]">CAN1_TX_IRQHandler</a> from startup_stm32l476xx.o(.text) referenced from startup_stm32l476xx.o(RESET)
 <LI><a href="#[4b]">COMP_IRQHandler</a> from startup_stm32l476xx.o(.text) referenced from startup_stm32l476xx.o(RESET)
 <LI><a href="#[48]">DFSDM1_FLT0_IRQHandler</a> from startup_stm32l476xx.o(.text) referenced from startup_stm32l476xx.o(RESET)
 <LI><a href="#[49]">DFSDM1_FLT1_IRQHandler</a> from startup_stm32l476xx.o(.text) referenced from startup_stm32l476xx.o(RESET)
 <LI><a href="#[4a]">DFSDM1_FLT2_IRQHandler</a> from startup_stm32l476xx.o(.text) referenced from startup_stm32l476xx.o(RESET)
 <LI><a href="#[35]">DFSDM1_FLT3_IRQHandler</a> from startup_stm32l476xx.o(.text) referenced from startup_stm32l476xx.o(RESET)
 <LI><a href="#[16]">DMA1_Channel1_IRQHandler</a> from stm32l4xx_it.o(i.DMA1_Channel1_IRQHandler) referenced from startup_stm32l476xx.o(RESET)
 <LI><a href="#[17]">DMA1_Channel2_IRQHandler</a> from startup_stm32l476xx.o(.text) referenced from startup_stm32l476xx.o(RESET)
 <LI><a href="#[18]">DMA1_Channel3_IRQHandler</a> from startup_stm32l476xx.o(.text) referenced from startup_stm32l476xx.o(RESET)
 <LI><a href="#[19]">DMA1_Channel4_IRQHandler</a> from startup_stm32l476xx.o(.text) referenced from startup_stm32l476xx.o(RESET)
 <LI><a href="#[1a]">DMA1_Channel5_IRQHandler</a> from startup_stm32l476xx.o(.text) referenced from startup_stm32l476xx.o(RESET)
 <LI><a href="#[1b]">DMA1_Channel6_IRQHandler</a> from startup_stm32l476xx.o(.text) referenced from startup_stm32l476xx.o(RESET)
 <LI><a href="#[1c]">DMA1_Channel7_IRQHandler</a> from startup_stm32l476xx.o(.text) referenced from startup_stm32l476xx.o(RESET)
 <LI><a href="#[43]">DMA2_Channel1_IRQHandler</a> from startup_stm32l476xx.o(.text) referenced from startup_stm32l476xx.o(RESET)
 <LI><a href="#[44]">DMA2_Channel2_IRQHandler</a> from startup_stm32l476xx.o(.text) referenced from startup_stm32l476xx.o(RESET)
 <LI><a href="#[45]">DMA2_Channel3_IRQHandler</a> from startup_stm32l476xx.o(.text) referenced from startup_stm32l476xx.o(RESET)
 <LI><a href="#[46]">DMA2_Channel4_IRQHandler</a> from startup_stm32l476xx.o(.text) referenced from startup_stm32l476xx.o(RESET)
 <LI><a href="#[47]">DMA2_Channel5_IRQHandler</a> from stm32l4xx_it.o(i.DMA2_Channel5_IRQHandler) referenced from startup_stm32l476xx.o(RESET)
 <LI><a href="#[4f]">DMA2_Channel6_IRQHandler</a> from startup_stm32l476xx.o(.text) referenced from startup_stm32l476xx.o(RESET)
 <LI><a href="#[50]">DMA2_Channel7_IRQHandler</a> from startup_stm32l476xx.o(.text) referenced from startup_stm32l476xx.o(RESET)
 <LI><a href="#[8]">DebugMon_Handler</a> from stm32l4xx_it.o(i.DebugMon_Handler) referenced from startup_stm32l476xx.o(RESET)
 <LI><a href="#[11]">EXTI0_IRQHandler</a> from startup_stm32l476xx.o(.text) referenced from startup_stm32l476xx.o(RESET)
 <LI><a href="#[33]">EXTI15_10_IRQHandler</a> from startup_stm32l476xx.o(.text) referenced from startup_stm32l476xx.o(RESET)
 <LI><a href="#[12]">EXTI1_IRQHandler</a> from startup_stm32l476xx.o(.text) referenced from startup_stm32l476xx.o(RESET)
 <LI><a href="#[13]">EXTI2_IRQHandler</a> from startup_stm32l476xx.o(.text) referenced from startup_stm32l476xx.o(RESET)
 <LI><a href="#[14]">EXTI3_IRQHandler</a> from startup_stm32l476xx.o(.text) referenced from startup_stm32l476xx.o(RESET)
 <LI><a href="#[15]">EXTI4_IRQHandler</a> from startup_stm32l476xx.o(.text) referenced from startup_stm32l476xx.o(RESET)
 <LI><a href="#[22]">EXTI9_5_IRQHandler</a> from startup_stm32l476xx.o(.text) referenced from startup_stm32l476xx.o(RESET)
 <LI><a href="#[f]">FLASH_IRQHandler</a> from startup_stm32l476xx.o(.text) referenced from startup_stm32l476xx.o(RESET)
 <LI><a href="#[3b]">FMC_IRQHandler</a> from startup_stm32l476xx.o(.text) referenced from startup_stm32l476xx.o(RESET)
 <LI><a href="#[5b]">FPU_IRQHandler</a> from startup_stm32l476xx.o(.text) referenced from startup_stm32l476xx.o(RESET)
 <LI><a href="#[61]">HAL_Delay</a> from stm32l4xx_hal.o(i.HAL_Delay) referenced from bmp280_arm.o(i.BMP280_Begin)
 <LI><a href="#[3]">HardFault_Handler</a> from stm32l4xx_it.o(i.HardFault_Handler) referenced from startup_stm32l476xx.o(RESET)
 <LI><a href="#[2b]">I2C1_ER_IRQHandler</a> from startup_stm32l476xx.o(.text) referenced from startup_stm32l476xx.o(RESET)
 <LI><a href="#[2a]">I2C1_EV_IRQHandler</a> from startup_stm32l476xx.o(.text) referenced from startup_stm32l476xx.o(RESET)
 <LI><a href="#[2d]">I2C2_ER_IRQHandler</a> from startup_stm32l476xx.o(.text) referenced from startup_stm32l476xx.o(RESET)
 <LI><a href="#[2c]">I2C2_EV_IRQHandler</a> from startup_stm32l476xx.o(.text) referenced from startup_stm32l476xx.o(RESET)
 <LI><a href="#[54]">I2C3_ER_IRQHandler</a> from startup_stm32l476xx.o(.text) referenced from startup_stm32l476xx.o(RESET)
 <LI><a href="#[53]">I2C3_EV_IRQHandler</a> from startup_stm32l476xx.o(.text) referenced from startup_stm32l476xx.o(RESET)
 <LI><a href="#[59]">LCD_IRQHandler</a> from startup_stm32l476xx.o(.text) referenced from startup_stm32l476xx.o(RESET)
 <LI><a href="#[4c]">LPTIM1_IRQHandler</a> from startup_stm32l476xx.o(.text) referenced from startup_stm32l476xx.o(RESET)
 <LI><a href="#[4d]">LPTIM2_IRQHandler</a> from startup_stm32l476xx.o(.text) referenced from startup_stm32l476xx.o(RESET)
 <LI><a href="#[51]">LPUART1_IRQHandler</a> from startup_stm32l476xx.o(.text) referenced from startup_stm32l476xx.o(RESET)
 <LI><a href="#[4]">MemManage_Handler</a> from stm32l4xx_it.o(i.MemManage_Handler) referenced from startup_stm32l476xx.o(RESET)
 <LI><a href="#[2]">NMI_Handler</a> from stm32l4xx_it.o(i.NMI_Handler) referenced from startup_stm32l476xx.o(RESET)
 <LI><a href="#[4e]">OTG_FS_IRQHandler</a> from startup_stm32l476xx.o(.text) referenced from startup_stm32l476xx.o(RESET)
 <LI><a href="#[c]">PVD_PVM_IRQHandler</a> from startup_stm32l476xx.o(.text) referenced from startup_stm32l476xx.o(RESET)
 <LI><a href="#[9]">PendSV_Handler</a> from stm32l4xx_it.o(i.PendSV_Handler) referenced from startup_stm32l476xx.o(RESET)
 <LI><a href="#[62]">QSPI_DMAAbortCplt</a> from stm32l4xx_hal_qspi.o(i.QSPI_DMAAbortCplt) referenced from stm32l4xx_hal_qspi.o(i.HAL_QSPI_Abort_IT)
 <LI><a href="#[62]">QSPI_DMAAbortCplt</a> from stm32l4xx_hal_qspi.o(i.QSPI_DMAAbortCplt) referenced from stm32l4xx_hal_qspi.o(i.HAL_QSPI_IRQHandler)
 <LI><a href="#[52]">QUADSPI_IRQHandler</a> from stm32l4xx_it.o(i.QUADSPI_IRQHandler) referenced from startup_stm32l476xx.o(RESET)
 <LI><a href="#[10]">RCC_IRQHandler</a> from startup_stm32l476xx.o(.text) referenced from startup_stm32l476xx.o(RESET)
 <LI><a href="#[5a]">RNG_IRQHandler</a> from startup_stm32l476xx.o(.text) referenced from startup_stm32l476xx.o(RESET)
 <LI><a href="#[34]">RTC_Alarm_IRQHandler</a> from startup_stm32l476xx.o(.text) referenced from startup_stm32l476xx.o(RESET)
 <LI><a href="#[e]">RTC_WKUP_IRQHandler</a> from startup_stm32l476xx.o(.text) referenced from startup_stm32l476xx.o(RESET)
 <LI><a href="#[1]">Reset_Handler</a> from startup_stm32l476xx.o(.text) referenced from startup_stm32l476xx.o(RESET)
 <LI><a href="#[55]">SAI1_IRQHandler</a> from startup_stm32l476xx.o(.text) referenced from startup_stm32l476xx.o(RESET)
 <LI><a href="#[56]">SAI2_IRQHandler</a> from startup_stm32l476xx.o(.text) referenced from startup_stm32l476xx.o(RESET)
 <LI><a href="#[3c]">SDMMC1_IRQHandler</a> from startup_stm32l476xx.o(.text) referenced from startup_stm32l476xx.o(RESET)
 <LI><a href="#[2e]">SPI1_IRQHandler</a> from stm32l4xx_it.o(i.SPI1_IRQHandler) referenced from startup_stm32l476xx.o(RESET)
 <LI><a href="#[2f]">SPI2_IRQHandler</a> from stm32l4xx_it.o(i.SPI2_IRQHandler) referenced from startup_stm32l476xx.o(RESET)
 <LI><a href="#[3e]">SPI3_IRQHandler</a> from startup_stm32l476xx.o(.text) referenced from startup_stm32l476xx.o(RESET)
 <LI><a href="#[63]">SPI_DMAAbortOnError</a> from stm32l4xx_hal_spi.o(i.SPI_DMAAbortOnError) referenced from stm32l4xx_hal_spi.o(i.HAL_SPI_IRQHandler)
 <LI><a href="#[7]">SVC_Handler</a> from stm32l4xx_it.o(i.SVC_Handler) referenced from startup_stm32l476xx.o(RESET)
 <LI><a href="#[57]">SWPMI1_IRQHandler</a> from startup_stm32l476xx.o(.text) referenced from startup_stm32l476xx.o(RESET)
 <LI><a href="#[a]">SysTick_Handler</a> from stm32l4xx_it.o(i.SysTick_Handler) referenced from startup_stm32l476xx.o(RESET)
 <LI><a href="#[5d]">SystemInit</a> from system_stm32l4xx.o(i.SystemInit) referenced from startup_stm32l476xx.o(.text)
 <LI><a href="#[d]">TAMP_STAMP_IRQHandler</a> from startup_stm32l476xx.o(.text) referenced from startup_stm32l476xx.o(RESET)
 <LI><a href="#[23]">TIM1_BRK_TIM15_IRQHandler</a> from startup_stm32l476xx.o(.text) referenced from startup_stm32l476xx.o(RESET)
 <LI><a href="#[26]">TIM1_CC_IRQHandler</a> from startup_stm32l476xx.o(.text) referenced from startup_stm32l476xx.o(RESET)
 <LI><a href="#[25]">TIM1_TRG_COM_TIM17_IRQHandler</a> from startup_stm32l476xx.o(.text) referenced from startup_stm32l476xx.o(RESET)
 <LI><a href="#[24]">TIM1_UP_TIM16_IRQHandler</a> from startup_stm32l476xx.o(.text) referenced from startup_stm32l476xx.o(RESET)
 <LI><a href="#[27]">TIM2_IRQHandler</a> from startup_stm32l476xx.o(.text) referenced from startup_stm32l476xx.o(RESET)
 <LI><a href="#[28]">TIM3_IRQHandler</a> from startup_stm32l476xx.o(.text) referenced from startup_stm32l476xx.o(RESET)
 <LI><a href="#[29]">TIM4_IRQHandler</a> from startup_stm32l476xx.o(.text) referenced from startup_stm32l476xx.o(RESET)
 <LI><a href="#[3d]">TIM5_IRQHandler</a> from startup_stm32l476xx.o(.text) referenced from startup_stm32l476xx.o(RESET)
 <LI><a href="#[41]">TIM6_DAC_IRQHandler</a> from startup_stm32l476xx.o(.text) referenced from startup_stm32l476xx.o(RESET)
 <LI><a href="#[42]">TIM7_IRQHandler</a> from startup_stm32l476xx.o(.text) referenced from startup_stm32l476xx.o(RESET)
 <LI><a href="#[36]">TIM8_BRK_IRQHandler</a> from startup_stm32l476xx.o(.text) referenced from startup_stm32l476xx.o(RESET)
 <LI><a href="#[39]">TIM8_CC_IRQHandler</a> from startup_stm32l476xx.o(.text) referenced from startup_stm32l476xx.o(RESET)
 <LI><a href="#[38]">TIM8_TRG_COM_IRQHandler</a> from startup_stm32l476xx.o(.text) referenced from startup_stm32l476xx.o(RESET)
 <LI><a href="#[37]">TIM8_UP_IRQHandler</a> from startup_stm32l476xx.o(.text) referenced from startup_stm32l476xx.o(RESET)
 <LI><a href="#[58]">TSC_IRQHandler</a> from startup_stm32l476xx.o(.text) referenced from startup_stm32l476xx.o(RESET)
 <LI><a href="#[3f]">UART4_IRQHandler</a> from stm32l4xx_it.o(i.UART4_IRQHandler) referenced from startup_stm32l476xx.o(RESET)
 <LI><a href="#[40]">UART5_IRQHandler</a> from startup_stm32l476xx.o(.text) referenced from startup_stm32l476xx.o(RESET)
 <LI><a href="#[64]">UART_DMAAbortOnError</a> from stm32l4xx_hal_uart.o(i.UART_DMAAbortOnError) referenced from stm32l4xx_hal_uart.o(i.HAL_UART_IRQHandler)
 <LI><a href="#[66]">UART_TxISR_16BIT</a> from stm32l4xx_hal_uart.o(i.UART_TxISR_16BIT) referenced from stm32l4xx_hal_uart.o(i.HAL_UART_Transmit_IT)
 <LI><a href="#[65]">UART_TxISR_8BIT</a> from stm32l4xx_hal_uart.o(i.UART_TxISR_8BIT) referenced from stm32l4xx_hal_uart.o(i.HAL_UART_Transmit_IT)
 <LI><a href="#[30]">USART1_IRQHandler</a> from startup_stm32l476xx.o(.text) referenced from startup_stm32l476xx.o(RESET)
 <LI><a href="#[31]">USART2_IRQHandler</a> from stm32l4xx_it.o(i.USART2_IRQHandler) referenced from startup_stm32l476xx.o(RESET)
 <LI><a href="#[32]">USART3_IRQHandler</a> from stm32l4xx_it.o(i.USART3_IRQHandler) referenced from startup_stm32l476xx.o(RESET)
 <LI><a href="#[6]">UsageFault_Handler</a> from stm32l4xx_it.o(i.UsageFault_Handler) referenced from startup_stm32l476xx.o(RESET)
 <LI><a href="#[b]">WWDG_IRQHandler</a> from startup_stm32l476xx.o(.text) referenced from startup_stm32l476xx.o(RESET)
 <LI><a href="#[5e]">__main</a> from entry.o(.ARM.Collect$$$$00000000) referenced from startup_stm32l476xx.o(.text)
 <LI><a href="#[67]">fputc</a> from main.o(i.fputc) referenced from printfa.o(i.__0printf)
 <LI><a href="#[5c]">main</a> from main.o(i.main) referenced from entry9a.o(.ARM.Collect$$$$0000000B)
</UL>
<P>
<H3>
Global Symbols
</H3>
<P><STRONG><a name="[5e]"></a>__main</STRONG> (Thumb, 0 bytes, Stack size unknown bytes, entry.o(.ARM.Collect$$$$00000000))
<BR>[Address Reference Count : 1]<UL><LI> startup_stm32l476xx.o(.text)
</UL>
<P><STRONG><a name="[12f]"></a>_main_stk</STRONG> (Thumb, 0 bytes, Stack size unknown bytes, entry2.o(.ARM.Collect$$$$00000001))

<P><STRONG><a name="[68]"></a>_main_scatterload</STRONG> (Thumb, 0 bytes, Stack size unknown bytes, entry5.o(.ARM.Collect$$$$00000004))
<BR><BR>[Calls]<UL><LI><a href="#[69]">&gt;&gt;</a>&nbsp;&nbsp;&nbsp;__scatterload
</UL>

<P><STRONG><a name="[7f]"></a>__main_after_scatterload</STRONG> (Thumb, 0 bytes, Stack size unknown bytes, entry5.o(.ARM.Collect$$$$00000004))
<BR><BR>[Called By]<UL><LI><a href="#[69]">&gt;&gt;</a>&nbsp;&nbsp;&nbsp;__scatterload
</UL>

<P><STRONG><a name="[130]"></a>_main_clock</STRONG> (Thumb, 0 bytes, Stack size unknown bytes, entry7b.o(.ARM.Collect$$$$00000008))

<P><STRONG><a name="[131]"></a>_main_cpp_init</STRONG> (Thumb, 0 bytes, Stack size unknown bytes, entry8b.o(.ARM.Collect$$$$0000000A))

<P><STRONG><a name="[132]"></a>_main_init</STRONG> (Thumb, 0 bytes, Stack size unknown bytes, entry9a.o(.ARM.Collect$$$$0000000B))

<P><STRONG><a name="[133]"></a>__rt_final_cpp</STRONG> (Thumb, 0 bytes, Stack size unknown bytes, entry10a.o(.ARM.Collect$$$$0000000D))

<P><STRONG><a name="[134]"></a>__rt_final_exit</STRONG> (Thumb, 0 bytes, Stack size unknown bytes, entry11a.o(.ARM.Collect$$$$0000000F))

<P><STRONG><a name="[1]"></a>Reset_Handler</STRONG> (Thumb, 8 bytes, Stack size 0 bytes, startup_stm32l476xx.o(.text))
<BR>[Address Reference Count : 1]<UL><LI> startup_stm32l476xx.o(RESET)
</UL>
<P><STRONG><a name="[3a]"></a>ADC3_IRQHandler</STRONG> (Thumb, 0 bytes, Stack size 0 bytes, startup_stm32l476xx.o(.text))
<BR><BR>[Calls]<UL><LI><a href="#[3a]">&gt;&gt;</a>&nbsp;&nbsp;&nbsp;ADC3_IRQHandler
</UL>
<BR>[Called By]<UL><LI><a href="#[3a]">&gt;&gt;</a>&nbsp;&nbsp;&nbsp;ADC3_IRQHandler
</UL>
<BR>[Address Reference Count : 1]<UL><LI> startup_stm32l476xx.o(RESET)
</UL>
<P><STRONG><a name="[1f]"></a>CAN1_RX0_IRQHandler</STRONG> (Thumb, 0 bytes, Stack size 0 bytes, startup_stm32l476xx.o(.text))
<BR>[Address Reference Count : 1]<UL><LI> startup_stm32l476xx.o(RESET)
</UL>
<P><STRONG><a name="[20]"></a>CAN1_RX1_IRQHandler</STRONG> (Thumb, 0 bytes, Stack size 0 bytes, startup_stm32l476xx.o(.text))
<BR>[Address Reference Count : 1]<UL><LI> startup_stm32l476xx.o(RESET)
</UL>
<P><STRONG><a name="[21]"></a>CAN1_SCE_IRQHandler</STRONG> (Thumb, 0 bytes, Stack size 0 bytes, startup_stm32l476xx.o(.text))
<BR>[Address Reference Count : 1]<UL><LI> startup_stm32l476xx.o(RESET)
</UL>
<P><STRONG><a name="[1e]"></a>CAN1_TX_IRQHandler</STRONG> (Thumb, 0 bytes, Stack size 0 bytes, startup_stm32l476xx.o(.text))
<BR>[Address Reference Count : 1]<UL><LI> startup_stm32l476xx.o(RESET)
</UL>
<P><STRONG><a name="[4b]"></a>COMP_IRQHandler</STRONG> (Thumb, 0 bytes, Stack size 0 bytes, startup_stm32l476xx.o(.text))
<BR>[Address Reference Count : 1]<UL><LI> startup_stm32l476xx.o(RESET)
</UL>
<P><STRONG><a name="[48]"></a>DFSDM1_FLT0_IRQHandler</STRONG> (Thumb, 0 bytes, Stack size 0 bytes, startup_stm32l476xx.o(.text))
<BR>[Address Reference Count : 1]<UL><LI> startup_stm32l476xx.o(RESET)
</UL>
<P><STRONG><a name="[49]"></a>DFSDM1_FLT1_IRQHandler</STRONG> (Thumb, 0 bytes, Stack size 0 bytes, startup_stm32l476xx.o(.text))
<BR>[Address Reference Count : 1]<UL><LI> startup_stm32l476xx.o(RESET)
</UL>
<P><STRONG><a name="[4a]"></a>DFSDM1_FLT2_IRQHandler</STRONG> (Thumb, 0 bytes, Stack size 0 bytes, startup_stm32l476xx.o(.text))
<BR>[Address Reference Count : 1]<UL><LI> startup_stm32l476xx.o(RESET)
</UL>
<P><STRONG><a name="[35]"></a>DFSDM1_FLT3_IRQHandler</STRONG> (Thumb, 0 bytes, Stack size 0 bytes, startup_stm32l476xx.o(.text))
<BR>[Address Reference Count : 1]<UL><LI> startup_stm32l476xx.o(RESET)
</UL>
<P><STRONG><a name="[17]"></a>DMA1_Channel2_IRQHandler</STRONG> (Thumb, 0 bytes, Stack size 0 bytes, startup_stm32l476xx.o(.text))
<BR>[Address Reference Count : 1]<UL><LI> startup_stm32l476xx.o(RESET)
</UL>
<P><STRONG><a name="[18]"></a>DMA1_Channel3_IRQHandler</STRONG> (Thumb, 0 bytes, Stack size 0 bytes, startup_stm32l476xx.o(.text))
<BR>[Address Reference Count : 1]<UL><LI> startup_stm32l476xx.o(RESET)
</UL>
<P><STRONG><a name="[19]"></a>DMA1_Channel4_IRQHandler</STRONG> (Thumb, 0 bytes, Stack size 0 bytes, startup_stm32l476xx.o(.text))
<BR>[Address Reference Count : 1]<UL><LI> startup_stm32l476xx.o(RESET)
</UL>
<P><STRONG><a name="[1a]"></a>DMA1_Channel5_IRQHandler</STRONG> (Thumb, 0 bytes, Stack size 0 bytes, startup_stm32l476xx.o(.text))
<BR>[Address Reference Count : 1]<UL><LI> startup_stm32l476xx.o(RESET)
</UL>
<P><STRONG><a name="[1b]"></a>DMA1_Channel6_IRQHandler</STRONG> (Thumb, 0 bytes, Stack size 0 bytes, startup_stm32l476xx.o(.text))
<BR>[Address Reference Count : 1]<UL><LI> startup_stm32l476xx.o(RESET)
</UL>
<P><STRONG><a name="[1c]"></a>DMA1_Channel7_IRQHandler</STRONG> (Thumb, 0 bytes, Stack size 0 bytes, startup_stm32l476xx.o(.text))
<BR>[Address Reference Count : 1]<UL><LI> startup_stm32l476xx.o(RESET)
</UL>
<P><STRONG><a name="[43]"></a>DMA2_Channel1_IRQHandler</STRONG> (Thumb, 0 bytes, Stack size 0 bytes, startup_stm32l476xx.o(.text))
<BR>[Address Reference Count : 1]<UL><LI> startup_stm32l476xx.o(RESET)
</UL>
<P><STRONG><a name="[44]"></a>DMA2_Channel2_IRQHandler</STRONG> (Thumb, 0 bytes, Stack size 0 bytes, startup_stm32l476xx.o(.text))
<BR>[Address Reference Count : 1]<UL><LI> startup_stm32l476xx.o(RESET)
</UL>
<P><STRONG><a name="[45]"></a>DMA2_Channel3_IRQHandler</STRONG> (Thumb, 0 bytes, Stack size 0 bytes, startup_stm32l476xx.o(.text))
<BR>[Address Reference Count : 1]<UL><LI> startup_stm32l476xx.o(RESET)
</UL>
<P><STRONG><a name="[46]"></a>DMA2_Channel4_IRQHandler</STRONG> (Thumb, 0 bytes, Stack size 0 bytes, startup_stm32l476xx.o(.text))
<BR>[Address Reference Count : 1]<UL><LI> startup_stm32l476xx.o(RESET)
</UL>
<P><STRONG><a name="[4f]"></a>DMA2_Channel6_IRQHandler</STRONG> (Thumb, 0 bytes, Stack size 0 bytes, startup_stm32l476xx.o(.text))
<BR>[Address Reference Count : 1]<UL><LI> startup_stm32l476xx.o(RESET)
</UL>
<P><STRONG><a name="[50]"></a>DMA2_Channel7_IRQHandler</STRONG> (Thumb, 0 bytes, Stack size 0 bytes, startup_stm32l476xx.o(.text))
<BR>[Address Reference Count : 1]<UL><LI> startup_stm32l476xx.o(RESET)
</UL>
<P><STRONG><a name="[11]"></a>EXTI0_IRQHandler</STRONG> (Thumb, 0 bytes, Stack size 0 bytes, startup_stm32l476xx.o(.text))
<BR>[Address Reference Count : 1]<UL><LI> startup_stm32l476xx.o(RESET)
</UL>
<P><STRONG><a name="[33]"></a>EXTI15_10_IRQHandler</STRONG> (Thumb, 0 bytes, Stack size 0 bytes, startup_stm32l476xx.o(.text))
<BR>[Address Reference Count : 1]<UL><LI> startup_stm32l476xx.o(RESET)
</UL>
<P><STRONG><a name="[12]"></a>EXTI1_IRQHandler</STRONG> (Thumb, 0 bytes, Stack size 0 bytes, startup_stm32l476xx.o(.text))
<BR>[Address Reference Count : 1]<UL><LI> startup_stm32l476xx.o(RESET)
</UL>
<P><STRONG><a name="[13]"></a>EXTI2_IRQHandler</STRONG> (Thumb, 0 bytes, Stack size 0 bytes, startup_stm32l476xx.o(.text))
<BR>[Address Reference Count : 1]<UL><LI> startup_stm32l476xx.o(RESET)
</UL>
<P><STRONG><a name="[14]"></a>EXTI3_IRQHandler</STRONG> (Thumb, 0 bytes, Stack size 0 bytes, startup_stm32l476xx.o(.text))
<BR>[Address Reference Count : 1]<UL><LI> startup_stm32l476xx.o(RESET)
</UL>
<P><STRONG><a name="[15]"></a>EXTI4_IRQHandler</STRONG> (Thumb, 0 bytes, Stack size 0 bytes, startup_stm32l476xx.o(.text))
<BR>[Address Reference Count : 1]<UL><LI> startup_stm32l476xx.o(RESET)
</UL>
<P><STRONG><a name="[22]"></a>EXTI9_5_IRQHandler</STRONG> (Thumb, 0 bytes, Stack size 0 bytes, startup_stm32l476xx.o(.text))
<BR>[Address Reference Count : 1]<UL><LI> startup_stm32l476xx.o(RESET)
</UL>
<P><STRONG><a name="[f]"></a>FLASH_IRQHandler</STRONG> (Thumb, 0 bytes, Stack size 0 bytes, startup_stm32l476xx.o(.text))
<BR>[Address Reference Count : 1]<UL><LI> startup_stm32l476xx.o(RESET)
</UL>
<P><STRONG><a name="[3b]"></a>FMC_IRQHandler</STRONG> (Thumb, 0 bytes, Stack size 0 bytes, startup_stm32l476xx.o(.text))
<BR>[Address Reference Count : 1]<UL><LI> startup_stm32l476xx.o(RESET)
</UL>
<P><STRONG><a name="[5b]"></a>FPU_IRQHandler</STRONG> (Thumb, 0 bytes, Stack size 0 bytes, startup_stm32l476xx.o(.text))
<BR>[Address Reference Count : 1]<UL><LI> startup_stm32l476xx.o(RESET)
</UL>
<P><STRONG><a name="[2b]"></a>I2C1_ER_IRQHandler</STRONG> (Thumb, 0 bytes, Stack size 0 bytes, startup_stm32l476xx.o(.text))
<BR>[Address Reference Count : 1]<UL><LI> startup_stm32l476xx.o(RESET)
</UL>
<P><STRONG><a name="[2a]"></a>I2C1_EV_IRQHandler</STRONG> (Thumb, 0 bytes, Stack size 0 bytes, startup_stm32l476xx.o(.text))
<BR>[Address Reference Count : 1]<UL><LI> startup_stm32l476xx.o(RESET)
</UL>
<P><STRONG><a name="[2d]"></a>I2C2_ER_IRQHandler</STRONG> (Thumb, 0 bytes, Stack size 0 bytes, startup_stm32l476xx.o(.text))
<BR>[Address Reference Count : 1]<UL><LI> startup_stm32l476xx.o(RESET)
</UL>
<P><STRONG><a name="[2c]"></a>I2C2_EV_IRQHandler</STRONG> (Thumb, 0 bytes, Stack size 0 bytes, startup_stm32l476xx.o(.text))
<BR>[Address Reference Count : 1]<UL><LI> startup_stm32l476xx.o(RESET)
</UL>
<P><STRONG><a name="[54]"></a>I2C3_ER_IRQHandler</STRONG> (Thumb, 0 bytes, Stack size 0 bytes, startup_stm32l476xx.o(.text))
<BR>[Address Reference Count : 1]<UL><LI> startup_stm32l476xx.o(RESET)
</UL>
<P><STRONG><a name="[53]"></a>I2C3_EV_IRQHandler</STRONG> (Thumb, 0 bytes, Stack size 0 bytes, startup_stm32l476xx.o(.text))
<BR>[Address Reference Count : 1]<UL><LI> startup_stm32l476xx.o(RESET)
</UL>
<P><STRONG><a name="[59]"></a>LCD_IRQHandler</STRONG> (Thumb, 0 bytes, Stack size 0 bytes, startup_stm32l476xx.o(.text))
<BR>[Address Reference Count : 1]<UL><LI> startup_stm32l476xx.o(RESET)
</UL>
<P><STRONG><a name="[4c]"></a>LPTIM1_IRQHandler</STRONG> (Thumb, 0 bytes, Stack size 0 bytes, startup_stm32l476xx.o(.text))
<BR>[Address Reference Count : 1]<UL><LI> startup_stm32l476xx.o(RESET)
</UL>
<P><STRONG><a name="[4d]"></a>LPTIM2_IRQHandler</STRONG> (Thumb, 0 bytes, Stack size 0 bytes, startup_stm32l476xx.o(.text))
<BR>[Address Reference Count : 1]<UL><LI> startup_stm32l476xx.o(RESET)
</UL>
<P><STRONG><a name="[51]"></a>LPUART1_IRQHandler</STRONG> (Thumb, 0 bytes, Stack size 0 bytes, startup_stm32l476xx.o(.text))
<BR>[Address Reference Count : 1]<UL><LI> startup_stm32l476xx.o(RESET)
</UL>
<P><STRONG><a name="[4e]"></a>OTG_FS_IRQHandler</STRONG> (Thumb, 0 bytes, Stack size 0 bytes, startup_stm32l476xx.o(.text))
<BR>[Address Reference Count : 1]<UL><LI> startup_stm32l476xx.o(RESET)
</UL>
<P><STRONG><a name="[c]"></a>PVD_PVM_IRQHandler</STRONG> (Thumb, 0 bytes, Stack size 0 bytes, startup_stm32l476xx.o(.text))
<BR>[Address Reference Count : 1]<UL><LI> startup_stm32l476xx.o(RESET)
</UL>
<P><STRONG><a name="[10]"></a>RCC_IRQHandler</STRONG> (Thumb, 0 bytes, Stack size 0 bytes, startup_stm32l476xx.o(.text))
<BR>[Address Reference Count : 1]<UL><LI> startup_stm32l476xx.o(RESET)
</UL>
<P><STRONG><a name="[5a]"></a>RNG_IRQHandler</STRONG> (Thumb, 0 bytes, Stack size 0 bytes, startup_stm32l476xx.o(.text))
<BR>[Address Reference Count : 1]<UL><LI> startup_stm32l476xx.o(RESET)
</UL>
<P><STRONG><a name="[34]"></a>RTC_Alarm_IRQHandler</STRONG> (Thumb, 0 bytes, Stack size 0 bytes, startup_stm32l476xx.o(.text))
<BR>[Address Reference Count : 1]<UL><LI> startup_stm32l476xx.o(RESET)
</UL>
<P><STRONG><a name="[e]"></a>RTC_WKUP_IRQHandler</STRONG> (Thumb, 0 bytes, Stack size 0 bytes, startup_stm32l476xx.o(.text))
<BR>[Address Reference Count : 1]<UL><LI> startup_stm32l476xx.o(RESET)
</UL>
<P><STRONG><a name="[55]"></a>SAI1_IRQHandler</STRONG> (Thumb, 0 bytes, Stack size 0 bytes, startup_stm32l476xx.o(.text))
<BR>[Address Reference Count : 1]<UL><LI> startup_stm32l476xx.o(RESET)
</UL>
<P><STRONG><a name="[56]"></a>SAI2_IRQHandler</STRONG> (Thumb, 0 bytes, Stack size 0 bytes, startup_stm32l476xx.o(.text))
<BR>[Address Reference Count : 1]<UL><LI> startup_stm32l476xx.o(RESET)
</UL>
<P><STRONG><a name="[3c]"></a>SDMMC1_IRQHandler</STRONG> (Thumb, 0 bytes, Stack size 0 bytes, startup_stm32l476xx.o(.text))
<BR>[Address Reference Count : 1]<UL><LI> startup_stm32l476xx.o(RESET)
</UL>
<P><STRONG><a name="[3e]"></a>SPI3_IRQHandler</STRONG> (Thumb, 0 bytes, Stack size 0 bytes, startup_stm32l476xx.o(.text))
<BR>[Address Reference Count : 1]<UL><LI> startup_stm32l476xx.o(RESET)
</UL>
<P><STRONG><a name="[57]"></a>SWPMI1_IRQHandler</STRONG> (Thumb, 0 bytes, Stack size 0 bytes, startup_stm32l476xx.o(.text))
<BR>[Address Reference Count : 1]<UL><LI> startup_stm32l476xx.o(RESET)
</UL>
<P><STRONG><a name="[d]"></a>TAMP_STAMP_IRQHandler</STRONG> (Thumb, 0 bytes, Stack size 0 bytes, startup_stm32l476xx.o(.text))
<BR>[Address Reference Count : 1]<UL><LI> startup_stm32l476xx.o(RESET)
</UL>
<P><STRONG><a name="[23]"></a>TIM1_BRK_TIM15_IRQHandler</STRONG> (Thumb, 0 bytes, Stack size 0 bytes, startup_stm32l476xx.o(.text))
<BR>[Address Reference Count : 1]<UL><LI> startup_stm32l476xx.o(RESET)
</UL>
<P><STRONG><a name="[26]"></a>TIM1_CC_IRQHandler</STRONG> (Thumb, 0 bytes, Stack size 0 bytes, startup_stm32l476xx.o(.text))
<BR>[Address Reference Count : 1]<UL><LI> startup_stm32l476xx.o(RESET)
</UL>
<P><STRONG><a name="[25]"></a>TIM1_TRG_COM_TIM17_IRQHandler</STRONG> (Thumb, 0 bytes, Stack size 0 bytes, startup_stm32l476xx.o(.text))
<BR>[Address Reference Count : 1]<UL><LI> startup_stm32l476xx.o(RESET)
</UL>
<P><STRONG><a name="[24]"></a>TIM1_UP_TIM16_IRQHandler</STRONG> (Thumb, 0 bytes, Stack size 0 bytes, startup_stm32l476xx.o(.text))
<BR>[Address Reference Count : 1]<UL><LI> startup_stm32l476xx.o(RESET)
</UL>
<P><STRONG><a name="[27]"></a>TIM2_IRQHandler</STRONG> (Thumb, 0 bytes, Stack size 0 bytes, startup_stm32l476xx.o(.text))
<BR>[Address Reference Count : 1]<UL><LI> startup_stm32l476xx.o(RESET)
</UL>
<P><STRONG><a name="[28]"></a>TIM3_IRQHandler</STRONG> (Thumb, 0 bytes, Stack size 0 bytes, startup_stm32l476xx.o(.text))
<BR>[Address Reference Count : 1]<UL><LI> startup_stm32l476xx.o(RESET)
</UL>
<P><STRONG><a name="[29]"></a>TIM4_IRQHandler</STRONG> (Thumb, 0 bytes, Stack size 0 bytes, startup_stm32l476xx.o(.text))
<BR>[Address Reference Count : 1]<UL><LI> startup_stm32l476xx.o(RESET)
</UL>
<P><STRONG><a name="[3d]"></a>TIM5_IRQHandler</STRONG> (Thumb, 0 bytes, Stack size 0 bytes, startup_stm32l476xx.o(.text))
<BR>[Address Reference Count : 1]<UL><LI> startup_stm32l476xx.o(RESET)
</UL>
<P><STRONG><a name="[41]"></a>TIM6_DAC_IRQHandler</STRONG> (Thumb, 0 bytes, Stack size 0 bytes, startup_stm32l476xx.o(.text))
<BR>[Address Reference Count : 1]<UL><LI> startup_stm32l476xx.o(RESET)
</UL>
<P><STRONG><a name="[42]"></a>TIM7_IRQHandler</STRONG> (Thumb, 0 bytes, Stack size 0 bytes, startup_stm32l476xx.o(.text))
<BR>[Address Reference Count : 1]<UL><LI> startup_stm32l476xx.o(RESET)
</UL>
<P><STRONG><a name="[36]"></a>TIM8_BRK_IRQHandler</STRONG> (Thumb, 0 bytes, Stack size 0 bytes, startup_stm32l476xx.o(.text))
<BR>[Address Reference Count : 1]<UL><LI> startup_stm32l476xx.o(RESET)
</UL>
<P><STRONG><a name="[39]"></a>TIM8_CC_IRQHandler</STRONG> (Thumb, 0 bytes, Stack size 0 bytes, startup_stm32l476xx.o(.text))
<BR>[Address Reference Count : 1]<UL><LI> startup_stm32l476xx.o(RESET)
</UL>
<P><STRONG><a name="[38]"></a>TIM8_TRG_COM_IRQHandler</STRONG> (Thumb, 0 bytes, Stack size 0 bytes, startup_stm32l476xx.o(.text))
<BR>[Address Reference Count : 1]<UL><LI> startup_stm32l476xx.o(RESET)
</UL>
<P><STRONG><a name="[37]"></a>TIM8_UP_IRQHandler</STRONG> (Thumb, 0 bytes, Stack size 0 bytes, startup_stm32l476xx.o(.text))
<BR>[Address Reference Count : 1]<UL><LI> startup_stm32l476xx.o(RESET)
</UL>
<P><STRONG><a name="[58]"></a>TSC_IRQHandler</STRONG> (Thumb, 0 bytes, Stack size 0 bytes, startup_stm32l476xx.o(.text))
<BR>[Address Reference Count : 1]<UL><LI> startup_stm32l476xx.o(RESET)
</UL>
<P><STRONG><a name="[40]"></a>UART5_IRQHandler</STRONG> (Thumb, 0 bytes, Stack size 0 bytes, startup_stm32l476xx.o(.text))
<BR>[Address Reference Count : 1]<UL><LI> startup_stm32l476xx.o(RESET)
</UL>
<P><STRONG><a name="[30]"></a>USART1_IRQHandler</STRONG> (Thumb, 0 bytes, Stack size 0 bytes, startup_stm32l476xx.o(.text))
<BR>[Address Reference Count : 1]<UL><LI> startup_stm32l476xx.o(RESET)
</UL>
<P><STRONG><a name="[b]"></a>WWDG_IRQHandler</STRONG> (Thumb, 0 bytes, Stack size 0 bytes, startup_stm32l476xx.o(.text))
<BR>[Address Reference Count : 1]<UL><LI> startup_stm32l476xx.o(RESET)
</UL>
<P><STRONG><a name="[6a]"></a>__aeabi_uldivmod</STRONG> (Thumb, 98 bytes, Stack size 40 bytes, uldiv.o(.text))
<BR><BR>[Stack]<UL><LI>Max Depth = 40<LI>Call Chain = __aeabi_uldivmod
</UL>
<BR>[Calls]<UL><LI><a href="#[6b]">&gt;&gt;</a>&nbsp;&nbsp;&nbsp;__aeabi_llsr
<LI><a href="#[6c]">&gt;&gt;</a>&nbsp;&nbsp;&nbsp;__aeabi_llsl
</UL>
<BR>[Called By]<UL><LI><a href="#[f6]">&gt;&gt;</a>&nbsp;&nbsp;&nbsp;UART_SetConfig
<LI><a href="#[11b]">&gt;&gt;</a>&nbsp;&nbsp;&nbsp;_printf_core
<LI><a href="#[127]">&gt;&gt;</a>&nbsp;&nbsp;&nbsp;_fp_digits
<LI><a href="#[6d]">&gt;&gt;</a>&nbsp;&nbsp;&nbsp;__aeabi_ldivmod
</UL>

<P><STRONG><a name="[6d]"></a>__aeabi_ldivmod</STRONG> (Thumb, 98 bytes, Stack size 24 bytes, ldiv.o(.text))
<BR><BR>[Stack]<UL><LI>Max Depth = 64<LI>Call Chain = __aeabi_ldivmod &rArr; __aeabi_uldivmod
</UL>
<BR>[Calls]<UL><LI><a href="#[6a]">&gt;&gt;</a>&nbsp;&nbsp;&nbsp;__aeabi_uldivmod
</UL>
<BR>[Called By]<UL><LI><a href="#[95]">&gt;&gt;</a>&nbsp;&nbsp;&nbsp;bmp280_compensate_pressure_int64
</UL>

<P><STRONG><a name="[135]"></a>__aeabi_memcpy</STRONG> (Thumb, 36 bytes, Stack size 0 bytes, memcpya.o(.text), UNUSED)

<P><STRONG><a name="[9e]"></a>__aeabi_memcpy4</STRONG> (Thumb, 0 bytes, Stack size 0 bytes, memcpya.o(.text))
<BR><BR>[Called By]<UL><LI><a href="#[9d]">&gt;&gt;</a>&nbsp;&nbsp;&nbsp;EC20_UART_PROT_INIT
<LI><a href="#[bc]">&gt;&gt;</a>&nbsp;&nbsp;&nbsp;HAL_HCD_Init
<LI><a href="#[5c]">&gt;&gt;</a>&nbsp;&nbsp;&nbsp;main
</UL>

<P><STRONG><a name="[136]"></a>__aeabi_memcpy8</STRONG> (Thumb, 0 bytes, Stack size 0 bytes, memcpya.o(.text), UNUSED)

<P><STRONG><a name="[6f]"></a>__aeabi_memset</STRONG> (Thumb, 14 bytes, Stack size 0 bytes, memseta.o(.text), UNUSED)
<BR><BR>[Called By]<UL><LI><a href="#[70]">&gt;&gt;</a>&nbsp;&nbsp;&nbsp;_memset$wrapper
<LI><a href="#[6e]">&gt;&gt;</a>&nbsp;&nbsp;&nbsp;__aeabi_memclr
</UL>

<P><STRONG><a name="[137]"></a>__aeabi_memset4</STRONG> (Thumb, 0 bytes, Stack size 0 bytes, memseta.o(.text), UNUSED)

<P><STRONG><a name="[138]"></a>__aeabi_memset8</STRONG> (Thumb, 0 bytes, Stack size 0 bytes, memseta.o(.text), UNUSED)

<P><STRONG><a name="[6e]"></a>__aeabi_memclr</STRONG> (Thumb, 4 bytes, Stack size 0 bytes, memseta.o(.text), UNUSED)
<BR><BR>[Calls]<UL><LI><a href="#[6f]">&gt;&gt;</a>&nbsp;&nbsp;&nbsp;__aeabi_memset
</UL>

<P><STRONG><a name="[12d]"></a>__aeabi_memclr4</STRONG> (Thumb, 0 bytes, Stack size 0 bytes, memseta.o(.text))
<BR><BR>[Called By]<UL><LI><a href="#[12c]">&gt;&gt;</a>&nbsp;&nbsp;&nbsp;bmp280_get_calib_param
<LI><a href="#[5c]">&gt;&gt;</a>&nbsp;&nbsp;&nbsp;main
</UL>

<P><STRONG><a name="[139]"></a>__aeabi_memclr8</STRONG> (Thumb, 0 bytes, Stack size 0 bytes, memseta.o(.text), UNUSED)

<P><STRONG><a name="[70]"></a>_memset$wrapper</STRONG> (Thumb, 18 bytes, Stack size 8 bytes, memseta.o(.text), UNUSED)
<BR><BR>[Calls]<UL><LI><a href="#[6f]">&gt;&gt;</a>&nbsp;&nbsp;&nbsp;__aeabi_memset
</UL>

<P><STRONG><a name="[a2]"></a>strlen</STRONG> (Thumb, 14 bytes, Stack size 0 bytes, strlen.o(.text))
<BR><BR>[Called By]<UL><LI><a href="#[a1]">&gt;&gt;</a>&nbsp;&nbsp;&nbsp;EC20_uart4_send
</UL>

<P><STRONG><a name="[71]"></a>__aeabi_dadd</STRONG> (Thumb, 322 bytes, Stack size 48 bytes, dadd.o(.text))
<BR><BR>[Stack]<UL><LI>Max Depth = 88<LI>Call Chain = __aeabi_dadd &rArr; _double_epilogue &rArr; _double_round
</UL>
<BR>[Calls]<UL><LI><a href="#[72]">&gt;&gt;</a>&nbsp;&nbsp;&nbsp;__aeabi_lasr
<LI><a href="#[6c]">&gt;&gt;</a>&nbsp;&nbsp;&nbsp;__aeabi_llsl
<LI><a href="#[74]">&gt;&gt;</a>&nbsp;&nbsp;&nbsp;_double_round
<LI><a href="#[73]">&gt;&gt;</a>&nbsp;&nbsp;&nbsp;_double_epilogue
</UL>
<BR>[Called By]<UL><LI><a href="#[75]">&gt;&gt;</a>&nbsp;&nbsp;&nbsp;__aeabi_dsub
<LI><a href="#[76]">&gt;&gt;</a>&nbsp;&nbsp;&nbsp;__aeabi_drsub
<LI><a href="#[5c]">&gt;&gt;</a>&nbsp;&nbsp;&nbsp;main
<LI><a href="#[81]">&gt;&gt;</a>&nbsp;&nbsp;&nbsp;AHRSupdate
<LI><a href="#[121]">&gt;&gt;</a>&nbsp;&nbsp;&nbsp;__kernel_poly
<LI><a href="#[125]">&gt;&gt;</a>&nbsp;&nbsp;&nbsp;__mathlib_dbl_infnan2
<LI><a href="#[11c]">&gt;&gt;</a>&nbsp;&nbsp;&nbsp;__mathlib_dbl_infnan
<LI><a href="#[124]">&gt;&gt;</a>&nbsp;&nbsp;&nbsp;__hardfp_atan
<LI><a href="#[127]">&gt;&gt;</a>&nbsp;&nbsp;&nbsp;_fp_digits
<LI><a href="#[85]">&gt;&gt;</a>&nbsp;&nbsp;&nbsp;__hardfp_asin
</UL>

<P><STRONG><a name="[75]"></a>__aeabi_dsub</STRONG> (Thumb, 6 bytes, Stack size 0 bytes, dadd.o(.text))
<BR><BR>[Stack]<UL><LI>Max Depth = 88<LI>Call Chain = __aeabi_dsub &rArr; __aeabi_dadd &rArr; _double_epilogue &rArr; _double_round
</UL>
<BR>[Calls]<UL><LI><a href="#[71]">&gt;&gt;</a>&nbsp;&nbsp;&nbsp;__aeabi_dadd
</UL>
<BR>[Called By]<UL><LI><a href="#[5c]">&gt;&gt;</a>&nbsp;&nbsp;&nbsp;main
<LI><a href="#[81]">&gt;&gt;</a>&nbsp;&nbsp;&nbsp;AHRSupdate
<LI><a href="#[124]">&gt;&gt;</a>&nbsp;&nbsp;&nbsp;__hardfp_atan
<LI><a href="#[86]">&gt;&gt;</a>&nbsp;&nbsp;&nbsp;__hardfp_atan2
<LI><a href="#[85]">&gt;&gt;</a>&nbsp;&nbsp;&nbsp;__hardfp_asin
</UL>

<P><STRONG><a name="[76]"></a>__aeabi_drsub</STRONG> (Thumb, 6 bytes, Stack size 0 bytes, dadd.o(.text))
<BR><BR>[Stack]<UL><LI>Max Depth = 88<LI>Call Chain = __aeabi_drsub &rArr; __aeabi_dadd &rArr; _double_epilogue &rArr; _double_round
</UL>
<BR>[Calls]<UL><LI><a href="#[71]">&gt;&gt;</a>&nbsp;&nbsp;&nbsp;__aeabi_dadd
</UL>
<BR>[Called By]<UL><LI><a href="#[5c]">&gt;&gt;</a>&nbsp;&nbsp;&nbsp;main
<LI><a href="#[81]">&gt;&gt;</a>&nbsp;&nbsp;&nbsp;AHRSupdate
<LI><a href="#[124]">&gt;&gt;</a>&nbsp;&nbsp;&nbsp;__hardfp_atan
<LI><a href="#[86]">&gt;&gt;</a>&nbsp;&nbsp;&nbsp;__hardfp_atan2
<LI><a href="#[85]">&gt;&gt;</a>&nbsp;&nbsp;&nbsp;__hardfp_asin
</UL>

<P><STRONG><a name="[77]"></a>__aeabi_dmul</STRONG> (Thumb, 228 bytes, Stack size 48 bytes, dmul.o(.text))
<BR><BR>[Stack]<UL><LI>Max Depth = 88<LI>Call Chain = __aeabi_dmul &rArr; _double_epilogue &rArr; _double_round
</UL>
<BR>[Calls]<UL><LI><a href="#[73]">&gt;&gt;</a>&nbsp;&nbsp;&nbsp;_double_epilogue
</UL>
<BR>[Called By]<UL><LI><a href="#[5c]">&gt;&gt;</a>&nbsp;&nbsp;&nbsp;main
<LI><a href="#[81]">&gt;&gt;</a>&nbsp;&nbsp;&nbsp;AHRSupdate
<LI><a href="#[121]">&gt;&gt;</a>&nbsp;&nbsp;&nbsp;__kernel_poly
<LI><a href="#[120]">&gt;&gt;</a>&nbsp;&nbsp;&nbsp;__mathlib_dbl_underflow
<LI><a href="#[124]">&gt;&gt;</a>&nbsp;&nbsp;&nbsp;__hardfp_atan
<LI><a href="#[127]">&gt;&gt;</a>&nbsp;&nbsp;&nbsp;_fp_digits
<LI><a href="#[85]">&gt;&gt;</a>&nbsp;&nbsp;&nbsp;__hardfp_asin
</UL>

<P><STRONG><a name="[78]"></a>__aeabi_ddiv</STRONG> (Thumb, 222 bytes, Stack size 32 bytes, ddiv.o(.text))
<BR><BR>[Stack]<UL><LI>Max Depth = 40<LI>Call Chain = __aeabi_ddiv &rArr; _double_round
</UL>
<BR>[Calls]<UL><LI><a href="#[74]">&gt;&gt;</a>&nbsp;&nbsp;&nbsp;_double_round
</UL>
<BR>[Called By]<UL><LI><a href="#[10a]">&gt;&gt;</a>&nbsp;&nbsp;&nbsp;READ_MPU9250_GYRO
<LI><a href="#[11e]">&gt;&gt;</a>&nbsp;&nbsp;&nbsp;__mathlib_dbl_invalid
<LI><a href="#[124]">&gt;&gt;</a>&nbsp;&nbsp;&nbsp;__hardfp_atan
<LI><a href="#[127]">&gt;&gt;</a>&nbsp;&nbsp;&nbsp;_fp_digits
<LI><a href="#[86]">&gt;&gt;</a>&nbsp;&nbsp;&nbsp;__hardfp_atan2
<LI><a href="#[85]">&gt;&gt;</a>&nbsp;&nbsp;&nbsp;__hardfp_asin
</UL>

<P><STRONG><a name="[79]"></a>__aeabi_i2d</STRONG> (Thumb, 34 bytes, Stack size 16 bytes, dflti.o(.text))
<BR><BR>[Stack]<UL><LI>Max Depth = 56<LI>Call Chain = __aeabi_i2d &rArr; _double_epilogue &rArr; _double_round
</UL>
<BR>[Calls]<UL><LI><a href="#[73]">&gt;&gt;</a>&nbsp;&nbsp;&nbsp;_double_epilogue
</UL>
<BR>[Called By]<UL><LI><a href="#[10a]">&gt;&gt;</a>&nbsp;&nbsp;&nbsp;READ_MPU9250_GYRO
<LI><a href="#[5c]">&gt;&gt;</a>&nbsp;&nbsp;&nbsp;main
</UL>

<P><STRONG><a name="[7a]"></a>__aeabi_d2iz</STRONG> (Thumb, 62 bytes, Stack size 16 bytes, dfixi.o(.text))
<BR><BR>[Stack]<UL><LI>Max Depth = 16<LI>Call Chain = __aeabi_d2iz
</UL>
<BR>[Calls]<UL><LI><a href="#[6b]">&gt;&gt;</a>&nbsp;&nbsp;&nbsp;__aeabi_llsr
</UL>
<BR>[Called By]<UL><LI><a href="#[10a]">&gt;&gt;</a>&nbsp;&nbsp;&nbsp;READ_MPU9250_GYRO
</UL>

<P><STRONG><a name="[83]"></a>__aeabi_f2d</STRONG> (Thumb, 38 bytes, Stack size 0 bytes, f2d.o(.text))
<BR><BR>[Called By]<UL><LI><a href="#[5c]">&gt;&gt;</a>&nbsp;&nbsp;&nbsp;main
<LI><a href="#[81]">&gt;&gt;</a>&nbsp;&nbsp;&nbsp;AHRSupdate
</UL>

<P><STRONG><a name="[7b]"></a>__aeabi_d2f</STRONG> (Thumb, 56 bytes, Stack size 8 bytes, d2f.o(.text))
<BR><BR>[Stack]<UL><LI>Max Depth = 8<LI>Call Chain = __aeabi_d2f
</UL>
<BR>[Calls]<UL><LI><a href="#[7c]">&gt;&gt;</a>&nbsp;&nbsp;&nbsp;_float_round
</UL>
<BR>[Called By]<UL><LI><a href="#[5c]">&gt;&gt;</a>&nbsp;&nbsp;&nbsp;main
<LI><a href="#[81]">&gt;&gt;</a>&nbsp;&nbsp;&nbsp;AHRSupdate
</UL>

<P><STRONG><a name="[13a]"></a>__aeabi_uidiv</STRONG> (Thumb, 0 bytes, Stack size 12 bytes, uidiv.o(.text), UNUSED)

<P><STRONG><a name="[12b]"></a>__aeabi_uidivmod</STRONG> (Thumb, 44 bytes, Stack size 12 bytes, uidiv.o(.text), UNUSED)
<BR><BR>[Called By]<UL><LI><a href="#[11b]">&gt;&gt;</a>&nbsp;&nbsp;&nbsp;_printf_core
</UL>

<P><STRONG><a name="[6c]"></a>__aeabi_llsl</STRONG> (Thumb, 30 bytes, Stack size 0 bytes, llshl.o(.text))
<BR><BR>[Called By]<UL><LI><a href="#[71]">&gt;&gt;</a>&nbsp;&nbsp;&nbsp;__aeabi_dadd
<LI><a href="#[73]">&gt;&gt;</a>&nbsp;&nbsp;&nbsp;_double_epilogue
<LI><a href="#[7e]">&gt;&gt;</a>&nbsp;&nbsp;&nbsp;__aeabi_d2ulz
<LI><a href="#[6a]">&gt;&gt;</a>&nbsp;&nbsp;&nbsp;__aeabi_uldivmod
</UL>

<P><STRONG><a name="[13b]"></a>_ll_shift_l</STRONG> (Thumb, 0 bytes, Stack size 0 bytes, llshl.o(.text), UNUSED)

<P><STRONG><a name="[6b]"></a>__aeabi_llsr</STRONG> (Thumb, 32 bytes, Stack size 0 bytes, llushr.o(.text))
<BR><BR>[Called By]<UL><LI><a href="#[7a]">&gt;&gt;</a>&nbsp;&nbsp;&nbsp;__aeabi_d2iz
<LI><a href="#[73]">&gt;&gt;</a>&nbsp;&nbsp;&nbsp;_double_epilogue
<LI><a href="#[7e]">&gt;&gt;</a>&nbsp;&nbsp;&nbsp;__aeabi_d2ulz
<LI><a href="#[6a]">&gt;&gt;</a>&nbsp;&nbsp;&nbsp;__aeabi_uldivmod
<LI><a href="#[7d]">&gt;&gt;</a>&nbsp;&nbsp;&nbsp;_dsqrt
</UL>

<P><STRONG><a name="[13c]"></a>_ll_ushift_r</STRONG> (Thumb, 0 bytes, Stack size 0 bytes, llushr.o(.text), UNUSED)

<P><STRONG><a name="[72]"></a>__aeabi_lasr</STRONG> (Thumb, 36 bytes, Stack size 0 bytes, llsshr.o(.text))
<BR><BR>[Called By]<UL><LI><a href="#[71]">&gt;&gt;</a>&nbsp;&nbsp;&nbsp;__aeabi_dadd
</UL>

<P><STRONG><a name="[13d]"></a>_ll_sshift_r</STRONG> (Thumb, 0 bytes, Stack size 0 bytes, llsshr.o(.text), UNUSED)

<P><STRONG><a name="[13e]"></a>__I$use$fp</STRONG> (Thumb, 0 bytes, Stack size 0 bytes, iusefp.o(.text), UNUSED)

<P><STRONG><a name="[7c]"></a>_float_round</STRONG> (Thumb, 18 bytes, Stack size 0 bytes, fepilogue.o(.text))
<BR><BR>[Called By]<UL><LI><a href="#[7b]">&gt;&gt;</a>&nbsp;&nbsp;&nbsp;__aeabi_d2f
</UL>

<P><STRONG><a name="[13f]"></a>_float_epilogue</STRONG> (Thumb, 92 bytes, Stack size 4 bytes, fepilogue.o(.text), UNUSED)

<P><STRONG><a name="[74]"></a>_double_round</STRONG> (Thumb, 30 bytes, Stack size 8 bytes, depilogue.o(.text))
<BR><BR>[Stack]<UL><LI>Max Depth = 8<LI>Call Chain = _double_round
</UL>
<BR>[Called By]<UL><LI><a href="#[78]">&gt;&gt;</a>&nbsp;&nbsp;&nbsp;__aeabi_ddiv
<LI><a href="#[71]">&gt;&gt;</a>&nbsp;&nbsp;&nbsp;__aeabi_dadd
<LI><a href="#[73]">&gt;&gt;</a>&nbsp;&nbsp;&nbsp;_double_epilogue
<LI><a href="#[7d]">&gt;&gt;</a>&nbsp;&nbsp;&nbsp;_dsqrt
</UL>

<P><STRONG><a name="[73]"></a>_double_epilogue</STRONG> (Thumb, 156 bytes, Stack size 32 bytes, depilogue.o(.text))
<BR><BR>[Stack]<UL><LI>Max Depth = 40<LI>Call Chain = _double_epilogue &rArr; _double_round
</UL>
<BR>[Calls]<UL><LI><a href="#[6b]">&gt;&gt;</a>&nbsp;&nbsp;&nbsp;__aeabi_llsr
<LI><a href="#[6c]">&gt;&gt;</a>&nbsp;&nbsp;&nbsp;__aeabi_llsl
<LI><a href="#[74]">&gt;&gt;</a>&nbsp;&nbsp;&nbsp;_double_round
</UL>
<BR>[Called By]<UL><LI><a href="#[79]">&gt;&gt;</a>&nbsp;&nbsp;&nbsp;__aeabi_i2d
<LI><a href="#[77]">&gt;&gt;</a>&nbsp;&nbsp;&nbsp;__aeabi_dmul
<LI><a href="#[71]">&gt;&gt;</a>&nbsp;&nbsp;&nbsp;__aeabi_dadd
</UL>

<P><STRONG><a name="[7d]"></a>_dsqrt</STRONG> (Thumb, 162 bytes, Stack size 32 bytes, dsqrt.o(.text))
<BR><BR>[Stack]<UL><LI>Max Depth = 40<LI>Call Chain = _dsqrt &rArr; _double_round
</UL>
<BR>[Calls]<UL><LI><a href="#[6b]">&gt;&gt;</a>&nbsp;&nbsp;&nbsp;__aeabi_llsr
<LI><a href="#[74]">&gt;&gt;</a>&nbsp;&nbsp;&nbsp;_double_round
</UL>
<BR>[Called By]<UL><LI><a href="#[123]">&gt;&gt;</a>&nbsp;&nbsp;&nbsp;sqrt
<LI><a href="#[84]">&gt;&gt;</a>&nbsp;&nbsp;&nbsp;__hardfp_sqrt
</UL>

<P><STRONG><a name="[7e]"></a>__aeabi_d2ulz</STRONG> (Thumb, 48 bytes, Stack size 0 bytes, dfixul.o(.text), UNUSED)
<BR><BR>[Calls]<UL><LI><a href="#[6b]">&gt;&gt;</a>&nbsp;&nbsp;&nbsp;__aeabi_llsr
<LI><a href="#[6c]">&gt;&gt;</a>&nbsp;&nbsp;&nbsp;__aeabi_llsl
</UL>
<BR>[Called By]<UL><LI><a href="#[127]">&gt;&gt;</a>&nbsp;&nbsp;&nbsp;_fp_digits
</UL>

<P><STRONG><a name="[128]"></a>__aeabi_cdrcmple</STRONG> (Thumb, 48 bytes, Stack size 0 bytes, cdrcmple.o(.text), UNUSED)
<BR><BR>[Called By]<UL><LI><a href="#[127]">&gt;&gt;</a>&nbsp;&nbsp;&nbsp;_fp_digits
</UL>

<P><STRONG><a name="[69]"></a>__scatterload</STRONG> (Thumb, 28 bytes, Stack size 0 bytes, init.o(.text))
<BR><BR>[Calls]<UL><LI><a href="#[7f]">&gt;&gt;</a>&nbsp;&nbsp;&nbsp;__main_after_scatterload
</UL>
<BR>[Called By]<UL><LI><a href="#[68]">&gt;&gt;</a>&nbsp;&nbsp;&nbsp;_main_scatterload
</UL>

<P><STRONG><a name="[140]"></a>__scatterload_rt2</STRONG> (Thumb, 0 bytes, Stack size 0 bytes, init.o(.text), UNUSED)

<P><STRONG><a name="[141]"></a>__decompress</STRONG> (Thumb, 0 bytes, Stack size unknown bytes, __dczerorl.o(.text), UNUSED)

<P><STRONG><a name="[142]"></a>__decompress0</STRONG> (Thumb, 58 bytes, Stack size unknown bytes, __dczerorl.o(.text), UNUSED)

<P><STRONG><a name="[1d]"></a>ADC1_2_IRQHandler</STRONG> (Thumb, 6 bytes, Stack size 0 bytes, stm32l4xx_it.o(i.ADC1_2_IRQHandler))
<BR><BR>[Stack]<UL><LI>Max Depth = 24<LI>Call Chain = ADC1_2_IRQHandler &rArr; HAL_ADC_IRQHandler
</UL>
<BR>[Calls]<UL><LI><a href="#[80]">&gt;&gt;</a>&nbsp;&nbsp;&nbsp;HAL_ADC_IRQHandler
</UL>
<BR>[Address Reference Count : 1]<UL><LI> startup_stm32l476xx.o(RESET)
</UL>
<P><STRONG><a name="[81]"></a>AHRSupdate</STRONG> (Thumb, 2346 bytes, Stack size 248 bytes, main.o(i.AHRSupdate))
<BR><BR>[Stack]<UL><LI>Max Depth = 464<LI>Call Chain = AHRSupdate &rArr; __hardfp_atan2 &rArr; atan &rArr; __hardfp_atan &rArr; __kernel_poly &rArr; __aeabi_dmul &rArr; _double_epilogue &rArr; _double_round
</UL>
<BR>[Calls]<UL><LI><a href="#[83]">&gt;&gt;</a>&nbsp;&nbsp;&nbsp;__aeabi_f2d
<LI><a href="#[75]">&gt;&gt;</a>&nbsp;&nbsp;&nbsp;__aeabi_dsub
<LI><a href="#[76]">&gt;&gt;</a>&nbsp;&nbsp;&nbsp;__aeabi_drsub
<LI><a href="#[77]">&gt;&gt;</a>&nbsp;&nbsp;&nbsp;__aeabi_dmul
<LI><a href="#[71]">&gt;&gt;</a>&nbsp;&nbsp;&nbsp;__aeabi_dadd
<LI><a href="#[7b]">&gt;&gt;</a>&nbsp;&nbsp;&nbsp;__aeabi_d2f
<LI><a href="#[82]">&gt;&gt;</a>&nbsp;&nbsp;&nbsp;invSqrt
<LI><a href="#[84]">&gt;&gt;</a>&nbsp;&nbsp;&nbsp;__hardfp_sqrt
<LI><a href="#[86]">&gt;&gt;</a>&nbsp;&nbsp;&nbsp;__hardfp_atan2
<LI><a href="#[85]">&gt;&gt;</a>&nbsp;&nbsp;&nbsp;__hardfp_asin
</UL>
<BR>[Called By]<UL><LI><a href="#[5c]">&gt;&gt;</a>&nbsp;&nbsp;&nbsp;main
</UL>

<P><STRONG><a name="[87]"></a>BMP280_Begin</STRONG> (Thumb, 78 bytes, Stack size 16 bytes, bmp280_arm.o(i.BMP280_Begin))
<BR><BR>[Stack]<UL><LI>Max Depth = 80<LI>Call Chain = BMP280_Begin &rArr; bmp280_init &rArr; bmp280_get_calib_param
</UL>
<BR>[Calls]<UL><LI><a href="#[8a]">&gt;&gt;</a>&nbsp;&nbsp;&nbsp;bmp280_set_work_mode
<LI><a href="#[8d]">&gt;&gt;</a>&nbsp;&nbsp;&nbsp;bmp280_set_standby_durn
<LI><a href="#[8c]">&gt;&gt;</a>&nbsp;&nbsp;&nbsp;bmp280_set_power_mode
<LI><a href="#[8b]">&gt;&gt;</a>&nbsp;&nbsp;&nbsp;bmp280_set_filter
<LI><a href="#[88]">&gt;&gt;</a>&nbsp;&nbsp;&nbsp;bmp280_init
<LI><a href="#[89]">&gt;&gt;</a>&nbsp;&nbsp;&nbsp;__2printf
</UL>
<BR>[Called By]<UL><LI><a href="#[5c]">&gt;&gt;</a>&nbsp;&nbsp;&nbsp;main
</UL>

<P><STRONG><a name="[8e]"></a>BMP280_ReadPressure</STRONG> (Thumb, 78 bytes, Stack size 16 bytes, bmp280_arm.o(i.BMP280_ReadPressure))
<BR><BR>[Stack]<UL><LI>Max Depth = 192<LI>Call Chain = BMP280_ReadPressure &rArr; BMP280_SPI_bus_read &rArr; HAL_SPI_Receive &rArr; HAL_SPI_TransmitReceive &rArr; SPI_EndRxTxTransaction &rArr; SPI_WaitFifoStateUntilTimeout
</UL>
<BR>[Calls]<UL><LI><a href="#[60]">&gt;&gt;</a>&nbsp;&nbsp;&nbsp;BMP280_SPI_bus_read
<LI><a href="#[8f]">&gt;&gt;</a>&nbsp;&nbsp;&nbsp;bmp280_compensate_temperature_float
<LI><a href="#[90]">&gt;&gt;</a>&nbsp;&nbsp;&nbsp;bmp280_compensate_pressure_float
</UL>
<BR>[Called By]<UL><LI><a href="#[5c]">&gt;&gt;</a>&nbsp;&nbsp;&nbsp;main
</UL>

<P><STRONG><a name="[91]"></a>BMP280_ReadPressure_int64</STRONG> (Thumb, 44 bytes, Stack size 24 bytes, bmp280_arm.o(i.BMP280_ReadPressure_int64))
<BR><BR>[Stack]<UL><LI>Max Depth = 128<LI>Call Chain = BMP280_ReadPressure_int64 &rArr; bmp280_compensate_pressure_int64 &rArr; __aeabi_ldivmod &rArr; __aeabi_uldivmod
</UL>
<BR>[Calls]<UL><LI><a href="#[92]">&gt;&gt;</a>&nbsp;&nbsp;&nbsp;bmp280_read_uncomp_temperature
<LI><a href="#[94]">&gt;&gt;</a>&nbsp;&nbsp;&nbsp;bmp280_read_uncomp_pressure
<LI><a href="#[93]">&gt;&gt;</a>&nbsp;&nbsp;&nbsp;bmp280_compensate_temperature_int32
<LI><a href="#[95]">&gt;&gt;</a>&nbsp;&nbsp;&nbsp;bmp280_compensate_pressure_int64
<LI><a href="#[96]">&gt;&gt;</a>&nbsp;&nbsp;&nbsp;bmp280_compensate_pressure_int32
</UL>
<BR>[Called By]<UL><LI><a href="#[5c]">&gt;&gt;</a>&nbsp;&nbsp;&nbsp;main
</UL>

<P><STRONG><a name="[97]"></a>BMP280_ReadTemperature</STRONG> (Thumb, 48 bytes, Stack size 8 bytes, bmp280_arm.o(i.BMP280_ReadTemperature))
<BR><BR>[Stack]<UL><LI>Max Depth = 184<LI>Call Chain = BMP280_ReadTemperature &rArr; BMP280_SPI_bus_read &rArr; HAL_SPI_Receive &rArr; HAL_SPI_TransmitReceive &rArr; SPI_EndRxTxTransaction &rArr; SPI_WaitFifoStateUntilTimeout
</UL>
<BR>[Calls]<UL><LI><a href="#[60]">&gt;&gt;</a>&nbsp;&nbsp;&nbsp;BMP280_SPI_bus_read
<LI><a href="#[8f]">&gt;&gt;</a>&nbsp;&nbsp;&nbsp;bmp280_compensate_temperature_float
</UL>
<BR>[Called By]<UL><LI><a href="#[5c]">&gt;&gt;</a>&nbsp;&nbsp;&nbsp;main
</UL>

<P><STRONG><a name="[5]"></a>BusFault_Handler</STRONG> (Thumb, 2 bytes, Stack size 0 bytes, stm32l4xx_it.o(i.BusFault_Handler))
<BR><BR>[Calls]<UL><LI><a href="#[5]">&gt;&gt;</a>&nbsp;&nbsp;&nbsp;BusFault_Handler
</UL>
<BR>[Called By]<UL><LI><a href="#[5]">&gt;&gt;</a>&nbsp;&nbsp;&nbsp;BusFault_Handler
</UL>
<BR>[Address Reference Count : 1]<UL><LI> startup_stm32l476xx.o(RESET)
</UL>
<P><STRONG><a name="[16]"></a>DMA1_Channel1_IRQHandler</STRONG> (Thumb, 6 bytes, Stack size 0 bytes, stm32l4xx_it.o(i.DMA1_Channel1_IRQHandler))
<BR><BR>[Stack]<UL><LI>Max Depth = 16<LI>Call Chain = DMA1_Channel1_IRQHandler &rArr; HAL_DMA_IRQHandler
</UL>
<BR>[Calls]<UL><LI><a href="#[9b]">&gt;&gt;</a>&nbsp;&nbsp;&nbsp;HAL_DMA_IRQHandler
</UL>
<BR>[Address Reference Count : 1]<UL><LI> startup_stm32l476xx.o(RESET)
</UL>
<P><STRONG><a name="[47]"></a>DMA2_Channel5_IRQHandler</STRONG> (Thumb, 6 bytes, Stack size 0 bytes, stm32l4xx_it.o(i.DMA2_Channel5_IRQHandler))
<BR><BR>[Stack]<UL><LI>Max Depth = 16<LI>Call Chain = DMA2_Channel5_IRQHandler &rArr; HAL_DMA_IRQHandler
</UL>
<BR>[Calls]<UL><LI><a href="#[9b]">&gt;&gt;</a>&nbsp;&nbsp;&nbsp;HAL_DMA_IRQHandler
</UL>
<BR>[Address Reference Count : 1]<UL><LI> startup_stm32l476xx.o(RESET)
</UL>
<P><STRONG><a name="[8]"></a>DebugMon_Handler</STRONG> (Thumb, 2 bytes, Stack size 0 bytes, stm32l4xx_it.o(i.DebugMon_Handler))
<BR>[Address Reference Count : 1]<UL><LI> startup_stm32l476xx.o(RESET)
</UL>
<P><STRONG><a name="[9c]"></a>EC20_Init</STRONG> (Thumb, 62 bytes, Stack size 8 bytes, main.o(i.EC20_Init))
<BR><BR>[Stack]<UL><LI>Max Depth = 48<LI>Call Chain = EC20_Init &rArr; EC20_UART_PROT_INIT
</UL>
<BR>[Calls]<UL><LI><a href="#[98]">&gt;&gt;</a>&nbsp;&nbsp;&nbsp;HAL_GPIO_WritePin
<LI><a href="#[61]">&gt;&gt;</a>&nbsp;&nbsp;&nbsp;HAL_Delay
<LI><a href="#[9d]">&gt;&gt;</a>&nbsp;&nbsp;&nbsp;EC20_UART_PROT_INIT
</UL>
<BR>[Called By]<UL><LI><a href="#[5c]">&gt;&gt;</a>&nbsp;&nbsp;&nbsp;main
</UL>

<P><STRONG><a name="[9d]"></a>EC20_UART_PROT_INIT</STRONG> (Thumb, 50 bytes, Stack size 40 bytes, ec20.o(i.EC20_UART_PROT_INIT))
<BR><BR>[Stack]<UL><LI>Max Depth = 40<LI>Call Chain = EC20_UART_PROT_INIT
</UL>
<BR>[Calls]<UL><LI><a href="#[a0]">&gt;&gt;</a>&nbsp;&nbsp;&nbsp;_Error_Handler
<LI><a href="#[9f]">&gt;&gt;</a>&nbsp;&nbsp;&nbsp;HAL_UART_Transmit_IT
<LI><a href="#[9e]">&gt;&gt;</a>&nbsp;&nbsp;&nbsp;__aeabi_memcpy4
</UL>
<BR>[Called By]<UL><LI><a href="#[9c]">&gt;&gt;</a>&nbsp;&nbsp;&nbsp;EC20_Init
</UL>

<P><STRONG><a name="[a1]"></a>EC20_uart4_send</STRONG> (Thumb, 38 bytes, Stack size 8 bytes, ec20.o(i.EC20_uart4_send))
<BR><BR>[Stack]<UL><LI>Max Depth = 64<LI>Call Chain = EC20_uart4_send &rArr; HAL_UART_Transmit &rArr; UART_WaitOnFlagUntilTimeout
</UL>
<BR>[Calls]<UL><LI><a href="#[a0]">&gt;&gt;</a>&nbsp;&nbsp;&nbsp;_Error_Handler
<LI><a href="#[a3]">&gt;&gt;</a>&nbsp;&nbsp;&nbsp;HAL_UART_Transmit
<LI><a href="#[a2]">&gt;&gt;</a>&nbsp;&nbsp;&nbsp;strlen
</UL>
<BR>[Called By]<UL><LI><a href="#[5c]">&gt;&gt;</a>&nbsp;&nbsp;&nbsp;main
</UL>

<P><STRONG><a name="[ab]"></a>HAL_ADCEx_EndOfSamplingCallback</STRONG> (Thumb, 2 bytes, Stack size 0 bytes, stm32l4xx_hal_adc_ex.o(i.HAL_ADCEx_EndOfSamplingCallback))
<BR><BR>[Called By]<UL><LI><a href="#[80]">&gt;&gt;</a>&nbsp;&nbsp;&nbsp;HAL_ADC_IRQHandler
</UL>

<P><STRONG><a name="[ad]"></a>HAL_ADCEx_InjectedConvCpltCallback</STRONG> (Thumb, 2 bytes, Stack size 0 bytes, stm32l4xx_hal_adc_ex.o(i.HAL_ADCEx_InjectedConvCpltCallback))
<BR><BR>[Called By]<UL><LI><a href="#[80]">&gt;&gt;</a>&nbsp;&nbsp;&nbsp;HAL_ADC_IRQHandler
</UL>

<P><STRONG><a name="[b2]"></a>HAL_ADCEx_InjectedQueueOverflowCallback</STRONG> (Thumb, 2 bytes, Stack size 0 bytes, stm32l4xx_hal_adc_ex.o(i.HAL_ADCEx_InjectedQueueOverflowCallback))
<BR><BR>[Called By]<UL><LI><a href="#[80]">&gt;&gt;</a>&nbsp;&nbsp;&nbsp;HAL_ADC_IRQHandler
</UL>

<P><STRONG><a name="[af]"></a>HAL_ADCEx_LevelOutOfWindow2Callback</STRONG> (Thumb, 2 bytes, Stack size 0 bytes, stm32l4xx_hal_adc_ex.o(i.HAL_ADCEx_LevelOutOfWindow2Callback))
<BR><BR>[Called By]<UL><LI><a href="#[80]">&gt;&gt;</a>&nbsp;&nbsp;&nbsp;HAL_ADC_IRQHandler
</UL>

<P><STRONG><a name="[b0]"></a>HAL_ADCEx_LevelOutOfWindow3Callback</STRONG> (Thumb, 2 bytes, Stack size 0 bytes, stm32l4xx_hal_adc_ex.o(i.HAL_ADCEx_LevelOutOfWindow3Callback))
<BR><BR>[Called By]<UL><LI><a href="#[80]">&gt;&gt;</a>&nbsp;&nbsp;&nbsp;HAL_ADC_IRQHandler
</UL>

<P><STRONG><a name="[a4]"></a>HAL_ADCEx_MultiModeConfigChannel</STRONG> (Thumb, 226 bytes, Stack size 128 bytes, stm32l4xx_hal_adc_ex.o(i.HAL_ADCEx_MultiModeConfigChannel))
<BR><BR>[Stack]<UL><LI>Max Depth = 128<LI>Call Chain = HAL_ADCEx_MultiModeConfigChannel
</UL>
<BR>[Calls]<UL><LI><a href="#[a5]">&gt;&gt;</a>&nbsp;&nbsp;&nbsp;LL_ADC_REG_IsConversionOngoing
</UL>
<BR>[Called By]<UL><LI><a href="#[ff]">&gt;&gt;</a>&nbsp;&nbsp;&nbsp;MX_ADC1_Init
</UL>

<P><STRONG><a name="[a6]"></a>HAL_ADC_ConfigChannel</STRONG> (Thumb, 1150 bytes, Stack size 32 bytes, stm32l4xx_hal_adc.o(i.HAL_ADC_ConfigChannel))
<BR><BR>[Stack]<UL><LI>Max Depth = 48<LI>Call Chain = HAL_ADC_ConfigChannel &rArr; LL_ADC_SetChannelSamplingTime
</UL>
<BR>[Calls]<UL><LI><a href="#[aa]">&gt;&gt;</a>&nbsp;&nbsp;&nbsp;LL_ADC_SetOffsetState
<LI><a href="#[a8]">&gt;&gt;</a>&nbsp;&nbsp;&nbsp;LL_ADC_SetChannelSamplingTime
<LI><a href="#[a7]">&gt;&gt;</a>&nbsp;&nbsp;&nbsp;LL_ADC_REG_IsConversionOngoing
<LI><a href="#[a9]">&gt;&gt;</a>&nbsp;&nbsp;&nbsp;LL_ADC_GetOffsetChannel
</UL>
<BR>[Called By]<UL><LI><a href="#[ff]">&gt;&gt;</a>&nbsp;&nbsp;&nbsp;MX_ADC1_Init
</UL>

<P><STRONG><a name="[ac]"></a>HAL_ADC_ConvCpltCallback</STRONG> (Thumb, 2 bytes, Stack size 0 bytes, stm32l4xx_hal_adc.o(i.HAL_ADC_ConvCpltCallback))
<BR><BR>[Called By]<UL><LI><a href="#[80]">&gt;&gt;</a>&nbsp;&nbsp;&nbsp;HAL_ADC_IRQHandler
</UL>

<P><STRONG><a name="[b1]"></a>HAL_ADC_ErrorCallback</STRONG> (Thumb, 2 bytes, Stack size 0 bytes, stm32l4xx_hal_adc.o(i.HAL_ADC_ErrorCallback))
<BR><BR>[Called By]<UL><LI><a href="#[80]">&gt;&gt;</a>&nbsp;&nbsp;&nbsp;HAL_ADC_IRQHandler
</UL>

<P><STRONG><a name="[80]"></a>HAL_ADC_IRQHandler</STRONG> (Thumb, 636 bytes, Stack size 24 bytes, stm32l4xx_hal_adc.o(i.HAL_ADC_IRQHandler))
<BR><BR>[Stack]<UL><LI>Max Depth = 24<LI>Call Chain = HAL_ADC_IRQHandler
</UL>
<BR>[Calls]<UL><LI><a href="#[a7]">&gt;&gt;</a>&nbsp;&nbsp;&nbsp;LL_ADC_REG_IsConversionOngoing
<LI><a href="#[ae]">&gt;&gt;</a>&nbsp;&nbsp;&nbsp;HAL_ADC_LevelOutOfWindowCallback
<LI><a href="#[b1]">&gt;&gt;</a>&nbsp;&nbsp;&nbsp;HAL_ADC_ErrorCallback
<LI><a href="#[ac]">&gt;&gt;</a>&nbsp;&nbsp;&nbsp;HAL_ADC_ConvCpltCallback
<LI><a href="#[b0]">&gt;&gt;</a>&nbsp;&nbsp;&nbsp;HAL_ADCEx_LevelOutOfWindow3Callback
<LI><a href="#[af]">&gt;&gt;</a>&nbsp;&nbsp;&nbsp;HAL_ADCEx_LevelOutOfWindow2Callback
<LI><a href="#[b2]">&gt;&gt;</a>&nbsp;&nbsp;&nbsp;HAL_ADCEx_InjectedQueueOverflowCallback
<LI><a href="#[ad]">&gt;&gt;</a>&nbsp;&nbsp;&nbsp;HAL_ADCEx_InjectedConvCpltCallback
<LI><a href="#[ab]">&gt;&gt;</a>&nbsp;&nbsp;&nbsp;HAL_ADCEx_EndOfSamplingCallback
</UL>
<BR>[Called By]<UL><LI><a href="#[1d]">&gt;&gt;</a>&nbsp;&nbsp;&nbsp;ADC1_2_IRQHandler
</UL>

<P><STRONG><a name="[b3]"></a>HAL_ADC_Init</STRONG> (Thumb, 498 bytes, Stack size 24 bytes, stm32l4xx_hal_adc.o(i.HAL_ADC_Init))
<BR><BR>[Stack]<UL><LI>Max Depth = 56<LI>Call Chain = HAL_ADC_Init &rArr; HAL_ADC_MspInit &rArr; HAL_DMA_Init
</UL>
<BR>[Calls]<UL><LI><a href="#[a7]">&gt;&gt;</a>&nbsp;&nbsp;&nbsp;LL_ADC_REG_IsConversionOngoing
<LI><a href="#[b4]">&gt;&gt;</a>&nbsp;&nbsp;&nbsp;HAL_ADC_MspInit
</UL>
<BR>[Called By]<UL><LI><a href="#[ff]">&gt;&gt;</a>&nbsp;&nbsp;&nbsp;MX_ADC1_Init
</UL>

<P><STRONG><a name="[ae]"></a>HAL_ADC_LevelOutOfWindowCallback</STRONG> (Thumb, 2 bytes, Stack size 0 bytes, stm32l4xx_hal_adc.o(i.HAL_ADC_LevelOutOfWindowCallback))
<BR><BR>[Called By]<UL><LI><a href="#[80]">&gt;&gt;</a>&nbsp;&nbsp;&nbsp;HAL_ADC_IRQHandler
</UL>

<P><STRONG><a name="[b4]"></a>HAL_ADC_MspInit</STRONG> (Thumb, 102 bytes, Stack size 16 bytes, stm32l4xx_hal_msp.o(i.HAL_ADC_MspInit))
<BR><BR>[Stack]<UL><LI>Max Depth = 32<LI>Call Chain = HAL_ADC_MspInit &rArr; HAL_DMA_Init
</UL>
<BR>[Calls]<UL><LI><a href="#[a0]">&gt;&gt;</a>&nbsp;&nbsp;&nbsp;_Error_Handler
<LI><a href="#[b5]">&gt;&gt;</a>&nbsp;&nbsp;&nbsp;HAL_DMA_Init
<LI><a href="#[b6]">&gt;&gt;</a>&nbsp;&nbsp;&nbsp;HAL_NVIC_SetPriority
<LI><a href="#[b7]">&gt;&gt;</a>&nbsp;&nbsp;&nbsp;HAL_NVIC_EnableIRQ
</UL>
<BR>[Called By]<UL><LI><a href="#[b3]">&gt;&gt;</a>&nbsp;&nbsp;&nbsp;HAL_ADC_Init
</UL>

<P><STRONG><a name="[ba]"></a>HAL_CRCEx_Polynomial_Set</STRONG> (Thumb, 74 bytes, Stack size 12 bytes, stm32l4xx_hal_crc_ex.o(i.HAL_CRCEx_Polynomial_Set))
<BR><BR>[Stack]<UL><LI>Max Depth = 12<LI>Call Chain = HAL_CRCEx_Polynomial_Set
</UL>
<BR>[Called By]<UL><LI><a href="#[b8]">&gt;&gt;</a>&nbsp;&nbsp;&nbsp;HAL_CRC_Init
</UL>

<P><STRONG><a name="[b8]"></a>HAL_CRC_Init</STRONG> (Thumb, 112 bytes, Stack size 8 bytes, stm32l4xx_hal_crc.o(i.HAL_CRC_Init))
<BR><BR>[Stack]<UL><LI>Max Depth = 20<LI>Call Chain = HAL_CRC_Init &rArr; HAL_CRCEx_Polynomial_Set
</UL>
<BR>[Calls]<UL><LI><a href="#[b9]">&gt;&gt;</a>&nbsp;&nbsp;&nbsp;HAL_CRC_MspInit
<LI><a href="#[ba]">&gt;&gt;</a>&nbsp;&nbsp;&nbsp;HAL_CRCEx_Polynomial_Set
</UL>
<BR>[Called By]<UL><LI><a href="#[5c]">&gt;&gt;</a>&nbsp;&nbsp;&nbsp;main
</UL>

<P><STRONG><a name="[b9]"></a>HAL_CRC_MspInit</STRONG> (Thumb, 30 bytes, Stack size 8 bytes, stm32l4xx_hal_msp.o(i.HAL_CRC_MspInit))
<BR><BR>[Stack]<UL><LI>Max Depth = 8<LI>Call Chain = HAL_CRC_MspInit
</UL>
<BR>[Called By]<UL><LI><a href="#[b8]">&gt;&gt;</a>&nbsp;&nbsp;&nbsp;HAL_CRC_Init
</UL>

<P><STRONG><a name="[ed]"></a>HAL_DMA_Abort</STRONG> (Thumb, 54 bytes, Stack size 0 bytes, stm32l4xx_hal_dma.o(i.HAL_DMA_Abort))
<BR><BR>[Called By]<UL><LI><a href="#[ec]">&gt;&gt;</a>&nbsp;&nbsp;&nbsp;HAL_UART_DMAStop
</UL>

<P><STRONG><a name="[cb]"></a>HAL_DMA_Abort_IT</STRONG> (Thumb, 74 bytes, Stack size 8 bytes, stm32l4xx_hal_dma.o(i.HAL_DMA_Abort_IT))
<BR><BR>[Stack]<UL><LI>Max Depth = 8<LI>Call Chain = HAL_DMA_Abort_IT
</UL>
<BR>[Called By]<UL><LI><a href="#[f1]">&gt;&gt;</a>&nbsp;&nbsp;&nbsp;HAL_UART_IRQHandler
<LI><a href="#[e3]">&gt;&gt;</a>&nbsp;&nbsp;&nbsp;HAL_SPI_IRQHandler
<LI><a href="#[cc]">&gt;&gt;</a>&nbsp;&nbsp;&nbsp;HAL_QSPI_IRQHandler
<LI><a href="#[ca]">&gt;&gt;</a>&nbsp;&nbsp;&nbsp;HAL_QSPI_Abort_IT
</UL>

<P><STRONG><a name="[9b]"></a>HAL_DMA_IRQHandler</STRONG> (Thumb, 168 bytes, Stack size 16 bytes, stm32l4xx_hal_dma.o(i.HAL_DMA_IRQHandler))
<BR><BR>[Stack]<UL><LI>Max Depth = 16<LI>Call Chain = HAL_DMA_IRQHandler
</UL>
<BR>[Called By]<UL><LI><a href="#[47]">&gt;&gt;</a>&nbsp;&nbsp;&nbsp;DMA2_Channel5_IRQHandler
<LI><a href="#[16]">&gt;&gt;</a>&nbsp;&nbsp;&nbsp;DMA1_Channel1_IRQHandler
</UL>

<P><STRONG><a name="[b5]"></a>HAL_DMA_Init</STRONG> (Thumb, 178 bytes, Stack size 16 bytes, stm32l4xx_hal_dma.o(i.HAL_DMA_Init))
<BR><BR>[Stack]<UL><LI>Max Depth = 16<LI>Call Chain = HAL_DMA_Init
</UL>
<BR>[Called By]<UL><LI><a href="#[f5]">&gt;&gt;</a>&nbsp;&nbsp;&nbsp;HAL_UART_MspInit
<LI><a href="#[b4]">&gt;&gt;</a>&nbsp;&nbsp;&nbsp;HAL_ADC_MspInit
</UL>

<P><STRONG><a name="[61]"></a>HAL_Delay</STRONG> (Thumb, 28 bytes, Stack size 16 bytes, stm32l4xx_hal.o(i.HAL_Delay))
<BR><BR>[Stack]<UL><LI>Max Depth = 16<LI>Call Chain = HAL_Delay
</UL>
<BR>[Calls]<UL><LI><a href="#[bb]">&gt;&gt;</a>&nbsp;&nbsp;&nbsp;HAL_GetTick
</UL>
<BR>[Called By]<UL><LI><a href="#[5c]">&gt;&gt;</a>&nbsp;&nbsp;&nbsp;main
<LI><a href="#[9c]">&gt;&gt;</a>&nbsp;&nbsp;&nbsp;EC20_Init
<LI><a href="#[c0]">&gt;&gt;</a>&nbsp;&nbsp;&nbsp;USB_SetCurrentMode
<LI><a href="#[c1]">&gt;&gt;</a>&nbsp;&nbsp;&nbsp;USB_HostInit
</UL>
<BR>[Address Reference Count : 1]<UL><LI> bmp280_arm.o(i.BMP280_Begin)
</UL>
<P><STRONG><a name="[c2]"></a>HAL_GPIO_Init</STRONG> (Thumb, 414 bytes, Stack size 40 bytes, stm32l4xx_hal_gpio.o(i.HAL_GPIO_Init))
<BR><BR>[Stack]<UL><LI>Max Depth = 40<LI>Call Chain = HAL_GPIO_Init
</UL>
<BR>[Called By]<UL><LI><a href="#[f5]">&gt;&gt;</a>&nbsp;&nbsp;&nbsp;HAL_UART_MspInit
<LI><a href="#[e6]">&gt;&gt;</a>&nbsp;&nbsp;&nbsp;HAL_SPI_MspInit
<LI><a href="#[d6]">&gt;&gt;</a>&nbsp;&nbsp;&nbsp;HAL_QSPI_MspInit
<LI><a href="#[bd]">&gt;&gt;</a>&nbsp;&nbsp;&nbsp;HAL_HCD_MspInit
<LI><a href="#[100]">&gt;&gt;</a>&nbsp;&nbsp;&nbsp;MX_GPIO_Init
</UL>

<P><STRONG><a name="[12e]"></a>HAL_GPIO_TogglePin</STRONG> (Thumb, 8 bytes, Stack size 0 bytes, stm32l4xx_hal_gpio.o(i.HAL_GPIO_TogglePin))
<BR><BR>[Called By]<UL><LI><a href="#[5c]">&gt;&gt;</a>&nbsp;&nbsp;&nbsp;main
</UL>

<P><STRONG><a name="[98]"></a>HAL_GPIO_WritePin</STRONG> (Thumb, 10 bytes, Stack size 0 bytes, stm32l4xx_hal_gpio.o(i.HAL_GPIO_WritePin))
<BR><BR>[Called By]<UL><LI><a href="#[5f]">&gt;&gt;</a>&nbsp;&nbsp;&nbsp;BMP280_SPI_bus_write
<LI><a href="#[60]">&gt;&gt;</a>&nbsp;&nbsp;&nbsp;BMP280_SPI_bus_read
<LI><a href="#[fb]">&gt;&gt;</a>&nbsp;&nbsp;&nbsp;MPU9250_Write_Reg
<LI><a href="#[fd]">&gt;&gt;</a>&nbsp;&nbsp;&nbsp;MPU9250_Read_Reg
<LI><a href="#[5c]">&gt;&gt;</a>&nbsp;&nbsp;&nbsp;main
<LI><a href="#[9c]">&gt;&gt;</a>&nbsp;&nbsp;&nbsp;EC20_Init
<LI><a href="#[100]">&gt;&gt;</a>&nbsp;&nbsp;&nbsp;MX_GPIO_Init
</UL>

<P><STRONG><a name="[bb]"></a>HAL_GetTick</STRONG> (Thumb, 6 bytes, Stack size 0 bytes, stm32l4xx_hal.o(i.HAL_GetTick))
<BR><BR>[Called By]<UL><LI><a href="#[e7]">&gt;&gt;</a>&nbsp;&nbsp;&nbsp;HAL_SPI_TransmitReceive
<LI><a href="#[a3]">&gt;&gt;</a>&nbsp;&nbsp;&nbsp;HAL_UART_Transmit
<LI><a href="#[61]">&gt;&gt;</a>&nbsp;&nbsp;&nbsp;HAL_Delay
<LI><a href="#[dd]">&gt;&gt;</a>&nbsp;&nbsp;&nbsp;HAL_RCC_OscConfig
<LI><a href="#[db]">&gt;&gt;</a>&nbsp;&nbsp;&nbsp;HAL_RCC_ClockConfig
<LI><a href="#[d8]">&gt;&gt;</a>&nbsp;&nbsp;&nbsp;HAL_RCCEx_PeriphCLKConfig
<LI><a href="#[d5]">&gt;&gt;</a>&nbsp;&nbsp;&nbsp;HAL_QSPI_Init
<LI><a href="#[99]">&gt;&gt;</a>&nbsp;&nbsp;&nbsp;HAL_SPI_Transmit
<LI><a href="#[9a]">&gt;&gt;</a>&nbsp;&nbsp;&nbsp;HAL_SPI_Receive
<LI><a href="#[10d]">&gt;&gt;</a>&nbsp;&nbsp;&nbsp;SPI_WaitFlagStateUntilTimeout
<LI><a href="#[10e]">&gt;&gt;</a>&nbsp;&nbsp;&nbsp;SPI_WaitFifoStateUntilTimeout
<LI><a href="#[f9]">&gt;&gt;</a>&nbsp;&nbsp;&nbsp;UART_WaitOnFlagUntilTimeout
<LI><a href="#[f8]">&gt;&gt;</a>&nbsp;&nbsp;&nbsp;UART_CheckIdleState
<LI><a href="#[e1]">&gt;&gt;</a>&nbsp;&nbsp;&nbsp;RTC_EnterInitMode
<LI><a href="#[e2]">&gt;&gt;</a>&nbsp;&nbsp;&nbsp;HAL_RTC_WaitForSynchro
<LI><a href="#[d7]">&gt;&gt;</a>&nbsp;&nbsp;&nbsp;QSPI_WaitFlagStateUntilTimeout
<LI><a href="#[da]">&gt;&gt;</a>&nbsp;&nbsp;&nbsp;RCCEx_PLLSAI2_Config
<LI><a href="#[d9]">&gt;&gt;</a>&nbsp;&nbsp;&nbsp;RCCEx_PLLSAI1_Config
</UL>

<P><STRONG><a name="[bc]"></a>HAL_HCD_Init</STRONG> (Thumb, 104 bytes, Stack size 56 bytes, stm32l4xx_hal_hcd.o(i.HAL_HCD_Init))
<BR><BR>[Stack]<UL><LI>Max Depth = 128<LI>Call Chain = HAL_HCD_Init &rArr; HAL_HCD_MspInit &rArr; HAL_GPIO_Init
</UL>
<BR>[Calls]<UL><LI><a href="#[bd]">&gt;&gt;</a>&nbsp;&nbsp;&nbsp;HAL_HCD_MspInit
<LI><a href="#[c0]">&gt;&gt;</a>&nbsp;&nbsp;&nbsp;USB_SetCurrentMode
<LI><a href="#[c1]">&gt;&gt;</a>&nbsp;&nbsp;&nbsp;USB_HostInit
<LI><a href="#[be]">&gt;&gt;</a>&nbsp;&nbsp;&nbsp;USB_DisableGlobalInt
<LI><a href="#[bf]">&gt;&gt;</a>&nbsp;&nbsp;&nbsp;USB_CoreInit
<LI><a href="#[9e]">&gt;&gt;</a>&nbsp;&nbsp;&nbsp;__aeabi_memcpy4
</UL>
<BR>[Called By]<UL><LI><a href="#[5c]">&gt;&gt;</a>&nbsp;&nbsp;&nbsp;main
</UL>

<P><STRONG><a name="[bd]"></a>HAL_HCD_MspInit</STRONG> (Thumb, 106 bytes, Stack size 32 bytes, stm32l4xx_hal_msp.o(i.HAL_HCD_MspInit))
<BR><BR>[Stack]<UL><LI>Max Depth = 72<LI>Call Chain = HAL_HCD_MspInit &rArr; HAL_GPIO_Init
</UL>
<BR>[Calls]<UL><LI><a href="#[c3]">&gt;&gt;</a>&nbsp;&nbsp;&nbsp;HAL_PWREx_EnableVddUSB
<LI><a href="#[c2]">&gt;&gt;</a>&nbsp;&nbsp;&nbsp;HAL_GPIO_Init
</UL>
<BR>[Called By]<UL><LI><a href="#[bc]">&gt;&gt;</a>&nbsp;&nbsp;&nbsp;HAL_HCD_Init
</UL>

<P><STRONG><a name="[10f]"></a>HAL_IncTick</STRONG> (Thumb, 10 bytes, Stack size 0 bytes, stm32l4xx_hal.o(i.HAL_IncTick))
<BR><BR>[Called By]<UL><LI><a href="#[a]">&gt;&gt;</a>&nbsp;&nbsp;&nbsp;SysTick_Handler
</UL>

<P><STRONG><a name="[c4]"></a>HAL_Init</STRONG> (Thumb, 22 bytes, Stack size 8 bytes, stm32l4xx_hal.o(i.HAL_Init))
<BR><BR>[Stack]<UL><LI>Max Depth = 32<LI>Call Chain = HAL_Init &rArr; HAL_MspInit &rArr; HAL_NVIC_SetPriority
</UL>
<BR>[Calls]<UL><LI><a href="#[c5]">&gt;&gt;</a>&nbsp;&nbsp;&nbsp;HAL_NVIC_SetPriorityGrouping
<LI><a href="#[c7]">&gt;&gt;</a>&nbsp;&nbsp;&nbsp;HAL_MspInit
<LI><a href="#[c6]">&gt;&gt;</a>&nbsp;&nbsp;&nbsp;HAL_InitTick
</UL>
<BR>[Called By]<UL><LI><a href="#[5c]">&gt;&gt;</a>&nbsp;&nbsp;&nbsp;main
</UL>

<P><STRONG><a name="[c6]"></a>HAL_InitTick</STRONG> (Thumb, 34 bytes, Stack size 8 bytes, stm32l4xx_hal.o(i.HAL_InitTick))
<BR><BR>[Stack]<UL><LI>Max Depth = 24<LI>Call Chain = HAL_InitTick &rArr; HAL_NVIC_SetPriority
</UL>
<BR>[Calls]<UL><LI><a href="#[c8]">&gt;&gt;</a>&nbsp;&nbsp;&nbsp;HAL_SYSTICK_Config
<LI><a href="#[b6]">&gt;&gt;</a>&nbsp;&nbsp;&nbsp;HAL_NVIC_SetPriority
</UL>
<BR>[Called By]<UL><LI><a href="#[dd]">&gt;&gt;</a>&nbsp;&nbsp;&nbsp;HAL_RCC_OscConfig
<LI><a href="#[db]">&gt;&gt;</a>&nbsp;&nbsp;&nbsp;HAL_RCC_ClockConfig
<LI><a href="#[c4]">&gt;&gt;</a>&nbsp;&nbsp;&nbsp;HAL_Init
</UL>

<P><STRONG><a name="[c7]"></a>HAL_MspInit</STRONG> (Thumb, 122 bytes, Stack size 8 bytes, stm32l4xx_hal_msp.o(i.HAL_MspInit))
<BR><BR>[Stack]<UL><LI>Max Depth = 24<LI>Call Chain = HAL_MspInit &rArr; HAL_NVIC_SetPriority
</UL>
<BR>[Calls]<UL><LI><a href="#[c5]">&gt;&gt;</a>&nbsp;&nbsp;&nbsp;HAL_NVIC_SetPriorityGrouping
<LI><a href="#[b6]">&gt;&gt;</a>&nbsp;&nbsp;&nbsp;HAL_NVIC_SetPriority
</UL>
<BR>[Called By]<UL><LI><a href="#[c4]">&gt;&gt;</a>&nbsp;&nbsp;&nbsp;HAL_Init
</UL>

<P><STRONG><a name="[b7]"></a>HAL_NVIC_EnableIRQ</STRONG> (Thumb, 22 bytes, Stack size 0 bytes, stm32l4xx_hal_cortex.o(i.HAL_NVIC_EnableIRQ))
<BR><BR>[Called By]<UL><LI><a href="#[f5]">&gt;&gt;</a>&nbsp;&nbsp;&nbsp;HAL_UART_MspInit
<LI><a href="#[e6]">&gt;&gt;</a>&nbsp;&nbsp;&nbsp;HAL_SPI_MspInit
<LI><a href="#[d6]">&gt;&gt;</a>&nbsp;&nbsp;&nbsp;HAL_QSPI_MspInit
<LI><a href="#[b4]">&gt;&gt;</a>&nbsp;&nbsp;&nbsp;HAL_ADC_MspInit
<LI><a href="#[5c]">&gt;&gt;</a>&nbsp;&nbsp;&nbsp;main
</UL>

<P><STRONG><a name="[b6]"></a>HAL_NVIC_SetPriority</STRONG> (Thumb, 60 bytes, Stack size 16 bytes, stm32l4xx_hal_cortex.o(i.HAL_NVIC_SetPriority))
<BR><BR>[Stack]<UL><LI>Max Depth = 16<LI>Call Chain = HAL_NVIC_SetPriority
</UL>
<BR>[Calls]<UL><LI><a href="#[c9]">&gt;&gt;</a>&nbsp;&nbsp;&nbsp;NVIC_SetPriority
</UL>
<BR>[Called By]<UL><LI><a href="#[f5]">&gt;&gt;</a>&nbsp;&nbsp;&nbsp;HAL_UART_MspInit
<LI><a href="#[e6]">&gt;&gt;</a>&nbsp;&nbsp;&nbsp;HAL_SPI_MspInit
<LI><a href="#[d6]">&gt;&gt;</a>&nbsp;&nbsp;&nbsp;HAL_QSPI_MspInit
<LI><a href="#[c7]">&gt;&gt;</a>&nbsp;&nbsp;&nbsp;HAL_MspInit
<LI><a href="#[b4]">&gt;&gt;</a>&nbsp;&nbsp;&nbsp;HAL_ADC_MspInit
<LI><a href="#[5c]">&gt;&gt;</a>&nbsp;&nbsp;&nbsp;main
<LI><a href="#[110]">&gt;&gt;</a>&nbsp;&nbsp;&nbsp;SystemClock_Config
<LI><a href="#[c6]">&gt;&gt;</a>&nbsp;&nbsp;&nbsp;HAL_InitTick
</UL>

<P><STRONG><a name="[c5]"></a>HAL_NVIC_SetPriorityGrouping</STRONG> (Thumb, 26 bytes, Stack size 0 bytes, stm32l4xx_hal_cortex.o(i.HAL_NVIC_SetPriorityGrouping))
<BR><BR>[Called By]<UL><LI><a href="#[c7]">&gt;&gt;</a>&nbsp;&nbsp;&nbsp;HAL_MspInit
<LI><a href="#[c4]">&gt;&gt;</a>&nbsp;&nbsp;&nbsp;HAL_Init
</UL>

<P><STRONG><a name="[111]"></a>HAL_PWREx_ControlVoltageScaling</STRONG> (Thumb, 86 bytes, Stack size 0 bytes, stm32l4xx_hal_pwr_ex.o(i.HAL_PWREx_ControlVoltageScaling))
<BR><BR>[Called By]<UL><LI><a href="#[110]">&gt;&gt;</a>&nbsp;&nbsp;&nbsp;SystemClock_Config
</UL>

<P><STRONG><a name="[101]"></a>HAL_PWREx_EnableVddIO2</STRONG> (Thumb, 12 bytes, Stack size 0 bytes, stm32l4xx_hal_pwr_ex.o(i.HAL_PWREx_EnableVddIO2))
<BR><BR>[Called By]<UL><LI><a href="#[100]">&gt;&gt;</a>&nbsp;&nbsp;&nbsp;MX_GPIO_Init
</UL>

<P><STRONG><a name="[c3]"></a>HAL_PWREx_EnableVddUSB</STRONG> (Thumb, 12 bytes, Stack size 0 bytes, stm32l4xx_hal_pwr_ex.o(i.HAL_PWREx_EnableVddUSB))
<BR><BR>[Called By]<UL><LI><a href="#[bd]">&gt;&gt;</a>&nbsp;&nbsp;&nbsp;HAL_HCD_MspInit
</UL>

<P><STRONG><a name="[108]"></a>HAL_PWREx_GetVoltageRange</STRONG> (Thumb, 10 bytes, Stack size 0 bytes, stm32l4xx_hal_pwr_ex.o(i.HAL_PWREx_GetVoltageRange))
<BR><BR>[Called By]<UL><LI><a href="#[de]">&gt;&gt;</a>&nbsp;&nbsp;&nbsp;RCC_SetFlashLatencyFromMSIRange
</UL>

<P><STRONG><a name="[d1]"></a>HAL_QSPI_AbortCpltCallback</STRONG> (Thumb, 2 bytes, Stack size 0 bytes, stm32l4xx_hal_qspi.o(i.HAL_QSPI_AbortCpltCallback))
<BR><BR>[Called By]<UL><LI><a href="#[cc]">&gt;&gt;</a>&nbsp;&nbsp;&nbsp;HAL_QSPI_IRQHandler
</UL>

<P><STRONG><a name="[ca]"></a>HAL_QSPI_Abort_IT</STRONG> (Thumb, 92 bytes, Stack size 8 bytes, stm32l4xx_hal_qspi.o(i.HAL_QSPI_Abort_IT))
<BR><BR>[Stack]<UL><LI>Max Depth = 16<LI>Call Chain = HAL_QSPI_Abort_IT &rArr; HAL_DMA_Abort_IT
</UL>
<BR>[Calls]<UL><LI><a href="#[cb]">&gt;&gt;</a>&nbsp;&nbsp;&nbsp;HAL_DMA_Abort_IT
</UL>
<BR>[Called By]<UL><LI><a href="#[cc]">&gt;&gt;</a>&nbsp;&nbsp;&nbsp;HAL_QSPI_IRQHandler
</UL>

<P><STRONG><a name="[d0]"></a>HAL_QSPI_CmdCpltCallback</STRONG> (Thumb, 2 bytes, Stack size 0 bytes, stm32l4xx_hal_qspi.o(i.HAL_QSPI_CmdCpltCallback))
<BR><BR>[Called By]<UL><LI><a href="#[cc]">&gt;&gt;</a>&nbsp;&nbsp;&nbsp;HAL_QSPI_IRQHandler
</UL>

<P><STRONG><a name="[d2]"></a>HAL_QSPI_ErrorCallback</STRONG> (Thumb, 2 bytes, Stack size 0 bytes, stm32l4xx_hal_qspi.o(i.HAL_QSPI_ErrorCallback))
<BR><BR>[Called By]<UL><LI><a href="#[cc]">&gt;&gt;</a>&nbsp;&nbsp;&nbsp;HAL_QSPI_IRQHandler
<LI><a href="#[62]">&gt;&gt;</a>&nbsp;&nbsp;&nbsp;QSPI_DMAAbortCplt
</UL>

<P><STRONG><a name="[cd]"></a>HAL_QSPI_FifoThresholdCallback</STRONG> (Thumb, 2 bytes, Stack size 0 bytes, stm32l4xx_hal_qspi.o(i.HAL_QSPI_FifoThresholdCallback))
<BR><BR>[Called By]<UL><LI><a href="#[cc]">&gt;&gt;</a>&nbsp;&nbsp;&nbsp;HAL_QSPI_IRQHandler
</UL>

<P><STRONG><a name="[cc]"></a>HAL_QSPI_IRQHandler</STRONG> (Thumb, 470 bytes, Stack size 16 bytes, stm32l4xx_hal_qspi.o(i.HAL_QSPI_IRQHandler))
<BR><BR>[Stack]<UL><LI>Max Depth = 32<LI>Call Chain = HAL_QSPI_IRQHandler &rArr; HAL_QSPI_Abort_IT &rArr; HAL_DMA_Abort_IT
</UL>
<BR>[Calls]<UL><LI><a href="#[ce]">&gt;&gt;</a>&nbsp;&nbsp;&nbsp;HAL_QSPI_TxCpltCallback
<LI><a href="#[d4]">&gt;&gt;</a>&nbsp;&nbsp;&nbsp;HAL_QSPI_TimeOutCallback
<LI><a href="#[d3]">&gt;&gt;</a>&nbsp;&nbsp;&nbsp;HAL_QSPI_StatusMatchCallback
<LI><a href="#[cf]">&gt;&gt;</a>&nbsp;&nbsp;&nbsp;HAL_QSPI_RxCpltCallback
<LI><a href="#[cd]">&gt;&gt;</a>&nbsp;&nbsp;&nbsp;HAL_QSPI_FifoThresholdCallback
<LI><a href="#[d2]">&gt;&gt;</a>&nbsp;&nbsp;&nbsp;HAL_QSPI_ErrorCallback
<LI><a href="#[d0]">&gt;&gt;</a>&nbsp;&nbsp;&nbsp;HAL_QSPI_CmdCpltCallback
<LI><a href="#[d1]">&gt;&gt;</a>&nbsp;&nbsp;&nbsp;HAL_QSPI_AbortCpltCallback
<LI><a href="#[cb]">&gt;&gt;</a>&nbsp;&nbsp;&nbsp;HAL_DMA_Abort_IT
<LI><a href="#[ca]">&gt;&gt;</a>&nbsp;&nbsp;&nbsp;HAL_QSPI_Abort_IT
</UL>
<BR>[Called By]<UL><LI><a href="#[52]">&gt;&gt;</a>&nbsp;&nbsp;&nbsp;QUADSPI_IRQHandler
</UL>

<P><STRONG><a name="[d5]"></a>HAL_QSPI_Init</STRONG> (Thumb, 166 bytes, Stack size 24 bytes, stm32l4xx_hal_qspi.o(i.HAL_QSPI_Init))
<BR><BR>[Stack]<UL><LI>Max Depth = 112<LI>Call Chain = HAL_QSPI_Init &rArr; HAL_QSPI_MspInit &rArr; HAL_GPIO_Init
</UL>
<BR>[Calls]<UL><LI><a href="#[d6]">&gt;&gt;</a>&nbsp;&nbsp;&nbsp;HAL_QSPI_MspInit
<LI><a href="#[d7]">&gt;&gt;</a>&nbsp;&nbsp;&nbsp;QSPI_WaitFlagStateUntilTimeout
<LI><a href="#[bb]">&gt;&gt;</a>&nbsp;&nbsp;&nbsp;HAL_GetTick
</UL>
<BR>[Called By]<UL><LI><a href="#[5c]">&gt;&gt;</a>&nbsp;&nbsp;&nbsp;main
</UL>

<P><STRONG><a name="[d6]"></a>HAL_QSPI_MspInit</STRONG> (Thumb, 90 bytes, Stack size 48 bytes, stm32l4xx_hal_msp.o(i.HAL_QSPI_MspInit))
<BR><BR>[Stack]<UL><LI>Max Depth = 88<LI>Call Chain = HAL_QSPI_MspInit &rArr; HAL_GPIO_Init
</UL>
<BR>[Calls]<UL><LI><a href="#[b6]">&gt;&gt;</a>&nbsp;&nbsp;&nbsp;HAL_NVIC_SetPriority
<LI><a href="#[b7]">&gt;&gt;</a>&nbsp;&nbsp;&nbsp;HAL_NVIC_EnableIRQ
<LI><a href="#[c2]">&gt;&gt;</a>&nbsp;&nbsp;&nbsp;HAL_GPIO_Init
</UL>
<BR>[Called By]<UL><LI><a href="#[d5]">&gt;&gt;</a>&nbsp;&nbsp;&nbsp;HAL_QSPI_Init
</UL>

<P><STRONG><a name="[cf]"></a>HAL_QSPI_RxCpltCallback</STRONG> (Thumb, 2 bytes, Stack size 0 bytes, stm32l4xx_hal_qspi.o(i.HAL_QSPI_RxCpltCallback))
<BR><BR>[Called By]<UL><LI><a href="#[cc]">&gt;&gt;</a>&nbsp;&nbsp;&nbsp;HAL_QSPI_IRQHandler
</UL>

<P><STRONG><a name="[d3]"></a>HAL_QSPI_StatusMatchCallback</STRONG> (Thumb, 2 bytes, Stack size 0 bytes, stm32l4xx_hal_qspi.o(i.HAL_QSPI_StatusMatchCallback))
<BR><BR>[Called By]<UL><LI><a href="#[cc]">&gt;&gt;</a>&nbsp;&nbsp;&nbsp;HAL_QSPI_IRQHandler
</UL>

<P><STRONG><a name="[d4]"></a>HAL_QSPI_TimeOutCallback</STRONG> (Thumb, 2 bytes, Stack size 0 bytes, stm32l4xx_hal_qspi.o(i.HAL_QSPI_TimeOutCallback))
<BR><BR>[Called By]<UL><LI><a href="#[cc]">&gt;&gt;</a>&nbsp;&nbsp;&nbsp;HAL_QSPI_IRQHandler
</UL>

<P><STRONG><a name="[ce]"></a>HAL_QSPI_TxCpltCallback</STRONG> (Thumb, 2 bytes, Stack size 0 bytes, stm32l4xx_hal_qspi.o(i.HAL_QSPI_TxCpltCallback))
<BR><BR>[Called By]<UL><LI><a href="#[cc]">&gt;&gt;</a>&nbsp;&nbsp;&nbsp;HAL_QSPI_IRQHandler
</UL>

<P><STRONG><a name="[d8]"></a>HAL_RCCEx_PeriphCLKConfig</STRONG> (Thumb, 928 bytes, Stack size 40 bytes, stm32l4xx_hal_rcc_ex.o(i.HAL_RCCEx_PeriphCLKConfig))
<BR><BR>[Stack]<UL><LI>Max Depth = 64<LI>Call Chain = HAL_RCCEx_PeriphCLKConfig &rArr; RCCEx_PLLSAI2_Config
</UL>
<BR>[Calls]<UL><LI><a href="#[bb]">&gt;&gt;</a>&nbsp;&nbsp;&nbsp;HAL_GetTick
<LI><a href="#[da]">&gt;&gt;</a>&nbsp;&nbsp;&nbsp;RCCEx_PLLSAI2_Config
<LI><a href="#[d9]">&gt;&gt;</a>&nbsp;&nbsp;&nbsp;RCCEx_PLLSAI1_Config
</UL>
<BR>[Called By]<UL><LI><a href="#[110]">&gt;&gt;</a>&nbsp;&nbsp;&nbsp;SystemClock_Config
</UL>

<P><STRONG><a name="[db]"></a>HAL_RCC_ClockConfig</STRONG> (Thumb, 358 bytes, Stack size 32 bytes, stm32l4xx_hal_rcc.o(i.HAL_RCC_ClockConfig))
<BR><BR>[Stack]<UL><LI>Max Depth = 56<LI>Call Chain = HAL_RCC_ClockConfig &rArr; HAL_InitTick &rArr; HAL_NVIC_SetPriority
</UL>
<BR>[Calls]<UL><LI><a href="#[c6]">&gt;&gt;</a>&nbsp;&nbsp;&nbsp;HAL_InitTick
<LI><a href="#[dc]">&gt;&gt;</a>&nbsp;&nbsp;&nbsp;HAL_RCC_GetSysClockFreq
<LI><a href="#[bb]">&gt;&gt;</a>&nbsp;&nbsp;&nbsp;HAL_GetTick
</UL>
<BR>[Called By]<UL><LI><a href="#[110]">&gt;&gt;</a>&nbsp;&nbsp;&nbsp;SystemClock_Config
</UL>

<P><STRONG><a name="[112]"></a>HAL_RCC_GetHCLKFreq</STRONG> (Thumb, 6 bytes, Stack size 0 bytes, stm32l4xx_hal_rcc.o(i.HAL_RCC_GetHCLKFreq))
<BR><BR>[Called By]<UL><LI><a href="#[110]">&gt;&gt;</a>&nbsp;&nbsp;&nbsp;SystemClock_Config
</UL>

<P><STRONG><a name="[114]"></a>HAL_RCC_GetPCLK1Freq</STRONG> (Thumb, 20 bytes, Stack size 0 bytes, stm32l4xx_hal_rcc.o(i.HAL_RCC_GetPCLK1Freq))
<BR><BR>[Called By]<UL><LI><a href="#[f6]">&gt;&gt;</a>&nbsp;&nbsp;&nbsp;UART_SetConfig
</UL>

<P><STRONG><a name="[115]"></a>HAL_RCC_GetPCLK2Freq</STRONG> (Thumb, 20 bytes, Stack size 0 bytes, stm32l4xx_hal_rcc.o(i.HAL_RCC_GetPCLK2Freq))
<BR><BR>[Called By]<UL><LI><a href="#[f6]">&gt;&gt;</a>&nbsp;&nbsp;&nbsp;UART_SetConfig
</UL>

<P><STRONG><a name="[dc]"></a>HAL_RCC_GetSysClockFreq</STRONG> (Thumb, 182 bytes, Stack size 12 bytes, stm32l4xx_hal_rcc.o(i.HAL_RCC_GetSysClockFreq))
<BR><BR>[Stack]<UL><LI>Max Depth = 12<LI>Call Chain = HAL_RCC_GetSysClockFreq
</UL>
<BR>[Called By]<UL><LI><a href="#[dd]">&gt;&gt;</a>&nbsp;&nbsp;&nbsp;HAL_RCC_OscConfig
<LI><a href="#[db]">&gt;&gt;</a>&nbsp;&nbsp;&nbsp;HAL_RCC_ClockConfig
<LI><a href="#[f6]">&gt;&gt;</a>&nbsp;&nbsp;&nbsp;UART_SetConfig
</UL>

<P><STRONG><a name="[dd]"></a>HAL_RCC_OscConfig</STRONG> (Thumb, 1128 bytes, Stack size 32 bytes, stm32l4xx_hal_rcc.o(i.HAL_RCC_OscConfig))
<BR><BR>[Stack]<UL><LI>Max Depth = 56<LI>Call Chain = HAL_RCC_OscConfig &rArr; HAL_InitTick &rArr; HAL_NVIC_SetPriority
</UL>
<BR>[Calls]<UL><LI><a href="#[c6]">&gt;&gt;</a>&nbsp;&nbsp;&nbsp;HAL_InitTick
<LI><a href="#[dc]">&gt;&gt;</a>&nbsp;&nbsp;&nbsp;HAL_RCC_GetSysClockFreq
<LI><a href="#[bb]">&gt;&gt;</a>&nbsp;&nbsp;&nbsp;HAL_GetTick
<LI><a href="#[de]">&gt;&gt;</a>&nbsp;&nbsp;&nbsp;RCC_SetFlashLatencyFromMSIRange
</UL>
<BR>[Called By]<UL><LI><a href="#[110]">&gt;&gt;</a>&nbsp;&nbsp;&nbsp;SystemClock_Config
</UL>

<P><STRONG><a name="[df]"></a>HAL_RTC_Init</STRONG> (Thumb, 180 bytes, Stack size 16 bytes, stm32l4xx_hal_rtc.o(i.HAL_RTC_Init))
<BR><BR>[Stack]<UL><LI>Max Depth = 32<LI>Call Chain = HAL_RTC_Init &rArr; RTC_EnterInitMode
</UL>
<BR>[Calls]<UL><LI><a href="#[e0]">&gt;&gt;</a>&nbsp;&nbsp;&nbsp;HAL_RTC_MspInit
<LI><a href="#[e1]">&gt;&gt;</a>&nbsp;&nbsp;&nbsp;RTC_EnterInitMode
<LI><a href="#[e2]">&gt;&gt;</a>&nbsp;&nbsp;&nbsp;HAL_RTC_WaitForSynchro
</UL>
<BR>[Called By]<UL><LI><a href="#[5c]">&gt;&gt;</a>&nbsp;&nbsp;&nbsp;main
</UL>

<P><STRONG><a name="[e0]"></a>HAL_RTC_MspInit</STRONG> (Thumb, 22 bytes, Stack size 0 bytes, stm32l4xx_hal_msp.o(i.HAL_RTC_MspInit))
<BR><BR>[Called By]<UL><LI><a href="#[df]">&gt;&gt;</a>&nbsp;&nbsp;&nbsp;HAL_RTC_Init
</UL>

<P><STRONG><a name="[e2]"></a>HAL_RTC_WaitForSynchro</STRONG> (Thumb, 54 bytes, Stack size 16 bytes, stm32l4xx_hal_rtc.o(i.HAL_RTC_WaitForSynchro))
<BR><BR>[Stack]<UL><LI>Max Depth = 16<LI>Call Chain = HAL_RTC_WaitForSynchro
</UL>
<BR>[Calls]<UL><LI><a href="#[bb]">&gt;&gt;</a>&nbsp;&nbsp;&nbsp;HAL_GetTick
</UL>
<BR>[Called By]<UL><LI><a href="#[df]">&gt;&gt;</a>&nbsp;&nbsp;&nbsp;HAL_RTC_Init
</UL>

<P><STRONG><a name="[e4]"></a>HAL_SPI_ErrorCallback</STRONG> (Thumb, 2 bytes, Stack size 0 bytes, stm32l4xx_hal_spi.o(i.HAL_SPI_ErrorCallback))
<BR><BR>[Called By]<UL><LI><a href="#[e3]">&gt;&gt;</a>&nbsp;&nbsp;&nbsp;HAL_SPI_IRQHandler
<LI><a href="#[63]">&gt;&gt;</a>&nbsp;&nbsp;&nbsp;SPI_DMAAbortOnError
</UL>

<P><STRONG><a name="[e3]"></a>HAL_SPI_IRQHandler</STRONG> (Thumb, 212 bytes, Stack size 16 bytes, stm32l4xx_hal_spi.o(i.HAL_SPI_IRQHandler))
<BR><BR>[Stack]<UL><LI>Max Depth = 24<LI>Call Chain = HAL_SPI_IRQHandler &rArr; HAL_DMA_Abort_IT
</UL>
<BR>[Calls]<UL><LI><a href="#[e4]">&gt;&gt;</a>&nbsp;&nbsp;&nbsp;HAL_SPI_ErrorCallback
<LI><a href="#[cb]">&gt;&gt;</a>&nbsp;&nbsp;&nbsp;HAL_DMA_Abort_IT
</UL>
<BR>[Called By]<UL><LI><a href="#[2f]">&gt;&gt;</a>&nbsp;&nbsp;&nbsp;SPI2_IRQHandler
<LI><a href="#[2e]">&gt;&gt;</a>&nbsp;&nbsp;&nbsp;SPI1_IRQHandler
</UL>

<P><STRONG><a name="[e5]"></a>HAL_SPI_Init</STRONG> (Thumb, 172 bytes, Stack size 24 bytes, stm32l4xx_hal_spi.o(i.HAL_SPI_Init))
<BR><BR>[Stack]<UL><LI>Max Depth = 112<LI>Call Chain = HAL_SPI_Init &rArr; HAL_SPI_MspInit &rArr; HAL_GPIO_Init
</UL>
<BR>[Calls]<UL><LI><a href="#[e6]">&gt;&gt;</a>&nbsp;&nbsp;&nbsp;HAL_SPI_MspInit
</UL>
<BR>[Called By]<UL><LI><a href="#[103]">&gt;&gt;</a>&nbsp;&nbsp;&nbsp;MX_SPI2_Init
<LI><a href="#[102]">&gt;&gt;</a>&nbsp;&nbsp;&nbsp;MX_SPI1_Init
</UL>

<P><STRONG><a name="[e6]"></a>HAL_SPI_MspInit</STRONG> (Thumb, 146 bytes, Stack size 48 bytes, stm32l4xx_hal_msp.o(i.HAL_SPI_MspInit))
<BR><BR>[Stack]<UL><LI>Max Depth = 88<LI>Call Chain = HAL_SPI_MspInit &rArr; HAL_GPIO_Init
</UL>
<BR>[Calls]<UL><LI><a href="#[b6]">&gt;&gt;</a>&nbsp;&nbsp;&nbsp;HAL_NVIC_SetPriority
[...]
</UL>
<BR>[Calls]<UL><LI><a href="#[79]">&gt;&gt;</a>&nbsp;&nbsp;&nbsp;__aeabi_i2d
<LI><a href="#[10b]">&gt;&gt;</a>&nbsp;&nbsp;&nbsp;READ_MPU9250_MAG
<LI><a href="#[10a]">&gt;&gt;</a>&nbsp;&nbsp;&nbsp;READ_MPU9250_GYRO
<LI><a href="#[109]">&gt;&gt;</a>&nbsp;&nbsp;&nbsp;READ_MPU9250_ACCEL
<LI><a href="#[fa]">&gt;&gt;</a>&nbsp;&nbsp;&nbsp;Init_MPU9250
<LI><a href="#[98]">&gt;&gt;</a>&nbsp;&nbsp;&nbsp;HAL_GPIO_WritePin
<LI><a href="#[61]">&gt;&gt;</a>&nbsp;&nbsp;&nbsp;HAL_Delay
<LI><a href="#[a1]">&gt;&gt;</a>&nbsp;&nbsp;&nbsp;EC20_uart4_send
<LI><a href="#[83]">&gt;&gt;</a>&nbsp;&nbsp;&nbsp;__aeabi_f2d
<LI><a href="#[75]">&gt;&gt;</a>&nbsp;&nbsp;&nbsp;__aeabi_dsub
<LI><a href="#[76]">&gt;&gt;</a>&nbsp;&nbsp;&nbsp;__aeabi_drsub
<LI><a href="#[77]">&gt;&gt;</a>&nbsp;&nbsp;&nbsp;__aeabi_dmul
<LI><a href="#[71]">&gt;&gt;</a>&nbsp;&nbsp;&nbsp;__aeabi_dadd
<LI><a href="#[7b]">&gt;&gt;</a>&nbsp;&nbsp;&nbsp;__aeabi_d2f
<LI><a href="#[df]">&gt;&gt;</a>&nbsp;&nbsp;&nbsp;HAL_RTC_Init
<LI><a href="#[d5]">&gt;&gt;</a>&nbsp;&nbsp;&nbsp;HAL_QSPI_Init
<LI><a href="#[b6]">&gt;&gt;</a>&nbsp;&nbsp;&nbsp;HAL_NVIC_SetPriority
<LI><a href="#[b7]">&gt;&gt;</a>&nbsp;&nbsp;&nbsp;HAL_NVIC_EnableIRQ
<LI><a href="#[c4]">&gt;&gt;</a>&nbsp;&nbsp;&nbsp;HAL_Init
<LI><a href="#[bc]">&gt;&gt;</a>&nbsp;&nbsp;&nbsp;HAL_HCD_Init
<LI><a href="#[12e]">&gt;&gt;</a>&nbsp;&nbsp;&nbsp;HAL_GPIO_TogglePin
<LI><a href="#[b8]">&gt;&gt;</a>&nbsp;&nbsp;&nbsp;HAL_CRC_Init
<LI><a href="#[110]">&gt;&gt;</a>&nbsp;&nbsp;&nbsp;SystemClock_Config
<LI><a href="#[9c]">&gt;&gt;</a>&nbsp;&nbsp;&nbsp;EC20_Init
<LI><a href="#[81]">&gt;&gt;</a>&nbsp;&nbsp;&nbsp;AHRSupdate
<LI><a href="#[107]">&gt;&gt;</a>&nbsp;&nbsp;&nbsp;MX_USART3_UART_Init
<LI><a href="#[106]">&gt;&gt;</a>&nbsp;&nbsp;&nbsp;MX_USART2_UART_Init
<LI><a href="#[105]">&gt;&gt;</a>&nbsp;&nbsp;&nbsp;MX_USART1_UART_Init
<LI><a href="#[104]">&gt;&gt;</a>&nbsp;&nbsp;&nbsp;MX_UART4_Init
<LI><a href="#[103]">&gt;&gt;</a>&nbsp;&nbsp;&nbsp;MX_SPI2_Init
<LI><a href="#[102]">&gt;&gt;</a>&nbsp;&nbsp;&nbsp;MX_SPI1_Init
<LI><a href="#[100]">&gt;&gt;</a>&nbsp;&nbsp;&nbsp;MX_GPIO_Init
<LI><a href="#[ff]">&gt;&gt;</a>&nbsp;&nbsp;&nbsp;MX_ADC1_Init
<LI><a href="#[97]">&gt;&gt;</a>&nbsp;&nbsp;&nbsp;BMP280_ReadTemperature
<LI><a href="#[91]">&gt;&gt;</a>&nbsp;&nbsp;&nbsp;BMP280_ReadPressure_int64
<LI><a href="#[8e]">&gt;&gt;</a>&nbsp;&nbsp;&nbsp;BMP280_ReadPressure
<LI><a href="#[87]">&gt;&gt;</a>&nbsp;&nbsp;&nbsp;BMP280_Begin
<LI><a href="#[89]">&gt;&gt;</a>&nbsp;&nbsp;&nbsp;__2printf
<LI><a href="#[12d]">&gt;&gt;</a>&nbsp;&nbsp;&nbsp;__aeabi_memclr4
<LI><a href="#[9e]">&gt;&gt;</a>&nbsp;&nbsp;&nbsp;__aeabi_memcpy4
</UL>
<BR>[Address Reference Count : 1]<UL><LI> entry9a.o(.ARM.Collect$$$$0000000B)
</UL>
<P><STRONG><a name="[123]"></a>sqrt</STRONG> (Thumb, 110 bytes, Stack size 32 bytes, sqrt.o(i.sqrt))
<BR><BR>[Stack]<UL><LI>Max Depth = 72<LI>Call Chain = sqrt &rArr; _dsqrt &rArr; _double_round
</UL>
<BR>[Calls]<UL><LI><a href="#[11d]">&gt;&gt;</a>&nbsp;&nbsp;&nbsp;__set_errno
<LI><a href="#[7d]">&gt;&gt;</a>&nbsp;&nbsp;&nbsp;_dsqrt
</UL>
<BR>[Called By]<UL><LI><a href="#[85]">&gt;&gt;</a>&nbsp;&nbsp;&nbsp;__hardfp_asin
</UL>
<P>
<H3>
Local Symbols
</H3>
<P><STRONG><a name="[fe]"></a>SPI1_ReadWriteByte</STRONG> (Thumb, 26 bytes, Stack size 16 bytes, mp9250.o(i.SPI1_ReadWriteByte))
<BR><BR>[Stack]<UL><LI>Max Depth = 112<LI>Call Chain = SPI1_ReadWriteByte &rArr; HAL_SPI_TransmitReceive &rArr; SPI_EndRxTxTransaction &rArr; SPI_WaitFifoStateUntilTimeout
</UL>
<BR>[Calls]<UL><LI><a href="#[e7]">&gt;&gt;</a>&nbsp;&nbsp;&nbsp;HAL_SPI_TransmitReceive
</UL>
<BR>[Called By]<UL><LI><a href="#[fb]">&gt;&gt;</a>&nbsp;&nbsp;&nbsp;MPU9250_Write_Reg
<LI><a href="#[fd]">&gt;&gt;</a>&nbsp;&nbsp;&nbsp;MPU9250_Read_Reg
</UL>

<P><STRONG><a name="[10c]"></a>i2c_Mag_read</STRONG> (Thumb, 48 bytes, Stack size 16 bytes, mp9250.o(i.i2c_Mag_read))
<BR><BR>[Stack]<UL><LI>Max Depth = 144<LI>Call Chain = i2c_Mag_read &rArr; MPU9250_Write_Reg &rArr; SPI1_ReadWriteByte &rArr; HAL_SPI_TransmitReceive &rArr; SPI_EndRxTxTransaction &rArr; SPI_WaitFifoStateUntilTimeout
</UL>
<BR>[Calls]<UL><LI><a href="#[fb]">&gt;&gt;</a>&nbsp;&nbsp;&nbsp;MPU9250_Write_Reg
<LI><a href="#[fd]">&gt;&gt;</a>&nbsp;&nbsp;&nbsp;MPU9250_Read_Reg
</UL>
<BR>[Called By]<UL><LI><a href="#[10b]">&gt;&gt;</a>&nbsp;&nbsp;&nbsp;READ_MPU9250_MAG
</UL>

<P><STRONG><a name="[fc]"></a>i2c_Mag_write</STRONG> (Thumb, 42 bytes, Stack size 16 bytes, mp9250.o(i.i2c_Mag_write))
<BR><BR>[Stack]<UL><LI>Max Depth = 144<LI>Call Chain = i2c_Mag_write &rArr; MPU9250_Write_Reg &rArr; SPI1_ReadWriteByte &rArr; HAL_SPI_TransmitReceive &rArr; SPI_EndRxTxTransaction &rArr; SPI_WaitFifoStateUntilTimeout
</UL>
<BR>[Calls]<UL><LI><a href="#[fb]">&gt;&gt;</a>&nbsp;&nbsp;&nbsp;MPU9250_Write_Reg
</UL>
<BR>[Called By]<UL><LI><a href="#[fa]">&gt;&gt;</a>&nbsp;&nbsp;&nbsp;Init_MPU9250
</UL>

<P><STRONG><a name="[60]"></a>BMP280_SPI_bus_read</STRONG> (Thumb, 86 bytes, Stack size 40 bytes, bmp280_arm.o(i.BMP280_SPI_bus_read))
<BR><BR>[Stack]<UL><LI>Max Depth = 176<LI>Call Chain = BMP280_SPI_bus_read &rArr; HAL_SPI_Receive &rArr; HAL_SPI_TransmitReceive &rArr; SPI_EndRxTxTransaction &rArr; SPI_WaitFifoStateUntilTimeout
</UL>
<BR>[Calls]<UL><LI><a href="#[98]">&gt;&gt;</a>&nbsp;&nbsp;&nbsp;HAL_GPIO_WritePin
<LI><a href="#[99]">&gt;&gt;</a>&nbsp;&nbsp;&nbsp;HAL_SPI_Transmit
<LI><a href="#[9a]">&gt;&gt;</a>&nbsp;&nbsp;&nbsp;HAL_SPI_Receive
</UL>
<BR>[Called By]<UL><LI><a href="#[97]">&gt;&gt;</a>&nbsp;&nbsp;&nbsp;BMP280_ReadTemperature
<LI><a href="#[8e]">&gt;&gt;</a>&nbsp;&nbsp;&nbsp;BMP280_ReadPressure
</UL>
<BR>[Address Reference Count : 1]<UL><LI> bmp280_arm.o(i.BMP280_Begin)
</UL>
<P><STRONG><a name="[5f]"></a>BMP280_SPI_bus_write</STRONG> (Thumb, 106 bytes, Stack size 32 bytes, bmp280_arm.o(i.BMP280_SPI_bus_write))
<BR><BR>[Stack]<UL><LI>Max Depth = 128<LI>Call Chain = BMP280_SPI_bus_write &rArr; HAL_SPI_Transmit &rArr; SPI_EndRxTxTransaction &rArr; SPI_WaitFifoStateUntilTimeout
</UL>
<BR>[Calls]<UL><LI><a href="#[98]">&gt;&gt;</a>&nbsp;&nbsp;&nbsp;HAL_GPIO_WritePin
<LI><a href="#[99]">&gt;&gt;</a>&nbsp;&nbsp;&nbsp;HAL_SPI_Transmit
</UL>
<BR>[Address Reference Count : 1]<UL><LI> bmp280_arm.o(i.BMP280_Begin)
</UL>
<P><STRONG><a name="[ff]"></a>MX_ADC1_Init</STRONG> (Thumb, 104 bytes, Stack size 48 bytes, main.o(i.MX_ADC1_Init))
<BR><BR>[Stack]<UL><LI>Max Depth = 176<LI>Call Chain = MX_ADC1_Init &rArr; HAL_ADCEx_MultiModeConfigChannel
</UL>
<BR>[Calls]<UL><LI><a href="#[b3]">&gt;&gt;</a>&nbsp;&nbsp;&nbsp;HAL_ADC_Init
<LI><a href="#[a6]">&gt;&gt;</a>&nbsp;&nbsp;&nbsp;HAL_ADC_ConfigChannel
<LI><a href="#[a4]">&gt;&gt;</a>&nbsp;&nbsp;&nbsp;HAL_ADCEx_MultiModeConfigChannel
</UL>
<BR>[Called By]<UL><LI><a href="#[5c]">&gt;&gt;</a>&nbsp;&nbsp;&nbsp;main
</UL>

<P><STRONG><a name="[100]"></a>MX_GPIO_Init</STRONG> (Thumb, 332 bytes, Stack size 64 bytes, main.o(i.MX_GPIO_Init))
<BR><BR>[Stack]<UL><LI>Max Depth = 104<LI>Call Chain = MX_GPIO_Init &rArr; HAL_GPIO_Init
</UL>
<BR>[Calls]<UL><LI><a href="#[98]">&gt;&gt;</a>&nbsp;&nbsp;&nbsp;HAL_GPIO_WritePin
<LI><a href="#[101]">&gt;&gt;</a>&nbsp;&nbsp;&nbsp;HAL_PWREx_EnableVddIO2
<LI><a href="#[c2]">&gt;&gt;</a>&nbsp;&nbsp;&nbsp;HAL_GPIO_Init
</UL>
<BR>[Called By]<UL><LI><a href="#[5c]">&gt;&gt;</a>&nbsp;&nbsp;&nbsp;main
</UL>

<P><STRONG><a name="[102]"></a>MX_SPI1_Init</STRONG> (Thumb, 66 bytes, Stack size 8 bytes, main.o(i.MX_SPI1_Init))
<BR><BR>[Stack]<UL><LI>Max Depth = 120<LI>Call Chain = MX_SPI1_Init &rArr; HAL_SPI_Init &rArr; HAL_SPI_MspInit &rArr; HAL_GPIO_Init
</UL>
<BR>[Calls]<UL><LI><a href="#[e5]">&gt;&gt;</a>&nbsp;&nbsp;&nbsp;HAL_SPI_Init
</UL>
<BR>[Called By]<UL><LI><a href="#[5c]">&gt;&gt;</a>&nbsp;&nbsp;&nbsp;main
</UL>

<P><STRONG><a name="[103]"></a>MX_SPI2_Init</STRONG> (Thumb, 66 bytes, Stack size 8 bytes, main.o(i.MX_SPI2_Init))
<BR><BR>[Stack]<UL><LI>Max Depth = 120<LI>Call Chain = MX_SPI2_Init &rArr; HAL_SPI_Init &rArr; HAL_SPI_MspInit &rArr; HAL_GPIO_Init
</UL>
<BR>[Calls]<UL><LI><a href="#[e5]">&gt;&gt;</a>&nbsp;&nbsp;&nbsp;HAL_SPI_Init
</UL>
<BR>[Called By]<UL><LI><a href="#[5c]">&gt;&gt;</a>&nbsp;&nbsp;&nbsp;main
</UL>

<P><STRONG><a name="[104]"></a>MX_UART4_Init</STRONG> (Thumb, 58 bytes, Stack size 8 bytes, main.o(i.MX_UART4_Init))
<BR><BR>[Stack]<UL><LI>Max Depth = 104<LI>Call Chain = MX_UART4_Init &rArr; HAL_UART_Init &rArr; HAL_UART_MspInit &rArr; HAL_GPIO_Init
</UL>
<BR>[Calls]<UL><LI><a href="#[f4]">&gt;&gt;</a>&nbsp;&nbsp;&nbsp;HAL_UART_Init
</UL>
<BR>[Called By]<UL><LI><a href="#[5c]">&gt;&gt;</a>&nbsp;&nbsp;&nbsp;main
</UL>

<P><STRONG><a name="[105]"></a>MX_USART1_UART_Init</STRONG> (Thumb, 46 bytes, Stack size 8 bytes, main.o(i.MX_USART1_UART_Init))
<BR><BR>[Stack]<UL><LI>Max Depth = 104<LI>Call Chain = MX_USART1_UART_Init &rArr; HAL_UART_Init &rArr; HAL_UART_MspInit &rArr; HAL_GPIO_Init
</UL>
<BR>[Calls]<UL><LI><a href="#[f4]">&gt;&gt;</a>&nbsp;&nbsp;&nbsp;HAL_UART_Init
</UL>
<BR>[Called By]<UL><LI><a href="#[5c]">&gt;&gt;</a>&nbsp;&nbsp;&nbsp;main
</UL>

<P><STRONG><a name="[106]"></a>MX_USART2_UART_Init</STRONG> (Thumb, 46 bytes, Stack size 8 bytes, main.o(i.MX_USART2_UART_Init))
<BR><BR>[Stack]<UL><LI>Max Depth = 104<LI>Call Chain = MX_USART2_UART_Init &rArr; HAL_UART_Init &rArr; HAL_UART_MspInit &rArr; HAL_GPIO_Init
</UL>
<BR>[Calls]<UL><LI><a href="#[f4]">&gt;&gt;</a>&nbsp;&nbsp;&nbsp;HAL_UART_Init
</UL>
<BR>[Called By]<UL><LI><a href="#[5c]">&gt;&gt;</a>&nbsp;&nbsp;&nbsp;main
</UL>

<P><STRONG><a name="[107]"></a>MX_USART3_UART_Init</STRONG> (Thumb, 46 bytes, Stack size 8 bytes, main.o(i.MX_USART3_UART_Init))
<BR><BR>[Stack]<UL><LI>Max Depth = 104<LI>Call Chain = MX_USART3_UART_Init &rArr; HAL_UART_Init &rArr; HAL_UART_MspInit &rArr; HAL_GPIO_Init
</UL>
<BR>[Calls]<UL><LI><a href="#[f4]">&gt;&gt;</a>&nbsp;&nbsp;&nbsp;HAL_UART_Init
</UL>
<BR>[Called By]<UL><LI><a href="#[5c]">&gt;&gt;</a>&nbsp;&nbsp;&nbsp;main
</UL>

<P><STRONG><a name="[a9]"></a>LL_ADC_GetOffsetChannel</STRONG> (Thumb, 12 bytes, Stack size 0 bytes, stm32l4xx_hal_adc.o(i.LL_ADC_GetOffsetChannel))
<BR><BR>[Called By]<UL><LI><a href="#[a6]">&gt;&gt;</a>&nbsp;&nbsp;&nbsp;HAL_ADC_ConfigChannel
</UL>

<P><STRONG><a name="[a7]"></a>LL_ADC_REG_IsConversionOngoing</STRONG> (Thumb, 8 bytes, Stack size 0 bytes, stm32l4xx_hal_adc.o(i.LL_ADC_REG_IsConversionOngoing))
<BR><BR>[Called By]<UL><LI><a href="#[80]">&gt;&gt;</a>&nbsp;&nbsp;&nbsp;HAL_ADC_IRQHandler
<LI><a href="#[b3]">&gt;&gt;</a>&nbsp;&nbsp;&nbsp;HAL_ADC_Init
<LI><a href="#[a6]">&gt;&gt;</a>&nbsp;&nbsp;&nbsp;HAL_ADC_ConfigChannel
</UL>

<P><STRONG><a name="[a8]"></a>LL_ADC_SetChannelSamplingTime</STRONG> (Thumb, 70 bytes, Stack size 16 bytes, stm32l4xx_hal_adc.o(i.LL_ADC_SetChannelSamplingTime))
<BR><BR>[Stack]<UL><LI>Max Depth = 16<LI>Call Chain = LL_ADC_SetChannelSamplingTime
</UL>
<BR>[Called By]<UL><LI><a href="#[a6]">&gt;&gt;</a>&nbsp;&nbsp;&nbsp;HAL_ADC_ConfigChannel
</UL>

<P><STRONG><a name="[aa]"></a>LL_ADC_SetOffsetState</STRONG> (Thumb, 16 bytes, Stack size 0 bytes, stm32l4xx_hal_adc.o(i.LL_ADC_SetOffsetState))
<BR><BR>[Called By]<UL><LI><a href="#[a6]">&gt;&gt;</a>&nbsp;&nbsp;&nbsp;HAL_ADC_ConfigChannel
</UL>

<P><STRONG><a name="[a5]"></a>LL_ADC_REG_IsConversionOngoing</STRONG> (Thumb, 8 bytes, Stack size 0 bytes, stm32l4xx_hal_adc_ex.o(i.LL_ADC_REG_IsConversionOngoing))
<BR><BR>[Called By]<UL><LI><a href="#[a4]">&gt;&gt;</a>&nbsp;&nbsp;&nbsp;HAL_ADCEx_MultiModeConfigChannel
</UL>

<P><STRONG><a name="[62]"></a>QSPI_DMAAbortCplt</STRONG> (Thumb, 58 bytes, Stack size 8 bytes, stm32l4xx_hal_qspi.o(i.QSPI_DMAAbortCplt))
<BR><BR>[Stack]<UL><LI>Max Depth = 8<LI>Call Chain = QSPI_DMAAbortCplt
</UL>
<BR>[Calls]<UL><LI><a href="#[d2]">&gt;&gt;</a>&nbsp;&nbsp;&nbsp;HAL_QSPI_ErrorCallback
</UL>
<BR>[Address Reference Count : 2]<UL><LI> stm32l4xx_hal_qspi.o(i.HAL_QSPI_Abort_IT)
<LI> stm32l4xx_hal_qspi.o(i.HAL_QSPI_IRQHandler)
</UL>
<P><STRONG><a name="[d7]"></a>QSPI_WaitFlagStateUntilTimeout</STRONG> (Thumb, 72 bytes, Stack size 24 bytes, stm32l4xx_hal_qspi.o(i.QSPI_WaitFlagStateUntilTimeout))
<BR><BR>[Stack]<UL><LI>Max Depth = 24<LI>Call Chain = QSPI_WaitFlagStateUntilTimeout
</UL>
<BR>[Calls]<UL><LI><a href="#[bb]">&gt;&gt;</a>&nbsp;&nbsp;&nbsp;HAL_GetTick
</UL>
<BR>[Called By]<UL><LI><a href="#[d5]">&gt;&gt;</a>&nbsp;&nbsp;&nbsp;HAL_QSPI_Init
</UL>

<P><STRONG><a name="[63]"></a>SPI_DMAAbortOnError</STRONG> (Thumb, 18 bytes, Stack size 8 bytes, stm32l4xx_hal_spi.o(i.SPI_DMAAbortOnError))
<BR><BR>[Stack]<UL><LI>Max Depth = 8<LI>Call Chain = SPI_DMAAbortOnError
</UL>
<BR>[Calls]<UL><LI><a href="#[e4]">&gt;&gt;</a>&nbsp;&nbsp;&nbsp;HAL_SPI_ErrorCallback
</UL>
<BR>[Address Reference Count : 1]<UL><LI> stm32l4xx_hal_spi.o(i.HAL_SPI_IRQHandler)
</UL>
<P><STRONG><a name="[e8]"></a>SPI_EndRxTransaction</STRONG> (Thumb, 116 bytes, Stack size 32 bytes, stm32l4xx_hal_spi.o(i.SPI_EndRxTransaction))
<BR><BR>[Stack]<UL><LI>Max Depth = 64<LI>Call Chain = SPI_EndRxTransaction &rArr; SPI_WaitFifoStateUntilTimeout
</UL>
<BR>[Calls]<UL><LI><a href="#[10d]">&gt;&gt;</a>&nbsp;&nbsp;&nbsp;SPI_WaitFlagStateUntilTimeout
<LI><a href="#[10e]">&gt;&gt;</a>&nbsp;&nbsp;&nbsp;SPI_WaitFifoStateUntilTimeout
</UL>
<BR>[Called By]<UL><LI><a href="#[9a]">&gt;&gt;</a>&nbsp;&nbsp;&nbsp;HAL_SPI_Receive
</UL>

<P><STRONG><a name="[e9]"></a>SPI_EndRxTxTransaction</STRONG> (Thumb, 72 bytes, Stack size 24 bytes, stm32l4xx_hal_spi.o(i.SPI_EndRxTxTransaction))
<BR><BR>[Stack]<UL><LI>Max Depth = 56<LI>Call Chain = SPI_EndRxTxTransaction &rArr; SPI_WaitFifoStateUntilTimeout
</UL>
<BR>[Calls]<UL><LI><a href="#[10d]">&gt;&gt;</a>&nbsp;&nbsp;&nbsp;SPI_WaitFlagStateUntilTimeout
<LI><a href="#[10e]">&gt;&gt;</a>&nbsp;&nbsp;&nbsp;SPI_WaitFifoStateUntilTimeout
</UL>
<BR>[Called By]<UL><LI><a href="#[e7]">&gt;&gt;</a>&nbsp;&nbsp;&nbsp;HAL_SPI_TransmitReceive
<LI><a href="#[99]">&gt;&gt;</a>&nbsp;&nbsp;&nbsp;HAL_SPI_Transmit
</UL>

<P><STRONG><a name="[10e]"></a>SPI_WaitFifoStateUntilTimeout</STRONG> (Thumb, 158 bytes, Stack size 32 bytes, stm32l4xx_hal_spi.o(i.SPI_WaitFifoStateUntilTimeout))
<BR><BR>[Stack]<UL><LI>Max Depth = 32<LI>Call Chain = SPI_WaitFifoStateUntilTimeout
</UL>
<BR>[Calls]<UL><LI><a href="#[bb]">&gt;&gt;</a>&nbsp;&nbsp;&nbsp;HAL_GetTick
</UL>
<BR>[Called By]<UL><LI><a href="#[e9]">&gt;&gt;</a>&nbsp;&nbsp;&nbsp;SPI_EndRxTxTransaction
<LI><a href="#[e8]">&gt;&gt;</a>&nbsp;&nbsp;&nbsp;SPI_EndRxTransaction
</UL>

<P><STRONG><a name="[10d]"></a>SPI_WaitFlagStateUntilTimeout</STRONG> (Thumb, 148 bytes, Stack size 24 bytes, stm32l4xx_hal_spi.o(i.SPI_WaitFlagStateUntilTimeout))
<BR><BR>[Stack]<UL><LI>Max Depth = 24<LI>Call Chain = SPI_WaitFlagStateUntilTimeout
</UL>
<BR>[Calls]<UL><LI><a href="#[bb]">&gt;&gt;</a>&nbsp;&nbsp;&nbsp;HAL_GetTick
</UL>
<BR>[Called By]<UL><LI><a href="#[e9]">&gt;&gt;</a>&nbsp;&nbsp;&nbsp;SPI_EndRxTxTransaction
<LI><a href="#[e8]">&gt;&gt;</a>&nbsp;&nbsp;&nbsp;SPI_EndRxTransaction
</UL>

<P><STRONG><a name="[64]"></a>UART_DMAAbortOnError</STRONG> (Thumb, 20 bytes, Stack size 8 bytes, stm32l4xx_hal_uart.o(i.UART_DMAAbortOnError))
<BR><BR>[Stack]<UL><LI>Max Depth = 8<LI>Call Chain = UART_DMAAbortOnError
</UL>
<BR>[Calls]<UL><LI><a href="#[f0]">&gt;&gt;</a>&nbsp;&nbsp;&nbsp;HAL_UART_ErrorCallback
</UL>
<BR>[Address Reference Count : 1]<UL><LI> stm32l4xx_hal_uart.o(i.HAL_UART_IRQHandler)
</UL>
<P><STRONG><a name="[ef]"></a>UART_EndRxTransfer</STRONG> (Thumb, 32 bytes, Stack size 0 bytes, stm32l4xx_hal_uart.o(i.UART_EndRxTransfer))
<BR><BR>[Called By]<UL><LI><a href="#[f1]">&gt;&gt;</a>&nbsp;&nbsp;&nbsp;HAL_UART_IRQHandler
<LI><a href="#[ec]">&gt;&gt;</a>&nbsp;&nbsp;&nbsp;HAL_UART_DMAStop
</UL>

<P><STRONG><a name="[ee]"></a>UART_EndTxTransfer</STRONG> (Thumb, 18 bytes, Stack size 0 bytes, stm32l4xx_hal_uart.o(i.UART_EndTxTransfer))
<BR><BR>[Called By]<UL><LI><a href="#[ec]">&gt;&gt;</a>&nbsp;&nbsp;&nbsp;HAL_UART_DMAStop
</UL>

<P><STRONG><a name="[66]"></a>UART_TxISR_16BIT</STRONG> (Thumb, 66 bytes, Stack size 0 bytes, stm32l4xx_hal_uart.o(i.UART_TxISR_16BIT))
<BR>[Address Reference Count : 1]<UL><LI> stm32l4xx_hal_uart.o(i.HAL_UART_Transmit_IT)
</UL>
<P><STRONG><a name="[65]"></a>UART_TxISR_8BIT</STRONG> (Thumb, 60 bytes, Stack size 0 bytes, stm32l4xx_hal_uart.o(i.UART_TxISR_8BIT))
<BR>[Address Reference Count : 1]<UL><LI> stm32l4xx_hal_uart.o(i.HAL_UART_Transmit_IT)
</UL>
<P><STRONG><a name="[116]"></a>USB_CoreReset</STRONG> (Thumb, 70 bytes, Stack size 0 bytes, stm32l4xx_ll_usb.o(i.USB_CoreReset))
<BR><BR>[Called By]<UL><LI><a href="#[bf]">&gt;&gt;</a>&nbsp;&nbsp;&nbsp;USB_CoreInit
</UL>

<P><STRONG><a name="[de]"></a>RCC_SetFlashLatencyFromMSIRange</STRONG> (Thumb, 116 bytes, Stack size 24 bytes, stm32l4xx_hal_rcc.o(i.RCC_SetFlashLatencyFromMSIRange))
<BR><BR>[Stack]<UL><LI>Max Depth = 24<LI>Call Chain = RCC_SetFlashLatencyFromMSIRange
</UL>
<BR>[Calls]<UL><LI><a href="#[108]">&gt;&gt;</a>&nbsp;&nbsp;&nbsp;HAL_PWREx_GetVoltageRange
</UL>
<BR>[Called By]<UL><LI><a href="#[dd]">&gt;&gt;</a>&nbsp;&nbsp;&nbsp;HAL_RCC_OscConfig
</UL>

<P><STRONG><a name="[d9]"></a>RCCEx_PLLSAI1_Config</STRONG> (Thumb, 278 bytes, Stack size 24 bytes, stm32l4xx_hal_rcc_ex.o(i.RCCEx_PLLSAI1_Config))
<BR><BR>[Stack]<UL><LI>Max Depth = 24<LI>Call Chain = RCCEx_PLLSAI1_Config
</UL>
<BR>[Calls]<UL><LI><a href="#[bb]">&gt;&gt;</a>&nbsp;&nbsp;&nbsp;HAL_GetTick
</UL>
<BR>[Called By]<UL><LI><a href="#[d8]">&gt;&gt;</a>&nbsp;&nbsp;&nbsp;HAL_RCCEx_PeriphCLKConfig
</UL>

<P><STRONG><a name="[da]"></a>RCCEx_PLLSAI2_Config</STRONG> (Thumb, 250 bytes, Stack size 24 bytes, stm32l4xx_hal_rcc_ex.o(i.RCCEx_PLLSAI2_Config))
<BR><BR>[Stack]<UL><LI>Max Depth = 24<LI>Call Chain = RCCEx_PLLSAI2_Config
</UL>
<BR>[Calls]<UL><LI><a href="#[bb]">&gt;&gt;</a>&nbsp;&nbsp;&nbsp;HAL_GetTick
</UL>
<BR>[Called By]<UL><LI><a href="#[d8]">&gt;&gt;</a>&nbsp;&nbsp;&nbsp;HAL_RCCEx_PeriphCLKConfig
</UL>

<P><STRONG><a name="[c9]"></a>NVIC_SetPriority</STRONG> (Thumb, 32 bytes, Stack size 0 bytes, stm32l4xx_hal_cortex.o(i.NVIC_SetPriority))
<BR><BR>[Called By]<UL><LI><a href="#[c8]">&gt;&gt;</a>&nbsp;&nbsp;&nbsp;HAL_SYSTICK_Config
<LI><a href="#[b6]">&gt;&gt;</a>&nbsp;&nbsp;&nbsp;HAL_NVIC_SetPriority
</UL>

<P><STRONG><a name="[127]"></a>_fp_digits</STRONG> (Thumb, 366 bytes, Stack size 64 bytes, printfa.o(i._fp_digits), UNUSED)
<BR><BR>[Calls]<UL><LI><a href="#[78]">&gt;&gt;</a>&nbsp;&nbsp;&nbsp;__aeabi_ddiv
<LI><a href="#[77]">&gt;&gt;</a>&nbsp;&nbsp;&nbsp;__aeabi_dmul
<LI><a href="#[71]">&gt;&gt;</a>&nbsp;&nbsp;&nbsp;__aeabi_dadd
<LI><a href="#[7e]">&gt;&gt;</a>&nbsp;&nbsp;&nbsp;__aeabi_d2ulz
<LI><a href="#[128]">&gt;&gt;</a>&nbsp;&nbsp;&nbsp;__aeabi_cdrcmple
<LI><a href="#[6a]">&gt;&gt;</a>&nbsp;&nbsp;&nbsp;__aeabi_uldivmod
</UL>
<BR>[Called By]<UL><LI><a href="#[11b]">&gt;&gt;</a>&nbsp;&nbsp;&nbsp;_printf_core
</UL>

<P><STRONG><a name="[11b]"></a>_printf_core</STRONG> (Thumb, 1744 bytes, Stack size 136 bytes, printfa.o(i._printf_core), UNUSED)
<BR><BR>[Calls]<UL><LI><a href="#[12b]">&gt;&gt;</a>&nbsp;&nbsp;&nbsp;__aeabi_uidivmod
<LI><a href="#[129]">&gt;&gt;</a>&nbsp;&nbsp;&nbsp;_printf_pre_padding
<LI><a href="#[12a]">&gt;&gt;</a>&nbsp;&nbsp;&nbsp;_printf_post_padding
<LI><a href="#[127]">&gt;&gt;</a>&nbsp;&nbsp;&nbsp;_fp_digits
<LI><a href="#[6a]">&gt;&gt;</a>&nbsp;&nbsp;&nbsp;__aeabi_uldivmod
</UL>
<BR>[Called By]<UL><LI><a href="#[11a]">&gt;&gt;</a>&nbsp;&nbsp;&nbsp;__0printf
</UL>

<P><STRONG><a name="[12a]"></a>_printf_post_padding</STRONG> (Thumb, 36 bytes, Stack size 24 bytes, printfa.o(i._printf_post_padding), UNUSED)
<BR><BR>[Called By]<UL><LI><a href="#[11b]">&gt;&gt;</a>&nbsp;&nbsp;&nbsp;_printf_core
</UL>

<P><STRONG><a name="[129]"></a>_printf_pre_padding</STRONG> (Thumb, 46 bytes, Stack size 24 bytes, printfa.o(i._printf_pre_padding), UNUSED)
<BR><BR>[Called By]<UL><LI><a href="#[11b]">&gt;&gt;</a>&nbsp;&nbsp;&nbsp;_printf_core
</UL>
<P>
<H3>
Undefined Global Symbols
</H3><HR></body></html>
