Component: ARM Compiler 5.06 update 6 (build 750) Tool: armlink [4d35ed]

==============================================================================

Section Cross References

    startup_stm32l476xx.o(RESET) refers to startup_stm32l476xx.o(STACK) for __initial_sp
    startup_stm32l476xx.o(RESET) refers to startup_stm32l476xx.o(.text) for Reset_Handler
    startup_stm32l476xx.o(RESET) refers to stm32l4xx_it.o(i.NMI_Handler) for NMI_Handler
    startup_stm32l476xx.o(RESET) refers to stm32l4xx_it.o(i.HardFault_Handler) for HardFault_Handler
    startup_stm32l476xx.o(RESET) refers to stm32l4xx_it.o(i.MemManage_Handler) for MemManage_Handler
    startup_stm32l476xx.o(RESET) refers to stm32l4xx_it.o(i.BusFault_Handler) for BusFault_Handler
    startup_stm32l476xx.o(RESET) refers to stm32l4xx_it.o(i.UsageFault_Handler) for UsageFault_Handler
    startup_stm32l476xx.o(RESET) refers to stm32l4xx_it.o(i.SVC_Handler) for SVC_Handler
    startup_stm32l476xx.o(RESET) refers to stm32l4xx_it.o(i.DebugMon_Handler) for DebugMon_Handler
    startup_stm32l476xx.o(RESET) refers to stm32l4xx_it.o(i.PendSV_Handler) for PendSV_Handler
    startup_stm32l476xx.o(RESET) refers to stm32l4xx_it.o(i.SysTick_Handler) for SysTick_Handler
    startup_stm32l476xx.o(RESET) refers to stm32l4xx_it.o(i.DMA1_Channel1_IRQHandler) for DMA1_Channel1_IRQHandler
    startup_stm32l476xx.o(RESET) refers to stm32l4xx_it.o(i.ADC1_2_IRQHandler) for ADC1_2_IRQHandler
    startup_stm32l476xx.o(RESET) refers to stm32l4xx_it.o(i.SPI1_IRQHandler) for SPI1_IRQHandler
    startup_stm32l476xx.o(RESET) refers to stm32l4xx_it.o(i.SPI2_IRQHandler) for SPI2_IRQHandler
    startup_stm32l476xx.o(RESET) refers to stm32l4xx_it.o(i.USART2_IRQHandler) for USART2_IRQHandler
    startup_stm32l476xx.o(RESET) refers to stm32l4xx_it.o(i.USART3_IRQHandler) for USART3_IRQHandler
    startup_stm32l476xx.o(RESET) refers to stm32l4xx_it.o(i.UART4_IRQHandler) for UART4_IRQHandler
    startup_stm32l476xx.o(RESET) refers to stm32l4xx_it.o(i.DMA2_Channel5_IRQHandler) for DMA2_Channel5_IRQHandler
    startup_stm32l476xx.o(RESET) refers to stm32l4xx_it.o(i.QUADSPI_IRQHandler) for QUADSPI_IRQHandler
    startup_stm32l476xx.o(.text) refers to system_stm32l4xx.o(i.SystemInit) for SystemInit
    startup_stm32l476xx.o(.text) refers to entry.o(.ARM.Collect$$$$00000000) for __main
    ec20.o(i.EC20_SendTest) refers to ec20.o(i.EC20_send_data) for EC20_send_data
    ec20.o(i.EC20_SendTest) refers to ec20.o(.data) for .data
    ec20.o(i.EC20_UART_PROT_INIT) refers to memcpya.o(.text) for __aeabi_memcpy4
    ec20.o(i.EC20_UART_PROT_INIT) refers to stm32l4xx_hal_uart.o(i.HAL_UART_Transmit_IT) for HAL_UART_Transmit_IT
    ec20.o(i.EC20_UART_PROT_INIT) refers to main.o(i._Error_Handler) for _Error_Handler
    ec20.o(i.EC20_UART_PROT_INIT) refers to main.o(.bss) for huart4
    ec20.o(i.EC20_UART_PROT_INIT) refers to main.o(.data) for UartReady
    ec20.o(i.EC20_USART_SMIP_Interrupt) refers to ec20.o(.bss) for .bss
    ec20.o(i.EC20_USART_SMIP_Interrupt) refers to ec20.o(.data) for .data
    ec20.o(i.EC20_call) refers to ec20.o(i.EC20_send_data) for EC20_send_data
    ec20.o(i.EC20_call) refers to ec20.o(i.wait) for wait
    ec20.o(i.EC20_init) refers to ec20.o(i.EC20_send_data) for EC20_send_data
    ec20.o(i.EC20_init) refers to ec20.o(i.wait) for wait
    ec20.o(i.EC20_init) refers to ec20.o(.data) for .data
    ec20.o(i.EC20_send_data) refers to strlen.o(.text) for strlen
    ec20.o(i.EC20_send_data) refers to stm32l4xx_hal_uart.o(i.HAL_UART_Transmit_IT) for HAL_UART_Transmit_IT
    ec20.o(i.EC20_send_data) refers to main.o(i._Error_Handler) for _Error_Handler
    ec20.o(i.EC20_send_data) refers to main.o(.bss) for huart4
    ec20.o(i.EC20_send_data) refers to main.o(.data) for UartReady
    ec20.o(i.EC20_send_message) refers to printfa.o(i.__0printf) for __2printf
    ec20.o(i.EC20_send_message) refers to ec20.o(i.EC20_uart_SendAndReceive) for EC20_uart_SendAndReceive
    ec20.o(i.EC20_send_message) refers to main.o(i.Delay) for Delay
    ec20.o(i.EC20_send_message) refers to ec20.o(i.EC20_uart4_receive) for EC20_uart4_receive
    ec20.o(i.EC20_send_message) refers to ec20.o(i.EC20_uart4_send) for EC20_uart4_send
    ec20.o(i.EC20_send_message) refers to ec20.o(.data) for .data
    ec20.o(i.EC20_send_message) refers to ec20.o(.conststring) for .conststring
    ec20.o(i.EC20_sendmsg) refers to ec20.o(i.EC20_send_data) for EC20_send_data
    ec20.o(i.EC20_sendmsg) refers to ec20.o(i.wait) for wait
    ec20.o(i.EC20_sendmsg) refers to stm32l4xx_hal_uart.o(i.HAL_UART_Transmit) for HAL_UART_Transmit
    ec20.o(i.EC20_sendmsg) refers to ec20.o(.data) for .data
    ec20.o(i.EC20_sendmsg) refers to main.o(.bss) for huart4
    ec20.o(i.EC20_start_up) refers to stm32l4xx_hal_gpio.o(i.HAL_GPIO_WritePin) for HAL_GPIO_WritePin
    ec20.o(i.EC20_start_up) refers to stm32l4xx_hal.o(i.HAL_Delay) for HAL_Delay
[...]
    NVIC_SetPriority                         0x080048d5   Thumb Code    32  stm32l4xx_hal_cortex.o(i.NVIC_SetPriority)
    i.PendSV_Handler                         0x080048f4   Section        0  stm32l4xx_it.o(i.PendSV_Handler)
    i.QSPI_DMAAbortCplt                      0x080048f6   Section        0  stm32l4xx_hal_qspi.o(i.QSPI_DMAAbortCplt)
    QSPI_DMAAbortCplt                        0x080048f7   Thumb Code    58  stm32l4xx_hal_qspi.o(i.QSPI_DMAAbortCplt)
    i.QSPI_WaitFlagStateUntilTimeout         0x08004930   Section        0  stm32l4xx_hal_qspi.o(i.QSPI_WaitFlagStateUntilTimeout)
    QSPI_WaitFlagStateUntilTimeout           0x08004931   Thumb Code    72  stm32l4xx_hal_qspi.o(i.QSPI_WaitFlagStateUntilTimeout)
    i.QUADSPI_IRQHandler                     0x08004978   Section        0  stm32l4xx_it.o(i.QUADSPI_IRQHandler)
    i.RCCEx_PLLSAI1_Config                   0x08004984   Section        0  stm32l4xx_hal_rcc_ex.o(i.RCCEx_PLLSAI1_Config)
    RCCEx_PLLSAI1_Config                     0x08004985   Thumb Code   278  stm32l4xx_hal_rcc_ex.o(i.RCCEx_PLLSAI1_Config)
    i.RCCEx_PLLSAI2_Config                   0x08004ab0   Section        0  stm32l4xx_hal_rcc_ex.o(i.RCCEx_PLLSAI2_Config)
    RCCEx_PLLSAI2_Config                     0x08004ab1   Thumb Code   250  stm32l4xx_hal_rcc_ex.o(i.RCCEx_PLLSAI2_Config)
    i.RCC_SetFlashLatencyFromMSIRange        0x08004bb8   Section        0  stm32l4xx_hal_rcc.o(i.RCC_SetFlashLatencyFromMSIRange)
    RCC_SetFlashLatencyFromMSIRange          0x08004bb9   Thumb Code   116  stm32l4xx_hal_rcc.o(i.RCC_SetFlashLatencyFromMSIRange)
    i.READ_MPU9250_ACCEL                     0x08004c34   Section        0  mp9250.o(i.READ_MPU9250_ACCEL)
    i.READ_MPU9250_GYRO                      0x08004c94   Section        0  mp9250.o(i.READ_MPU9250_GYRO)
    i.READ_MPU9250_MAG                       0x08004d2c   Section        0  mp9250.o(i.READ_MPU9250_MAG)
    i.RTC_EnterInitMode                      0x08004de0   Section        0  stm32l4xx_hal_rtc.o(i.RTC_EnterInitMode)
    i.SPI1_IRQHandler                        0x08004e1c   Section        0  stm32l4xx_it.o(i.SPI1_IRQHandler)
    i.SPI1_ReadWriteByte                     0x08004e28   Section        0  mp9250.o(i.SPI1_ReadWriteByte)
    SPI1_ReadWriteByte                       0x08004e29   Thumb Code    26  mp9250.o(i.SPI1_ReadWriteByte)
    i.SPI2_IRQHandler                        0x08004e48   Section        0  stm32l4xx_it.o(i.SPI2_IRQHandler)
    i.SPI_DMAAbortOnError                    0x08004e54   Section        0  stm32l4xx_hal_spi.o(i.SPI_DMAAbortOnError)
    SPI_DMAAbortOnError                      0x08004e55   Thumb Code    18  stm32l4xx_hal_spi.o(i.SPI_DMAAbortOnError)
    i.SPI_EndRxTransaction                   0x08004e66   Section        0  stm32l4xx_hal_spi.o(i.SPI_EndRxTransaction)
    SPI_EndRxTransaction                     0x08004e67   Thumb Code   116  stm32l4xx_hal_spi.o(i.SPI_EndRxTransaction)
    i.SPI_EndRxTxTransaction                 0x08004eda   Section        0  stm32l4xx_hal_spi.o(i.SPI_EndRxTxTransaction)
    SPI_EndRxTxTransaction                   0x08004edb   Thumb Code    72  stm32l4xx_hal_spi.o(i.SPI_EndRxTxTransaction)
    i.SPI_WaitFifoStateUntilTimeout          0x08004f22   Section        0  stm32l4xx_hal_spi.o(i.SPI_WaitFifoStateUntilTimeout)
    SPI_WaitFifoStateUntilTimeout            0x08004f23   Thumb Code   158  stm32l4xx_hal_spi.o(i.SPI_WaitFifoStateUntilTimeout)
    i.SPI_WaitFlagStateUntilTimeout          0x08004fc0   Section        0  stm32l4xx_hal_spi.o(i.SPI_WaitFlagStateUntilTimeout)
    SPI_WaitFlagStateUntilTimeout            0x08004fc1   Thumb Code   148  stm32l4xx_hal_spi.o(i.SPI_WaitFlagStateUntilTimeout)
    i.SVC_Handler                            0x08005054   Section        0  stm32l4xx_it.o(i.SVC_Handler)
    i.SysTick_Handler                        0x08005056   Section        0  stm32l4xx_it.o(i.SysTick_Handler)
    i.SystemClock_Config                     0x08005064   Section        0  main.o(i.SystemClock_Config)
    i.SystemInit                             0x08005108   Section        0  system_stm32l4xx.o(i.SystemInit)
    i.UART4_IRQHandler                       0x0800514c   Section        0  stm32l4xx_it.o(i.UART4_IRQHandler)
    i.UART_AdvFeatureConfig                  0x0800519c   Section        0  stm32l4xx_hal_uart.o(i.UART_AdvFeatureConfig)
    i.UART_CheckIdleState                    0x08005264   Section        0  stm32l4xx_hal_uart.o(i.UART_CheckIdleState)
    i.UART_DMAAbortOnError                   0x080052c0   Section        0  stm32l4xx_hal_uart.o(i.UART_DMAAbortOnError)
    UART_DMAAbortOnError                     0x080052c1   Thumb Code    20  stm32l4xx_hal_uart.o(i.UART_DMAAbortOnError)
    i.UART_EndRxTransfer                     0x080052d4   Section        0  stm32l4xx_hal_uart.o(i.UART_EndRxTransfer)
    UART_EndRxTransfer                       0x080052d5   Thumb Code    32  stm32l4xx_hal_uart.o(i.UART_EndRxTransfer)
    i.UART_EndTxTransfer                     0x080052f4   Section        0  stm32l4xx_hal_uart.o(i.UART_EndTxTransfer)
    UART_EndTxTransfer                       0x080052f5   Thumb Code    18  stm32l4xx_hal_uart.o(i.UART_EndTxTransfer)
    i.UART_SetConfig                         0x08005308   Section        0  stm32l4xx_hal_uart.o(i.UART_SetConfig)
    i.UART_TxISR_16BIT                       0x080055a8   Section        0  stm32l4xx_hal_uart.o(i.UART_TxISR_16BIT)
    UART_TxISR_16BIT                         0x080055a9   Thumb Code    66  stm32l4xx_hal_uart.o(i.UART_TxISR_16BIT)
    i.UART_TxISR_8BIT                        0x080055ea   Section        0  stm32l4xx_hal_uart.o(i.UART_TxISR_8BIT)
    UART_TxISR_8BIT                          0x080055eb   Thumb Code    60  stm32l4xx_hal_uart.o(i.UART_TxISR_8BIT)
    i.UART_WaitOnFlagUntilTimeout            0x08005626   Section        0  stm32l4xx_hal_uart.o(i.UART_WaitOnFlagUntilTimeout)
    i.USART2_IRQHandler                      0x0800568c   Section        0  stm32l4xx_it.o(i.USART2_IRQHandler)
    i.USART3_IRQHandler                      0x08005698   Section        0  stm32l4xx_it.o(i.USART3_IRQHandler)
    i.USB_CoreInit                           0x080056a4   Section        0  stm32l4xx_ll_usb.o(i.USB_CoreInit)
    i.USB_CoreReset                          0x080056c0   Section        0  stm32l4xx_ll_usb.o(i.USB_CoreReset)
    USB_CoreReset                            0x080056c1   Thumb Code    70  stm32l4xx_ll_usb.o(i.USB_CoreReset)
    i.USB_DisableGlobalInt                   0x0800570c   Section        0  stm32l4xx_ll_usb.o(i.USB_DisableGlobalInt)
    i.USB_DriveVbus                          0x08005718   Section        0  stm32l4xx_ll_usb.o(i.USB_DriveVbus)
    i.USB_FlushRxFifo                        0x08005744   Section        0  stm32l4xx_ll_usb.o(i.USB_FlushRxFifo)
    i.USB_FlushTxFifo                        0x08005764   Section        0  stm32l4xx_ll_usb.o(i.USB_FlushTxFifo)
    i.USB_HostInit                           0x08005788   Section        0  stm32l4xx_ll_usb.o(i.USB_HostInit)
    i.USB_SetCurrentMode                     0x0800582c   Section        0  stm32l4xx_ll_usb.o(i.USB_SetCurrentMode)
    i.UsageFault_Handler                     0x08005858   Section        0  stm32l4xx_it.o(i.UsageFault_Handler)
    i._Error_Handler                         0x0800585a   Section        0  main.o(i._Error_Handler)
    i.__0printf                              0x0800585c   Section        0  printfa.o(i.__0printf)
    i.__ARM_fpclassify                       0x0800587c   Section        0  fpclassify.o(i.__ARM_fpclassify)
    i.__hardfp_asin                          0x080058b0   Section        0  asin.o(i.__hardfp_asin)
    i.__hardfp_atan                          0x08005c38   Section        0  atan.o(i.__hardfp_atan)
    i.__hardfp_atan2                         0x08005f10   Section        0  atan2.o(i.__hardfp_atan2)
    i.__hardfp_sqrt                          0x08006100   Section        0  sqrt.o(i.__hardfp_sqrt)
    i.__kernel_poly                          0x0800617a   Section        0  poly.o(i.__kernel_poly)
    i.__mathlib_dbl_infnan                   0x08006272   Section        0  dunder.o(i.__mathlib_dbl_infnan)
    i.__mathlib_dbl_infnan2                  0x08006286   Section        0  dunder.o(i.__mathlib_dbl_infnan2)
    i.__mathlib_dbl_invalid                  0x080062a0   Section        0  dunder.o(i.__mathlib_dbl_invalid)
    i.__mathlib_dbl_underflow                0x080062c0   Section        0  dunder.o(i.__mathlib_dbl_underflow)
    i.__scatterload_copy                     0x080062e0   Section       14  handlers.o(i.__scatterload_copy)
    i.__scatterload_null                     0x080062ee   Section        2  handlers.o(i.__scatterload_null)
    i.__scatterload_zeroinit                 0x080062f0   Section       14  handlers.o(i.__scatterload_zeroinit)
    i.__set_errno                            0x08006300   Section        0  errno.o(i.__set_errno)
    i._fp_digits                             0x0800630c   Section        0  printfa.o(i._fp_digits)
    _fp_digits                               0x0800630d   Thumb Code   366  printfa.o(i._fp_digits)
    i._printf_core                           0x08006498   Section        0  printfa.o(i._printf_core)
    _printf_core                             0x08006499   Thumb Code  1744  printfa.o(i._printf_core)
    i._printf_post_padding                   0x08006b7a   Section        0  printfa.o(i._printf_post_padding)
    _printf_post_padding                     0x08006b7b   Thumb Code    36  printfa.o(i._printf_post_padding)
    i._printf_pre_padding                    0x08006b9e   Section        0  printfa.o(i._printf_pre_padding)
    _printf_pre_padding                      0x08006b9f   Thumb Code    46  printfa.o(i._printf_pre_padding)
    i.atan                                   0x08006bcc   Section        0  atan.o(i.atan)
    i.bmp280_compensate_pressure_float       0x08006bdc   Section        0  bmp280_arm.o(i.bmp280_compensate_pressure_float)
    i.bmp280_compensate_pressure_int32       0x08006d40   Section        0  bmp280.o(i.bmp280_compensate_pressure_int32)
    i.bmp280_compensate_pressure_int64       0x08006de4   Section        0  bmp280.o(i.bmp280_compensate_pressure_int64)
    i.bmp280_compensate_temperature_float    0x08006f50   Section        0  bmp280_arm.o(i.bmp280_compensate_temperature_float)
    i.bmp280_compensate_temperature_int32    0x08006fe8   Section        0  bmp280.o(i.bmp280_compensate_temperature_int32)
    i.bmp280_get_calib_param                 0x08007020   Section        0  bmp280.o(i.bmp280_get_calib_param)
    i.bmp280_init                            0x080070ec   Section        0  bmp280.o(i.bmp280_init)
    i.bmp280_read_uncomp_pressure            0x08007144   Section        0  bmp280.o(i.bmp280_read_uncomp_pressure)
    i.bmp280_read_uncomp_temperature         0x08007184   Section        0  bmp280.o(i.bmp280_read_uncomp_temperature)
    i.bmp280_set_filter                      0x080071c4   Section        0  bmp280.o(i.bmp280_set_filter)
    i.bmp280_set_power_mode                  0x08007210   Section        0  bmp280.o(i.bmp280_set_power_mode)
    i.bmp280_set_standby_durn                0x08007250   Section        0  bmp280.o(i.bmp280_set_standby_durn)
    i.bmp280_set_work_mode                   0x0800729c   Section        0  bmp280.o(i.bmp280_set_work_mode)
    i.fabs                                   0x08007334   Section        0  fabs.o(i.fabs)
    i.fputc                                  0x0800734c   Section        0  main.o(i.fputc)
    i.i2c_Mag_read                           0x08007368   Section        0  mp9250.o(i.i2c_Mag_read)
    i2c_Mag_read                             0x08007369   Thumb Code    48  mp9250.o(i.i2c_Mag_read)
    i.i2c_Mag_write                          0x08007398   Section        0  mp9250.o(i.i2c_Mag_write)
    i2c_Mag_write                            0x08007399   Thumb Code    42  mp9250.o(i.i2c_Mag_write)
    i.invSqrt                                0x080073c4   Section        0  main.o(i.invSqrt)
    i.main                                   0x080073f0   Section        0  main.o(i.main)
    i.sqrt                                   0x08007eb8   Section        0  sqrt.o(i.sqrt)
    .constdata                               0x08007f28   Section       64  system_stm32l4xx.o(.constdata)
    .constdata                               0x08007f68   Section        8  system_stm32l4xx.o(.constdata)
    .constdata                               0x08007f70   Section       80  asin.o(.constdata)
    pS                                       0x08007f70   Data          48  asin.o(.constdata)
    qS                                       0x08007fa0   Data          32  asin.o(.constdata)
    .constdata                               0x08007fc0   Section      152  atan.o(.constdata)
    atanhi                                   0x08007fc0   Data          32  atan.o(.constdata)
    atanlo                                   0x08007fe0   Data          32  atan.o(.constdata)
    aTodd                                    0x08008000   Data          40  atan.o(.constdata)
    aTeven                                   0x08008028   Data          48  atan.o(.constdata)
    .constdata                               0x08008058   Section        8  qnan.o(.constdata)
    .data                                    0x20000000   Section        6  mp9250.o(.data)
    .data                                    0x20000008   Section        4  bmp280.o(.data)
    p_bmp280                                 0x20000008   Data           4  bmp280.o(.data)
    .data                                    0x2000000c   Section      456  main.o(.data)
    q0                                       0x20000034   Data           4  main.o(.data)
    q1                                       0x20000038   Data           4  main.o(.data)
    q2                                       0x2000003c   Data           4  main.o(.data)
    q3                                       0x20000040   Data           4  main.o(.data)
    exInt                                    0x20000044   Data           4  main.o(.data)
    eyInt                                    0x20000048   Data           4  main.o(.data)
    ezInt                                    0x2000004c   Data           4  main.o(.data)
    k10                                      0x20000050   Data           4  main.o(.data)
    k11                                      0x20000054   Data           4  main.o(.data)
    k12                                      0x20000058   Data           4  main.o(.data)
    k13                                      0x2000005c   Data           4  main.o(.data)
    k20                                      0x20000060   Data           4  main.o(.data)
    k21                                      0x20000064   Data           4  main.o(.data)
    k22                                      0x20000068   Data           4  main.o(.data)
    k23                                      0x2000006c   Data           4  main.o(.data)
    k30                                      0x20000070   Data           4  main.o(.data)
    k31                                      0x20000074   Data           4  main.o(.data)
    k32                                      0x20000078   Data           4  main.o(.data)
    k33                                      0x2000007c   Data           4  main.o(.data)
    k40                                      0x20000080   Data           4  main.o(.data)
    k41                                      0x20000084   Data           4  main.o(.data)
    k42                                      0x20000088   Data           4  main.o(.data)
    k43                                      0x2000008c   Data           4  main.o(.data)
    .data                                    0x200001d4   Section        4  stm32l4xx_hal.o(.data)
    .data                                    0x200001d8   Section        4  system_stm32l4xx.o(.data)
    .data                                    0x200001dc   Section        4  stdout.o(.data)
    .data                                    0x200001e0   Section        4  errno.o(.data)
    _errno                                   0x200001e0   Data           4  errno.o(.data)
    .bss                                     0x200001e4   Section       18  mp9250.o(.bss)
    .bss                                     0x200001f8   Section       44  bmp280_arm.o(.bss)
    .bss                                     0x20000228   Section     1944  main.o(.bss)
    .bss                                     0x200009c0   Section       72  main.o(.bss)
    .bss                                     0x20000a08   Section       72  main.o(.bss)
    STACK                                    0x20000a50   Section     1024  startup_stm32l476xx.o(STACK)

    Global Symbols

    Symbol Name                              Value     Ov Type        Size  Object(Section)

    BuildAttributes$$THM_ISAv4$E$P$D$K$B$S$7EM$VFPi3$EXTD16$VFPS$VFMA$PE$A:L22UL41UL21$X:L11$S22US41US21$IEEE1$IW$USESV6$~STKCKD$USESV7$~SHL$OTIME$ROPI$IEEEX$EBA8$MICROLIB$REQ8$PRES8$EABIv2 0x00000000   Number         0  anon$$obj.o ABSOLUTE
    __ARM_use_no_argv                        0x00000000   Number         0  main.o ABSOLUTE
    _printf_a                                0x00000000   Number         0  stubs.o ABSOLUTE
    _printf_c                                0x00000000   Number         0  stubs.o ABSOLUTE
    _printf_charcount                        0x00000000   Number         0  stubs.o ABSOLUTE
    _printf_d                                0x00000000   Number         0  stubs.o ABSOLUTE
    _printf_e                                0x00000000   Number         0  stubs.o ABSOLUTE
    _printf_f                                0x00000000   Number         0  stubs.o ABSOLUTE
    _printf_flags                            0x00000000   Number         0  stubs.o ABSOLUTE
    _printf_fp_dec                           0x00000000   Number         0  stubs.o ABSOLUTE
    _printf_fp_hex                           0x00000000   Number         0  stubs.o ABSOLUTE
    _printf_g                                0x00000000   Number         0  stubs.o ABSOLUTE
    _printf_i                                0x00000000   Number         0  stubs.o ABSOLUTE
    _printf_int_dec                          0x00000000   Number         0  stubs.o ABSOLUTE
    _printf_l                                0x00000000   Number         0  stubs.o ABSOLUTE
    _printf_lc                               0x00000000   Number         0  stubs.o ABSOLUTE
    _printf_ll                               0x00000000   Number         0  stubs.o ABSOLUTE
    _printf_lld                              0x00000000   Number         0  stubs.o ABSOLUTE
    _printf_lli                              0x00000000   Number         0  stubs.o ABSOLUTE
    _printf_llo                              0x00000000   Number         0  stubs.o ABSOLUTE
    _printf_llu                              0x00000000   Number         0  stubs.o ABSOLUTE
    _printf_llx                              0x00000000   Number         0  stubs.o ABSOLUTE
    _printf_longlong_dec                     0x00000000   Number         0  stubs.o ABSOLUTE
    _printf_longlong_hex                     0x00000000   Number         0  stubs.o ABSOLUTE
    _printf_longlong_oct                     0x00000000   Number         0  stubs.o ABSOLUTE
    _printf_ls                               0x00000000   Number         0  stubs.o ABSOLUTE
    _printf_mbtowc                           0x00000000   Number         0  stubs.o ABSOLUTE
    _printf_n                                0x00000000   Number         0  stubs.o ABSOLUTE
    _printf_o                                0x00000000   Number         0  stubs.o ABSOLUTE
    _printf_p                                0x00000000   Number         0  stubs.o ABSOLUTE
    _printf_percent                          0x00000000   Number         0  stubs.o ABSOLUTE
    _printf_pre_padding                      0x00000000   Number         0  stubs.o ABSOLUTE
    _printf_return_value                     0x00000000   Number         0  stubs.o ABSOLUTE
    _printf_s                                0x00000000   Number         0  stubs.o ABSOLUTE
    _printf_sizespec                         0x00000000   Number         0  stubs.o ABSOLUTE
    _printf_str                              0x00000000   Number         0  stubs.o ABSOLUTE
    _printf_truncate_signed                  0x00000000   Number         0  stubs.o ABSOLUTE
    _printf_truncate_unsigned                0x00000000   Number         0  stubs.o ABSOLUTE
    _printf_u                                0x00000000   Number         0  stubs.o ABSOLUTE
    _printf_wc                               0x00000000   Number         0  stubs.o ABSOLUTE
    _printf_wctomb                           0x00000000   Number         0  stubs.o ABSOLUTE
    _printf_widthprec                        0x00000000   Number         0  stubs.o ABSOLUTE
    _printf_x                                0x00000000   Number         0  stubs.o ABSOLUTE
    __cpp_initialize__aeabi_                  - Undefined Weak Reference
    __cxa_finalize                            - Undefined Weak Reference
    _clock_init                               - Undefined Weak Reference
    _microlib_exit                            - Undefined Weak Reference
    __Vectors_Size                           0x00000188   Number         0  startup_stm32l476xx.o ABSOLUTE
    __Vectors                                0x08000000   Data           4  startup_stm32l476xx.o(RESET)
    __Vectors_End                            0x08000188   Data           0  startup_stm32l476xx.o(RESET)
    __main                                   0x08000189   Thumb Code     0  entry.o(.ARM.Collect$$$$00000000)
    _main_stk                                0x08000189   Thumb Code     0  entry2.o(.ARM.Collect$$$$00000001)
    _main_scatterload                        0x0800018d   Thumb Code     0  entry5.o(.ARM.Collect$$$$00000004)
    __main_after_scatterload                 0x08000191   Thumb Code     0  entry5.o(.ARM.Collect$$$$00000004)
    _main_clock                              0x08000191   Thumb Code     0  entry7b.o(.ARM.Collect$$$$00000008)
    _main_cpp_init                           0x08000191   Thumb Code     0  entry8b.o(.ARM.Collect$$$$0000000A)
    _main_init                               0x08000191   Thumb Code     0  entry9a.o(.ARM.Collect$$$$0000000B)
    __rt_final_cpp                           0x08000199   Thumb Code     0  entry10a.o(.ARM.Collect$$$$0000000D)
    __rt_final_exit                          0x08000199   Thumb Code     0  entry11a.o(.ARM.Collect$$$$0000000F)
    Reset_Handler                            0x0800019d   Thumb Code     8  startup_stm32l476xx.o(.text)
    ADC3_IRQHandler                          0x080001b7   Thumb Code     0  startup_stm32l476xx.o(.text)
    CAN1_RX0_IRQHandler                      0x080001b7   Thumb Code     0  startup_stm32l476xx.o(.text)
    CAN1_RX1_IRQHandler                      0x080001b7   Thumb Code     0  startup_stm32l476xx.o(.text)
    CAN1_SCE_IRQHandler                      0x080001b7   Thumb Code     0  startup_stm32l476xx.o(.text)
    CAN1_TX_IRQHandler                       0x080001b7   Thumb Code     0  startup_stm32l476xx.o(.text)
    COMP_IRQHandler                          0x080001b7   Thumb Code     0  startup_stm32l476xx.o(.text)
    DFSDM1_FLT0_IRQHandler                   0x080001b7   Thumb Code     0  startup_stm32l476xx.o(.text)
    DFSDM1_FLT1_IRQHandler                   0x080001b7   Thumb Code     0  startup_stm32l476xx.o(.text)
    DFSDM1_FLT2_IRQHandler                   0x080001b7   Thumb Code     0  startup_stm32l476xx.o(.text)
    DFSDM1_FLT3_IRQHandler                   0x080001b7   Thumb Code     0  startup_stm32l476xx.o(.text)
    DMA1_Channel2_IRQHandler                 0x080001b7   Thumb Code     0  startup_stm32l476xx.o(.text)
    DMA1_Channel3_IRQHandler                 0x080001b7   Thumb Code     0  startup_stm32l476xx.o(.text)
    DMA1_Channel4_IRQHandler                 0x080001b7   Thumb Code     0  startup_stm32l476xx.o(.text)
    DMA1_Channel5_IRQHandler                 0x080001b7   Thumb Code     0  startup_stm32l476xx.o(.text)
    DMA1_Channel6_IRQHandler                 0x080001b7   Thumb Code     0  startup_stm32l476xx.o(.text)
    DMA1_Channel7_IRQHandler                 0x080001b7   Thumb Code     0  startup_stm32l476xx.o(.text)
    DMA2_Channel1_IRQHandler                 0x080001b7   Thumb Code     0  startup_stm32l476xx.o(.text)
    DMA2_Channel2_IRQHandler                 0x080001b7   Thumb Code     0  startup_stm32l476xx.o(.text)
    DMA2_Channel3_IRQHandler                 0x080001b7   Thumb Code     0  startup_stm32l476xx.o(.text)
    DMA2_Channel4_IRQHandler                 0x080001b7   Thumb Code     0  startup_stm32l476xx.o(.text)
    DMA2_Channel6_IRQHandler                 0x080001b7   Thumb Code     0  startup_stm32l476xx.o(.text)
    DMA2_Channel7_IRQHandler                 0x080001b7   Thumb Code     0  startup_stm32l476xx.o(.text)
    EXTI0_IRQHandler                         0x080001b7   Thumb Code     0  startup_stm32l476xx.o(.text)
    EXTI15_10_IRQHandler                     0x080001b7   Thumb Code     0  startup_stm32l476xx.o(.text)
    EXTI1_IRQHandler                         0x080001b7   Thumb Code     0  startup_stm32l476xx.o(.text)
    EXTI2_IRQHandler                         0x080001b7   Thumb Code     0  startup_stm32l476xx.o(.text)
    EXTI3_IRQHandler                         0x080001b7   Thumb Code     0  startup_stm32l476xx.o(.text)
    EXTI4_IRQHandler                         0x080001b7   Thumb Code     0  startup_stm32l476xx.o(.text)
    EXTI9_5_IRQHandler                       0x080001b7   Thumb Code     0  startup_stm32l476xx.o(.text)
    FLASH_IRQHandler                         0x080001b7   Thumb Code     0  startup_stm32l476xx.o(.text)
    FMC_IRQHandler                           0x080001b7   Thumb Code     0  startup_stm32l476xx.o(.text)
    FPU_IRQHandler                           0x080001b7   Thumb Code     0  startup_stm32l476xx.o(.text)
    I2C1_ER_IRQHandler                       0x080001b7   Thumb Code     0  startup_stm32l476xx.o(.text)
    I2C1_EV_IRQHandler                       0x080001b7   Thumb Code     0  startup_stm32l476xx.o(.text)
    I2C2_ER_IRQHandler                       0x080001b7   Thumb Code     0  startup_stm32l476xx.o(.text)
    I2C2_EV_IRQHandler                       0x080001b7   Thumb Code     0  startup_stm32l476xx.o(.text)
    I2C3_ER_IRQHandler                       0x080001b7   Thumb Code     0  startup_stm32l476xx.o(.text)
    I2C3_EV_IRQHandler                       0x080001b7   Thumb Code     0  startup_stm32l476xx.o(.text)
    LCD_IRQHandler                           0x080001b7   Thumb Code     0  startup_stm32l476xx.o(.text)
    LPTIM1_IRQHandler                        0x080001b7   Thumb Code     0  startup_stm32l476xx.o(.text)
    LPTIM2_IRQHandler                        0x080001b7   Thumb Code     0  startup_stm32l476xx.o(.text)
    LPUART1_IRQHandler                       0x080001b7   Thumb Code     0  startup_stm32l476xx.o(.text)
    OTG_FS_IRQHandler                        0x080001b7   Thumb Code     0  startup_stm32l476xx.o(.text)
    PVD_PVM_IRQHandler                       0x080001b7   Thumb Code     0  startup_stm32l476xx.o(.text)
    RCC_IRQHandler                           0x080001b7   Thumb Code     0  startup_stm32l476xx.o(.text)
    RNG_IRQHandler                           0x080001b7   Thumb Code     0  startup_stm32l476xx.o(.text)
    RTC_Alarm_IRQHandler                     0x080001b7   Thumb Code     0  startup_stm32l476xx.o(.text)
    RTC_WKUP_IRQHandler                      0x080001b7   Thumb Code     0  startup_stm32l476xx.o(.text)
    SAI1_IRQHandler                          0x080001b7   Thumb Code     0  startup_stm32l476xx.o(.text)
    SAI2_IRQHandler                          0x080001b7   Thumb Code     0  startup_stm32l476xx.o(.text)
    SDMMC1_IRQHandler                        0x080001b7   Thumb Code     0  startup_stm32l476xx.o(.text)
    SPI3_IRQHandler                          0x080001b7   Thumb Code     0  startup_stm32l476xx.o(.text)
    SWPMI1_IRQHandler                        0x080001b7   Thumb Code     0  startup_stm32l476xx.o(.text)
    TAMP_STAMP_IRQHandler                    0x080001b7   Thumb Code     0  startup_stm32l476xx.o(.text)
    TIM1_BRK_TIM15_IRQHandler                0x080001b7   Thumb Code     0  startup_stm32l476xx.o(.text)
    TIM1_CC_IRQHandler                       0x080001b7   Thumb Code     0  startup_stm32l476xx.o(.text)
    TIM1_TRG_COM_TIM17_IRQHandler            0x080001b7   Thumb Code     0  startup_stm32l476xx.o(.text)
    TIM1_UP_TIM16_IRQHandler                 0x080001b7   Thumb Code     0  startup_stm32l476xx.o(.text)
    TIM2_IRQHandler                          0x080001b7   Thumb Code     0  startup_stm32l476xx.o(.text)
    TIM3_IRQHandler                          0x080001b7   Thumb Code     0  startup_stm32l476xx.o(.text)
    TIM4_IRQHandler                          0x080001b7   Thumb Code     0  startup_stm32l476xx.o(.text)
    TIM5_IRQHandler                          0x080001b7   Thumb Code     0  startup_stm32l476xx.o(.text)
    TIM6_DAC_IRQHandler                      0x080001b7   Thumb Code     0  startup_stm32l476xx.o(.text)
    TIM7_IRQHandler                          0x080001b7   Thumb Code     0  startup_stm32l476xx.o(.text)
    TIM8_BRK_IRQHandler                      0x080001b7   Thumb Code     0  startup_stm32l476xx.o(.text)
    TIM8_CC_IRQHandler                       0x080001b7   Thumb Code     0  startup_stm32l476xx.o(.text)
    TIM8_TRG_COM_IRQHandler                  0x080001b7   Thumb Code     0  startup_stm32l476xx.o(.text)
    TIM8_UP_IRQHandler                       0x080001b7   Thumb Code     0  startup_stm32l476xx.o(.text)
    TSC_IRQHandler                           0x080001b7   Thumb Code     0  startup_stm32l476xx.o(.text)
    UART5_IRQHandler                         0x080001b7   Thumb Code     0  startup_stm32l476xx.o(.text)
    USART1_IRQHandler                        0x080001b7   Thumb Code     0  startup_stm32l476xx.o(.text)
    WWDG_IRQHandler                          0x080001b7   Thumb Code     0  startup_stm32l476xx.o(.text)
    __aeabi_uldivmod                         0x080001c1   Thumb Code    98  uldiv.o(.text)
    __aeabi_ldivmod                          0x08000229   Thumb Code    98  ldiv.o(.text)
    __aeabi_memcpy                           0x0800028b   Thumb Code    36  memcpya.o(.text)
    __aeabi_memcpy4                          0x0800028b   Thumb Code     0  memcpya.o(.text)
    __aeabi_memcpy8                          0x0800028b   Thumb Code     0  memcpya.o(.text)
    __aeabi_memset                           0x080002af   Thumb Code    14  memseta.o(.text)
    __aeabi_memset4                          0x080002af   Thumb Code     0  memseta.o(.text)
    __aeabi_memset8                          0x080002af   Thumb Code     0  memseta.o(.text)
    __aeabi_memclr                           0x080002bd   Thumb Code     4  memseta.o(.text)
    __aeabi_memclr4                          0x080002bd   Thumb Code     0  memseta.o(.text)
    __aeabi_memclr8                          0x080002bd   Thumb Code     0  memseta.o(.text)
    _memset$wrapper                          0x080002c1   Thumb Code    18  memseta.o(.text)
    strlen                                   0x080002d3   Thumb Code    14  strlen.o(.text)
    __aeabi_dadd                             0x080002e1   Thumb Code   322  dadd.o(.text)
    __aeabi_dsub                             0x08000423   Thumb Code     6  dadd.o(.text)
    __aeabi_drsub                            0x08000429   Thumb Code     6  dadd.o(.text)
    __aeabi_dmul                             0x0800043f   Thumb Code   228  dmul.o(.text)
    __aeabi_ddiv                             0x08000529   Thumb Code   222  ddiv.o(.text)
    __aeabi_i2d                              0x08000607   Thumb Code    34  dflti.o(.text)
    __aeabi_d2iz                             0x08000629   Thumb Code    62  dfixi.o(.text)
    __aeabi_f2d                              0x08000667   Thumb Code    38  f2d.o(.text)
    __aeabi_d2f                              0x0800068d   Thumb Code    56  d2f.o(.text)
    __aeabi_uidiv                            0x080006c5   Thumb Code     0  uidiv.o(.text)
    __aeabi_uidivmod                         0x080006c5   Thumb Code    44  uidiv.o(.text)
    __aeabi_llsl                             0x080006f1   Thumb Code    30  llshl.o(.text)
    _ll_shift_l                              0x080006f1   Thumb Code     0  llshl.o(.text)
    __aeabi_llsr                             0x0800070f   Thumb Code    32  llushr.o(.text)
    _ll_ushift_r                             0x0800070f   Thumb Code     0  llushr.o(.text)
    __aeabi_lasr                             0x0800072f   Thumb Code    36  llsshr.o(.text)
    _ll_sshift_r                             0x0800072f   Thumb Code     0  llsshr.o(.text)
    __I$use$fp                               0x08000753   Thumb Code     0  iusefp.o(.text)
    _float_round                             0x08000753   Thumb Code    18  fepilogue.o(.text)
    _float_epilogue                          0x08000765   Thumb Code    92  fepilogue.o(.text)
    _double_round                            0x080007c1   Thumb Code    30  depilogue.o(.text)
    _double_epilogue                         0x080007df   Thumb Code   156  depilogue.o(.text)
    _dsqrt                                   0x0800087b   Thumb Code   162  dsqrt.o(.text)
    __aeabi_d2ulz                            0x0800091d   Thumb Code    48  dfixul.o(.text)
    __aeabi_cdrcmple                         0x0800094d   Thumb Code    48  cdrcmple.o(.text)
    __scatterload                            0x0800097d   Thumb Code    28  init.o(.text)
    __scatterload_rt2                        0x0800097d   Thumb Code     0  init.o(.text)
    __decompress                             0x080009a1   Thumb Code     0  __dczerorl.o(.text)
    __decompress0                            0x080009a1   Thumb Code    58  __dczerorl.o(.text)
    ADC1_2_IRQHandler                        0x080009dd   Thumb Code     6  stm32l4xx_it.o(i.ADC1_2_IRQHandler)
    AHRSupdate                               0x080009e9   Thumb Code  2346  main.o(i.AHRSupdate)
    BMP280_Begin                             0x08001321   Thumb Code    78  bmp280_arm.o(i.BMP280_Begin)
    BMP280_ReadPressure                      0x080013a1   Thumb Code    78  bmp280_arm.o(i.BMP280_ReadPressure)
    BMP280_ReadPressure_int64                0x080013f9   Thumb Code    44  bmp280_arm.o(i.BMP280_ReadPressure_int64)
    BMP280_ReadTemperature                   0x08001429   Thumb Code    48  bmp280_arm.o(i.BMP280_ReadTemperature)
    BusFault_Handler                         0x08001531   Thumb Code     2  stm32l4xx_it.o(i.BusFault_Handler)
    DMA1_Channel1_IRQHandler                 0x08001535   Thumb Code     6  stm32l4xx_it.o(i.DMA1_Channel1_IRQHandler)
    DMA2_Channel5_IRQHandler                 0x08001541   Thumb Code     6  stm32l4xx_it.o(i.DMA2_Channel5_IRQHandler)
    DebugMon_Handler                         0x0800154d   Thumb Code     2  stm32l4xx_it.o(i.DebugMon_Handler)
    EC20_Init                                0x08001551   Thumb Code    62  main.o(i.EC20_Init)
    EC20_UART_PROT_INIT                      0x08001595   Thumb Code    50  ec20.o(i.EC20_UART_PROT_INIT)
    EC20_uart4_send                          0x08001605   Thumb Code    38  ec20.o(i.EC20_uart4_send)
    HAL_ADCEx_EndOfSamplingCallback          0x08001649   Thumb Code     2  stm32l4xx_hal_adc_ex.o(i.HAL_ADCEx_EndOfSamplingCallback)
    HAL_ADCEx_InjectedConvCpltCallback       0x0800164b   Thumb Code     2  stm32l4xx_hal_adc_ex.o(i.HAL_ADCEx_InjectedConvCpltCallback)
    HAL_ADCEx_InjectedQueueOverflowCallback  0x0800164d   Thumb Code     2  stm32l4xx_hal_adc_ex.o(i.HAL_ADCEx_InjectedQueueOverflowCallback)
    HAL_ADCEx_LevelOutOfWindow2Callback      0x0800164f   Thumb Code     2  stm32l4xx_hal_adc_ex.o(i.HAL_ADCEx_LevelOutOfWindow2Callback)
    HAL_ADCEx_LevelOutOfWindow3Callback      0x08001651   Thumb Code     2  stm32l4xx_hal_adc_ex.o(i.HAL_ADCEx_LevelOutOfWindow3Callback)
    HAL_ADCEx_MultiModeConfigChannel         0x08001655   Thumb Code   226  stm32l4xx_hal_adc_ex.o(i.HAL_ADCEx_MultiModeConfigChannel)
    HAL_ADC_ConfigChannel                    0x08001745   Thumb Code  1150  stm32l4xx_hal_adc.o(i.HAL_ADC_ConfigChannel)
    HAL_ADC_ConvCpltCallback                 0x08001bf5   Thumb Code     2  stm32l4xx_hal_adc.o(i.HAL_ADC_ConvCpltCallback)
    HAL_ADC_ErrorCallback                    0x08001bf7   Thumb Code     2  stm32l4xx_hal_adc.o(i.HAL_ADC_ErrorCallback)
    HAL_ADC_IRQHandler                       0x08001bf9   Thumb Code   636  stm32l4xx_hal_adc.o(i.HAL_ADC_IRQHandler)
    HAL_ADC_Init                             0x08001e81   Thumb Code   498  stm32l4xx_hal_adc.o(i.HAL_ADC_Init)
    HAL_ADC_LevelOutOfWindowCallback         0x08002099   Thumb Code     2  stm32l4xx_hal_adc.o(i.HAL_ADC_LevelOutOfWindowCallback)
    HAL_ADC_MspInit                          0x0800209d   Thumb Code   102  stm32l4xx_hal_msp.o(i.HAL_ADC_MspInit)
    HAL_CRCEx_Polynomial_Set                 0x08002131   Thumb Code    74  stm32l4xx_hal_crc_ex.o(i.HAL_CRCEx_Polynomial_Set)
    HAL_CRC_Init                             0x0800217d   Thumb Code   112  stm32l4xx_hal_crc.o(i.HAL_CRC_Init)
    HAL_CRC_MspInit                          0x080021f1   Thumb Code    30  stm32l4xx_hal_msp.o(i.HAL_CRC_MspInit)
    HAL_DMA_Abort                            0x08002219   Thumb Code    54  stm32l4xx_hal_dma.o(i.HAL_DMA_Abort)
    HAL_DMA_Abort_IT                         0x0800224f   Thumb Code    74  stm32l4xx_hal_dma.o(i.HAL_DMA_Abort_IT)
    HAL_DMA_IRQHandler                       0x08002299   Thumb Code   168  stm32l4xx_hal_dma.o(i.HAL_DMA_IRQHandler)
    HAL_DMA_Init                             0x08002341   Thumb Code   178  stm32l4xx_hal_dma.o(i.HAL_DMA_Init)
    HAL_Delay                                0x08002401   Thumb Code    28  stm32l4xx_hal.o(i.HAL_Delay)
    HAL_GPIO_Init                            0x0800241d   Thumb Code   414  stm32l4xx_hal_gpio.o(i.HAL_GPIO_Init)
    HAL_GPIO_TogglePin                       0x080025e7   Thumb Code     8  stm32l4xx_hal_gpio.o(i.HAL_GPIO_TogglePin)
    HAL_GPIO_WritePin                        0x080025ef   Thumb Code    10  stm32l4xx_hal_gpio.o(i.HAL_GPIO_WritePin)
    HAL_GetTick                              0x080025f9   Thumb Code     6  stm32l4xx_hal.o(i.HAL_GetTick)
    HAL_HCD_Init                             0x08002605   Thumb Code   104  stm32l4xx_hal_hcd.o(i.HAL_HCD_Init)
    HAL_HCD_MspInit                          0x0800266d   Thumb Code   106  stm32l4xx_hal_msp.o(i.HAL_HCD_MspInit)
    HAL_IncTick                              0x080026dd   Thumb Code    10  stm32l4xx_hal.o(i.HAL_IncTick)
    HAL_Init                                 0x080026ed   Thumb Code    22  stm32l4xx_hal.o(i.HAL_Init)
    HAL_InitTick                             0x08002705   Thumb Code    34  stm32l4xx_hal.o(i.HAL_InitTick)
    HAL_MspInit                              0x0800272d   Thumb Code   122  stm32l4xx_hal_msp.o(i.HAL_MspInit)
    HAL_NVIC_EnableIRQ                       0x080027ad   Thumb Code    22  stm32l4xx_hal_cortex.o(i.HAL_NVIC_EnableIRQ)
    HAL_NVIC_SetPriority                     0x080027c5   Thumb Code    60  stm32l4xx_hal_cortex.o(i.HAL_NVIC_SetPriority)
    HAL_NVIC_SetPriorityGrouping             0x08002805   Thumb Code    26  stm32l4xx_hal_cortex.o(i.HAL_NVIC_SetPriorityGrouping)
    HAL_PWREx_ControlVoltageScaling          0x08002829   Thumb Code    86  stm32l4xx_hal_pwr_ex.o(i.HAL_PWREx_ControlVoltageScaling)
    HAL_PWREx_EnableVddIO2                   0x0800288d   Thumb Code    12  stm32l4xx_hal_pwr_ex.o(i.HAL_PWREx_EnableVddIO2)
    HAL_PWREx_EnableVddUSB                   0x0800289d   Thumb Code    12  stm32l4xx_hal_pwr_ex.o(i.HAL_PWREx_EnableVddUSB)
    HAL_PWREx_GetVoltageRange                0x080028ad   Thumb Code    10  stm32l4xx_hal_pwr_ex.o(i.HAL_PWREx_GetVoltageRange)
    HAL_QSPI_AbortCpltCallback               0x080028bd   Thumb Code     2  stm32l4xx_hal_qspi.o(i.HAL_QSPI_AbortCpltCallback)
    HAL_QSPI_Abort_IT                        0x080028c1   Thumb Code    92  stm32l4xx_hal_qspi.o(i.HAL_QSPI_Abort_IT)
    HAL_QSPI_CmdCpltCallback                 0x08002921   Thumb Code     2  stm32l4xx_hal_qspi.o(i.HAL_QSPI_CmdCpltCallback)
    HAL_QSPI_ErrorCallback                   0x08002923   Thumb Code     2  stm32l4xx_hal_qspi.o(i.HAL_QSPI_ErrorCallback)
    HAL_QSPI_FifoThresholdCallback           0x08002925   Thumb Code     2  stm32l4xx_hal_qspi.o(i.HAL_QSPI_FifoThresholdCallback)
    HAL_QSPI_IRQHandler                      0x08002929   Thumb Code   470  stm32l4xx_hal_qspi.o(i.HAL_QSPI_IRQHandler)
    HAL_QSPI_Init                            0x08002b05   Thumb Code   166  stm32l4xx_hal_qspi.o(i.HAL_QSPI_Init)
    HAL_QSPI_MspInit                         0x08002bb5   Thumb Code    90  stm32l4xx_hal_msp.o(i.HAL_QSPI_MspInit)
    HAL_QSPI_RxCpltCallback                  0x08002c1d   Thumb Code     2  stm32l4xx_hal_qspi.o(i.HAL_QSPI_RxCpltCallback)
    HAL_QSPI_StatusMatchCallback             0x08002c1f   Thumb Code     2  stm32l4xx_hal_qspi.o(i.HAL_QSPI_StatusMatchCallback)
    HAL_QSPI_TimeOutCallback                 0x08002c21   Thumb Code     2  stm32l4xx_hal_qspi.o(i.HAL_QSPI_TimeOutCallback)
    HAL_QSPI_TxCpltCallback                  0x08002c23   Thumb Code     2  stm32l4xx_hal_qspi.o(i.HAL_QSPI_TxCpltCallback)
    HAL_RCCEx_PeriphCLKConfig                0x08002c25   Thumb Code   928  stm32l4xx_hal_rcc_ex.o(i.HAL_RCCEx_PeriphCLKConfig)
    HAL_RCC_ClockConfig                      0x08002fd5   Thumb Code   358  stm32l4xx_hal_rcc.o(i.HAL_RCC_ClockConfig)
    HAL_RCC_GetHCLKFreq                      0x0800314d   Thumb Code     6  stm32l4xx_hal_rcc.o(i.HAL_RCC_GetHCLKFreq)
    HAL_RCC_GetPCLK1Freq                     0x08003159   Thumb Code    20  stm32l4xx_hal_rcc.o(i.HAL_RCC_GetPCLK1Freq)
    HAL_RCC_GetPCLK2Freq                     0x08003179   Thumb Code    20  stm32l4xx_hal_rcc.o(i.HAL_RCC_GetPCLK2Freq)
    HAL_RCC_GetSysClockFreq                  0x08003199   Thumb Code   182  stm32l4xx_hal_rcc.o(i.HAL_RCC_GetSysClockFreq)
    HAL_RCC_OscConfig                        0x0800325d   Thumb Code  1128  stm32l4xx_hal_rcc.o(i.HAL_RCC_OscConfig)
    HAL_RTC_Init                             0x080036c5   Thumb Code   180  stm32l4xx_hal_rtc.o(i.HAL_RTC_Init)
    HAL_RTC_MspInit                          0x0800377d   Thumb Code    22  stm32l4xx_hal_msp.o(i.HAL_RTC_MspInit)
    HAL_RTC_WaitForSynchro                   0x0800379d   Thumb Code    54  stm32l4xx_hal_rtc.o(i.HAL_RTC_WaitForSynchro)
    HAL_SPI_ErrorCallback                    0x080037d3   Thumb Code     2  stm32l4xx_hal_spi.o(i.HAL_SPI_ErrorCallback)
    HAL_SPI_IRQHandler                       0x080037d5   Thumb Code   212  stm32l4xx_hal_spi.o(i.HAL_SPI_IRQHandler)
    HAL_SPI_Init                             0x080038ad   Thumb Code   172  stm32l4xx_hal_spi.o(i.HAL_SPI_Init)
    HAL_SPI_MspInit                          0x08003959   Thumb Code   146  stm32l4xx_hal_msp.o(i.HAL_SPI_MspInit)
    HAL_SPI_Receive                          0x08003a01   Thumb Code   366  stm32l4xx_hal_spi.o(i.HAL_SPI_Receive)
    HAL_SPI_Transmit                         0x08003b75   Thumb Code   374  stm32l4xx_hal_spi.o(i.HAL_SPI_Transmit)
    HAL_SPI_TransmitReceive                  0x08003cf1   Thumb Code   566  stm32l4xx_hal_spi.o(i.HAL_SPI_TransmitReceive)
    HAL_SYSTICK_CLKSourceConfig              0x08003f2d   Thumb Code    24  stm32l4xx_hal_cortex.o(i.HAL_SYSTICK_CLKSourceConfig)
    HAL_SYSTICK_Callback                     0x08003f45   Thumb Code     2  stm32l4xx_hal_cortex.o(i.HAL_SYSTICK_Callback)
    HAL_SYSTICK_Config                       0x08003f47   Thumb Code    40  stm32l4xx_hal_cortex.o(i.HAL_SYSTICK_Config)
    HAL_SYSTICK_IRQHandler                   0x08003f6f   Thumb Code     8  stm32l4xx_hal_cortex.o(i.HAL_SYSTICK_IRQHandler)
    HAL_UARTEx_WakeupCallback                0x08003f77   Thumb Code     2  stm32l4xx_hal_uart_ex.o(i.HAL_UARTEx_WakeupCallback)
    HAL_UART_DMAStop                         0x08003f79   Thumb Code    84  stm32l4xx_hal_uart.o(i.HAL_UART_DMAStop)
    HAL_UART_ErrorCallback                   0x08003fcd   Thumb Code     2  main.o(i.HAL_UART_ErrorCallback)
    HAL_UART_IRQHandler                      0x08003fd1   Thumb Code   328  stm32l4xx_hal_uart.o(i.HAL_UART_IRQHandler)
    HAL_UART_Init                            0x0800411d   Thumb Code   106  stm32l4xx_hal_uart.o(i.HAL_UART_Init)
    HAL_UART_MspInit                         0x08004189   Thumb Code   284  stm32l4xx_hal_msp.o(i.HAL_UART_MspInit)
    HAL_UART_Transmit                        0x080042e9   Thumb Code   176  stm32l4xx_hal_uart.o(i.HAL_UART_Transmit)
    HAL_UART_Transmit_IT                     0x08004399   Thumb Code    96  stm32l4xx_hal_uart.o(i.HAL_UART_Transmit_IT)
    HAL_UART_TxCpltCallback                  0x08004401   Thumb Code     8  main.o(i.HAL_UART_TxCpltCallback)
    HardFault_Handler                        0x0800440d   Thumb Code     2  stm32l4xx_it.o(i.HardFault_Handler)
    Init_MPU9250                             0x08004411   Thumb Code   124  mp9250.o(i.Init_MPU9250)
    MPU9250_Read_Reg                         0x08004511   Thumb Code    46  mp9250.o(i.MPU9250_Read_Reg)
    MPU9250_Write_Reg                        0x08004545   Thumb Code    46  mp9250.o(i.MPU9250_Write_Reg)
    MemManage_Handler                        0x080048d1   Thumb Code     2  stm32l4xx_it.o(i.MemManage_Handler)
    NMI_Handler                              0x080048d3   Thumb Code     2  stm32l4xx_it.o(i.NMI_Handler)
    PendSV_Handler                           0x080048f5   Thumb Code     2  stm32l4xx_it.o(i.PendSV_Handler)
    QUADSPI_IRQHandler                       0x08004979   Thumb Code     6  stm32l4xx_it.o(i.QUADSPI_IRQHandler)
    READ_MPU9250_ACCEL                       0x08004c35   Thumb Code    88  mp9250.o(i.READ_MPU9250_ACCEL)
    READ_MPU9250_GYRO                        0x08004c95   Thumb Code   134  mp9250.o(i.READ_MPU9250_GYRO)
    READ_MPU9250_MAG                         0x08004d2d   Thumb Code   170  mp9250.o(i.READ_MPU9250_MAG)
    RTC_EnterInitMode                        0x08004de1   Thumb Code    58  stm32l4xx_hal_rtc.o(i.RTC_EnterInitMode)
    SPI1_IRQHandler                          0x08004e1d   Thumb Code     6  stm32l4xx_it.o(i.SPI1_IRQHandler)
    SPI2_IRQHandler                          0x08004e49   Thumb Code     6  stm32l4xx_it.o(i.SPI2_IRQHandler)
    SVC_Handler                              0x08005055   Thumb Code     2  stm32l4xx_it.o(i.SVC_Handler)
    SysTick_Handler                          0x08005057   Thumb Code    14  stm32l4xx_it.o(i.SysTick_Handler)
    SystemClock_Config                       0x08005065   Thumb Code   160  main.o(i.SystemClock_Config)
    SystemInit                               0x08005109   Thumb Code    56  system_stm32l4xx.o(i.SystemInit)
    UART4_IRQHandler                         0x0800514d   Thumb Code    58  stm32l4xx_it.o(i.UART4_IRQHandler)
    UART_AdvFeatureConfig                    0x0800519d   Thumb Code   200  stm32l4xx_hal_uart.o(i.UART_AdvFeatureConfig)
    UART_CheckIdleState                      0x08005265   Thumb Code    92  stm32l4xx_hal_uart.o(i.UART_CheckIdleState)
    UART_SetConfig                           0x08005309   Thumb Code   622  stm32l4xx_hal_uart.o(i.UART_SetConfig)
    UART_WaitOnFlagUntilTimeout              0x08005627   Thumb Code   100  stm32l4xx_hal_uart.o(i.UART_WaitOnFlagUntilTimeout)
    USART2_IRQHandler                        0x0800568d   Thumb Code     6  stm32l4xx_it.o(i.USART2_IRQHandler)
    USART3_IRQHandler                        0x08005699   Thumb Code     6  stm32l4xx_it.o(i.USART3_IRQHandler)
    USB_CoreInit                             0x080056a5   Thumb Code    28  stm32l4xx_ll_usb.o(i.USB_CoreInit)
    USB_DisableGlobalInt                     0x0800570d   Thumb Code    12  stm32l4xx_ll_usb.o(i.USB_DisableGlobalInt)
    USB_DriveVbus                            0x08005719   Thumb Code    44  stm32l4xx_ll_usb.o(i.USB_DriveVbus)
    USB_FlushRxFifo                          0x08005745   Thumb Code    28  stm32l4xx_ll_usb.o(i.USB_FlushRxFifo)
    USB_FlushTxFifo                          0x08005765   Thumb Code    32  stm32l4xx_ll_usb.o(i.USB_FlushTxFifo)
    USB_HostInit                             0x08005789   Thumb Code   152  stm32l4xx_ll_usb.o(i.USB_HostInit)
    USB_SetCurrentMode                       0x0800582d   Thumb Code    44  stm32l4xx_ll_usb.o(i.USB_SetCurrentMode)
    UsageFault_Handler                       0x08005859   Thumb Code     2  stm32l4xx_it.o(i.UsageFault_Handler)
    _Error_Handler                           0x0800585b   Thumb Code     2  main.o(i._Error_Handler)
    __0printf                                0x0800585d   Thumb Code    22  printfa.o(i.__0printf)
    __1printf                                0x0800585d   Thumb Code     0  printfa.o(i.__0printf)
    __2printf                                0x0800585d   Thumb Code     0  printfa.o(i.__0printf)
    __c89printf                              0x0800585d   Thumb Code     0  printfa.o(i.__0printf)
    printf                                   0x0800585d   Thumb Code     0  printfa.o(i.__0printf)
    __ARM_fpclassify                         0x0800587d   Thumb Code    48  fpclassify.o(i.__ARM_fpclassify)
    __hardfp_asin                            0x080058b1   Thumb Code   770  asin.o(i.__hardfp_asin)
    __hardfp_atan                            0x08005c39   Thumb Code   622  atan.o(i.__hardfp_atan)
    __hardfp_atan2                           0x08005f11   Thumb Code   432  atan2.o(i.__hardfp_atan2)
    __hardfp_sqrt                            0x08006101   Thumb Code   122  sqrt.o(i.__hardfp_sqrt)
    __kernel_poly                            0x0800617b   Thumb Code   248  poly.o(i.__kernel_poly)
    __mathlib_dbl_infnan                     0x08006273   Thumb Code    20  dunder.o(i.__mathlib_dbl_infnan)
    __mathlib_dbl_infnan2                    0x08006287   Thumb Code    20  dunder.o(i.__mathlib_dbl_infnan2)
    __mathlib_dbl_invalid                    0x080062a1   Thumb Code    24  dunder.o(i.__mathlib_dbl_invalid)
    __mathlib_dbl_underflow                  0x080062c1   Thumb Code    24  dunder.o(i.__mathlib_dbl_underflow)
    __scatterload_copy                       0x080062e1   Thumb Code    14  handlers.o(i.__scatterload_copy)
    __scatterload_null                       0x080062ef   Thumb Code     2  handlers.o(i.__scatterload_null)
    __scatterload_zeroinit                   0x080062f1   Thumb Code    14  handlers.o(i.__scatterload_zeroinit)
    __set_errno                              0x08006301   Thumb Code     6  errno.o(i.__set_errno)
    atan                                     0x08006bcd   Thumb Code    16  atan.o(i.atan)
    bmp280_compensate_pressure_float         0x08006bdd   Thumb Code   312  bmp280_arm.o(i.bmp280_compensate_pressure_float)
    bmp280_compensate_pressure_int32         0x08006d41   Thumb Code   156  bmp280.o(i.bmp280_compensate_pressure_int32)
    bmp280_compensate_pressure_int64         0x08006de5   Thumb Code   346  bmp280.o(i.bmp280_compensate_pressure_int64)
    bmp280_compensate_temperature_float      0x08006f51   Thumb Code   126  bmp280_arm.o(i.bmp280_compensate_temperature_float)
    bmp280_compensate_temperature_int32      0x08006fe9   Thumb Code    52  bmp280.o(i.bmp280_compensate_temperature_int32)
    bmp280_get_calib_param                   0x08007021   Thumb Code   198  bmp280.o(i.bmp280_get_calib_param)
    bmp280_init                              0x080070ed   Thumb Code    84  bmp280.o(i.bmp280_init)
    bmp280_read_uncomp_pressure              0x08007145   Thumb Code    60  bmp280.o(i.bmp280_read_uncomp_pressure)
    bmp280_read_uncomp_temperature           0x08007185   Thumb Code    60  bmp280.o(i.bmp280_read_uncomp_temperature)
    bmp280_set_filter                        0x080071c5   Thumb Code    70  bmp280.o(i.bmp280_set_filter)
    bmp280_set_power_mode                    0x08007211   Thumb Code    60  bmp280.o(i.bmp280_set_power_mode)
    bmp280_set_standby_durn                  0x08007251   Thumb Code    70  bmp280.o(i.bmp280_set_standby_durn)
    bmp280_set_work_mode                     0x0800729d   Thumb Code   146  bmp280.o(i.bmp280_set_work_mode)
    fabs                                     0x08007335   Thumb Code    24  fabs.o(i.fabs)
    fputc                                    0x0800734d   Thumb Code    24  main.o(i.fputc)
    invSqrt                                  0x080073c5   Thumb Code    40  main.o(i.invSqrt)
    main                                     0x080073f1   Thumb Code  2492  main.o(i.main)
    sqrt                                     0x08007eb9   Thumb Code   110  sqrt.o(i.sqrt)
    AHBPrescTable                            0x08007f28   Data          16  system_stm32l4xx.o(.constdata)
    MSIRangeTable                            0x08007f38   Data          48  system_stm32l4xx.o(.constdata)
    APBPrescTable                            0x08007f68   Data           8  system_stm32l4xx.o(.constdata)
    __mathlib_zero                           0x08008058   Data           8  qnan.o(.constdata)
    Region$$Table$$Base                      0x08008060   Number         0  anon$$obj.o(Region$$Table)
    Region$$Table$$Limit                     0x08008080   Number         0  anon$$obj.o(Region$$Table)
    BUF                                      0x20000000   Data           6  mp9250.o(.data)
    recv_end_flag                            0x2000000c   Data           1  main.o(.data)
    UartReady                                0x2000000d   Data           1  main.o(.data)
    Rx_len                                   0x2000000e   Data           1  main.o(.data)
    magoffsetx                               0x20000010   Data           4  main.o(.data)
    magoffsety                               0x20000014   Data           4  main.o(.data)
    magoffsetz                               0x20000018   Data           4  main.o(.data)
    accoffsetx                               0x2000001c   Data           4  main.o(.data)
    accoffsety                               0x20000020   Data           4  main.o(.data)
    accoffsetz                               0x20000024   Data           4  main.o(.data)
    accsensx                                 0x20000028   Data           4  main.o(.data)
    accsensy                                 0x2000002c   Data           4  main.o(.data)
    accsensz                                 0x20000030   Data           4  main.o(.data)
    GPS_DATA_RECEIVE                         0x20000090   Data         300  main.o(.data)
    B                                        0x200001bc   Data          24  main.o(.data)
    uwTick                                   0x200001d4   Data           4  stm32l4xx_hal.o(.data)
    SystemCoreClock                          0x200001d8   Data           4  system_stm32l4xx.o(.data)
    __stdout                                 0x200001dc   Data           4  stdout.o(.data)
    mpu_value                                0x200001e4   Data          18  mp9250.o(.bss)
    bmp280                                   0x200001f8   Data          44  bmp280_arm.o(.bss)
    hadc1                                    0x20000228   Data         104  main.o(.bss)
    hcrc                                     0x20000290   Data          36  main.o(.bss)
    hqspi                                    0x200002b4   Data          68  main.o(.bss)
    hrtc                                     0x200002f8   Data          36  main.o(.bss)
    hspi1                                    0x2000031c   Data         100  main.o(.bss)
    hspi2                                    0x20000380   Data         100  main.o(.bss)
    huart4                                   0x200003e4   Data         120  main.o(.bss)
    huart1                                   0x2000045c   Data         120  main.o(.bss)
    huart2                                   0x200004d4   Data         120  main.o(.bss)
    huart3                                   0x2000054c   Data         120  main.o(.bss)
    hhcd_USB_OTG_FS                          0x200005c4   Data         664  main.o(.bss)
    ReceiveBuff                              0x2000085c   Data         300  main.o(.bss)
    bmp_data                                 0x20000988   Data          56  main.o(.bss)
    hdma_adc1                                0x200009c0   Data          72  main.o(.bss)
    hdma_uart4_rx                            0x20000a08   Data          72  main.o(.bss)
    __initial_sp                             0x20000e50   Data           0  startup_stm32l476xx.o(STACK)



==============================================================================

Memory Map of the image

  Image Entry point : 0x08000189

  Load Region LR_IROM1 (Base: 0x08000000, Size: 0x00008264, Max: 0x00100000, ABSOLUTE, COMPRESSED[0x000080e4])

    Execution Region ER_IROM1 (Exec base: 0x08000000, Load base: 0x08000000, Size: 0x00008080, Max: 0x00100000, ABSOLUTE)

    Exec Addr    Load Addr    Size         Type   Attr      Idx    E Section Name        Object

    0x08000000   0x08000000   0x00000188   Data   RO            3    RESET               startup_stm32l476xx.o
    0x08000188   0x08000188   0x00000000   Code   RO         5574  * .ARM.Collect$$$$00000000  mc_w.l(entry.o)
    0x08000188   0x08000188   0x00000004   Code   RO         5905    .ARM.Collect$$$$00000001  mc_w.l(entry2.o)
    0x0800018c   0x0800018c   0x00000004   Code   RO         5908    .ARM.Collect$$$$00000004  mc_w.l(entry5.o)
    0x08000190   0x08000190   0x00000000   Code   RO         5910    .ARM.Collect$$$$00000008  mc_w.l(entry7b.o)
    0x08000190   0x08000190   0x00000000   Code   RO         5912    .ARM.Collect$$$$0000000A  mc_w.l(entry8b.o)
    0x08000190   0x08000190   0x00000008   Code   RO         5913    .ARM.Collect$$$$0000000B  mc_w.l(entry9a.o)
    0x08000198   0x08000198   0x00000000   Code   RO         5915    .ARM.Collect$$$$0000000D  mc_w.l(entry10a.o)
    0x08000198   0x08000198   0x00000000   Code   RO         5917    .ARM.Collect$$$$0000000F  mc_w.l(entry11a.o)
    0x08000198   0x08000198   0x00000004   Code   RO         5906    .ARM.Collect$$$$00002712  mc_w.l(entry2.o)
    0x0800019c   0x0800019c   0x00000024   Code   RO            4    .text               startup_stm32l476xx.o
    0x080001c0   0x080001c0   0x00000068   Code   RO         5577    .text               mc_w.l(uldiv.o)
    0x08000228   0x08000228   0x00000062   Code   RO         5579    .text               mc_w.l(ldiv.o)
    0x0800028a   0x0800028a   0x00000024   Code   RO         5581    .text               mc_w.l(memcpya.o)
    0x080002ae   0x080002ae   0x00000024   Code   RO         5583    .text               mc_w.l(memseta.o)
    0x080002d2   0x080002d2   0x0000000e   Code   RO         5587    .text               mc_w.l(strlen.o)
    0x080002e0   0x080002e0   0x0000015e   Code   RO         5852    .text               mf_w.l(dadd.o)
    0x0800043e   0x0800043e   0x000000ea   Code   RO         5854    .text               mf_w.l(dmul.o)
    0x08000528   0x08000528   0x000000de   Code   RO         5856    .text               mf_w.l(ddiv.o)
    0x08000606   0x08000606   0x00000022   Code   RO         5858    .text               mf_w.l(dflti.o)
    0x08000628   0x08000628   0x0000003e   Code   RO         5860    .text               mf_w.l(dfixi.o)
    0x08000666   0x08000666   0x00000026   Code   RO         5862    .text               mf_w.l(f2d.o)
    0x0800068c   0x0800068c   0x00000038   Code   RO         5864    .text               mf_w.l(d2f.o)
    0x080006c4   0x080006c4   0x0000002c   Code   RO         5920    .text               mc_w.l(uidiv.o)
    0x080006f0   0x080006f0   0x0000001e   Code   RO         5922    .text               mc_w.l(llshl.o)
    0x0800070e   0x0800070e   0x00000020   Code   RO         5924    .text               mc_w.l(llushr.o)
    0x0800072e   0x0800072e   0x00000024   Code   RO         5926    .text               mc_w.l(llsshr.o)
    0x08000752   0x08000752   0x00000000   Code   RO         5935    .text               mc_w.l(iusefp.o)
    0x08000752   0x08000752   0x0000006e   Code   RO         5936    .text               mf_w.l(fepilogue.o)
    0x080007c0   0x080007c0   0x000000ba   Code   RO         5938    .text               mf_w.l(depilogue.o)
    0x0800087a   0x0800087a   0x000000a2   Code   RO         5942    .text               mf_w.l(dsqrt.o)
    0x0800091c   0x0800091c   0x00000030   Code   RO         5944    .text               mf_w.l(dfixul.o)
    0x0800094c   0x0800094c   0x00000030   Code   RO         5948    .text               mf_w.l(cdrcmple.o)
    0x0800097c   0x0800097c   0x00000024   Code   RO         5950    .text               mc_w.l(init.o)
    0x080009a0   0x080009a0   0x0000003a   Code   RO         5960    .text               mc_w.l(__dczerorl.o)
    0x080009da   0x080009da   0x00000002   PAD
    0x080009dc   0x080009dc   0x0000000c   Code   RO          890    i.ADC1_2_IRQHandler  stm32l4xx_it.o
    0x080009e8   0x080009e8   0x00000936   Code   RO          716    i.AHRSupdate        main.o
    0x0800131e   0x0800131e   0x00000002   PAD
    0x08001320   0x08001320   0x00000080   Code   RO          648    i.BMP280_Begin      bmp280_arm.o
    0x080013a0   0x080013a0   0x00000058   Code   RO          649    i.BMP280_ReadPressure  bmp280_arm.o
    0x080013f8   0x080013f8   0x00000030   Code   RO          650    i.BMP280_ReadPressure_int64  bmp280_arm.o
    0x08001428   0x08001428   0x00000034   Code   RO          651    i.BMP280_ReadTemperature  bmp280_arm.o
    0x0800145c   0x0800145c   0x00000060   Code   RO          652    i.BMP280_SPI_bus_read  bmp280_arm.o
    0x080014bc   0x080014bc   0x00000074   Code   RO          653    i.BMP280_SPI_bus_write  bmp280_arm.o
    0x08001530   0x08001530   0x00000002   Code   RO          891    i.BusFault_Handler  stm32l4xx_it.o
    0x08001532   0x08001532   0x00000002   PAD
    0x08001534   0x08001534   0x0000000c   Code   RO          892    i.DMA1_Channel1_IRQHandler  stm32l4xx_it.o
    0x08001540   0x08001540   0x0000000c   Code   RO          893    i.DMA2_Channel5_IRQHandler  stm32l4xx_it.o
    0x0800154c   0x0800154c   0x00000002   Code   RO          894    i.DebugMon_Handler  stm32l4xx_it.o
    0x0800154e   0x0800154e   0x00000002   PAD
    0x08001550   0x08001550   0x00000044   Code   RO          718    i.EC20_Init         main.o
    0x08001594   0x08001594   0x00000070   Code   RO           14    i.EC20_UART_PROT_INIT  ec20.o
    0x08001604   0x08001604   0x00000044   Code   RO           23    i.EC20_uart4_send   ec20.o
    0x08001648   0x08001648   0x00000002   Code   RO         1479    i.HAL_ADCEx_EndOfSamplingCallback  stm32l4xx_hal_adc_ex.o
    0x0800164a   0x0800164a   0x00000002   Code   RO         1482    i.HAL_ADCEx_InjectedConvCpltCallback  stm32l4xx_hal_adc_ex.o
    0x0800164c   0x0800164c   0x00000002   Code   RO         1485    i.HAL_ADCEx_InjectedQueueOverflowCallback  stm32l4xx_hal_adc_ex.o
    0x0800164e   0x0800164e   0x00000002   Code   RO         1490    i.HAL_ADCEx_LevelOutOfWindow2Callback  stm32l4xx_hal_adc_ex.o
    0x08001650   0x08001650   0x00000002   Code   RO         1491    i.HAL_ADCEx_LevelOutOfWindow3Callback  stm32l4xx_hal_adc_ex.o
    0x08001652   0x08001652   0x00000002   PAD
    0x08001654   0x08001654   0x000000f0   Code   RO         1492    i.HAL_ADCEx_MultiModeConfigChannel  stm32l4xx_hal_adc_ex.o
    0x08001744   0x08001744   0x000004b0   Code   RO         1261    i.HAL_ADC_ConfigChannel  stm32l4xx_hal_adc.o
    0x08001bf4   0x08001bf4   0x00000002   Code   RO         1262    i.HAL_ADC_ConvCpltCallback  stm32l4xx_hal_adc.o
    0x08001bf6   0x08001bf6   0x00000002   Code   RO         1265    i.HAL_ADC_ErrorCallback  stm32l4xx_hal_adc.o
    0x08001bf8   0x08001bf8   0x00000288   Code   RO         1269    i.HAL_ADC_IRQHandler  stm32l4xx_hal_adc.o
    0x08001e80   0x08001e80   0x00000218   Code   RO         1270    i.HAL_ADC_Init      stm32l4xx_hal_adc.o
    0x08002098   0x08002098   0x00000002   Code   RO         1271    i.HAL_ADC_LevelOutOfWindowCallback  stm32l4xx_hal_adc.o
    0x0800209a   0x0800209a   0x00000002   PAD
    0x0800209c   0x0800209c   0x00000094   Code   RO         1146    i.HAL_ADC_MspInit   stm32l4xx_hal_msp.o
    0x08002130   0x08002130   0x0000004a   Code   RO         1753    i.HAL_CRCEx_Polynomial_Set  stm32l4xx_hal_crc_ex.o
    0x0800217a   0x0800217a   0x00000002   PAD
    0x0800217c   0x0800217c   0x00000074   Code   RO         1687    i.HAL_CRC_Init      stm32l4xx_hal_crc.o
    0x080021f0   0x080021f0   0x00000028   Code   RO         1148    i.HAL_CRC_MspInit   stm32l4xx_hal_msp.o
    0x08002218   0x08002218   0x00000036   Code   RO         4894    i.HAL_DMA_Abort     stm32l4xx_hal_dma.o
    0x0800224e   0x0800224e   0x0000004a   Code   RO         4895    i.HAL_DMA_Abort_IT  stm32l4xx_hal_dma.o
    0x08002298   0x08002298   0x000000a8   Code   RO         4899    i.HAL_DMA_IRQHandler  stm32l4xx_hal_dma.o
    0x08002340   0x08002340   0x000000c0   Code   RO         4900    i.HAL_DMA_Init      stm32l4xx_hal_dma.o
    0x08002400   0x08002400   0x0000001c   Code   RO         3683    i.HAL_Delay         stm32l4xx_hal.o
    0x0800241c   0x0800241c   0x000001ca   Code   RO         4830    i.HAL_GPIO_Init     stm32l4xx_hal_gpio.o
    0x080025e6   0x080025e6   0x00000008   Code   RO         4833    i.HAL_GPIO_TogglePin  stm32l4xx_hal_gpio.o
    0x080025ee   0x080025ee   0x0000000a   Code   RO         4834    i.HAL_GPIO_WritePin  stm32l4xx_hal_gpio.o
    0x080025f8   0x080025f8   0x0000000c   Code   RO         3687    i.HAL_GetTick       stm32l4xx_hal.o
    0x08002604   0x08002604   0x00000068   Code   RO         3231    i.HAL_HCD_Init      stm32l4xx_hal_hcd.o
    0x0800266c   0x0800266c   0x00000070   Code   RO         1150    i.HAL_HCD_MspInit   stm32l4xx_hal_msp.o
    0x080026dc   0x080026dc   0x00000010   Code   RO         3691    i.HAL_IncTick       stm32l4xx_hal.o
    0x080026ec   0x080026ec   0x00000016   Code   RO         3692    i.HAL_Init          stm32l4xx_hal.o
    0x08002702   0x08002702   0x00000002   PAD
    0x08002704   0x08002704   0x00000028   Code   RO         3693    i.HAL_InitTick      stm32l4xx_hal.o
    0x0800272c   0x0800272c   0x00000080   Code   RO         1151    i.HAL_MspInit       stm32l4xx_hal_msp.o
    0x080027ac   0x080027ac   0x00000016   Code   RO         5371    i.HAL_NVIC_EnableIRQ  stm32l4xx_hal_cortex.o
    0x080027c2   0x080027c2   0x00000002   PAD
    0x080027c4   0x080027c4   0x00000040   Code   RO         5377    i.HAL_NVIC_SetPriority  stm32l4xx_hal_cortex.o
    0x08002804   0x08002804   0x00000024   Code   RO         5378    i.HAL_NVIC_SetPriorityGrouping  stm32l4xx_hal_cortex.o
    0x08002828   0x08002828   0x00000064   Code   RO         5121    i.HAL_PWREx_ControlVoltageScaling  stm32l4xx_hal_pwr_ex.o
    0x0800288c   0x0800288c   0x00000010   Code   RO         5146    i.HAL_PWREx_EnableVddIO2  stm32l4xx_hal_pwr_ex.o
    0x0800289c   0x0800289c   0x00000010   Code   RO         5147    i.HAL_PWREx_EnableVddUSB  stm32l4xx_hal_pwr_ex.o
    0x080028ac   0x080028ac   0x00000010   Code   RO         5152    i.HAL_PWREx_GetVoltageRange  stm32l4xx_hal_pwr_ex.o
    0x080028bc   0x080028bc   0x00000002   Code   RO         1788    i.HAL_QSPI_AbortCpltCallback  stm32l4xx_hal_qspi.o
    0x080028be   0x080028be   0x00000002   PAD
    0x080028c0   0x080028c0   0x00000060   Code   RO         1789    i.HAL_QSPI_Abort_IT  stm32l4xx_hal_qspi.o
    0x08002920   0x08002920   0x00000002   Code   RO         1792    i.HAL_QSPI_CmdCpltCallback  stm32l4xx_hal_qspi.o
    0x08002922   0x08002922   0x00000002   Code   RO         1796    i.HAL_QSPI_ErrorCallback  stm32l4xx_hal_qspi.o
    0x08002924   0x08002924   0x00000002   Code   RO         1797    i.HAL_QSPI_FifoThresholdCallback  stm32l4xx_hal_qspi.o
    0x08002926   0x08002926   0x00000002   PAD
    0x08002928   0x08002928   0x000001dc   Code   RO         1801    i.HAL_QSPI_IRQHandler  stm32l4xx_hal_qspi.o
    0x08002b04   0x08002b04   0x000000b0   Code   RO         1802    i.HAL_QSPI_Init     stm32l4xx_hal_qspi.o
    0x08002bb4   0x08002bb4   0x00000068   Code   RO         1153    i.HAL_QSPI_MspInit  stm32l4xx_hal_msp.o
    0x08002c1c   0x08002c1c   0x00000002   Code   RO         1809    i.HAL_QSPI_RxCpltCallback  stm32l4xx_hal_qspi.o
    0x08002c1e   0x08002c1e   0x00000002   Code   RO         1813    i.HAL_QSPI_StatusMatchCallback  stm32l4xx_hal_qspi.o
    0x08002c20   0x08002c20   0x00000002   Code   RO         1814    i.HAL_QSPI_TimeOutCallback  stm32l4xx_hal_qspi.o
    0x08002c22   0x08002c22   0x00000002   Code   RO         1818    i.HAL_QSPI_TxCpltCallback  stm32l4xx_hal_qspi.o
    0x08002c24   0x08002c24   0x000003ae   Code   RO         4487    i.HAL_RCCEx_PeriphCLKConfig  stm32l4xx_hal_rcc_ex.o
    0x08002fd2   0x08002fd2   0x00000002   PAD
    0x08002fd4   0x08002fd4   0x00000178   Code   RO         4372    i.HAL_RCC_ClockConfig  stm32l4xx_hal_rcc.o
    0x0800314c   0x0800314c   0x0000000c   Code   RO         4376    i.HAL_RCC_GetHCLKFreq  stm32l4xx_hal_rcc.o
    0x08003158   0x08003158   0x00000020   Code   RO         4378    i.HAL_RCC_GetPCLK1Freq  stm32l4xx_hal_rcc.o
    0x08003178   0x08003178   0x00000020   Code   RO         4379    i.HAL_RCC_GetPCLK2Freq  stm32l4xx_hal_rcc.o
    0x08003198   0x08003198   0x000000c4   Code   RO         4380    i.HAL_RCC_GetSysClockFreq  stm32l4xx_hal_rcc.o
    0x0800325c   0x0800325c   0x00000468   Code   RO         4383    i.HAL_RCC_OscConfig  stm32l4xx_hal_rcc.o
    0x080036c4   0x080036c4   0x000000b8   Code   RO         2051    i.HAL_RTC_Init      stm32l4xx_hal_rtc.o
    0x0800377c   0x0800377c   0x00000020   Code   RO         1155    i.HAL_RTC_MspInit   stm32l4xx_hal_msp.o
    0x0800379c   0x0800379c   0x00000036   Code   RO         2059    i.HAL_RTC_WaitForSynchro  stm32l4xx_hal_rtc.o
    0x080037d2   0x080037d2   0x00000002   Code   RO         2427    i.HAL_SPI_ErrorCallback  stm32l4xx_hal_spi.o
    0x080037d4   0x080037d4   0x000000d8   Code   RO         2430    i.HAL_SPI_IRQHandler  stm32l4xx_hal_spi.o
    0x080038ac   0x080038ac   0x000000ac   Code   RO         2431    i.HAL_SPI_Init      stm32l4xx_hal_spi.o
    0x08003958   0x08003958   0x000000a8   Code   RO         1157    i.HAL_SPI_MspInit   stm32l4xx_hal_msp.o
    0x08003a00   0x08003a00   0x00000174   Code   RO         2434    i.HAL_SPI_Receive   stm32l4xx_hal_spi.o
    0x08003b74   0x08003b74   0x0000017c   Code   RO         2439    i.HAL_SPI_Transmit  stm32l4xx_hal_spi.o
    0x08003cf0   0x08003cf0   0x0000023c   Code   RO         2440    i.HAL_SPI_TransmitReceive  stm32l4xx_hal_spi.o
    0x08003f2c   0x08003f2c   0x00000018   Code   RO         5380    i.HAL_SYSTICK_CLKSourceConfig  stm32l4xx_hal_cortex.o
    0x08003f44   0x08003f44   0x00000002   Code   RO         5381    i.HAL_SYSTICK_Callback  stm32l4xx_hal_cortex.o
    0x08003f46   0x08003f46   0x00000028   Code   RO         5382    i.HAL_SYSTICK_Config  stm32l4xx_hal_cortex.o
    0x08003f6e   0x08003f6e   0x00000008   Code   RO         5383    i.HAL_SYSTICK_IRQHandler  stm32l4xx_hal_cortex.o
    0x08003f76   0x08003f76   0x00000002   Code   RO         3168    i.HAL_UARTEx_WakeupCallback  stm32l4xx_hal_uart_ex.o
    0x08003f78   0x08003f78   0x00000054   Code   RO         2827    i.HAL_UART_DMAStop  stm32l4xx_hal_uart.o
    0x08003fcc   0x08003fcc   0x00000002   Code   RO          722    i.HAL_UART_ErrorCallback  main.o
    0x08003fce   0x08003fce   0x00000002   PAD
    0x08003fd0   0x08003fd0   0x0000014c   Code   RO         2832    i.HAL_UART_IRQHandler  stm32l4xx_hal_uart.o
    0x0800411c   0x0800411c   0x0000006a   Code   RO         2833    i.HAL_UART_Init     stm32l4xx_hal_uart.o
    0x08004186   0x08004186   0x00000002   PAD
    0x08004188   0x08004188   0x00000160   Code   RO         1159    i.HAL_UART_MspInit  stm32l4xx_hal_msp.o
    0x080042e8   0x080042e8   0x000000b0   Code   RO         2841    i.HAL_UART_Transmit  stm32l4xx_hal_uart.o
    0x08004398   0x08004398   0x00000068   Code   RO         2843    i.HAL_UART_Transmit_IT  stm32l4xx_hal_uart.o
    0x08004400   0x08004400   0x0000000c   Code   RO          724    i.HAL_UART_TxCpltCallback  main.o
    0x0800440c   0x0800440c   0x00000002   Code   RO          895    i.HardFault_Handler  stm32l4xx_it.o
    0x0800440e   0x0800440e   0x00000002   PAD
    0x08004410   0x08004410   0x0000008c   Code   RO          272    i.Init_MPU9250      mp9250.o
    0x0800449c   0x0800449c   0x0000000c   Code   RO         1283    i.LL_ADC_GetOffsetChannel  stm32l4xx_hal_adc.o
    0x080044a8   0x080044a8   0x00000008   Code   RO         1284    i.LL_ADC_REG_IsConversionOngoing  stm32l4xx_hal_adc.o
    0x080044b0   0x080044b0   0x00000008   Code   RO         1502    i.LL_ADC_REG_IsConversionOngoing  stm32l4xx_hal_adc_ex.o
    0x080044b8   0x080044b8   0x00000046   Code   RO         1286    i.LL_ADC_SetChannelSamplingTime  stm32l4xx_hal_adc.o
    0x080044fe   0x080044fe   0x00000010   Code   RO         1287    i.LL_ADC_SetOffsetState  stm32l4xx_hal_adc.o
    0x0800450e   0x0800450e   0x00000002   PAD
    0x08004510   0x08004510   0x00000034   Code   RO          273    i.MPU9250_Read_Reg  mp9250.o
    0x08004544   0x08004544   0x00000034   Code   RO          274    i.MPU9250_Write_Reg  mp9250.o
    0x08004578   0x08004578   0x00000074   Code   RO          725    i.MX_ADC1_Init      main.o
    0x080045ec   0x080045ec   0x0000015e   Code   RO          726    i.MX_GPIO_Init      main.o
    0x0800474a   0x0800474a   0x00000002   PAD
    0x0800474c   0x0800474c   0x0000004c   Code   RO          727    i.MX_SPI1_Init      main.o
    0x08004798   0x08004798   0x0000004c   Code   RO          728    i.MX_SPI2_Init      main.o
    0x080047e4   0x080047e4   0x00000044   Code   RO          729    i.MX_UART4_Init     main.o
    0x08004828   0x08004828   0x00000038   Code   RO          730    i.MX_USART1_UART_Init  main.o
    0x08004860   0x08004860   0x00000038   Code   RO          731    i.MX_USART2_UART_Init  main.o
    0x08004898   0x08004898   0x00000038   Code   RO          732    i.MX_USART3_UART_Init  main.o
    0x080048d0   0x080048d0   0x00000002   Code   RO          896    i.MemManage_Handler  stm32l4xx_it.o
    0x080048d2   0x080048d2   0x00000002   Code   RO          897    i.NMI_Handler       stm32l4xx_it.o
    0x080048d4   0x080048d4   0x00000020   Code   RO         5384    i.NVIC_SetPriority  stm32l4xx_hal_cortex.o
    0x080048f4   0x080048f4   0x00000002   Code   RO          898    i.PendSV_Handler    stm32l4xx_it.o
    0x080048f6   0x080048f6   0x0000003a   Code   RO         1821    i.QSPI_DMAAbortCplt  stm32l4xx_hal_qspi.o
    0x08004930   0x08004930   0x00000048   Code   RO         1827    i.QSPI_WaitFlagStateUntilTimeout  stm32l4xx_hal_qspi.o
    0x08004978   0x08004978   0x0000000c   Code   RO          899    i.QUADSPI_IRQHandler  stm32l4xx_it.o
    0x08004984   0x08004984   0x0000012c   Code   RO         4490    i.RCCEx_PLLSAI1_Config  stm32l4xx_hal_rcc_ex.o
    0x08004ab0   0x08004ab0   0x00000108   Code   RO         4491    i.RCCEx_PLLSAI2_Config  stm32l4xx_hal_rcc_ex.o
    0x08004bb8   0x08004bb8   0x0000007c   Code   RO         4384    i.RCC_SetFlashLatencyFromMSIRange  stm32l4xx_hal_rcc.o
    0x08004c34   0x08004c34   0x00000060   Code   RO          275    i.READ_MPU9250_ACCEL  mp9250.o
    0x08004c94   0x08004c94   0x00000098   Code   RO          276    i.READ_MPU9250_GYRO  mp9250.o
    0x08004d2c   0x08004d2c   0x000000b4   Code   RO          277    i.READ_MPU9250_MAG  mp9250.o
    0x08004de0   0x08004de0   0x0000003a   Code   RO         2062    i.RTC_EnterInitMode  stm32l4xx_hal_rtc.o
    0x08004e1a   0x08004e1a   0x00000002   PAD
    0x08004e1c   0x08004e1c   0x0000000c   Code   RO          900    i.SPI1_IRQHandler   stm32l4xx_it.o
    0x08004e28   0x08004e28   0x00000020   Code   RO          278    i.SPI1_ReadWriteByte  mp9250.o
    0x08004e48   0x08004e48   0x0000000c   Code   RO          901    i.SPI2_IRQHandler   stm32l4xx_it.o
    0x08004e54   0x08004e54   0x00000012   Code   RO         2458    i.SPI_DMAAbortOnError  stm32l4xx_hal_spi.o
    0x08004e66   0x08004e66   0x00000074   Code   RO         2468    i.SPI_EndRxTransaction  stm32l4xx_hal_spi.o
    0x08004eda   0x08004eda   0x00000048   Code   RO         2469    i.SPI_EndRxTxTransaction  stm32l4xx_hal_spi.o
    0x08004f22   0x08004f22   0x0000009e   Code   RO         2474    i.SPI_WaitFifoStateUntilTimeout  stm32l4xx_hal_spi.o
    0x08004fc0   0x08004fc0   0x00000094   Code   RO         2475    i.SPI_WaitFlagStateUntilTimeout  stm32l4xx_hal_spi.o
    0x08005054   0x08005054   0x00000002   Code   RO          902    i.SVC_Handler       stm32l4xx_it.o
    0x08005056   0x08005056   0x0000000e   Code   RO          903    i.SysTick_Handler   stm32l4xx_it.o
    0x08005064   0x08005064   0x000000a4   Code   RO          733    i.SystemClock_Config  main.o
    0x08005108   0x08005108   0x00000044   Code   RO         5502    i.SystemInit        system_stm32l4xx.o
    0x0800514c   0x0800514c   0x00000050   Code   RO          904    i.UART4_IRQHandler  stm32l4xx_it.o
    0x0800519c   0x0800519c   0x000000c8   Code   RO         2846    i.UART_AdvFeatureConfig  stm32l4xx_hal_uart.o
    0x08005264   0x08005264   0x0000005c   Code   RO         2847    i.UART_CheckIdleState  stm32l4xx_hal_uart.o
    0x080052c0   0x080052c0   0x00000014   Code   RO         2848    i.UART_DMAAbortOnError  stm32l4xx_hal_uart.o
    0x080052d4   0x080052d4   0x00000020   Code   RO         2858    i.UART_EndRxTransfer  stm32l4xx_hal_uart.o
    0x080052f4   0x080052f4   0x00000012   Code   RO         2859    i.UART_EndTxTransfer  stm32l4xx_hal_uart.o
    0x08005306   0x08005306   0x00000002   PAD
    0x08005308   0x08005308   0x000002a0   Code   RO         2862    i.UART_SetConfig    stm32l4xx_hal_uart.o
    0x080055a8   0x080055a8   0x00000042   Code   RO         2863    i.UART_TxISR_16BIT  stm32l4xx_hal_uart.o
    0x080055ea   0x080055ea   0x0000003c   Code   RO         2864    i.UART_TxISR_8BIT   stm32l4xx_hal_uart.o
    0x08005626   0x08005626   0x00000064   Code   RO         2865    i.UART_WaitOnFlagUntilTimeout  stm32l4xx_hal_uart.o
    0x0800568a   0x0800568a   0x00000002   PAD
    0x0800568c   0x0800568c   0x0000000c   Code   RO          905    i.USART2_IRQHandler  stm32l4xx_it.o
    0x08005698   0x08005698   0x0000000c   Code   RO          906    i.USART3_IRQHandler  stm32l4xx_it.o
    0x080056a4   0x080056a4   0x0000001c   Code   RO         3386    i.USB_CoreInit      stm32l4xx_ll_usb.o
    0x080056c0   0x080056c0   0x0000004c   Code   RO         3387    i.USB_CoreReset     stm32l4xx_ll_usb.o
    0x0800570c   0x0800570c   0x0000000c   Code   RO         3394    i.USB_DisableGlobalInt  stm32l4xx_ll_usb.o
    0x08005718   0x08005718   0x0000002c   Code   RO         3396    i.USB_DriveVbus     stm32l4xx_ll_usb.o
    0x08005744   0x08005744   0x00000020   Code   RO         3403    i.USB_FlushRxFifo   stm32l4xx_ll_usb.o
    0x08005764   0x08005764   0x00000024   Code   RO         3404    i.USB_FlushTxFifo   stm32l4xx_ll_usb.o
    0x08005788   0x08005788   0x000000a4   Code   RO         3413    i.USB_HostInit      stm32l4xx_ll_usb.o
    0x0800582c   0x0800582c   0x0000002c   Code   RO         3422    i.USB_SetCurrentMode  stm32l4xx_ll_usb.o
    0x08005858   0x08005858   0x00000002   Code   RO          907    i.UsageFault_Handler  stm32l4xx_it.o
    0x0800585a   0x0800585a   0x00000002   Code   RO          734    i._Error_Handler    main.o
    0x0800585c   0x0800585c   0x00000020   Code   RO         5824    i.__0printf         mc_w.l(printfa.o)
    0x0800587c   0x0800587c   0x00000030   Code   RO         5900    i.__ARM_fpclassify  m_wm.l(fpclassify.o)
    0x080058ac   0x080058ac   0x00000004   PAD
    0x080058b0   0x080058b0   0x00000384   Code   RO         5536    i.__hardfp_asin     m_wm.l(asin.o)
    0x08005c34   0x08005c34   0x00000004   PAD
    0x08005c38   0x08005c38   0x000002d8   Code   RO         5866    i.__hardfp_atan     m_wm.l(atan.o)
    0x08005f10   0x08005f10   0x000001f0   Code   RO         5550    i.__hardfp_atan2    m_wm.l(atan2.o)
    0x08006100   0x08006100   0x0000007a   Code   RO         5562    i.__hardfp_sqrt     m_wm.l(sqrt.o)
    0x0800617a   0x0800617a   0x000000f8   Code   RO         5902    i.__kernel_poly     m_wm.l(poly.o)
    0x08006272   0x08006272   0x00000014   Code   RO         5881    i.__mathlib_dbl_infnan  m_wm.l(dunder.o)
    0x08006286   0x08006286   0x00000014   Code   RO         5882    i.__mathlib_dbl_infnan2  m_wm.l(dunder.o)
    0x0800629a   0x0800629a   0x00000006   PAD
    0x080062a0   0x080062a0   0x00000020   Code   RO         5883    i.__mathlib_dbl_invalid  m_wm.l(dunder.o)
    0x080062c0   0x080062c0   0x00000020   Code   RO         5886    i.__mathlib_dbl_underflow  m_wm.l(dunder.o)
    0x080062e0   0x080062e0   0x0000000e   Code   RO         5954    i.__scatterload_copy  mc_w.l(handlers.o)
    0x080062ee   0x080062ee   0x00000002   Code   RO         5955    i.__scatterload_null  mc_w.l(handlers.o)
    0x080062f0   0x080062f0   0x0000000e   Code   RO         5956    i.__scatterload_zeroinit  mc_w.l(handlers.o)
    0x080062fe   0x080062fe   0x00000002   PAD
    0x08006300   0x08006300   0x0000000c   Code   RO         5930    i.__set_errno       mc_w.l(errno.o)
    0x0800630c   0x0800630c   0x0000018a   Code   RO         5831    i._fp_digits        mc_w.l(printfa.o)
    0x08006496   0x08006496   0x00000002   PAD
    0x08006498   0x08006498   0x000006e2   Code   RO         5832    i._printf_core      mc_w.l(printfa.o)
    0x08006b7a   0x08006b7a   0x00000024   Code   RO         5833    i._printf_post_padding  mc_w.l(printfa.o)
    0x08006b9e   0x08006b9e   0x0000002e   Code   RO         5834    i._printf_pre_padding  mc_w.l(printfa.o)
    0x08006bcc   0x08006bcc   0x00000010   Code   RO         5868    i.atan              m_wm.l(atan.o)
    0x08006bdc   0x08006bdc   0x00000164   Code   RO          654    i.bmp280_compensate_pressure_float  bmp280_arm.o
    0x08006d40   0x08006d40   0x000000a4   Code   RO          472    i.bmp280_compensate_pressure_int32  bmp280.o
    0x08006de4   0x08006de4   0x0000016a   Code   RO          473    i.bmp280_compensate_pressure_int64  bmp280.o
    0x08006f4e   0x08006f4e   0x00000002   PAD
    0x08006f50   0x08006f50   0x00000098   Code   RO          655    i.bmp280_compensate_temperature_float  bmp280_arm.o
    0x08006fe8   0x08006fe8   0x00000038   Code   RO          474    i.bmp280_compensate_temperature_int32  bmp280.o
    0x08007020   0x08007020   0x000000cc   Code   RO          476    i.bmp280_get_calib_param  bmp280.o
    0x080070ec   0x080070ec   0x00000058   Code   RO          484    i.bmp280_init       bmp280.o
    0x08007144   0x08007144   0x00000040   Code   RO          487    i.bmp280_read_uncomp_pressure  bmp280.o
    0x08007184   0x08007184   0x00000040   Code   RO          489    i.bmp280_read_uncomp_temperature  bmp280.o
    0x080071c4   0x080071c4   0x0000004c   Code   RO          490    i.bmp280_set_filter  bmp280.o
    0x08007210   0x08007210   0x00000040   Code   RO          493    i.bmp280_set_power_mode  bmp280.o
    0x08007250   0x08007250   0x0000004c   Code   RO          496    i.bmp280_set_standby_durn  bmp280.o
    0x0800729c   0x0800729c   0x00000098   Code   RO          497    i.bmp280_set_work_mode  bmp280.o
    0x08007334   0x08007334   0x00000018   Code   RO         5896    i.fabs              m_wm.l(fabs.o)
    0x0800734c   0x0800734c   0x0000001c   Code   RO          735    i.fputc             main.o
    0x08007368   0x08007368   0x00000030   Code   RO          279    i.i2c_Mag_read      mp9250.o
    0x08007398   0x08007398   0x0000002a   Code   RO          280    i.i2c_Mag_write     mp9250.o
    0x080073c2   0x080073c2   0x00000002   PAD
    0x080073c4   0x080073c4   0x0000002c   Code   RO          736    i.invSqrt           main.o
    0x080073f0   0x080073f0   0x00000ac8   Code   RO          737    i.main              main.o
    0x08007eb8   0x08007eb8   0x0000006e   Code   RO         5564    i.sqrt              m_wm.l(sqrt.o)
    0x08007f26   0x08007f26   0x00000002   PAD
    0x08007f28   0x08007f28   0x00000040   Data   RO         5503    .constdata          system_stm32l4xx.o
    0x08007f68   0x08007f68   0x00000008   Data   RO         5504    .constdata          system_stm32l4xx.o
    0x08007f70   0x08007f70   0x00000050   Data   RO         5539    .constdata          m_wm.l(asin.o)
    0x08007fc0   0x08007fc0   0x00000098   Data   RO         5869    .constdata          m_wm.l(atan.o)
    0x08008058   0x08008058   0x00000008   Data   RO         5904    .constdata          m_wm.l(qnan.o)
    0x08008060   0x08008060   0x00000020   Data   RO         5952    Region$$Table       anon$$obj.o


    Execution Region RW_IRAM1 (Exec base: 0x20000000, Load base: 0x08008080, Size: 0x00000e50, Max: 0x00018000, ABSOLUTE, COMPRESSED[0x00000064])

    Exec Addr    Load Addr    Size         Type   Attr      Idx    E Section Name        Object

    0x20000000   COMPRESSED   0x00000006   Data   RW          282    .data               mp9250.o
    0x20000006   COMPRESSED   0x00000002   PAD
    0x20000008   COMPRESSED   0x00000004   Data   RW          499    .data               bmp280.o
    0x2000000c   COMPRESSED   0x000001c8   Data   RW          744    .data               main.o
    0x200001d4   COMPRESSED   0x00000004   Data   RW         3708    .data               stm32l4xx_hal.o
    0x200001d8   COMPRESSED   0x00000004   Data   RW         5505    .data               system_stm32l4xx.o
    0x200001dc   COMPRESSED   0x00000004   Data   RW         5919    .data               mc_w.l(stdout.o)
    0x200001e0   COMPRESSED   0x00000004   Data   RW         5931    .data               mc_w.l(errno.o)
    0x200001e4        -       0x00000012   Zero   RW          281    .bss                mp9250.o
    0x200001f6   COMPRESSED   0x00000002   PAD
    0x200001f8        -       0x0000002c   Zero   RW          656    .bss                bmp280_arm.o
    0x20000224   COMPRESSED   0x00000004   PAD
    0x20000228        -       0x00000798   Zero   RW          739    .bss                main.o
    0x200009c0        -       0x00000048   Zero   RW          740    .bss                main.o
    0x20000a08        -       0x00000048   Zero   RW          741    .bss                main.o
    0x20000a50        -       0x00000400   Zero   RW            1    STACK               startup_stm32l476xx.o


==============================================================================

Image component sizes


      Code (inc. data)   RO Data    RW Data    ZI Data      Debug   Object Name

      1370         68          0          4          0      19111   bmp280.o
      1036        158          0          0         44       5876   bmp280_arm.o
       180         92          0          0          0     866861   ec20.o
      6292       1014          0        456       2088      16914   main.o
       794         70          0          6         18     863242   mp9250.o
        36          8        392          0       1024        836   startup_stm32l476xx.o
       118         18          0          4          0       4163   stm32l4xx_hal.o
      2496        100          0          0          0      66262   stm32l4xx_hal_adc.o
       258         14          0          0          0      61536   stm32l4xx_hal_adc_ex.o
       228         14          0          0          0      32161   stm32l4xx_hal_cortex.o
       116          4          0          0          0       1163   stm32l4xx_hal_crc.o
        74          0          0          0          0       1215   stm32l4xx_hal_crc_ex.o
       488         14          0          0          0       3487   stm32l4xx_hal_dma.o
       476         38          0          0          0       3153   stm32l4xx_hal_gpio.o
       104          0          0          0          0       1323   stm32l4xx_hal_hcd.o
      1084        182          0          0          0       6024   stm32l4xx_hal_msp.o
       148         28          0          0          0       2468   stm32l4xx_hal_pwr_ex.o
       894         20          0          0          0       9824   stm32l4xx_hal_qspi.o
      1900         94          0          0          0       7196   stm32l4xx_hal_rcc.o
      1506         44          0          0          0       4068   stm32l4xx_hal_rcc_ex.o
       296          4          0          0          0       2872   stm32l4xx_hal_rtc.o
      2226          4          0          0          0      11307   stm32l4xx_hal_spi.o
      2062         82          0          0          0      12133   stm32l4xx_hal_uart.o
         2          0          0          0          0       1008   stm32l4xx_hal_uart_ex.o
       206         70          0          0          0       8376   stm32l4xx_it.o
       436         26          0          0          0       6318   stm32l4xx_ll_usb.o
        68         12         72          4          0       1229   system_stm32l4xx.o

    ----------------------------------------------------------------------
     24936       2178        496        476       3180    2020126   Object Totals
         0          0         32          0          0          0   (incl. Generated)
        42          0          0          2          6          0   (incl. Padding)

    ----------------------------------------------------------------------

      Code (inc. data)   RO Data    RW Data    ZI Data      Debug   Library Member Name

       900         94         80          0          0        280   asin.o
       744        106        152          0          0        352   atan.o
       496         64          0          0          0        192   atan2.o
       104         16          0          0          0        496   dunder.o
        24          0          0          0          0        124   fabs.o
        48          0          0          0          0        124   fpclassify.o
       248          0          0          0          0        152   poly.o
         0          0          8          0          0          0   qnan.o
       232          0          0          0          0        296   sqrt.o
        58          0          0          0          0          0   __dczerorl.o
         0          0          0          0          0          0   entry.o
         0          0          0          0          0          0   entry10a.o
         0          0          0          0          0          0   entry11a.o
         8          4          0          0          0          0   entry2.o
         4          0          0          0          0          0   entry5.o
         0          0          0          0          0          0   entry7b.o
         0          0          0          0          0          0   entry8b.o
         8          4          0          0          0          0   entry9a.o
        12          6          0          4          0         68   errno.o
        30          0          0          0          0          0   handlers.o
        36          8          0          0          0         68   init.o
         0          0          0          0          0          0   iusefp.o
        98          0          0          0          0         84   ldiv.o
        30          0          0          0          0         68   llshl.o
        36          0          0          0          0         68   llsshr.o
        32          0          0          0          0         68   llushr.o
        36          0          0          0          0         68   memcpya.o
        36          0          0          0          0        108   memseta.o
      2270         90          0          0          0        452   printfa.o
         0          0          0          4          0          0   stdout.o
        14          0          0          0          0         68   strlen.o
        44          0          0          0          0         80   uidiv.o
       104          0          0          0          0         92   uldiv.o
        48          0          0          0          0         68   cdrcmple.o
        56          0          0          0          0         88   d2f.o
       350          0          0          0          0        148   dadd.o
       222          0          0          0          0        100   ddiv.o
       186          0          0          0          0        176   depilogue.o
        62          0          0          0          0         80   dfixi.o
        48          0          0          0          0         68   dfixul.o
        34          0          0          0          0         76   dflti.o
       234          0          0          0          0         96   dmul.o
       162          0          0          0          0        100   dsqrt.o
        38          0          0          0          0         68   f2d.o
       110          0          0          0          0        168   fepilogue.o

    ----------------------------------------------------------------------
      7224        392        240          8          0       4544   Library Totals
        22          0          0          0          0          0   (incl. Padding)

    ----------------------------------------------------------------------

      Code (inc. data)   RO Data    RW Data    ZI Data      Debug   Library Name

      2796        280        240          0          0       2016   m_wm.l
      2856        112          0          8          0       1292   mc_w.l
      1550          0          0          0          0       1236   mf_w.l

    ----------------------------------------------------------------------
      7224        392        240          8          0       4544   Library Totals

    ----------------------------------------------------------------------

==============================================================================


      Code (inc. data)   RO Data    RW Data    ZI Data      Debug   

     32160       2570        736        484       3180    2005654   Grand Totals
     32160       2570        736        100       3180    2005654   ELF Image Totals (compressed)
     32160       2570        736        100          0          0   ROM Totals

==============================================================================

    Total RO  Size (Code + RO Data)                32896 (  32.13kB)
    Total RW  Size (RW Data + ZI Data)              3664 (   3.58kB)
    Total ROM Size (Code + RO Data + RW Data)      32996 (  32.22kB)

==============================================================================

