<html>
<body>
<pre>
<h1>礦ision Build Log</h1>
<h2>Tool Versions:</h2>
IDE-Version: μVision V5.26.2.0
Copyright (C) 2018 ARM Ltd and ARM Germany GmbH. All rights reserved.
License Information: wei hu, chengdudaxue, LIC=8MZ56-DCJLR-9XBUW-QACVB-H3ETI-HYM5S
 
Tool Versions:
Toolchain:       MDK-ARM Professional  Version: 5.26.2.0
Toolchain Path:  C:\Keil_v5\ARM\ARMCC\Bin
C Compiler:      Armcc.exe V5.06 update 6 (build 750)
Assembler:       Armasm.exe V5.06 update 6 (build 750)
Linker/Locator:  ArmLink.exe V5.06 update 6 (build 750)
Library Manager: ArmAr.exe V5.06 update 6 (build 750)
Hex Converter:   FromElf.exe V5.06 update 6 (build 750)
CPU DLL:         SARMCM3.DLL V5.26.2.0
Dialog DLL:      DCM.DLL V1.17.2.0
Target DLL:      STLink\ST-LINKIII-KEIL_SWO.dll V3.0.5.0
Dialog DLL:      TCM.DLL V1.36.1.0
 
<h2>Project:</h2>
E:\Work\EC20\无人机管控模块\无人机管控模块\程序\stm32_new_HAL_LL\Stm32_New-1.1.2\MDK-ARM\stm32_new.uvprojx
Project File Date:  12/11/2018

<h2>Output:</h2>
*** Using Compiler 'V5.06 update 6 (build 750)', folder: 'C:\Keil_v5\ARM\ARMCC\Bin'
Build target 'stm32_new'
compiling invmpuu.c...
..\Src\MP9250\MPU9250_#DEFINE.h(48): warning:  #47-D: incompatible redefinition of macro "MAG_XOUT_L"  (declared at line 40 of "..\Src\MPU9250\mmpu9250.h")
  #define MAG_XOUT_L		0x03
..\Src\MP9250\MPU9250_#DEFINE.h(49): warning:  #47-D: incompatible redefinition of macro "MAG_XOUT_H"  (declared at line 41 of "..\Src\MPU9250\mmpu9250.h")
  #define MAG_XOUT_H		0x04
..\Src\MP9250\MPU9250_#DEFINE.h(50): warning:  #47-D: incompatible redefinition of macro "MAG_YOUT_L"  (declared at line 42 of "..\Src\MPU9250\mmpu9250.h")
  #define MAG_YOUT_L		0x05
..\Src\MP9250\MPU9250_#DEFINE.h(51): warning:  #47-D: incompatible redefinition of macro "MAG_YOUT_H"  (declared at line 43 of "..\Src\MPU9250\mmpu9250.h")
  #define MAG_YOUT_H		0x06
..\Src\MP9250\MPU9250_#DEFINE.h(52): warning:  #47-D: incompatible redefinition of macro "MAG_ZOUT_L"  (declared at line 44 of "..\Src\MPU9250\mmpu9250.h")
  #define MAG_ZOUT_L		0x07
..\Src\MP9250\MPU9250_#DEFINE.h(53): warning:  #47-D: incompatible redefinition of macro "MAG_ZOUT_H"  (declared at line 45 of "..\Src\MPU9250\mmpu9250.h")
  #define MAG_ZOUT_H		0x08
..\Src\MP9250\mpuu9250.h(224): warning:  #1-D: last line of file ends without a newline
  #endif
..\Src\MPU9250\invmpuu.c(3024): warning:  #177-D: variable "akm_addr"  was declared but never referenced
      unsigned char data[4], akm_addr;
..\Src\MPU9250\invmpuu.c(3029): warning:  #177-D: variable "dataa"  was declared but never referenced
  		uint8_t dataa;
..\Src\MPU9250\invmpuu.c: 9 warnings, 0 errors
linking...
stm32_new\stm32_new.axf: Warning: L6989W: Could not apply patch sdcomp-29491-629360 to instruction VPOP     {d8-d13} at offset 0x54, instruction is within an IT block and is not the last instruction for acos.o(i.__hardfp_acos).
stm32_new\stm32_new.axf: Warning: L6989W: Could not apply patch sdcomp-29491-629360 to instruction VPOP     {d8-d14} at offset 0x54, instruction is within an IT block and is not the last instruction for acos_x.o(i.____hardfp_acos$lsc).
stm32_new\stm32_new.axf: Warning: L6989W: Could not apply patch sdcomp-29491-629360 to instruction VPOP     {d8-d15} at offset 0xf4, instruction is within an IT block and is not the last instruction for log.o(i.__hardfp_log).
stm32_new\stm32_new.axf: Warning: L6989W: Could not apply patch sdcomp-29491-629360 to instruction VPOP     {d8-d15} at offset 0xf0, instruction is within an IT block and is not the last instruction for log_x.o(i.____hardfp_log$lsc).
stm32_new\stm32_new.axf: Warning: L6989W: Could not apply patch sdcomp-29491-629360 to instruction VPOP     {d8-d12} at offset 0x24, instruction is within an IT block and is not the last instruction for sin_i_x.o(i.____kernel_sin$lsc).
Program Size: Code=82156 RO-data=5136 RW-data=188 ZI-data=9348  
Finished: 0 information, 5 warning and 0 error messages.
FromELF: creating hex file...
"stm32_new\stm32_new.axf" - 0 Error(s), 14 Warning(s).

<h2>Software Packages used:</h2>

Package Vendor: ARM
                http://www.keil.com/pack/ARM.CMSIS.5.4.0.pack
                ARM.CMSIS.5.4.0
                CMSIS (Cortex Microcontroller Software Interface Standard)
   * Component: CORE Version: 5.1.2

Package Vendor: Keil
                http://www.keil.com/pack/Keil.STM32L4xx_DFP.2.0.0.pack
                Keil.STM32L4xx_DFP.2.0.0
                STMicroelectronics STM32L4 Series Device Support, Drivers and Examples

<h2>Collection of Component include folders:</h2>
  .\RTE\_stm32_new
  C:\Keil_v5\ARM\PACK\ARM\CMSIS\5.4.0\CMSIS\Core\Include
  C:\Keil_v5\ARM\PACK\Keil\STM32L4xx_DFP\2.0.0\Drivers\CMSIS\Device\ST\STM32L4xx\Include

<h2>Collection of Component Files used:</h2>

   * Component: ARM::CMSIS:CORE:5.1.2
Build Time Elapsed:  00:00:23
</pre>
</body>
</html>
