<html>
<body>
<pre>
<h1>礦ision Build Log</h1>
<h2>Tool Versions:</h2>
IDE-Version: μVision V5.26.2.0
Copyright (C) 2018 ARM Ltd and ARM Germany GmbH. All rights reserved.
License Information: wei hu, chengdudaxue, LIC=8MZ56-DCJLR-9XBUW-QACVB-H3ETI-HYM5S
 
Tool Versions:
Toolchain:       MDK-ARM Professional  Version: 5.26.2.0
Toolchain Path:  C:\Keil_v5\ARM\ARMCC\Bin
C Compiler:      Armcc.exe V5.06 update 6 (build 750)
Assembler:       Armasm.exe V5.06 update 6 (build 750)
Linker/Locator:  ArmLink.exe V5.06 update 6 (build 750)
Library Manager: ArmAr.exe V5.06 update 6 (build 750)
Hex Converter:   FromElf.exe V5.06 update 6 (build 750)
CPU DLL:         SARMCM3.DLL V5.26.2.0
Dialog DLL:      DCM.DLL V1.17.2.0
Target DLL:      STLink\ST-LINKIII-KEIL_SWO.dll V3.0.5.0
Dialog DLL:      TCM.DLL V1.36.1.0
 
<h2>Project:</h2>
E:\Work\EC20\无人机管控模块\无人机管控模块\程序\stm32_new_HAL_LL\Stm32_New-1.1.2.1 - 副本\MDK-ARM\stm32_new.uvprojx
Project File Date:  12/05/2018

<h2>Output:</h2>
*** Using Compiler 'V5.06 update 6 (build 750)', folder: 'C:\Keil_v5\ARM\ARMCC\Bin'
Build target 'stm32_new'
compiling mpuu9250.c...
..\Src\MP9250\mpuu9250.h(224): warning:  #1-D: last line of file ends without a newline
  #endif
..\Src\MP9250\mpuu9250.c(63): warning:  #550-D: variable "ret"  was set but never used
    HAL_StatusTypeDef ret;
..\Src\MP9250\mpuu9250.c(637): warning:  #177-D: variable "TEST1"  was declared but never referenced
  	char TEST1[20] = {0};
..\Src\MP9250\mpuu9250.c(638): warning:  #177-D: variable "TEST2"  was declared but never referenced
  	char TEST2[20] = {0};
..\Src\MP9250\mpuu9250.c(639): warning:  #177-D: variable "TEST3"  was declared but never referenced
  	char TEST3[20] = {0};
..\Src\MP9250\mpuu9250.c(640): warning:  #177-D: variable "TEST4"  was declared but never referenced
  	char TEST4[20] = {0};
..\Src\MP9250\mpuu9250.c(641): warning:  #177-D: variable "TEST5"  was declared but never referenced
  	char TEST5[20] = {0};
..\Src\MP9250\mpuu9250.c(642): warning:  #177-D: variable "TEST6"  was declared but never referenced
  	char TEST6[20] = {0};
..\Src\MP9250\mpuu9250.c(845): warning:  #1-D: last line of file ends without a newline
  #endif
..\Src\MP9250\mpuu9250.c(60): warning:  #550-D: variable "MPU9250_AK8963_ASA"  was set but never used
  static short MPU9250_AK8963_ASA[3] = {0, 0, 0};
..\Src\MP9250\mpuu9250.c: 10 warnings, 0 errors
linking...
Program Size: Code=25556 RO-data=496 RW-data=244 ZI-data=3308  
FromELF: creating hex file...
"stm32_new\stm32_new.axf" - 0 Error(s), 10 Warning(s).

<h2>Software Packages used:</h2>

Package Vendor: ARM
                http://www.keil.com/pack/ARM.CMSIS.5.4.0.pack
                ARM.CMSIS.5.4.0
                CMSIS (Cortex Microcontroller Software Interface Standard)
   * Component: CORE Version: 5.1.2

Package Vendor: Keil
                http://www.keil.com/pack/Keil.STM32L4xx_DFP.2.0.0.pack
                Keil.STM32L4xx_DFP.2.0.0
                STMicroelectronics STM32L4 Series Device Support, Drivers and Examples

<h2>Collection of Component include folders:</h2>
  .\RTE\_stm32_new
  C:\Keil_v5\ARM\PACK\ARM\CMSIS\5.4.0\CMSIS\Core\Include
  C:\Keil_v5\ARM\PACK\Keil\STM32L4xx_DFP\2.0.0\Drivers\CMSIS\Device\ST\STM32L4xx\Include

<h2>Collection of Component Files used:</h2>

   * Component: ARM::CMSIS:CORE:5.1.2
Build Time Elapsed:  00:00:17
</pre>
</body>
</html>
